22:01:34 [INFO] amas.runner: Loaded 50 questions; 0 done; 50 to run.
22:01:34 [INFO] amas.pipeline: AMAS v2 start: qid=musique_2hop__13548_13529
22:01:34 [INFO] amas.pipeline: AMAS v2 start: qid=musique_3hop1__9285_5188_23307
22:01:34 [INFO] amas.pipeline: AMAS v2 start: qid=musique_2hop__766973_770570
22:01:34 [INFO] amas.pipeline: AMAS v2 start: qid=musique_2hop__170823_120171
22:01:34 [INFO] amas.pipeline: AMAS v2 start: qid=musique_2hop__511454_120259
22:01:34 [INFO] amas.pipeline: AMAS v2 start: qid=musique_4hop2__71753_648517_70784_79935
22:01:34 [INFO] amas.pipeline: AMAS v2 start: qid=musique_4hop1__94201_642284_131926_89261
22:01:34 [INFO] amas.pipeline: AMAS v2 start: qid=musique_4hop1__152562_5274_458768_33633
22:01:41 [INFO] amas.pipeline: AMAS v2 start: qid=musique_3hop1__305282_282081_73772
22:01:43 [INFO] amas.pipeline: AMAS v2 start: qid=musique_2hop__655505_110949
22:01:44 [INFO] amas.pipeline: AMAS v2 start: qid=musique_2hop__619265_45326
22:01:45 [INFO] amas.pipeline: AMAS v2 start: qid=musique_4hop3__754156_88460_30152_20999
22:01:46 [INFO] amas.pipeline: AMAS v2 start: qid=musique_2hop__199513_801817
22:01:47 [INFO] amas.pipeline: AMAS v2 start: qid=musique_3hop1__820301_720914_41132
22:01:51 [INFO] amas.pipeline: AMAS v2 start: qid=musique_3hop1__136129_87694_124169
22:01:51 [INFO] amas.pipeline: AMAS v2 start: qid=musique_2hop__354635_174222
22:01:52 [INFO] amas.pipeline: AMAS v2 start: qid=musique_3hop1__849312_503371_21711
22:01:52 [INFO] amas.pipeline: AMAS v2 start: qid=musique_2hop__511296_577502
22:01:54 [INFO] amas.pipeline: AMAS v2 start: qid=musique_2hop__731956_126089
22:01:58 [INFO] amas.pipeline: AMAS v2 start: qid=musique_2hop__123545_47134
22:01:59 [INFO] amas.pipeline: AMAS v2 start: qid=musique_3hop1__786632_831637_91775
22:02:00 [INFO] amas.pipeline: AMAS v2 start: qid=musique_2hop__124412_402641
22:02:00 [INFO] amas.pipeline: AMAS v2 start: qid=musique_2hop__159215_779396
22:02:04 [INFO] amas.pipeline: AMAS v2 start: qid=musique_2hop__59048_827343
22:02:05 [INFO] amas.pipeline: AMAS v2 start: qid=musique_4hop1__726675_508773_85832_745702
22:02:06 [INFO] amas.pipeline: AMAS v2 start: qid=musique_2hop__693444_220151
22:02:06 [INFO] amas.pipeline: AMAS v2 start: qid=musique_3hop1__108833_720914_41132
22:02:07 [INFO] amas.pipeline: AMAS v2 start: qid=musique_2hop__347686_127399
22:02:07 [INFO] amas.pipeline: AMAS v2 start: qid=musique_3hop1__33845_42197_18397
22:02:10 [INFO] amas.pipeline: AMAS v2 start: qid=musique_2hop__645448_77615
22:02:10 [INFO] amas.pipeline: AMAS v2 start: qid=musique_4hop3__524186_219173_638950_72134
22:02:12 [INFO] amas.pipeline: AMAS v2 start: qid=musique_2hop__734582_71302
22:02:12 [INFO] amas.pipeline: AMAS v2 start: qid=musique_3hop1__639955_834494_34099
22:02:12 [INFO] amas.pipeline: AMAS v2 start: qid=musique_4hop2__9988_261673_70784_79935
22:02:16 [INFO] amas.pipeline: AMAS v2 start: qid=musique_2hop__77233_33207
22:02:17 [INFO] amas.pipeline: AMAS v2 start: qid=musique_2hop__84847_148696
22:02:17 [INFO] amas.pipeline: AMAS v2 start: qid=musique_3hop1__90327_83076_319330
22:02:18 [INFO] amas.pipeline: AMAS v2 start: qid=musique_2hop__998_25855
22:02:19 [INFO] amas.pipeline: AMAS v2 start: qid=musique_2hop__81659_52835
22:02:21 [INFO] amas.pipeline: AMAS v2 start: qid=musique_4hop1__88342_75218_128008_48717
22:02:23 [INFO] amas.pipeline: AMAS v2 start: qid=musique_3hop1__144678_443779_52195
22:02:23 [INFO] amas.pipeline: AMAS v2 start: qid=musique_2hop__865961_159109
22:02:25 [INFO] amas.pipeline: AMAS v2 start: qid=musique_3hop2__127483_60649_10557
22:02:26 [INFO] amas.pipeline: AMAS v2 start: qid=musique_2hop__46862_68042
22:02:29 [INFO] amas.pipeline: AMAS v2 start: qid=musique_2hop__78401_158262
22:02:29 [INFO] amas.pipeline: AMAS v2 start: qid=musique_2hop__95970_152907
22:02:32 [INFO] amas.pipeline: AMAS v2 start: qid=musique_3hop1__105837_160713_77246
22:02:33 [INFO] amas.pipeline: AMAS v2 start: qid=musique_2hop__179322_83289
22:02:33 [INFO] amas.pipeline: AMAS v2 start: qid=musique_3hop2__87184_90327_76291
22:02:34 [INFO] amas.pipeline: AMAS v2 start: qid=musique_4hop1__152146_5274_458768_33637
Done: 50 processed in 73.0s (answered=43/50)
