2026-04-25 11:23:12 [INFO] __main__: Loaded 17 questions from data/musique/smoke50_shards/questions_smoke50_seed42_shard1.json
2026-04-25 11:23:12 [INFO] __main__: Checkpoint: 0 completed, 17 remaining
2026-04-25 11:23:13 [INFO] sentence_transformers.base.model: Loading SentenceTransformer model from /local/yzheng/pnair/.cache/huggingface/models--intfloat--e5-base-v2/snapshots/f52bf8ec8c7124536f0efb74aca902b2995e5bcd.
Processing questions:   0%|          | 0/17 [00:00<?, ?q/s]2026-04-25 11:23:13 [INFO] adaptive_sage.pipeline: Pipeline start: question_id=musique_3hop1__786067_228453_86925, max_steps=3
2026-04-25 11:23:13 [ERROR] __main__: Failed on question musique_3hop1__786067_228453_86925: 'bridge_entity'
Traceback (most recent call last):
  File "/local/yzheng/pnair/workspace/adaptive-mas/scripts/runner.py", line 153, in _process_question
    result: PipelineResult = await pipeline.run(question=q_text, question_id=qid)
  File "/local/yzheng/pnair/workspace/adaptive-mas/src/adaptive_sage/pipeline.py", line 178, in run
    result = await self._run_topology_controller(question, question_id)
  File "/local/yzheng/pnair/workspace/adaptive-mas/src/adaptive_sage/pipeline.py", line 305, in _run_topology_controller
    route, route_tokens = await self.orchestrator.route_with_usage(
  File "/local/yzheng/pnair/workspace/adaptive-mas/src/adaptive_sage/orchestrator.py", line 405, in route_with_usage
    user_content = self._route_template.format(
KeyError: 'bridge_entity'
2026-04-25 11:23:13 [INFO] adaptive_sage.pipeline: Pipeline start: question_id=musique_4hop2__9988_261673_70784_79935, max_steps=3
2026-04-25 11:23:13 [ERROR] __main__: Failed on question musique_4hop2__9988_261673_70784_79935: 'bridge_entity'
Traceback (most recent call last):
  File "/local/yzheng/pnair/workspace/adaptive-mas/scripts/runner.py", line 153, in _process_question
    result: PipelineResult = await pipeline.run(question=q_text, question_id=qid)
  File "/local/yzheng/pnair/workspace/adaptive-mas/src/adaptive_sage/pipeline.py", line 178, in run
    result = await self._run_topology_controller(question, question_id)
  File "/local/yzheng/pnair/workspace/adaptive-mas/src/adaptive_sage/pipeline.py", line 305, in _run_topology_controller
    route, route_tokens = await self.orchestrator.route_with_usage(
  File "/local/yzheng/pnair/workspace/adaptive-mas/src/adaptive_sage/orchestrator.py", line 405, in route_with_usage
    user_content = self._route_template.format(
KeyError: 'bridge_entity'
2026-04-25 11:23:13 [INFO] adaptive_sage.pipeline: Pipeline start: question_id=musique_3hop1__139773_88110_21193, max_steps=3
2026-04-25 11:23:13 [ERROR] __main__: Failed on question musique_3hop1__139773_88110_21193: 'bridge_entity'
Traceback (most recent call last):
  File "/local/yzheng/pnair/workspace/adaptive-mas/scripts/runner.py", line 153, in _process_question
    result: PipelineResult = await pipeline.run(question=q_text, question_id=qid)
  File "/local/yzheng/pnair/workspace/adaptive-mas/src/adaptive_sage/pipeline.py", line 178, in run
    result = await self._run_topology_controller(question, question_id)
  File "/local/yzheng/pnair/workspace/adaptive-mas/src/adaptive_sage/pipeline.py", line 305, in _run_topology_controller
    route, route_tokens = await self.orchestrator.route_with_usage(
  File "/local/yzheng/pnair/workspace/adaptive-mas/src/adaptive_sage/orchestrator.py", line 405, in route_with_usage
    user_content = self._route_template.format(
KeyError: 'bridge_entity'
2026-04-25 11:23:13 [INFO] adaptive_sage.pipeline: Pipeline start: question_id=musique_3hop1__843207_755530_88011, max_steps=3
2026-04-25 11:23:13 [ERROR] __main__: Failed on question musique_3hop1__843207_755530_88011: 'bridge_entity'
Traceback (most recent call last):
  File "/local/yzheng/pnair/workspace/adaptive-mas/scripts/runner.py", line 153, in _process_question
    result: PipelineResult = await pipeline.run(question=q_text, question_id=qid)
  File "/local/yzheng/pnair/workspace/adaptive-mas/src/adaptive_sage/pipeline.py", line 178, in run
    result = await self._run_topology_controller(question, question_id)
  File "/local/yzheng/pnair/workspace/adaptive-mas/src/adaptive_sage/pipeline.py", line 305, in _run_topology_controller
    route, route_tokens = await self.orchestrator.route_with_usage(
  File "/local/yzheng/pnair/workspace/adaptive-mas/src/adaptive_sage/orchestrator.py", line 405, in route_with_usage
    user_content = self._route_template.format(
KeyError: 'bridge_entity'
2026-04-25 11:23:13 [INFO] adaptive_sage.pipeline: Pipeline start: question_id=musique_2hop__75207_365216, max_steps=3
2026-04-25 11:23:13 [ERROR] __main__: Failed on question musique_2hop__75207_365216: 'bridge_entity'
Traceback (most recent call last):
  File "/local/yzheng/pnair/workspace/adaptive-mas/scripts/runner.py", line 153, in _process_question
    result: PipelineResult = await pipeline.run(question=q_text, question_id=qid)
  File "/local/yzheng/pnair/workspace/adaptive-mas/src/adaptive_sage/pipeline.py", line 178, in run
    result = await self._run_topology_controller(question, question_id)
  File "/local/yzheng/pnair/workspace/adaptive-mas/src/adaptive_sage/pipeline.py", line 305, in _run_topology_controller
    route, route_tokens = await self.orchestrator.route_with_usage(
  File "/local/yzheng/pnair/workspace/adaptive-mas/src/adaptive_sage/orchestrator.py", line 405, in route_with_usage
    user_content = self._route_template.format(
KeyError: 'bridge_entity'
2026-04-25 11:23:13 [INFO] adaptive_sage.pipeline: Pipeline start: question_id=musique_3hop1__38738_78276_68042, max_steps=3
2026-04-25 11:23:13 [ERROR] __main__: Failed on question musique_3hop1__38738_78276_68042: 'bridge_entity'
Traceback (most recent call last):
  File "/local/yzheng/pnair/workspace/adaptive-mas/scripts/runner.py", line 153, in _process_question
    result: PipelineResult = await pipeline.run(question=q_text, question_id=qid)
  File "/local/yzheng/pnair/workspace/adaptive-mas/src/adaptive_sage/pipeline.py", line 178, in run
    result = await self._run_topology_controller(question, question_id)
  File "/local/yzheng/pnair/workspace/adaptive-mas/src/adaptive_sage/pipeline.py", line 305, in _run_topology_controller
    route, route_tokens = await self.orchestrator.route_with_usage(
  File "/local/yzheng/pnair/workspace/adaptive-mas/src/adaptive_sage/orchestrator.py", line 405, in route_with_usage
    user_content = self._route_template.format(
KeyError: 'bridge_entity'
2026-04-25 11:23:13 [INFO] adaptive_sage.pipeline: Pipeline start: question_id=musique_4hop1__51465_53706_795904_580996, max_steps=3
2026-04-25 11:23:13 [ERROR] __main__: Failed on question musique_4hop1__51465_53706_795904_580996: 'bridge_entity'
Traceback (most recent call last):
  File "/local/yzheng/pnair/workspace/adaptive-mas/scripts/runner.py", line 153, in _process_question
    result: PipelineResult = await pipeline.run(question=q_text, question_id=qid)
  File "/local/yzheng/pnair/workspace/adaptive-mas/src/adaptive_sage/pipeline.py", line 178, in run
    result = await self._run_topology_controller(question, question_id)
  File "/local/yzheng/pnair/workspace/adaptive-mas/src/adaptive_sage/pipeline.py", line 305, in _run_topology_controller
    route, route_tokens = await self.orchestrator.route_with_usage(
  File "/local/yzheng/pnair/workspace/adaptive-mas/src/adaptive_sage/orchestrator.py", line 405, in route_with_usage
    user_content = self._route_template.format(
KeyError: 'bridge_entity'
2026-04-25 11:23:13 [INFO] adaptive_sage.pipeline: Pipeline start: question_id=musique_2hop__284789_52835, max_steps=3
2026-04-25 11:23:13 [ERROR] __main__: Failed on question musique_2hop__284789_52835: 'bridge_entity'
Traceback (most recent call last):
  File "/local/yzheng/pnair/workspace/adaptive-mas/scripts/runner.py", line 153, in _process_question
    result: PipelineResult = await pipeline.run(question=q_text, question_id=qid)
  File "/local/yzheng/pnair/workspace/adaptive-mas/src/adaptive_sage/pipeline.py", line 178, in run
    result = await self._run_topology_controller(question, question_id)
  File "/local/yzheng/pnair/workspace/adaptive-mas/src/adaptive_sage/pipeline.py", line 305, in _run_topology_controller
    route, route_tokens = await self.orchestrator.route_with_usage(
  File "/local/yzheng/pnair/workspace/adaptive-mas/src/adaptive_sage/orchestrator.py", line 405, in route_with_usage
    user_content = self._route_template.format(
KeyError: 'bridge_entity'
2026-04-25 11:23:13 [INFO] adaptive_sage.pipeline: Pipeline start: question_id=musique_3hop1__406043_831637_91775, max_steps=3
2026-04-25 11:23:13 [ERROR] __main__: Failed on question musique_3hop1__406043_831637_91775: 'bridge_entity'
Traceback (most recent call last):
  File "/local/yzheng/pnair/workspace/adaptive-mas/scripts/runner.py", line 153, in _process_question
    result: PipelineResult = await pipeline.run(question=q_text, question_id=qid)
  File "/local/yzheng/pnair/workspace/adaptive-mas/src/adaptive_sage/pipeline.py", line 178, in run
    result = await self._run_topology_controller(question, question_id)
  File "/local/yzheng/pnair/workspace/adaptive-mas/src/adaptive_sage/pipeline.py", line 305, in _run_topology_controller
    route, route_tokens = await self.orchestrator.route_with_usage(
  File "/local/yzheng/pnair/workspace/adaptive-mas/src/adaptive_sage/orchestrator.py", line 405, in route_with_usage
    user_content = self._route_template.format(
KeyError: 'bridge_entity'
2026-04-25 11:23:13 [INFO] adaptive_sage.pipeline: Pipeline start: question_id=musique_3hop1__131829_39743_24526, max_steps=3
2026-04-25 11:23:13 [ERROR] __main__: Failed on question musique_3hop1__131829_39743_24526: 'bridge_entity'
Traceback (most recent call last):
  File "/local/yzheng/pnair/workspace/adaptive-mas/scripts/runner.py", line 153, in _process_question
    result: PipelineResult = await pipeline.run(question=q_text, question_id=qid)
  File "/local/yzheng/pnair/workspace/adaptive-mas/src/adaptive_sage/pipeline.py", line 178, in run
    result = await self._run_topology_controller(question, question_id)
  File "/local/yzheng/pnair/workspace/adaptive-mas/src/adaptive_sage/pipeline.py", line 305, in _run_topology_controller
    route, route_tokens = await self.orchestrator.route_with_usage(
  File "/local/yzheng/pnair/workspace/adaptive-mas/src/adaptive_sage/orchestrator.py", line 405, in route_with_usage
    user_content = self._route_template.format(
KeyError: 'bridge_entity'
2026-04-25 11:23:13 [INFO] adaptive_sage.pipeline: Pipeline start: question_id=musique_4hop1__749065_698949_157828_162309, max_steps=3
2026-04-25 11:23:13 [ERROR] __main__: Failed on question musique_4hop1__749065_698949_157828_162309: 'bridge_entity'
Traceback (most recent call last):
  File "/local/yzheng/pnair/workspace/adaptive-mas/scripts/runner.py", line 153, in _process_question
    result: PipelineResult = await pipeline.run(question=q_text, question_id=qid)
  File "/local/yzheng/pnair/workspace/adaptive-mas/src/adaptive_sage/pipeline.py", line 178, in run
    result = await self._run_topology_controller(question, question_id)
  File "/local/yzheng/pnair/workspace/adaptive-mas/src/adaptive_sage/pipeline.py", line 305, in _run_topology_controller
    route, route_tokens = await self.orchestrator.route_with_usage(
  File "/local/yzheng/pnair/workspace/adaptive-mas/src/adaptive_sage/orchestrator.py", line 405, in route_with_usage
    user_content = self._route_template.format(
KeyError: 'bridge_entity'
2026-04-25 11:23:13 [INFO] adaptive_sage.pipeline: Pipeline start: question_id=musique_2hop__810884_22402, max_steps=3
2026-04-25 11:23:13 [ERROR] __main__: Failed on question musique_2hop__810884_22402: 'bridge_entity'
Traceback (most recent call last):
  File "/local/yzheng/pnair/workspace/adaptive-mas/scripts/runner.py", line 153, in _process_question
    result: PipelineResult = await pipeline.run(question=q_text, question_id=qid)
  File "/local/yzheng/pnair/workspace/adaptive-mas/src/adaptive_sage/pipeline.py", line 178, in run
    result = await self._run_topology_controller(question, question_id)
  File "/local/yzheng/pnair/workspace/adaptive-mas/src/adaptive_sage/pipeline.py", line 305, in _run_topology_controller
    route, route_tokens = await self.orchestrator.route_with_usage(
  File "/local/yzheng/pnair/workspace/adaptive-mas/src/adaptive_sage/orchestrator.py", line 405, in route_with_usage
    user_content = self._route_template.format(
KeyError: 'bridge_entity'
2026-04-25 11:23:13 [INFO] adaptive_sage.pipeline: Pipeline start: question_id=musique_3hop1__90327_73181_68042, max_steps=3
2026-04-25 11:23:13 [ERROR] __main__: Failed on question musique_3hop1__90327_73181_68042: 'bridge_entity'
Traceback (most recent call last):
  File "/local/yzheng/pnair/workspace/adaptive-mas/scripts/runner.py", line 153, in _process_question
    result: PipelineResult = await pipeline.run(question=q_text, question_id=qid)
  File "/local/yzheng/pnair/workspace/adaptive-mas/src/adaptive_sage/pipeline.py", line 178, in run
    result = await self._run_topology_controller(question, question_id)
  File "/local/yzheng/pnair/workspace/adaptive-mas/src/adaptive_sage/pipeline.py", line 305, in _run_topology_controller
    route, route_tokens = await self.orchestrator.route_with_usage(
  File "/local/yzheng/pnair/workspace/adaptive-mas/src/adaptive_sage/orchestrator.py", line 405, in route_with_usage
    user_content = self._route_template.format(
KeyError: 'bridge_entity'
2026-04-25 11:23:13 [INFO] adaptive_sage.pipeline: Pipeline start: question_id=musique_4hop1__802394_153080_159767_81096, max_steps=3
2026-04-25 11:23:13 [ERROR] __main__: Failed on question musique_4hop1__802394_153080_159767_81096: 'bridge_entity'
Traceback (most recent call last):
  File "/local/yzheng/pnair/workspace/adaptive-mas/scripts/runner.py", line 153, in _process_question
    result: PipelineResult = await pipeline.run(question=q_text, question_id=qid)
  File "/local/yzheng/pnair/workspace/adaptive-mas/src/adaptive_sage/pipeline.py", line 178, in run
    result = await self._run_topology_controller(question, question_id)
  File "/local/yzheng/pnair/workspace/adaptive-mas/src/adaptive_sage/pipeline.py", line 305, in _run_topology_controller
    route, route_tokens = await self.orchestrator.route_with_usage(
  File "/local/yzheng/pnair/workspace/adaptive-mas/src/adaptive_sage/orchestrator.py", line 405, in route_with_usage
    user_content = self._route_template.format(
KeyError: 'bridge_entity'
2026-04-25 11:23:13 [INFO] adaptive_sage.pipeline: Pipeline start: question_id=musique_3hop1__518381_709625_84283, max_steps=3
2026-04-25 11:23:13 [ERROR] __main__: Failed on question musique_3hop1__518381_709625_84283: 'bridge_entity'
Traceback (most recent call last):
  File "/local/yzheng/pnair/workspace/adaptive-mas/scripts/runner.py", line 153, in _process_question
    result: PipelineResult = await pipeline.run(question=q_text, question_id=qid)
  File "/local/yzheng/pnair/workspace/adaptive-mas/src/adaptive_sage/pipeline.py", line 178, in run
    result = await self._run_topology_controller(question, question_id)
  File "/local/yzheng/pnair/workspace/adaptive-mas/src/adaptive_sage/pipeline.py", line 305, in _run_topology_controller
    route, route_tokens = await self.orchestrator.route_with_usage(
  File "/local/yzheng/pnair/workspace/adaptive-mas/src/adaptive_sage/orchestrator.py", line 405, in route_with_usage
    user_content = self._route_template.format(
KeyError: 'bridge_entity'
2026-04-25 11:23:13 [INFO] adaptive_sage.pipeline: Pipeline start: question_id=musique_3hop1__423001_503371_21711, max_steps=3
2026-04-25 11:23:13 [ERROR] __main__: Failed on question musique_3hop1__423001_503371_21711: 'bridge_entity'
Traceback (most recent call last):
  File "/local/yzheng/pnair/workspace/adaptive-mas/scripts/runner.py", line 153, in _process_question
    result: PipelineResult = await pipeline.run(question=q_text, question_id=qid)
  File "/local/yzheng/pnair/workspace/adaptive-mas/src/adaptive_sage/pipeline.py", line 178, in run
    result = await self._run_topology_controller(question, question_id)
  File "/local/yzheng/pnair/workspace/adaptive-mas/src/adaptive_sage/pipeline.py", line 305, in _run_topology_controller
    route, route_tokens = await self.orchestrator.route_with_usage(
  File "/local/yzheng/pnair/workspace/adaptive-mas/src/adaptive_sage/orchestrator.py", line 405, in route_with_usage
    user_content = self._route_template.format(
KeyError: 'bridge_entity'
2026-04-25 11:23:13 [INFO] adaptive_sage.pipeline: Pipeline start: question_id=musique_3hop2__222979_133154_40768, max_steps=3
2026-04-25 11:23:13 [ERROR] __main__: Failed on question musique_3hop2__222979_133154_40768: 'bridge_entity'
Traceback (most recent call last):
  File "/local/yzheng/pnair/workspace/adaptive-mas/scripts/runner.py", line 153, in _process_question
    result: PipelineResult = await pipeline.run(question=q_text, question_id=qid)
  File "/local/yzheng/pnair/workspace/adaptive-mas/src/adaptive_sage/pipeline.py", line 178, in run
    result = await self._run_topology_controller(question, question_id)
  File "/local/yzheng/pnair/workspace/adaptive-mas/src/adaptive_sage/pipeline.py", line 305, in _run_topology_controller
    route, route_tokens = await self.orchestrator.route_with_usage(
  File "/local/yzheng/pnair/workspace/adaptive-mas/src/adaptive_sage/orchestrator.py", line 405, in route_with_usage
    user_content = self._route_template.format(
KeyError: 'bridge_entity'
Processing questions: 100%|██████████| 17/17 [00:00<00:00, 3685.30q/s]

============================================================
Run complete: 0/17 succeeded, 17 failed
Checkpoint had 0 previously completed
Total in output: 17
Elapsed: 0.0s (0.0min)
============================================================
