21:08:01 [INFO] amas.runner: Loaded 50 questions; 0 done; 50 to run.
21:08:01 [INFO] amas.pipeline: AMAS start: qid=musique_2hop__13548_13529
21:08:01 [INFO] amas.pipeline: AMAS start: qid=musique_3hop1__9285_5188_23307
21:08:01 [INFO] amas.pipeline: AMAS start: qid=musique_2hop__766973_770570
21:08:01 [INFO] amas.pipeline: AMAS start: qid=musique_2hop__170823_120171
21:08:01 [INFO] amas.pipeline: AMAS start: qid=musique_2hop__511454_120259
21:08:01 [INFO] amas.pipeline: AMAS start: qid=musique_4hop2__71753_648517_70784_79935
21:08:01 [INFO] amas.pipeline: AMAS start: qid=musique_4hop1__94201_642284_131926_89261
21:08:01 [INFO] amas.pipeline: AMAS start: qid=musique_4hop1__152562_5274_458768_33633
21:08:01 [INFO] amas.pipeline: AMAS start: qid=musique_3hop1__305282_282081_73772
21:08:01 [INFO] amas.pipeline: AMAS start: qid=musique_2hop__655505_110949
21:08:01 [INFO] amas.pipeline: AMAS start: qid=musique_2hop__619265_45326
21:08:01 [INFO] amas.pipeline: AMAS start: qid=musique_4hop3__754156_88460_30152_20999
21:09:10 [INFO] amas.pipeline: AMAS start: qid=musique_2hop__199513_801817
21:09:14 [INFO] amas.pipeline: AMAS start: qid=musique_3hop1__820301_720914_41132
21:09:27 [INFO] amas.pipeline: AMAS start: qid=musique_3hop1__136129_87694_124169
21:09:28 [INFO] amas.pipeline: AMAS start: qid=musique_2hop__354635_174222
21:10:29 [INFO] amas.pipeline: AMAS start: qid=musique_3hop1__849312_503371_21711
21:10:52 [INFO] amas.pipeline: AMAS start: qid=musique_2hop__511296_577502
21:10:58 [INFO] amas.pipeline: AMAS start: qid=musique_2hop__731956_126089
21:11:09 [INFO] amas.pipeline: AMAS start: qid=musique_2hop__123545_47134
21:11:27 [INFO] amas.pipeline: AMAS start: qid=musique_3hop1__786632_831637_91775
21:11:58 [INFO] amas.pipeline: AMAS start: qid=musique_2hop__124412_402641
21:12:00 [INFO] amas.pipeline: AMAS start: qid=musique_2hop__159215_779396
21:12:24 [INFO] amas.pipeline: AMAS start: qid=musique_2hop__59048_827343
21:12:47 [INFO] amas.pipeline: AMAS start: qid=musique_4hop1__726675_508773_85832_745702
21:13:06 [INFO] amas.pipeline: AMAS start: qid=musique_2hop__693444_220151
21:13:27 [INFO] amas.pipeline: AMAS start: qid=musique_3hop1__108833_720914_41132
21:13:36 [INFO] amas.pipeline: AMAS start: qid=musique_2hop__347686_127399
21:13:40 [INFO] amas.pipeline: AMAS start: qid=musique_3hop1__33845_42197_18397
21:13:42 [INFO] amas.pipeline: AMAS start: qid=musique_2hop__645448_77615
21:13:49 [INFO] amas.pipeline: AMAS start: qid=musique_4hop3__524186_219173_638950_72134
21:14:15 [INFO] amas.pipeline: AMAS start: qid=musique_2hop__734582_71302
21:14:16 [INFO] amas.pipeline: AMAS start: qid=musique_3hop1__639955_834494_34099
21:14:45 [INFO] amas.pipeline: AMAS start: qid=musique_4hop2__9988_261673_70784_79935
21:14:57 [INFO] amas.pipeline: AMAS start: qid=musique_2hop__77233_33207
21:14:58 [INFO] amas.pipeline: AMAS start: qid=musique_2hop__84847_148696
21:15:20 [INFO] amas.pipeline: AMAS start: qid=musique_3hop1__90327_83076_319330
21:15:23 [INFO] amas.pipeline: AMAS start: qid=musique_2hop__998_25855
21:16:20 [INFO] amas.pipeline: AMAS start: qid=musique_2hop__81659_52835
21:16:47 [INFO] amas.pipeline: AMAS start: qid=musique_4hop1__88342_75218_128008_48717
21:16:59 [INFO] amas.pipeline: AMAS start: qid=musique_3hop1__144678_443779_52195
21:17:03 [INFO] amas.pipeline: AMAS start: qid=musique_2hop__865961_159109
21:17:10 [INFO] amas.pipeline: AMAS start: qid=musique_3hop2__127483_60649_10557
21:17:13 [INFO] amas.pipeline: AMAS start: qid=musique_2hop__46862_68042
21:17:16 [INFO] amas.pipeline: AMAS start: qid=musique_2hop__78401_158262
21:17:23 [INFO] amas.pipeline: AMAS start: qid=musique_2hop__95970_152907
21:17:59 [INFO] amas.pipeline: AMAS start: qid=musique_3hop1__105837_160713_77246
21:18:36 [INFO] amas.pipeline: AMAS start: qid=musique_2hop__179322_83289
21:18:43 [INFO] amas.pipeline: AMAS start: qid=musique_3hop2__87184_90327_76291
21:18:51 [INFO] amas.pipeline: AMAS start: qid=musique_4hop1__152146_5274_458768_33637
21:21:32 [INFO] amas.orchestrator: Context budget hit at turn=3 est_prompt=9622 budget=13000
21:23:35 [INFO] amas.orchestrator: Context budget hit at turn=7 est_prompt=9940 budget=13000
Done: 50 processed in 977.0s (answered=50/50)
