09:40:33 [INFO] amas.runner: Loaded 1000 questions; 0 done; 1000 to run.
09:40:33 [INFO] amas.pipeline: AMAS start: qid=musique_2hop__13548_13529
09:40:33 [INFO] amas.pipeline: AMAS start: qid=musique_3hop1__9285_5188_23307
09:40:33 [INFO] amas.pipeline: AMAS start: qid=musique_2hop__766973_770570
09:40:33 [INFO] amas.pipeline: AMAS start: qid=musique_2hop__170823_120171
09:40:33 [INFO] amas.pipeline: AMAS start: qid=musique_2hop__511454_120259
09:40:33 [INFO] amas.pipeline: AMAS start: qid=musique_4hop2__71753_648517_70784_79935
09:40:33 [INFO] amas.pipeline: AMAS start: qid=musique_4hop1__94201_642284_131926_89261
09:40:33 [INFO] amas.pipeline: AMAS start: qid=musique_4hop1__152562_5274_458768_33633
09:40:33 [INFO] amas.pipeline: AMAS start: qid=musique_3hop1__305282_282081_73772
09:40:33 [INFO] amas.pipeline: AMAS start: qid=musique_2hop__655505_110949
09:40:33 [INFO] amas.pipeline: AMAS start: qid=musique_2hop__619265_45326
09:40:33 [INFO] amas.pipeline: AMAS start: qid=musique_4hop3__754156_88460_30152_20999
09:40:33 [INFO] amas.pipeline: AMAS start: qid=musique_2hop__199513_801817
09:40:33 [INFO] amas.pipeline: AMAS start: qid=musique_3hop1__820301_720914_41132
09:40:33 [INFO] amas.pipeline: AMAS start: qid=musique_3hop1__136129_87694_124169
09:40:33 [INFO] amas.pipeline: AMAS start: qid=musique_2hop__354635_174222
09:40:33 [INFO] amas.pipeline: AMAS start: qid=musique_3hop1__849312_503371_21711
09:40:33 [INFO] amas.pipeline: AMAS start: qid=musique_2hop__511296_577502
09:40:33 [INFO] amas.pipeline: AMAS start: qid=musique_2hop__731956_126089
09:40:33 [INFO] amas.pipeline: AMAS start: qid=musique_2hop__123545_47134
09:40:33 [INFO] amas.pipeline: AMAS start: qid=musique_3hop1__786632_831637_91775
09:40:33 [INFO] amas.pipeline: AMAS start: qid=musique_2hop__124412_402641
09:40:33 [INFO] amas.pipeline: AMAS start: qid=musique_2hop__159215_779396
09:40:33 [INFO] amas.pipeline: AMAS start: qid=musique_2hop__59048_827343
09:41:49 [INFO] amas.pipeline: AMAS start: qid=musique_4hop1__726675_508773_85832_745702
09:42:06 [INFO] amas.pipeline: AMAS start: qid=musique_2hop__693444_220151
09:42:13 [INFO] amas.pipeline: AMAS start: qid=musique_3hop1__108833_720914_41132
09:42:41 [INFO] amas.pipeline: AMAS start: qid=musique_2hop__347686_127399
09:43:08 [INFO] amas.pipeline: AMAS start: qid=musique_3hop1__33845_42197_18397
09:43:23 [INFO] amas.pipeline: AMAS start: qid=musique_2hop__645448_77615
09:43:47 [INFO] amas.pipeline: AMAS start: qid=musique_4hop3__524186_219173_638950_72134
09:44:11 [INFO] amas.pipeline: AMAS start: qid=musique_2hop__734582_71302
09:44:50 [INFO] amas.orchestrator: Context budget hit at turn=4 est_prompt=6182 budget=7000
09:44:50 [INFO] amas.pipeline: AMAS start: qid=musique_3hop1__639955_834494_34099
09:45:45 [INFO] amas.pipeline: AMAS start: qid=musique_4hop2__9988_261673_70784_79935
09:45:46 [INFO] amas.pipeline: AMAS start: qid=musique_2hop__77233_33207
09:45:47 [INFO] amas.pipeline: AMAS start: qid=musique_2hop__84847_148696
09:45:49 [INFO] amas.pipeline: AMAS start: qid=musique_3hop1__90327_83076_319330
09:45:56 [INFO] amas.pipeline: AMAS start: qid=musique_2hop__998_25855
09:46:00 [INFO] amas.pipeline: AMAS start: qid=musique_2hop__81659_52835
09:46:09 [INFO] amas.pipeline: AMAS start: qid=musique_4hop1__88342_75218_128008_48717
09:46:18 [INFO] amas.pipeline: AMAS start: qid=musique_3hop1__144678_443779_52195
09:46:19 [INFO] amas.pipeline: AMAS start: qid=musique_2hop__865961_159109
09:46:25 [INFO] amas.pipeline: AMAS start: qid=musique_3hop2__127483_60649_10557
09:46:32 [INFO] amas.pipeline: AMAS start: qid=musique_2hop__46862_68042
09:46:41 [INFO] amas.pipeline: AMAS start: qid=musique_2hop__78401_158262
09:46:54 [INFO] amas.pipeline: AMAS start: qid=musique_2hop__95970_152907
09:46:59 [INFO] amas.pipeline: AMAS start: qid=musique_3hop1__105837_160713_77246
09:47:11 [INFO] amas.pipeline: AMAS start: qid=musique_2hop__179322_83289
09:47:19 [INFO] amas.pipeline: AMAS start: qid=musique_3hop2__87184_90327_76291
09:47:23 [INFO] amas.pipeline: AMAS start: qid=musique_4hop1__152146_5274_458768_33637
09:47:26 [INFO] amas.pipeline: AMAS start: qid=musique_3hop1__106845_5188_86687
09:47:37 [INFO] amas.pipeline: AMAS start: qid=musique_4hop1__842143_153080_33897_81096
09:47:52 [INFO] amas.pipeline: AMAS start: qid=musique_2hop__85325_88165
09:48:04 [INFO] amas.pipeline: AMAS start: qid=musique_3hop1__622497_160088_85460
09:48:24 [INFO] amas.pipeline: AMAS start: qid=musique_2hop__14_59409
09:48:26 [INFO] amas.pipeline: AMAS start: qid=musique_4hop2__71753_158985_70784_61381
09:48:27 [INFO] amas.pipeline: AMAS start: qid=musique_4hop1__802394_153080_159767_81096
09:48:39 [INFO] amas.pipeline: AMAS start: qid=musique_3hop1__409517_547811_80702
09:48:59 [INFO] amas.pipeline: AMAS start: qid=musique_2hop__76314_177869
09:48:59 [INFO] amas.pipeline: AMAS start: qid=musique_4hop1__391525_49925_13759_736921
09:49:14 [INFO] amas.pipeline: AMAS start: qid=musique_2hop__802991_443552
09:49:25 [INFO] amas.pipeline: AMAS start: qid=musique_3hop2__851134_613770_7713
09:49:59 [INFO] amas.pipeline: AMAS start: qid=musique_3hop2__127483_91678_10557
09:50:02 [INFO] amas.pipeline: AMAS start: qid=musique_2hop__629030_56873
09:50:09 [INFO] amas.pipeline: AMAS start: qid=musique_3hop1__321720_650651_7262
09:50:17 [INFO] amas.pipeline: AMAS start: qid=musique_2hop__81268_85407
09:50:19 [INFO] amas.pipeline: AMAS start: qid=musique_3hop2__90098_76623_10557
09:50:26 [INFO] amas.pipeline: AMAS start: qid=musique_2hop__391873_88622
09:50:42 [INFO] amas.pipeline: AMAS start: qid=musique_3hop1__764280_834494_34053
09:50:48 [INFO] amas.pipeline: AMAS start: qid=musique_4hop1__802394_153080_33897_81096
09:50:48 [INFO] amas.pipeline: AMAS start: qid=musique_2hop__155781_155922
09:50:49 [INFO] amas.pipeline: AMAS start: qid=musique_2hop__829358_754719
09:50:54 [INFO] amas.pipeline: AMAS start: qid=musique_4hop1__131113_59747_211319_557671
09:51:25 [INFO] amas.pipeline: AMAS start: qid=musique_3hop1__857_846_7702
09:51:27 [INFO] amas.pipeline: AMAS start: qid=musique_3hop1__635099_131926_87157
09:51:36 [INFO] amas.pipeline: AMAS start: qid=musique_4hop3__474028_88460_30152_20999
09:51:38 [INFO] amas.pipeline: AMAS start: qid=musique_2hop__668407_683671
09:51:41 [INFO] amas.pipeline: AMAS start: qid=musique_4hop1__9007_698949_157828_162309
09:51:48 [INFO] amas.pipeline: AMAS start: qid=musique_2hop__56851_343058
09:51:52 [INFO] amas.pipeline: AMAS start: qid=musique_3hop2__304722_692815_63959
09:52:01 [INFO] amas.pipeline: AMAS start: qid=musique_3hop1__208108_547811_80702
09:52:02 [INFO] amas.pipeline: AMAS start: qid=musique_2hop__68322_510545
09:52:45 [INFO] amas.pipeline: AMAS start: qid=musique_2hop__215896_460425
09:52:52 [INFO] amas.pipeline: AMAS start: qid=musique_4hop1__342858_131850_33952_34099
09:52:52 [INFO] amas.pipeline: AMAS start: qid=musique_2hop__63214_319330
09:52:54 [INFO] amas.pipeline: AMAS start: qid=musique_2hop__304852_758385
09:53:19 [INFO] amas.pipeline: AMAS start: qid=musique_2hop__71016_75184
09:53:21 [INFO] amas.pipeline: AMAS start: qid=musique_4hop1__58323_375563_161848_53331
09:53:28 [INFO] amas.pipeline: AMAS start: qid=musique_2hop__131455_11960
09:53:42 [INFO] amas.pipeline: AMAS start: qid=musique_2hop__998_25839
09:53:49 [INFO] amas.pipeline: AMAS start: qid=musique_3hop1__127821_157828_239539
09:53:55 [INFO] amas.pipeline: AMAS start: qid=musique_4hop1__130623_32392_823060_610794
09:54:13 [INFO] amas.pipeline: AMAS start: qid=musique_3hop2__89854_92991_76291
09:54:20 [INFO] amas.pipeline: AMAS start: qid=musique_3hop2__132957_133264_40768
09:54:23 [INFO] amas.pipeline: AMAS start: qid=musique_4hop1__88342_75218_128008_46894
09:54:33 [INFO] amas.pipeline: AMAS start: qid=musique_2hop__92385_2072
09:54:41 [INFO] amas.pipeline: AMAS start: qid=musique_2hop__33288_157788
09:54:43 [INFO] amas.pipeline: AMAS start: qid=musique_2hop__554167_451128
09:54:51 [INFO] amas.pipeline: AMAS start: qid=musique_3hop1__28841_547811_41132
09:55:13 [INFO] amas.pipeline: AMAS start: qid=musique_4hop1__638988_17130_70784_61381
09:55:18 [INFO] amas.pipeline: AMAS start: qid=musique_2hop__215898_67465
09:55:21 [INFO] amas.pipeline: AMAS start: qid=musique_4hop3__129456_29339_508306_70744
09:55:38 [INFO] amas.pipeline: AMAS start: qid=musique_2hop__7855_7794
09:55:42 [INFO] amas.pipeline: AMAS start: qid=musique_2hop__494659_5385
09:55:50 [INFO] amas.pipeline: AMAS start: qid=musique_3hop1__373866_5189_63702
09:55:52 [INFO] amas.pipeline: AMAS start: qid=musique_2hop__46550_85990
09:56:08 [INFO] amas.pipeline: AMAS start: qid=musique_4hop1__749363_49925_13759_736921
09:56:11 [INFO] amas.pipeline: AMAS start: qid=musique_3hop1__652852_2053_5289
09:56:16 [INFO] amas.pipeline: AMAS start: qid=musique_2hop__130404_59180
09:56:27 [INFO] amas.pipeline: AMAS start: qid=musique_2hop__575797_91104
09:56:31 [INFO] amas.pipeline: AMAS start: qid=musique_4hop1__842143_153080_159767_81096
09:56:52 [INFO] amas.pipeline: AMAS start: qid=musique_3hop1__662618_339990_54675
09:57:11 [INFO] amas.pipeline: AMAS start: qid=musique_4hop2__161602_426860_88460_63559
09:57:22 [INFO] amas.pipeline: AMAS start: qid=musique_3hop2__222979_133154_40768
09:57:29 [INFO] amas.pipeline: AMAS start: qid=musique_3hop2__9951_20335_9331
09:57:32 [INFO] amas.pipeline: AMAS start: qid=musique_3hop2__38326_92991_76291
09:57:57 [INFO] amas.pipeline: AMAS start: qid=musique_2hop__207476_625987
09:58:00 [INFO] amas.pipeline: AMAS start: qid=musique_4hop1__711773_508773_85832_745702
09:58:05 [INFO] amas.pipeline: AMAS start: qid=musique_4hop1__39871_314549_131976_90181
09:58:08 [INFO] amas.pipeline: AMAS start: qid=musique_3hop1__337705_132457_51423
09:58:13 [INFO] amas.pipeline: AMAS start: qid=musique_4hop1__88342_49853_128008_80286
09:58:37 [INFO] amas.pipeline: AMAS start: qid=musique_2hop__135651_669373
09:58:40 [INFO] amas.pipeline: AMAS start: qid=musique_2hop__25788_25839
09:59:01 [INFO] amas.pipeline: AMAS start: qid=musique_2hop__815205_590407
09:59:26 [INFO] amas.pipeline: AMAS start: qid=musique_2hop__9512_36630
09:59:50 [INFO] amas.pipeline: AMAS start: qid=musique_2hop__226204_69048
09:59:59 [INFO] amas.pipeline: AMAS start: qid=musique_2hop__37097_86208
10:00:14 [INFO] amas.pipeline: AMAS start: qid=musique_2hop__107238_64918
10:00:16 [INFO] amas.pipeline: AMAS start: qid=musique_2hop__622637_120171
10:00:23 [INFO] amas.pipeline: AMAS start: qid=musique_2hop__31585_61048
10:00:43 [INFO] amas.pipeline: AMAS start: qid=musique_2hop__811015_3300
10:00:44 [INFO] amas.pipeline: AMAS start: qid=musique_2hop__203437_152093
10:00:49 [INFO] amas.pipeline: AMAS start: qid=musique_2hop__636597_480615
10:00:54 [INFO] amas.pipeline: AMAS start: qid=musique_4hop2__161324_14670_8987_8529
10:01:21 [INFO] amas.pipeline: AMAS start: qid=musique_2hop__860241_766393
10:01:21 [INFO] amas.pipeline: AMAS start: qid=musique_2hop__778212_22458
10:01:24 [INFO] amas.pipeline: AMAS start: qid=musique_2hop__510860_22402
10:01:39 [INFO] amas.pipeline: AMAS start: qid=musique_2hop__136214_483189
10:01:57 [INFO] amas.pipeline: AMAS start: qid=musique_2hop__149983_108549
10:02:08 [INFO] amas.pipeline: AMAS start: qid=musique_2hop__21104_16334
10:02:09 [INFO] amas.pipeline: AMAS start: qid=musique_3hop2__36497_89854_76291
10:02:13 [INFO] amas.pipeline: AMAS start: qid=musique_3hop1__103440_443779_52195
10:02:17 [INFO] amas.pipeline: AMAS start: qid=musique_2hop__73717_653666
10:02:25 [INFO] amas.pipeline: AMAS start: qid=musique_2hop__34594_160249
10:02:43 [INFO] amas.pipeline: AMAS start: qid=musique_2hop__58168_38663
10:02:46 [INFO] amas.pipeline: AMAS start: qid=musique_2hop__15416_58040
10:02:48 [INFO] amas.pipeline: AMAS start: qid=musique_4hop1__567737_141375_458768_33677
10:03:06 [INFO] amas.pipeline: AMAS start: qid=musique_2hop__32887_578772
10:03:12 [INFO] amas.pipeline: AMAS start: qid=musique_2hop__835710_7298
10:03:16 [INFO] amas.pipeline: AMAS start: qid=musique_3hop1__507961_160713_77246
10:03:36 [INFO] amas.pipeline: AMAS start: qid=musique_4hop2__567956_39078_8987_8974
10:03:38 [INFO] amas.pipeline: AMAS start: qid=musique_3hop1__389761_567566_84283
10:03:52 [INFO] amas.pipeline: AMAS start: qid=musique_4hop2__71753_729371_70784_79935
10:03:53 [INFO] amas.pipeline: AMAS start: qid=musique_4hop1__152562_5274_458768_33632
10:04:21 [INFO] amas.pipeline: AMAS start: qid=musique_2hop__151750_141308
10:04:27 [INFO] amas.pipeline: AMAS start: qid=musique_2hop__861157_135481
10:04:32 [INFO] amas.pipeline: AMAS start: qid=musique_3hop2__304722_330033_63959
10:04:36 [INFO] amas.pipeline: AMAS start: qid=musique_3hop1__831499_228453_10972
10:04:37 [INFO] amas.pipeline: AMAS start: qid=musique_3hop1__92991_78276_68042
10:04:42 [INFO] amas.pipeline: AMAS start: qid=musique_3hop1__169494_42197_18397
10:05:31 [INFO] amas.pipeline: AMAS start: qid=musique_2hop__77134_88165
10:05:36 [INFO] amas.pipeline: AMAS start: qid=musique_2hop__156700_73244
10:05:47 [INFO] amas.pipeline: AMAS start: qid=musique_2hop__149862_108549
10:06:33 [INFO] amas.pipeline: AMAS start: qid=musique_2hop__24648_192417
10:06:42 [INFO] amas.pipeline: AMAS start: qid=musique_4hop1__105401_17130_70784_79935
10:06:45 [INFO] amas.pipeline: AMAS start: qid=musique_2hop__685930_110949
10:06:47 [INFO] amas.pipeline: AMAS start: qid=musique_3hop1__353661_629431_64412
10:07:09 [INFO] amas.pipeline: AMAS start: qid=musique_2hop__819974_129669
10:07:16 [INFO] amas.pipeline: AMAS start: qid=musique_2hop__132929_120537
10:07:20 [INFO] amas.pipeline: AMAS start: qid=musique_2hop__87589_362941
10:07:25 [INFO] amas.pipeline: AMAS start: qid=musique_3hop1__280834_547811_41132
10:07:41 [INFO] amas.pipeline: AMAS start: qid=musique_2hop__88632_67668
10:07:49 [INFO] amas.pipeline: AMAS start: qid=musique_2hop__258940_135844
10:08:32 [INFO] amas.pipeline: AMAS start: qid=musique_2hop__158275_35739
10:08:35 [INFO] amas.pipeline: AMAS start: qid=musique_3hop1__423001_503371_21711
10:08:37 [INFO] amas.pipeline: AMAS start: qid=musique_4hop1__813171_153080_33897_81096
10:08:54 [INFO] amas.pipeline: AMAS start: qid=musique_3hop1__46571_87694_64412
10:08:55 [INFO] amas.pipeline: AMAS start: qid=musique_2hop__40970_90367
10:09:07 [INFO] amas.pipeline: AMAS start: qid=musique_2hop__545711_52835
10:09:10 [INFO] amas.pipeline: AMAS start: qid=musique_4hop1__777217_32392_823060_610794
10:09:24 [INFO] amas.pipeline: AMAS start: qid=musique_4hop1__72247_497223_15840_36014
10:09:42 [INFO] amas.pipeline: AMAS start: qid=musique_2hop__167577_31122
10:09:44 [INFO] amas.pipeline: AMAS start: qid=musique_4hop1__15607_59747_211319_557671
10:09:51 [INFO] amas.pipeline: AMAS start: qid=musique_3hop2__158279_71753_70784
10:09:59 [INFO] amas.pipeline: AMAS start: qid=musique_3hop1__843207_755530_88011
10:10:01 [INFO] amas.pipeline: AMAS start: qid=musique_3hop1__518381_709625_84283
10:10:02 [INFO] amas.pipeline: AMAS start: qid=musique_3hop1__857_846_7877
10:10:29 [INFO] amas.pipeline: AMAS start: qid=musique_2hop__685045_19320
10:10:31 [INFO] amas.pipeline: AMAS start: qid=musique_3hop1__379315_160713_77246
10:10:36 [INFO] amas.pipeline: AMAS start: qid=musique_2hop__157251_556157
10:10:40 [INFO] amas.pipeline: AMAS start: qid=musique_2hop__6827_49664
10:10:46 [INFO] amas.pipeline: AMAS start: qid=musique_2hop__85713_72187
10:10:52 [INFO] amas.pipeline: AMAS start: qid=musique_3hop1__836699_15840_36002
10:10:57 [INFO] amas.pipeline: AMAS start: qid=musique_2hop__3131_3300
10:11:30 [INFO] amas.pipeline: AMAS start: qid=musique_2hop__30905_189318
10:11:41 [INFO] amas.pipeline: AMAS start: qid=musique_3hop2__304722_230978_63959
10:11:42 [INFO] amas.pipeline: AMAS start: qid=musique_3hop1__275261_443779_52195
10:11:49 [INFO] amas.pipeline: AMAS start: qid=musique_2hop__10620_49084
10:11:50 [INFO] amas.pipeline: AMAS start: qid=musique_3hop2__25177_19506_23299
10:11:52 [INFO] amas.pipeline: AMAS start: qid=musique_2hop__85596_807969
10:11:53 [INFO] amas.pipeline: AMAS start: qid=musique_2hop__6745_6731
10:11:57 [INFO] amas.pipeline: AMAS start: qid=musique_2hop__685280_510757
10:12:06 [INFO] amas.pipeline: AMAS start: qid=musique_2hop__747758_58067
10:12:24 [INFO] amas.pipeline: AMAS start: qid=musique_2hop__88372_83837
10:12:30 [INFO] amas.pipeline: AMAS start: qid=musique_4hop1__88342_75218_128008_54974
10:12:35 [INFO] amas.pipeline: AMAS start: qid=musique_2hop__50432_56873
10:12:38 [INFO] amas.pipeline: AMAS start: qid=musique_4hop1__813171_153080_159767_81096
10:12:39 [INFO] amas.pipeline: AMAS start: qid=musique_2hop__158010_58067
10:12:58 [INFO] amas.pipeline: AMAS start: qid=musique_3hop1__21282_692112_236857
10:13:13 [INFO] amas.pipeline: AMAS start: qid=musique_2hop__82910_75184
10:13:21 [INFO] amas.pipeline: AMAS start: qid=musique_3hop1__132967_40769_64047
10:13:28 [INFO] amas.pipeline: AMAS start: qid=musique_2hop__57543_158262
10:13:40 [INFO] amas.pipeline: AMAS start: qid=musique_2hop__35137_22896
10:13:51 [INFO] amas.pipeline: AMAS start: qid=musique_3hop1__497845_629431_64412
10:13:51 [INFO] amas.pipeline: AMAS start: qid=musique_2hop__603598_25719
10:13:58 [INFO] amas.pipeline: AMAS start: qid=musique_4hop3__746868_88460_30152_20999
10:14:04 [INFO] amas.pipeline: AMAS start: qid=musique_2hop__46376_158105
10:14:24 [INFO] amas.pipeline: AMAS start: qid=musique_3hop1__801799_547811_41132
10:14:39 [INFO] amas.pipeline: AMAS start: qid=musique_3hop1__743797_443779_52195
10:14:43 [INFO] amas.pipeline: AMAS start: qid=musique_4hop1__846600_153080_159767_81096
10:14:54 [INFO] amas.pipeline: AMAS start: qid=musique_4hop1__178366_229349_66759_75165
10:14:57 [INFO] amas.pipeline: AMAS start: qid=musique_2hop__709357_136043
10:14:58 [INFO] amas.pipeline: AMAS start: qid=musique_3hop1__617062_127905_92225
10:15:00 [INFO] amas.pipeline: AMAS start: qid=musique_3hop1__857_846_7791
10:15:19 [INFO] amas.pipeline: AMAS start: qid=musique_2hop__511176_22458
10:16:05 [INFO] amas.pipeline: AMAS start: qid=musique_2hop__61318_362941
10:16:26 [INFO] amas.pipeline: AMAS start: qid=musique_2hop__96410_47902
10:16:27 [INFO] amas.pipeline: AMAS start: qid=musique_2hop__386236_350892
10:16:34 [INFO] amas.orchestrator: Context budget hit at turn=4 est_prompt=6026 budget=7000
10:16:34 [INFO] amas.pipeline: AMAS start: qid=musique_3hop1__617062_127905_86588
10:16:35 [INFO] amas.pipeline: AMAS start: qid=musique_2hop__272714_113442
10:16:41 [INFO] amas.pipeline: AMAS start: qid=musique_3hop1__699507_792411_51423
10:16:50 [INFO] amas.pipeline: AMAS start: qid=musique_3hop1__135392_87694_64412
10:17:07 [INFO] amas.pipeline: AMAS start: qid=musique_2hop__695364_513121
10:17:14 [INFO] amas.pipeline: AMAS start: qid=musique_2hop__487706_40502
10:17:18 [INFO] amas.pipeline: AMAS start: qid=musique_2hop__85463_54688
10:17:22 [INFO] amas.pipeline: AMAS start: qid=musique_3hop1__640171_228453_86925
10:17:26 [INFO] amas.pipeline: AMAS start: qid=musique_3hop1__128554_39743_24526
10:17:55 [INFO] amas.pipeline: AMAS start: qid=musique_4hop2__161602_426860_88460_126088
10:18:01 [INFO] amas.pipeline: AMAS start: qid=musique_2hop__363216_787353
10:18:13 [INFO] amas.pipeline: AMAS start: qid=musique_2hop__754682_730690
10:18:22 [INFO] amas.pipeline: AMAS start: qid=musique_2hop__488811_30078
10:18:43 [INFO] amas.pipeline: AMAS start: qid=musique_2hop__464479_70131
10:18:45 [INFO] amas.pipeline: AMAS start: qid=musique_2hop__677160_110882
10:19:06 [INFO] amas.pipeline: AMAS start: qid=musique_2hop__80860_510545
10:19:06 [INFO] amas.pipeline: AMAS start: qid=musique_2hop__846921_160249
10:19:15 [INFO] amas.pipeline: AMAS start: qid=musique_4hop3__312119_132409_146285_35031
10:19:25 [INFO] amas.pipeline: AMAS start: qid=musique_2hop__144303_483189
10:19:30 [INFO] amas.pipeline: AMAS start: qid=musique_3hop1__90327_78276_68042
10:19:38 [INFO] amas.pipeline: AMAS start: qid=musique_4hop1__752321_153080_33897_81096
10:19:38 [INFO] amas.pipeline: AMAS start: qid=musique_2hop__161507_77849
10:19:47 [INFO] amas.pipeline: AMAS start: qid=musique_3hop1__102087_214799_259594
10:19:56 [INFO] amas.pipeline: AMAS start: qid=musique_3hop1__671542_651917_47686
10:20:17 [INFO] amas.pipeline: AMAS start: qid=musique_3hop1__307152_400692_51423
10:20:22 [INFO] amas.pipeline: AMAS start: qid=musique_2hop__596188_297986
10:20:23 [INFO] amas.pipeline: AMAS start: qid=musique_3hop1__654651_55349_651302
10:20:35 [INFO] amas.pipeline: AMAS start: qid=musique_2hop__446324_620302
10:20:36 [INFO] amas.pipeline: AMAS start: qid=musique_4hop3__270458_88460_30152_20999
10:20:50 [INFO] amas.pipeline: AMAS start: qid=musique_2hop__530579_13529
10:21:26 [INFO] amas.pipeline: AMAS start: qid=musique_4hop1__608132_508773_85832_745702
10:21:32 [INFO] amas.pipeline: AMAS start: qid=musique_3hop1__695430_831637_91775
10:21:36 [INFO] amas.pipeline: AMAS start: qid=musique_2hop__153573_44085
10:21:39 [INFO] amas.pipeline: AMAS start: qid=musique_3hop1__446612_160545_62931
10:21:44 [INFO] amas.pipeline: AMAS start: qid=musique_2hop__415518_616002
10:22:18 [INFO] amas.pipeline: AMAS start: qid=musique_3hop1__823336_228453_86925
10:22:30 [INFO] amas.pipeline: AMAS start: qid=musique_2hop__123145_66723
10:22:52 [INFO] amas.pipeline: AMAS start: qid=musique_2hop__55463_19033
10:22:58 [INFO] amas.pipeline: AMAS start: qid=musique_3hop1__254856_400692_51423
10:22:58 [INFO] amas.pipeline: AMAS start: qid=musique_2hop__157498_127908
10:23:12 [INFO] amas.pipeline: AMAS start: qid=musique_4hop3__373573_132409_223216_35031
10:23:23 [INFO] amas.pipeline: AMAS start: qid=musique_4hop1__58323_375563_161848_44231
10:23:28 [INFO] amas.pipeline: AMAS start: qid=musique_2hop__31124_31093
10:23:32 [INFO] amas.pipeline: AMAS start: qid=musique_2hop__267938_92763
10:23:33 [INFO] amas.pipeline: AMAS start: qid=musique_2hop__487706_40501
10:23:35 [INFO] amas.pipeline: AMAS start: qid=musique_3hop1__140345_2053_52946
10:23:52 [INFO] amas.pipeline: AMAS start: qid=musique_3hop1__475351_160713_77246
10:23:53 [INFO] amas.pipeline: AMAS start: qid=musique_2hop__152027_141308
10:24:02 [INFO] amas.pipeline: AMAS start: qid=musique_4hop1__88342_49853_128008_86588
10:24:03 [INFO] amas.pipeline: AMAS start: qid=musique_2hop__524623_82341
10:24:08 [INFO] amas.pipeline: AMAS start: qid=musique_2hop__814408_155922
10:24:10 [INFO] amas.pipeline: AMAS start: qid=musique_2hop__398344_85513
10:24:12 [INFO] amas.pipeline: AMAS start: qid=musique_3hop1__498954_160713_77246
10:24:14 [INFO] amas.pipeline: AMAS start: qid=musique_3hop2__30152_105395_20999
10:24:20 [INFO] amas.pipeline: AMAS start: qid=musique_2hop__29339_40482
10:24:38 [INFO] amas.pipeline: AMAS start: qid=musique_2hop__130867_54221
10:24:51 [INFO] amas.pipeline: AMAS start: qid=musique_3hop1__146155_131905_41948
10:24:52 [INFO] amas.pipeline: AMAS start: qid=musique_2hop__448615_127908
10:25:00 [INFO] amas.pipeline: AMAS start: qid=musique_2hop__551235_310309
10:25:08 [INFO] amas.pipeline: AMAS start: qid=musique_2hop__388523_75487
10:25:09 [INFO] amas.pipeline: AMAS start: qid=musique_2hop__57638_72467
10:25:34 [INFO] amas.pipeline: AMAS start: qid=musique_2hop__15650_77173
10:26:03 [INFO] amas.pipeline: AMAS start: qid=musique_2hop__765180_123956
10:26:21 [INFO] amas.pipeline: AMAS start: qid=musique_2hop__108158_83769
10:26:23 [INFO] amas.pipeline: AMAS start: qid=musique_2hop__24441_36630
10:26:24 [INFO] amas.pipeline: AMAS start: qid=musique_2hop__29191_59955
10:26:26 [INFO] amas.pipeline: AMAS start: qid=musique_2hop__161872_21567
10:26:53 [INFO] amas.pipeline: AMAS start: qid=musique_2hop__820739_250752
10:26:53 [INFO] amas.pipeline: AMAS start: qid=musique_2hop__347652_47134
10:26:59 [INFO] amas.pipeline: AMAS start: qid=musique_3hop1__813285_774554_124169
10:27:15 [INFO] amas.pipeline: AMAS start: qid=musique_3hop2__79978_90098_10557
10:27:18 [INFO] amas.pipeline: AMAS start: qid=musique_3hop1__161507_160713_77246
10:27:26 [INFO] amas.pipeline: AMAS start: qid=musique_2hop__364489_861485
10:27:33 [INFO] amas.pipeline: AMAS start: qid=musique_4hop1__56635_49925_13759_736921
10:27:37 [INFO] amas.pipeline: AMAS start: qid=musique_3hop1__831162_831637_91775
10:27:41 [INFO] amas.pipeline: AMAS start: qid=musique_2hop__121145_561444
10:27:57 [INFO] amas.pipeline: AMAS start: qid=musique_2hop__51965_165532
10:28:13 [INFO] amas.pipeline: AMAS start: qid=musique_3hop1__131820_59747_48534
10:28:14 [INFO] amas.pipeline: AMAS start: qid=musique_2hop__153573_45901
10:28:40 [INFO] amas.pipeline: AMAS start: qid=musique_2hop__622308_61845
10:28:49 [INFO] amas.pipeline: AMAS start: qid=musique_2hop__700093_455653
10:28:50 [INFO] amas.pipeline: AMAS start: qid=musique_4hop1__131820_59747_211319_557671
10:29:04 [INFO] amas.pipeline: AMAS start: qid=musique_3hop1__699454_831637_91775
10:29:17 [INFO] amas.pipeline: AMAS start: qid=musique_4hop1__525129_315334_131926_90707
10:29:23 [INFO] amas.pipeline: AMAS start: qid=musique_3hop1__857_846_7849
10:29:25 [INFO] amas.pipeline: AMAS start: qid=musique_3hop1__380590_831637_91775
10:29:31 [INFO] amas.pipeline: AMAS start: qid=musique_3hop1__222497_309482_27537
10:29:46 [INFO] amas.pipeline: AMAS start: qid=musique_2hop__527400_159673
10:30:35 [INFO] amas.pipeline: AMAS start: qid=musique_2hop__13592_85544
10:30:39 [INFO] amas.pipeline: AMAS start: qid=musique_3hop1__691197_15840_36014
10:30:41 [INFO] amas.pipeline: AMAS start: qid=musique_4hop1__88342_49853_128008_46748
10:31:06 [INFO] amas.pipeline: AMAS start: qid=musique_2hop__67660_81007
10:31:15 [INFO] amas.pipeline: AMAS start: qid=musique_2hop__161151_42429
10:31:15 [INFO] amas.pipeline: AMAS start: qid=musique_2hop__94629_1110
10:31:19 [INFO] amas.pipeline: AMAS start: qid=musique_4hop1__145422_698949_157828_162309
10:31:24 [INFO] amas.pipeline: AMAS start: qid=musique_3hop2__222979_380281_40768
10:31:41 [INFO] amas.pipeline: AMAS start: qid=musique_2hop__207597_73244
10:31:41 [INFO] amas.pipeline: AMAS start: qid=musique_2hop__635185_141338
10:32:31 [INFO] amas.pipeline: AMAS start: qid=musique_2hop__44652_165532
10:32:33 [INFO] amas.pipeline: AMAS start: qid=musique_3hop1__622497_160088_821792
10:32:36 [INFO] amas.pipeline: AMAS start: qid=musique_2hop__560534_91104
10:32:46 [INFO] amas.pipeline: AMAS start: qid=musique_2hop__24976_25002
10:32:49 [INFO] amas.pipeline: AMAS start: qid=musique_3hop2__607269_223623_162182
10:32:49 [INFO] amas.pipeline: AMAS start: qid=musique_2hop__29349_92763
10:32:54 [INFO] amas.pipeline: AMAS start: qid=musique_2hop__35418_22458
10:33:03 [INFO] amas.pipeline: AMAS start: qid=musique_2hop__559076_55984
10:33:19 [INFO] amas.pipeline: AMAS start: qid=musique_4hop1__94201_642284_131926_13165
10:33:37 [INFO] amas.pipeline: AMAS start: qid=musique_2hop__269766_43945
10:34:15 [INFO] amas.pipeline: AMAS start: qid=musique_4hop1__51465_53706_795904_580996
10:34:23 [INFO] amas.pipeline: AMAS start: qid=musique_2hop__72660_319330
10:34:29 [INFO] amas.pipeline: AMAS start: qid=musique_3hop1__857_846_7798
10:34:38 [INFO] amas.pipeline: AMAS start: qid=musique_3hop1__691197_15840_36002
10:34:44 [INFO] amas.pipeline: AMAS start: qid=musique_2hop__488811_30110
10:34:46 [INFO] amas.pipeline: AMAS start: qid=musique_3hop1__617062_127905_67954
10:34:47 [INFO] amas.pipeline: AMAS start: qid=musique_2hop__147212_60904
10:34:48 [INFO] amas.pipeline: AMAS start: qid=musique_3hop1__346812_15840_36014
10:34:51 [INFO] amas.pipeline: AMAS start: qid=musique_3hop1__694534_160088_73916
10:35:08 [INFO] amas.pipeline: AMAS start: qid=musique_2hop__502473_634689
10:35:11 [INFO] amas.pipeline: AMAS start: qid=musique_3hop2__92991_27069_76291
10:35:19 [INFO] amas.pipeline: AMAS start: qid=musique_2hop__144317_120065
10:35:45 [INFO] amas.pipeline: AMAS start: qid=musique_2hop__16581_16569
10:35:45 [INFO] amas.pipeline: AMAS start: qid=musique_2hop__83938_5666
10:36:02 [INFO] amas.pipeline: AMAS start: qid=musique_2hop__284789_52835
10:36:04 [INFO] amas.pipeline: AMAS start: qid=musique_2hop__497191_129669
10:36:08 [INFO] amas.pipeline: AMAS start: qid=musique_2hop__17455_21567
10:36:38 [INFO] amas.pipeline: AMAS start: qid=musique_3hop1__593288_720914_27537
10:36:41 [INFO] amas.pipeline: AMAS start: qid=musique_2hop__47808_198548
10:36:46 [INFO] amas.pipeline: AMAS start: qid=musique_4hop3__324979_836463_161616_77103
10:36:56 [INFO] amas.pipeline: AMAS start: qid=musique_2hop__143915_68489
10:37:18 [INFO] amas.pipeline: AMAS start: qid=musique_2hop__763380_74735
10:37:22 [INFO] amas.pipeline: AMAS start: qid=musique_3hop1__129675_39743_24526
10:37:35 [INFO] amas.pipeline: AMAS start: qid=musique_2hop__335418_279684
10:37:39 [INFO] amas.pipeline: AMAS start: qid=musique_3hop1__106313_443779_52195
10:37:55 [INFO] amas.pipeline: AMAS start: qid=musique_3hop2__655849_467331_162182
10:37:56 [INFO] amas.pipeline: AMAS start: qid=musique_4hop3__238811_88460_30152_20999
10:38:03 [INFO] amas.pipeline: AMAS start: qid=musique_4hop1__343844_17130_70784_61381
10:38:10 [INFO] amas.pipeline: AMAS start: qid=musique_2hop__7906_78851
10:38:24 [INFO] amas.pipeline: AMAS start: qid=musique_3hop1__131829_39743_24526
10:38:48 [INFO] amas.pipeline: AMAS start: qid=musique_3hop1__798544_514761_594810
10:38:49 [INFO] amas.pipeline: AMAS start: qid=musique_2hop__35686_58556
10:39:01 [INFO] amas.pipeline: AMAS start: qid=musique_2hop__96177_62765
10:39:13 [INFO] amas.pipeline: AMAS start: qid=musique_2hop__491195_265959
10:39:28 [INFO] amas.pipeline: AMAS start: qid=musique_3hop1__786067_228453_10972
10:39:28 [INFO] amas.pipeline: AMAS start: qid=musique_2hop__384238_74735
10:39:32 [INFO] amas.pipeline: AMAS start: qid=musique_4hop3__700962_88460_30152_20999
10:39:33 [INFO] amas.pipeline: AMAS start: qid=musique_4hop1__271272_508773_85832_745702
10:39:44 [INFO] amas.pipeline: AMAS start: qid=musique_3hop1__818422_160545_34754
10:39:58 [INFO] amas.pipeline: AMAS start: qid=musique_3hop2__30152_105895_20999
10:40:01 [INFO] amas.pipeline: AMAS start: qid=musique_2hop__58168_1783
10:40:13 [INFO] amas.pipeline: AMAS start: qid=musique_2hop__62369_84616
10:40:16 [INFO] amas.pipeline: AMAS start: qid=musique_2hop__581084_828685
10:40:44 [INFO] amas.pipeline: AMAS start: qid=musique_3hop2__132957_379231_40768
10:41:09 [INFO] amas.pipeline: AMAS start: qid=musique_2hop__36269_73244
10:41:45 [INFO] amas.pipeline: AMAS start: qid=musique_3hop2__57186_89048_66294
10:41:53 [INFO] amas.pipeline: AMAS start: qid=musique_3hop1__158848_66089_86107
10:41:58 [INFO] amas.pipeline: AMAS start: qid=musique_3hop1__45612_502967_84283
10:42:16 [INFO] amas.pipeline: AMAS start: qid=musique_2hop__82766_67668
10:42:19 [INFO] amas.pipeline: AMAS start: qid=musique_3hop1__41865_55331_34700
10:42:44 [INFO] amas.pipeline: AMAS start: qid=musique_4hop3__857_846_326964_7713
10:42:45 [INFO] amas.pipeline: AMAS start: qid=musique_2hop__107601_110222
10:42:55 [INFO] amas.pipeline: AMAS start: qid=musique_4hop1__342858_131850_33952_33939
10:43:13 [INFO] amas.pipeline: AMAS start: qid=musique_2hop__12039_11957
10:43:22 [INFO] amas.pipeline: AMAS start: qid=musique_4hop2__105527_39078_8987_8974
10:43:27 [INFO] amas.pipeline: AMAS start: qid=musique_3hop1__141138_2053_5289
10:43:28 [INFO] amas.pipeline: AMAS start: qid=musique_2hop__132909_33564
10:43:28 [INFO] amas.pipeline: AMAS start: qid=musique_3hop1__159803_89752_75165
10:43:47 [INFO] amas.pipeline: AMAS start: qid=musique_2hop__10620_79092
10:43:47 [INFO] amas.pipeline: AMAS start: qid=musique_3hop1__465684_160545_34751
10:43:50 [INFO] amas.pipeline: AMAS start: qid=musique_4hop2__161324_14670_8987_8974
10:43:53 [INFO] amas.pipeline: AMAS start: qid=musique_3hop2__304722_372858_63959
10:44:00 [INFO] amas.pipeline: AMAS start: qid=musique_3hop2__326964_265410_7713
10:44:06 [INFO] amas.pipeline: AMAS start: qid=musique_3hop2__89854_38738_76291
10:44:22 [INFO] amas.pipeline: AMAS start: qid=musique_4hop2__103790_14670_8987_8529
10:44:29 [INFO] amas.pipeline: AMAS start: qid=musique_2hop__593633_82341
10:45:29 [INFO] amas.pipeline: AMAS start: qid=musique_3hop1__228_237521_291682
10:45:29 [INFO] amas.pipeline: AMAS start: qid=musique_4hop1__152146_5274_458768_33632
10:45:45 [INFO] amas.pipeline: AMAS start: qid=musique_3hop1__635099_131926_13165
10:45:47 [INFO] amas.pipeline: AMAS start: qid=musique_3hop2__89854_90327_76291
10:45:54 [INFO] amas.pipeline: AMAS start: qid=musique_2hop__351045_47134
10:46:31 [INFO] amas.pipeline: AMAS start: qid=musique_2hop__53175_548781
10:46:46 [INFO] amas.pipeline: AMAS start: qid=musique_2hop__848156_130869
10:46:47 [INFO] amas.pipeline: AMAS start: qid=musique_2hop__606439_127399
10:46:48 [INFO] amas.pipeline: AMAS start: qid=musique_3hop1__17192_78396_54865
10:46:59 [INFO] amas.pipeline: AMAS start: qid=musique_2hop__82669_768138
10:47:13 [INFO] amas.pipeline: AMAS start: qid=musique_2hop__543853_124498
10:47:20 [INFO] amas.pipeline: AMAS start: qid=musique_3hop2__132957_76377_40768
10:47:25 [INFO] amas.pipeline: AMAS start: qid=musique_3hop1__46571_87694_124169
10:47:26 [INFO] amas.pipeline: AMAS start: qid=musique_3hop1__671542_665330_47686
10:47:33 [INFO] amas.pipeline: AMAS start: qid=musique_2hop__83257_19033
10:47:40 [INFO] amas.pipeline: AMAS start: qid=musique_2hop__70338_160040
10:48:00 [INFO] amas.pipeline: AMAS start: qid=musique_3hop1__222497_309482_41132
10:48:13 [INFO] amas.pipeline: AMAS start: qid=musique_2hop__156085_436709
10:48:19 [INFO] amas.pipeline: AMAS start: qid=musique_4hop3__160230_470287_128875_72134
10:48:31 [INFO] amas.pipeline: AMAS start: qid=musique_4hop1__159467_725495_49925_267352
10:48:45 [INFO] amas.pipeline: AMAS start: qid=musique_2hop__130508_32379
10:48:50 [INFO] amas.pipeline: AMAS start: qid=musique_3hop1__77966_91191_156667
10:49:13 [INFO] amas.pipeline: AMAS start: qid=musique_2hop__412633_15781
10:49:29 [INFO] amas.pipeline: AMAS start: qid=musique_2hop__839126_472799
10:49:29 [INFO] amas.pipeline: AMAS start: qid=musique_4hop1__152146_5274_458768_33677
10:49:35 [INFO] amas.pipeline: AMAS start: qid=musique_2hop__286621_67370
10:49:50 [INFO] amas.pipeline: AMAS start: qid=musique_2hop__166820_52835
10:50:05 [INFO] amas.pipeline: AMAS start: qid=musique_3hop1__662413_42197_18397
10:50:28 [INFO] amas.pipeline: AMAS start: qid=musique_2hop__771477_149987
10:50:29 [INFO] amas.pipeline: AMAS start: qid=musique_2hop__20268_42014
10:50:36 [INFO] amas.pipeline: AMAS start: qid=musique_2hop__821197_368148
10:50:53 [INFO] amas.pipeline: AMAS start: qid=musique_2hop__93230_319887
10:51:02 [INFO] amas.pipeline: AMAS start: qid=musique_3hop2__368986_89048_66294
10:51:04 [INFO] amas.pipeline: AMAS start: qid=musique_2hop__223655_463572
10:51:13 [INFO] amas.pipeline: AMAS start: qid=musique_2hop__645367_68633
10:51:19 [INFO] amas.pipeline: AMAS start: qid=musique_2hop__142699_67465
10:51:29 [INFO] amas.pipeline: AMAS start: qid=musique_3hop1__31995_24918_24939
10:51:43 [INFO] amas.pipeline: AMAS start: qid=musique_2hop__765678_310556
10:51:46 [INFO] amas.pipeline: AMAS start: qid=musique_3hop1__689538_547811_80702
10:51:54 [INFO] amas.pipeline: AMAS start: qid=musique_3hop1__568951_567566_84283
10:51:59 [INFO] amas.pipeline: AMAS start: qid=musique_4hop1__344155_765799_282674_759393
10:52:12 [INFO] amas.pipeline: AMAS start: qid=musique_2hop__35137_22940
10:52:19 [INFO] amas.pipeline: AMAS start: qid=musique_2hop__50199_59409
10:52:20 [INFO] amas.pipeline: AMAS start: qid=musique_2hop__235471_565925
10:53:01 [INFO] amas.pipeline: AMAS start: qid=musique_2hop__780652_93362
10:53:10 [INFO] amas.pipeline: AMAS start: qid=musique_3hop2__92991_38326_76291
10:53:18 [INFO] amas.pipeline: AMAS start: qid=musique_2hop__403580_37168
10:53:44 [INFO] amas.pipeline: AMAS start: qid=musique_3hop1__103662_443779_52195
10:53:46 [INFO] amas.pipeline: AMAS start: qid=musique_2hop__76402_653666
10:54:04 [INFO] amas.pipeline: AMAS start: qid=musique_3hop1__487301_443779_52195
10:54:10 [INFO] amas.pipeline: AMAS start: qid=musique_2hop__77832_159673
10:54:12 [INFO] amas.pipeline: AMAS start: qid=musique_4hop1__277409_49925_13759_736921
10:54:29 [INFO] amas.pipeline: AMAS start: qid=musique_2hop__567588_67465
10:54:48 [INFO] amas.pipeline: AMAS start: qid=musique_2hop__137061_45752
10:54:56 [INFO] amas.pipeline: AMAS start: qid=musique_2hop__367318_7292
10:54:57 [INFO] amas.pipeline: AMAS start: qid=musique_2hop__822113_91104
10:55:03 [INFO] amas.pipeline: AMAS start: qid=musique_2hop__347_59409
10:55:10 [INFO] amas.pipeline: AMAS start: qid=musique_2hop__52283_75184
10:55:10 [INFO] amas.pipeline: AMAS start: qid=musique_2hop__853227_68633
10:55:14 [INFO] amas.pipeline: AMAS start: qid=musique_4hop1__58323_375563_161848_28750
10:55:21 [INFO] amas.pipeline: AMAS start: qid=musique_2hop__159741_161674
10:55:44 [INFO] amas.pipeline: AMAS start: qid=musique_2hop__169443_83769
10:55:45 [INFO] amas.pipeline: AMAS start: qid=musique_2hop__10515_21567
10:55:50 [INFO] amas.pipeline: AMAS start: qid=musique_2hop__683835_709167
10:56:08 [INFO] amas.pipeline: AMAS start: qid=musique_2hop__77518_548781
10:56:17 [INFO] amas.pipeline: AMAS start: qid=musique_2hop__40485_40502
10:56:41 [INFO] amas.pipeline: AMAS start: qid=musique_2hop__460091_405771
10:57:07 [INFO] amas.pipeline: AMAS start: qid=musique_2hop__59612_50883
10:57:21 [INFO] amas.pipeline: AMAS start: qid=musique_4hop3__862_846_613770_7713
10:57:28 [INFO] amas.pipeline: AMAS start: qid=musique_3hop1__198276_709625_84283
10:57:34 [INFO] amas.pipeline: AMAS start: qid=musique_4hop1__88342_75218_128008_87812
10:58:02 [INFO] amas.pipeline: AMAS start: qid=musique_2hop__689472_52835
10:58:08 [INFO] amas.pipeline: AMAS start: qid=musique_4hop1__436202_765799_282674_759393
10:58:11 [INFO] amas.pipeline: AMAS start: qid=musique_3hop2__87184_92991_76291
10:58:11 [INFO] amas.pipeline: AMAS start: qid=musique_3hop1__406043_831637_91775
10:58:19 [INFO] amas.pipeline: AMAS start: qid=musique_3hop1__141138_2053_52946
10:58:46 [INFO] amas.pipeline: AMAS start: qid=musique_2hop__152052_141308
10:58:48 [INFO] amas.pipeline: AMAS start: qid=musique_2hop__575188_342798
10:58:49 [INFO] amas.pipeline: AMAS start: qid=musique_2hop__96411_159054
10:58:50 [INFO] amas.pipeline: AMAS start: qid=musique_2hop__71336_604644
10:59:03 [INFO] amas.pipeline: AMAS start: qid=musique_2hop__34734_92852
10:59:07 [INFO] amas.pipeline: AMAS start: qid=musique_2hop__57638_615257
10:59:38 [INFO] amas.pipeline: AMAS start: qid=musique_2hop__245835_762148
10:59:46 [INFO] amas.pipeline: AMAS start: qid=musique_3hop2__222979_132477_40768
10:59:49 [INFO] amas.orchestrator: Context budget hit at turn=5 est_prompt=6124 budget=7000
10:59:49 [INFO] amas.pipeline: AMAS start: qid=musique_2hop__35137_22932
10:59:54 [INFO] amas.pipeline: AMAS start: qid=musique_3hop2__11282_57233_56883
10:59:57 [INFO] amas.pipeline: AMAS start: qid=musique_2hop__219456_87295
11:00:01 [INFO] amas.pipeline: AMAS start: qid=musique_3hop1__649930_15840_36002
11:00:11 [INFO] amas.pipeline: AMAS start: qid=musique_4hop1__58323_375563_161848_83118
11:00:16 [INFO] amas.pipeline: AMAS start: qid=musique_3hop2__782397_467331_162182
11:00:23 [INFO] amas.pipeline: AMAS start: qid=musique_4hop1__88342_75218_128008_80286
11:00:34 [INFO] amas.pipeline: AMAS start: qid=musique_3hop1__617062_127905_80286
11:00:39 [INFO] amas.pipeline: AMAS start: qid=musique_2hop__642686_7292
11:00:43 [INFO] amas.pipeline: AMAS start: qid=musique_4hop2__161602_474028_88460_21034
11:01:02 [INFO] amas.pipeline: AMAS start: qid=musique_2hop__608902_653666
11:01:26 [INFO] amas.pipeline: AMAS start: qid=musique_2hop__478978_124498
11:01:29 [INFO] amas.pipeline: AMAS start: qid=musique_2hop__38229_84500
11:01:30 [INFO] amas.pipeline: AMAS start: qid=musique_2hop__16581_16525
11:01:35 [INFO] amas.pipeline: AMAS start: qid=musique_3hop1__768500_730460_70315
11:02:21 [INFO] amas.pipeline: AMAS start: qid=musique_2hop__847760_80026
11:02:55 [INFO] amas.pipeline: AMAS start: qid=musique_3hop1__829944_474097_84283
11:03:04 [INFO] amas.pipeline: AMAS start: qid=musique_3hop1__354480_834494_34109
11:03:09 [INFO] amas.pipeline: AMAS start: qid=musique_2hop__21103_16254
11:03:20 [INFO] amas.pipeline: AMAS start: qid=musique_2hop__678516_179720
11:03:24 [INFO] amas.pipeline: AMAS start: qid=musique_4hop1__161810_583746_457883_650651
11:03:32 [INFO] amas.pipeline: AMAS start: qid=musique_3hop1__786067_228453_86925
11:03:57 [INFO] amas.pipeline: AMAS start: qid=musique_3hop1__320697_547811_80702
11:04:03 [INFO] amas.pipeline: AMAS start: qid=musique_3hop1__302383_503371_21711
11:04:03 [INFO] amas.pipeline: AMAS start: qid=musique_2hop__326404_120065
11:04:05 [INFO] amas.pipeline: AMAS start: qid=musique_2hop__96414_159054
11:04:12 [INFO] amas.pipeline: AMAS start: qid=musique_2hop__92590_43786
11:04:15 [INFO] amas.pipeline: AMAS start: qid=musique_3hop1__132795_40769_64047
11:04:19 [INFO] amas.pipeline: AMAS start: qid=musique_2hop__128342_375952
11:04:34 [INFO] amas.pipeline: AMAS start: qid=musique_3hop1__641921_42197_18397
11:04:42 [INFO] amas.pipeline: AMAS start: qid=musique_2hop__128608_82341
11:04:51 [INFO] amas.pipeline: AMAS start: qid=musique_3hop1__9285_5188_63702
11:04:58 [INFO] amas.pipeline: AMAS start: qid=musique_2hop__705035_152093
11:05:05 [INFO] amas.pipeline: AMAS start: qid=musique_3hop2__802066_223623_162182
11:05:05 [INFO] amas.pipeline: AMAS start: qid=musique_4hop1__833841_378185_282674_759393
11:05:16 [INFO] amas.pipeline: AMAS start: qid=musique_3hop1__103180_214799_259594
11:05:45 [INFO] amas.pipeline: AMAS start: qid=musique_2hop__463884_807572
11:06:14 [INFO] amas.pipeline: AMAS start: qid=musique_3hop1__632623_160713_77246
11:06:21 [INFO] amas.pipeline: AMAS start: qid=musique_2hop__574496_123283
11:06:22 [INFO] amas.pipeline: AMAS start: qid=musique_3hop1__64957_87694_64412
11:06:29 [INFO] amas.pipeline: AMAS start: qid=musique_2hop__10017_18974
11:06:32 [INFO] amas.pipeline: AMAS start: qid=musique_4hop1__94201_642284_131926_87157
11:06:34 [INFO] amas.pipeline: AMAS start: qid=musique_3hop1__694534_160088_49779
11:06:40 [INFO] amas.pipeline: AMAS start: qid=musique_2hop__785711_63853
11:06:45 [INFO] amas.pipeline: AMAS start: qid=musique_2hop__481809_184805
11:07:07 [INFO] amas.pipeline: AMAS start: qid=musique_2hop__227791_75487
11:07:26 [INFO] amas.pipeline: AMAS start: qid=musique_2hop__126306_396277
11:07:34 [INFO] amas.pipeline: AMAS start: qid=musique_2hop__591435_51329
11:08:09 [INFO] amas.pipeline: AMAS start: qid=musique_2hop__363214_590899
11:08:19 [INFO] amas.pipeline: AMAS start: qid=musique_2hop__6827_79845
11:08:21 [INFO] amas.pipeline: AMAS start: qid=musique_2hop__80375_90181
11:08:29 [INFO] amas.pipeline: AMAS start: qid=musique_2hop__69_59409
11:08:39 [INFO] amas.pipeline: AMAS start: qid=musique_3hop1__652852_2053_52946
11:08:43 [INFO] amas.pipeline: AMAS start: qid=musique_3hop1__765565_326948_78782
11:08:46 [INFO] amas.pipeline: AMAS start: qid=musique_3hop2__49541_140712_51068
11:08:51 [INFO] amas.pipeline: AMAS start: qid=musique_2hop__817096_15463
11:08:52 [INFO] amas.pipeline: AMAS start: qid=musique_4hop1__567737_141375_458768_33632
11:08:59 [INFO] amas.pipeline: AMAS start: qid=musique_3hop2__92991_72083_76291
11:09:00 [INFO] amas.orchestrator: Context budget hit at turn=4 est_prompt=5971 budget=7000
11:09:00 [INFO] amas.pipeline: AMAS start: qid=musique_2hop__525581_161450
11:09:09 [INFO] amas.pipeline: AMAS start: qid=musique_3hop2__855821_223623_162182
11:09:10 [INFO] amas.pipeline: AMAS start: qid=musique_3hop1__838590_831637_91775
11:09:16 [INFO] amas.pipeline: AMAS start: qid=musique_2hop__96137_62765
11:09:19 [INFO] amas.pipeline: AMAS start: qid=musique_2hop__519160_78303
11:09:21 [INFO] amas.pipeline: AMAS start: qid=musique_2hop__504464_708278
11:09:28 [INFO] amas.pipeline: AMAS start: qid=musique_3hop1__28527_42197_18397
11:09:28 [INFO] amas.pipeline: AMAS start: qid=musique_2hop__170914_152093
11:09:39 [INFO] amas.pipeline: AMAS start: qid=musique_2hop__595747_31270
11:10:07 [INFO] amas.pipeline: AMAS start: qid=musique_4hop1__31333_59747_211319_557671
11:10:12 [INFO] amas.pipeline: AMAS start: qid=musique_4hop1__708184_153080_159767_81096
11:10:27 [INFO] amas.pipeline: AMAS start: qid=musique_2hop__71294_494136
11:10:44 [INFO] amas.pipeline: AMAS start: qid=musique_2hop__71755_463572
11:10:47 [INFO] amas.pipeline: AMAS start: qid=musique_3hop2__326964_811351_7713
11:10:59 [INFO] amas.pipeline: AMAS start: qid=musique_2hop__242938_18803
11:11:10 [INFO] amas.pipeline: AMAS start: qid=musique_3hop1__239036_15840_36014
11:11:20 [INFO] amas.pipeline: AMAS start: qid=musique_2hop__433694_20273
11:11:29 [INFO] amas.pipeline: AMAS start: qid=musique_2hop__253612_110882
11:11:39 [INFO] amas.pipeline: AMAS start: qid=musique_3hop1__131783_131926_13165
11:12:10 [INFO] amas.pipeline: AMAS start: qid=musique_2hop__847433_11402
11:12:25 [INFO] amas.pipeline: AMAS start: qid=musique_2hop__51881_20590
11:12:25 [INFO] amas.pipeline: AMAS start: qid=musique_3hop1__390673_228453_10972
11:12:33 [INFO] amas.pipeline: AMAS start: qid=musique_3hop2__20335_8533_9331
11:12:42 [INFO] amas.pipeline: AMAS start: qid=musique_4hop3__131775_29339_508306_70744
11:13:00 [INFO] amas.pipeline: AMAS start: qid=musique_3hop1__401538_132457_51423
11:13:03 [INFO] amas.pipeline: AMAS start: qid=musique_3hop1__161433_33952_34099
11:13:08 [INFO] amas.pipeline: AMAS start: qid=musique_3hop2__831456_223623_162182
11:13:10 [INFO] amas.pipeline: AMAS start: qid=musique_2hop__488811_30113
11:13:12 [INFO] amas.pipeline: AMAS start: qid=musique_2hop__734582_74481
11:13:14 [INFO] amas.pipeline: AMAS start: qid=musique_3hop1__313670_42197_18397
11:13:31 [INFO] amas.pipeline: AMAS start: qid=musique_2hop__586343_83289
11:13:44 [INFO] amas.pipeline: AMAS start: qid=musique_4hop1__525129_315334_131926_13165
11:13:52 [INFO] amas.pipeline: AMAS start: qid=musique_2hop__268084_78303
11:13:58 [INFO] amas.pipeline: AMAS start: qid=musique_3hop1__796649_720914_27537
11:13:59 [INFO] amas.pipeline: AMAS start: qid=musique_4hop3__630723_88460_30152_20999
11:14:28 [INFO] amas.pipeline: AMAS start: qid=musique_2hop__835914_91104
11:14:41 [INFO] amas.pipeline: AMAS start: qid=musique_4hop2__797545_14670_8987_8974
11:14:52 [INFO] amas.pipeline: AMAS start: qid=musique_2hop__37656_160040
11:15:09 [INFO] amas.pipeline: AMAS start: qid=musique_4hop1__76111_624859_355213_203322
11:15:14 [INFO] amas.pipeline: AMAS start: qid=musique_4hop2__9988_158985_70784_79935
11:15:26 [INFO] amas.pipeline: AMAS start: qid=musique_3hop2__304722_740784_63959
11:15:27 [INFO] amas.pipeline: AMAS start: qid=musique_2hop__496792_392646
11:15:34 [INFO] amas.pipeline: AMAS start: qid=musique_2hop__238499_431914
11:15:39 [INFO] amas.pipeline: AMAS start: qid=musique_2hop__708145_30351
11:16:12 [INFO] amas.pipeline: AMAS start: qid=musique_2hop__756620_127399
11:16:25 [INFO] amas.pipeline: AMAS start: qid=musique_3hop1__71549_486583_84283
11:16:39 [INFO] amas.pipeline: AMAS start: qid=musique_2hop__543050_245420
11:16:58 [INFO] amas.pipeline: AMAS start: qid=musique_2hop__123148_5385
11:17:13 [INFO] amas.pipeline: AMAS start: qid=musique_2hop__30384_30351
11:17:49 [INFO] amas.pipeline: AMAS start: qid=musique_3hop1__389069_132457_51423
11:18:12 [INFO] amas.pipeline: AMAS start: qid=musique_2hop__123145_80420
11:18:13 [INFO] amas.pipeline: AMAS start: qid=musique_2hop__43579_289940
11:18:14 [INFO] amas.pipeline: AMAS start: qid=musique_2hop__472486_97805
11:18:20 [INFO] amas.pipeline: AMAS start: qid=musique_2hop__73069_88165
11:18:21 [INFO] amas.pipeline: AMAS start: qid=musique_3hop2__125104_90098_10557
11:18:30 [INFO] amas.pipeline: AMAS start: qid=musique_2hop__35445_22458
11:18:36 [INFO] amas.pipeline: AMAS start: qid=musique_3hop1__103890_10659_67187
11:18:53 [INFO] amas.pipeline: AMAS start: qid=musique_2hop__227031_144857
11:19:14 [INFO] amas.pipeline: AMAS start: qid=musique_4hop1__463635_624859_355213_203322
11:19:18 [INFO] amas.pipeline: AMAS start: qid=musique_2hop__747667_52835
11:19:31 [INFO] amas.pipeline: AMAS start: qid=musique_3hop1__145212_443779_52195
11:19:32 [INFO] amas.pipeline: AMAS start: qid=musique_4hop1__145087_32392_823060_610794
11:19:53 [INFO] amas.pipeline: AMAS start: qid=musique_2hop__557411_652060
11:20:06 [INFO] amas.pipeline: AMAS start: qid=musique_3hop1__837871_831637_91775
11:20:08 [INFO] amas.pipeline: AMAS start: qid=musique_4hop3__601548_836463_161616_77103
11:20:15 [INFO] amas.pipeline: AMAS start: qid=musique_2hop__20536_96912
11:20:24 [INFO] amas.pipeline: AMAS start: qid=musique_3hop1__847420_720378_15538
11:20:32 [INFO] amas.pipeline: AMAS start: qid=musique_2hop__6744_6731
11:20:42 [INFO] amas.pipeline: AMAS start: qid=musique_3hop1__128516_30587_83479
11:20:52 [INFO] amas.pipeline: AMAS start: qid=musique_3hop1__145427_106426_157788
11:21:03 [INFO] amas.pipeline: AMAS start: qid=musique_2hop__781079_9237
11:21:15 [INFO] amas.pipeline: AMAS start: qid=musique_2hop__75207_365216
11:21:23 [INFO] amas.pipeline: AMAS start: qid=musique_2hop__56806_7298
11:21:31 [INFO] amas.pipeline: AMAS start: qid=musique_4hop1__73810_32392_823060_610794
11:22:05 [INFO] amas.pipeline: AMAS start: qid=musique_2hop__53937_92673
11:22:07 [INFO] amas.pipeline: AMAS start: qid=musique_2hop__683203_72813
11:22:41 [INFO] amas.pipeline: AMAS start: qid=musique_3hop1__23444_160713_77246
11:22:43 [INFO] amas.pipeline: AMAS start: qid=musique_4hop1__88342_49853_128008_67954
11:22:43 [INFO] amas.pipeline: AMAS start: qid=musique_4hop2__71753_685934_70784_79935
11:22:53 [INFO] amas.pipeline: AMAS start: qid=musique_4hop1__39871_314549_131976_56103
11:22:59 [INFO] amas.pipeline: AMAS start: qid=musique_3hop2__87184_36497_76291
11:23:09 [INFO] amas.pipeline: AMAS start: qid=musique_4hop2__161602_426860_88460_21074
11:23:17 [INFO] amas.pipeline: AMAS start: qid=musique_3hop1__857_846_7794
11:23:18 [INFO] amas.pipeline: AMAS start: qid=musique_3hop1__135794_87694_64412
11:23:22 [INFO] amas.pipeline: AMAS start: qid=musique_3hop2__57238_1926_54362
11:23:48 [INFO] amas.pipeline: AMAS start: qid=musique_3hop1__365934_87694_124169
11:24:20 [INFO] amas.pipeline: AMAS start: qid=musique_2hop__48784_70131
11:24:33 [INFO] amas.pipeline: AMAS start: qid=musique_2hop__476927_31270
11:24:44 [INFO] amas.pipeline: AMAS start: qid=musique_2hop__462179_643013
11:24:52 [INFO] amas.pipeline: AMAS start: qid=musique_2hop__5658_25002
11:24:55 [INFO] amas.pipeline: AMAS start: qid=musique_2hop__398344_54166
11:25:00 [INFO] amas.pipeline: AMAS start: qid=musique_3hop1__603558_87694_124169
11:25:06 [INFO] amas.pipeline: AMAS start: qid=musique_2hop__753260_71701
11:25:19 [INFO] amas.pipeline: AMAS start: qid=musique_3hop1__108062_720914_27537
11:25:25 [INFO] amas.pipeline: AMAS start: qid=musique_4hop3__160230_470287_345497_72134
11:25:52 [INFO] amas.pipeline: AMAS start: qid=musique_4hop1__31050_725495_49925_267352
11:25:56 [INFO] amas.pipeline: AMAS start: qid=musique_2hop__684287_78303
11:25:58 [INFO] amas.pipeline: AMAS start: qid=musique_2hop__107905_110222
11:26:02 [INFO] amas.pipeline: AMAS start: qid=musique_2hop__556426_9237
11:26:03 [INFO] amas.pipeline: AMAS start: qid=musique_3hop1__465684_160545_60577
11:26:23 [INFO] amas.pipeline: AMAS start: qid=musique_2hop__39063_212301
11:26:45 [INFO] amas.pipeline: AMAS start: qid=musique_3hop2__326964_789654_7713
11:26:56 [INFO] amas.pipeline: AMAS start: qid=musique_4hop2__161602_474028_88460_20988
11:26:58 [INFO] amas.pipeline: AMAS start: qid=musique_3hop1__6362_14336_21111
11:27:09 [INFO] amas.pipeline: AMAS start: qid=musique_2hop__80_59409
11:27:10 [INFO] amas.pipeline: AMAS start: qid=musique_3hop2__93066_88342_90766
11:27:12 [INFO] amas.pipeline: AMAS start: qid=musique_2hop__673655_316668
11:27:25 [INFO] amas.pipeline: AMAS start: qid=musique_3hop1__639955_834494_33939
11:27:32 [INFO] amas.pipeline: AMAS start: qid=musique_2hop__96812_130869
11:27:34 [INFO] amas.pipeline: AMAS start: qid=musique_3hop1__458916_665330_47686
11:28:09 [INFO] amas.pipeline: AMAS start: qid=musique_3hop1__390673_228453_86925
11:28:23 [INFO] amas.orchestrator: Context budget hit at turn=7 est_prompt=6821 budget=7000
11:28:23 [INFO] amas.pipeline: AMAS start: qid=musique_3hop2__569322_467331_162182
11:28:24 [INFO] amas.pipeline: AMAS start: qid=musique_3hop1__285585_538202_84283
11:28:27 [INFO] amas.pipeline: AMAS start: qid=musique_2hop__24661_81961
11:28:33 [INFO] amas.pipeline: AMAS start: qid=musique_4hop1__341777_508773_85832_745702
11:28:50 [INFO] amas.pipeline: AMAS start: qid=musique_4hop1__443274_17130_70784_61381
11:29:05 [INFO] amas.pipeline: AMAS start: qid=musique_4hop1__726391_153080_159767_81096
11:29:14 [INFO] amas.pipeline: AMAS start: qid=musique_2hop__789565_416401
11:29:38 [INFO] amas.pipeline: AMAS start: qid=musique_3hop2__36852_613770_7713
11:29:57 [INFO] amas.pipeline: AMAS start: qid=musique_3hop1__104762_24918_24991
11:30:14 [INFO] amas.pipeline: AMAS start: qid=musique_2hop__461639_83837
11:30:15 [INFO] amas.pipeline: AMAS start: qid=musique_2hop__88149_807969
11:30:29 [INFO] amas.pipeline: AMAS start: qid=musique_4hop3__771862_466199_695123_72134
11:30:31 [INFO] amas.pipeline: AMAS start: qid=musique_2hop__23459_35123
11:30:38 [INFO] amas.pipeline: AMAS start: qid=musique_4hop1__130480_53706_795904_580996
11:30:58 [INFO] amas.pipeline: AMAS start: qid=musique_3hop1__186307_503371_21711
11:31:30 [INFO] amas.pipeline: AMAS start: qid=musique_2hop__829474_123956
11:31:33 [INFO] amas.pipeline: AMAS start: qid=musique_2hop__252311_366220
11:31:48 [INFO] amas.pipeline: AMAS start: qid=musique_2hop__810411_159673
11:32:00 [INFO] amas.pipeline: AMAS start: qid=musique_2hop__475808_74481
11:32:01 [INFO] amas.pipeline: AMAS start: qid=musique_3hop2__668732_223623_162182
11:32:04 [INFO] amas.pipeline: AMAS start: qid=musique_2hop__20685_712629
11:32:09 [INFO] amas.pipeline: AMAS start: qid=musique_2hop__85993_512508
11:32:56 [INFO] amas.pipeline: AMAS start: qid=musique_2hop__280451_84616
11:33:05 [INFO] amas.pipeline: AMAS start: qid=musique_2hop__435184_67370
11:33:46 [INFO] amas.pipeline: AMAS start: qid=musique_3hop1__127821_157828_162309
11:33:56 [INFO] amas.pipeline: AMAS start: qid=musique_4hop1__57467_53706_795904_580996
11:33:56 [INFO] amas.pipeline: AMAS start: qid=musique_3hop1__865037_214799_259594
11:33:57 [INFO] amas.pipeline: AMAS start: qid=musique_4hop1__567737_141375_458768_33633
11:34:00 [INFO] amas.pipeline: AMAS start: qid=musique_3hop1__639955_834494_34088
11:34:11 [INFO] amas.pipeline: AMAS start: qid=musique_2hop__2613_59409
11:34:16 [INFO] amas.pipeline: AMAS start: qid=musique_2hop__24976_161105
11:34:17 [INFO] amas.pipeline: AMAS start: qid=musique_2hop__66149_85990
11:34:20 [INFO] amas.pipeline: AMAS start: qid=musique_3hop1__742780_567566_84283
11:34:38 [INFO] amas.pipeline: AMAS start: qid=musique_2hop__351275_75487
11:34:39 [INFO] amas.pipeline: AMAS start: qid=musique_4hop1__525129_315334_131926_87157
11:34:56 [INFO] amas.pipeline: AMAS start: qid=musique_4hop1__707078_765799_282674_759393
11:35:08 [INFO] amas.pipeline: AMAS start: qid=musique_2hop__132954_533882
11:35:19 [INFO] amas.pipeline: AMAS start: qid=musique_2hop__390947_232243
11:35:30 [INFO] amas.pipeline: AMAS start: qid=musique_3hop1__672543_503371_21711
11:35:45 [INFO] amas.pipeline: AMAS start: qid=musique_3hop1__754160_831637_91775
11:35:47 [INFO] amas.pipeline: AMAS start: qid=musique_3hop1__30885_160713_77246
11:35:55 [INFO] amas.pipeline: AMAS start: qid=musique_4hop2__9988_158279_70784_79935
11:36:22 [INFO] amas.pipeline: AMAS start: qid=musique_3hop1__103254_214799_259594
11:36:23 [INFO] amas.pipeline: AMAS start: qid=musique_3hop1__358853_339990_15538
11:36:23 [INFO] amas.pipeline: AMAS start: qid=musique_4hop3__316459_41402_145282_13584
11:36:25 [INFO] amas.pipeline: AMAS start: qid=musique_2hop__353836_80026
