2026-04-25 02:19:55 [INFO] __main__: Loaded 16 questions from data/musique/questions_smoke50_seed42_shard2.json
2026-04-25 02:19:55 [INFO] __main__: Checkpoint: 0 completed, 16 remaining
2026-04-25 02:19:56 [INFO] sentence_transformers.base.model: No device provided, using cpu
2026-04-25 02:19:56 [INFO] sentence_transformers.base.model: Loading SentenceTransformer model from /local/yzheng/pnair/.cache/huggingface/models--intfloat--e5-base-v2/snapshots/f52bf8ec8c7124536f0efb74aca902b2995e5bcd.
Processing questions:   0%|          | 0/16 [00:00<?, ?q/s]2026-04-25 02:19:56 [INFO] adaptive_sage.pipeline: Pipeline start: question_id=musique_3hop1__742464_15840_36002, max_steps=3
2026-04-25 02:19:56 [INFO] adaptive_sage.pipeline: Pipeline start: question_id=musique_2hop__57638_615257, max_steps=3
2026-04-25 02:19:56 [INFO] adaptive_sage.pipeline: Pipeline start: question_id=musique_2hop__47808_198548, max_steps=3
2026-04-25 02:19:56 [INFO] adaptive_sage.pipeline: Pipeline start: question_id=musique_2hop__132469_533882, max_steps=3
2026-04-25 02:19:56 [INFO] adaptive_sage.pipeline: Pipeline start: question_id=musique_4hop1__567737_141375_458768_33633, max_steps=3
2026-04-25 02:19:56 [INFO] adaptive_sage.pipeline: Pipeline start: question_id=musique_4hop1__152146_5274_458768_33637, max_steps=3
2026-04-25 02:19:56 [INFO] adaptive_sage.pipeline: Pipeline start: question_id=musique_2hop__76402_653666, max_steps=3
2026-04-25 02:19:56 [INFO] adaptive_sage.pipeline: Pipeline start: question_id=musique_2hop__40485_40502, max_steps=3
2026-04-25 02:19:56 [INFO] adaptive_sage.pipeline: Pipeline start: question_id=musique_2hop__781079_9237, max_steps=3
2026-04-25 02:19:56 [INFO] adaptive_sage.pipeline: Pipeline start: question_id=musique_2hop__119423_779396, max_steps=3
2026-04-25 02:19:56 [INFO] adaptive_sage.pipeline: Pipeline start: question_id=musique_2hop__503085_110222, max_steps=3
2026-04-25 02:19:56 [INFO] adaptive_sage.pipeline: Pipeline start: question_id=musique_2hop__491195_265959, max_steps=3
2026-04-25 02:19:56 [INFO] adaptive_sage.pipeline: Pipeline start: question_id=musique_3hop1__622497_160088_85460, max_steps=3
2026-04-25 02:19:56 [INFO] adaptive_sage.pipeline: Pipeline start: question_id=musique_2hop__123145_66723, max_steps=3
2026-04-25 02:19:56 [INFO] adaptive_sage.pipeline: Pipeline start: question_id=musique_2hop__77518_548781, max_steps=3
2026-04-25 02:19:56 [INFO] adaptive_sage.pipeline: Pipeline start: question_id=musique_4hop2__567956_39078_8987_8974, max_steps=3

Batches:   0%|          | 0/1 [00:00<?, ?it/s][ABatches: 100%|██████████| 1/1 [00:00<00:00, 16.70it/s]

Batches:   0%|          | 0/1 [00:00<?, ?it/s][ABatches: 100%|██████████| 1/1 [00:00<00:00, 18.06it/s]

Batches:   0%|          | 0/1 [00:00<?, ?it/s][ABatches: 100%|██████████| 1/1 [00:00<00:00, 20.45it/s]

Batches:   0%|          | 0/1 [00:00<?, ?it/s][ABatches: 100%|██████████| 1/1 [00:00<00:00, 18.39it/s]
