2026-04-26 22:42:13 [INFO] __main__: Loaded 334 questions from /local/yzheng/pnair/workspace/tmp/adaptive-mas-old/data/musique/opera_matched/shards_qwen3top10/questions_1000_shard2.json
2026-04-26 22:42:13 [INFO] __main__: Checkpoint: 0 completed, 334 remaining
Processing questions:   0%|          | 0/334 [00:00<?, ?q/s]2026-04-26 22:42:14 [INFO] adaptive_sage.pipeline: Pipeline start: question_id=musique_4hop3__771862_466199_695123_72134, max_steps=6
2026-04-26 22:42:14 [INFO] adaptive_sage.pipeline: Pipeline start: question_id=musique_2hop__23459_35123, max_steps=6
2026-04-26 22:42:14 [INFO] adaptive_sage.pipeline: Pipeline start: question_id=musique_4hop1__130480_53706_795904_580996, max_steps=6
2026-04-26 22:42:14 [INFO] adaptive_sage.pipeline: Pipeline start: question_id=musique_3hop1__186307_503371_21711, max_steps=6
2026-04-26 22:42:14 [INFO] adaptive_sage.pipeline: Pipeline start: question_id=musique_2hop__829474_123956, max_steps=6
2026-04-26 22:42:14 [INFO] adaptive_sage.pipeline: Pipeline start: question_id=musique_2hop__252311_366220, max_steps=6
2026-04-26 22:42:14 [INFO] adaptive_sage.pipeline: Pipeline start: question_id=musique_2hop__810411_159673, max_steps=6
2026-04-26 22:42:14 [INFO] adaptive_sage.pipeline: Pipeline start: question_id=musique_2hop__475808_74481, max_steps=6
2026-04-26 22:43:03 [INFO] adaptive_sage.pipeline: Pipeline done: question_id=musique_2hop__23459_35123, answer='c. 1571/2 – 1640', subagents=1, verify=0, tokens=5318
Processing questions:   0%|          | 1/334 [00:49<4:32:26, 49.09s/q]2026-04-26 22:43:03 [INFO] adaptive_sage.pipeline: Pipeline start: question_id=musique_3hop2__668732_223623_162182, max_steps=6
2026-04-26 22:43:27 [INFO] adaptive_sage.pipeline: Pipeline done: question_id=musique_2hop__810411_159673, answer='Now You See Me 2', subagents=1, verify=0, tokens=9206
Processing questions:   1%|          | 2/334 [01:13<3:12:10, 34.73s/q]2026-04-26 22:43:27 [INFO] adaptive_sage.pipeline: Pipeline start: question_id=musique_2hop__20685_712629, max_steps=6
2026-04-26 22:43:39 [INFO] adaptive_sage.pipeline: Pipeline done: question_id=musique_2hop__475808_74481, answer='Martin Landau', subagents=1, verify=0, tokens=11154
Processing questions:   1%|          | 3/334 [01:24<2:12:15, 23.98s/q]2026-04-26 22:43:39 [INFO] adaptive_sage.pipeline: Pipeline start: question_id=musique_2hop__85993_512508, max_steps=6
2026-04-26 22:44:51 [INFO] adaptive_sage.pipeline: Pipeline done: question_id=musique_2hop__85993_512508, answer='the discovery of the neutron', subagents=1, verify=0, tokens=8912
Processing questions:   1%|          | 4/334 [02:37<3:57:45, 43.23s/q]2026-04-26 22:44:51 [INFO] adaptive_sage.pipeline: Pipeline start: question_id=musique_2hop__280451_84616, max_steps=6
2026-04-26 22:44:52 [INFO] adaptive_sage.pipeline: Pipeline done: question_id=musique_2hop__20685_712629, answer='the Duke of Edinburgh', subagents=1, verify=0, tokens=10310
Processing questions:   1%|▏         | 5/334 [02:38<2:32:49, 27.87s/q]2026-04-26 22:44:52 [INFO] adaptive_sage.pipeline: Pipeline start: question_id=musique_2hop__435184_67370, max_steps=6
2026-04-26 22:45:58 [INFO] adaptive_sage.pipeline: Pipeline done: question_id=musique_2hop__252311_366220, answer='Mike Medavoy', subagents=3, verify=0, tokens=27631
Processing questions:   2%|▏         | 6/334 [03:43<3:42:23, 40.68s/q]2026-04-26 22:45:58 [INFO] adaptive_sage.pipeline: Pipeline start: question_id=musique_3hop1__127821_157828_162309, max_steps=6
2026-04-26 22:47:19 [INFO] adaptive_sage.pipeline: Pipeline done: question_id=musique_3hop1__127821_157828_162309, answer='1912', subagents=1, verify=0, tokens=11311
Processing questions:   2%|▏         | 7/334 [05:05<4:53:51, 53.92s/q]2026-04-26 22:47:19 [INFO] adaptive_sage.pipeline: Pipeline start: question_id=musique_4hop1__57467_53706_795904_580996, max_steps=6
2026-04-26 22:47:33 [INFO] adaptive_sage.pipeline: Pipeline done: question_id=musique_4hop1__130480_53706_795904_580996, answer='Nevada', subagents=4, verify=0, tokens=37176
Processing questions:   2%|▏         | 8/334 [05:19<3:44:14, 41.27s/q]2026-04-26 22:47:33 [INFO] adaptive_sage.pipeline: Pipeline start: question_id=musique_3hop1__865037_214799_259594, max_steps=6
