20:54:22 [INFO] amas.runner: Loaded 50 questions; 0 done; 50 to run.
20:54:22 [INFO] amas.pipeline: AMAS start: qid=musique_2hop__13548_13529
20:54:22 [INFO] amas.pipeline: AMAS start: qid=musique_3hop1__9285_5188_23307
20:54:22 [INFO] amas.pipeline: AMAS start: qid=musique_2hop__766973_770570
20:54:22 [INFO] amas.pipeline: AMAS start: qid=musique_2hop__170823_120171
20:54:22 [INFO] amas.pipeline: AMAS start: qid=musique_2hop__511454_120259
20:54:22 [INFO] amas.pipeline: AMAS start: qid=musique_4hop2__71753_648517_70784_79935
20:54:22 [INFO] amas.pipeline: AMAS start: qid=musique_4hop1__94201_642284_131926_89261
20:54:22 [INFO] amas.pipeline: AMAS start: qid=musique_4hop1__152562_5274_458768_33633
20:54:29 [INFO] amas.pipeline: AMAS start: qid=musique_3hop1__305282_282081_73772
20:54:31 [INFO] amas.pipeline: AMAS start: qid=musique_2hop__655505_110949
20:54:31 [INFO] amas.pipeline: AMAS start: qid=musique_2hop__619265_45326
20:54:33 [INFO] amas.pipeline: AMAS start: qid=musique_4hop3__754156_88460_30152_20999
20:54:35 [INFO] amas.pipeline: AMAS start: qid=musique_2hop__199513_801817
20:54:38 [INFO] amas.pipeline: AMAS start: qid=musique_3hop1__820301_720914_41132
20:54:40 [INFO] amas.pipeline: AMAS start: qid=musique_3hop1__136129_87694_124169
20:54:43 [INFO] amas.pipeline: AMAS start: qid=musique_2hop__354635_174222
20:54:48 [INFO] amas.pipeline: AMAS start: qid=musique_3hop1__849312_503371_21711
20:54:49 [INFO] amas.pipeline: AMAS start: qid=musique_2hop__511296_577502
20:54:51 [INFO] amas.pipeline: AMAS start: qid=musique_2hop__731956_126089
20:54:52 [INFO] amas.pipeline: AMAS start: qid=musique_2hop__123545_47134
20:54:53 [INFO] amas.pipeline: AMAS start: qid=musique_3hop1__786632_831637_91775
20:54:53 [INFO] amas.pipeline: AMAS start: qid=musique_2hop__124412_402641
20:54:55 [INFO] amas.pipeline: AMAS start: qid=musique_2hop__159215_779396
20:54:59 [INFO] amas.pipeline: AMAS start: qid=musique_2hop__59048_827343
20:54:59 [INFO] amas.pipeline: AMAS start: qid=musique_4hop1__726675_508773_85832_745702
20:55:00 [INFO] amas.pipeline: AMAS start: qid=musique_2hop__693444_220151
20:55:01 [INFO] amas.pipeline: AMAS start: qid=musique_3hop1__108833_720914_41132
20:55:02 [INFO] amas.pipeline: AMAS start: qid=musique_2hop__347686_127399
20:55:02 [INFO] amas.pipeline: AMAS start: qid=musique_3hop1__33845_42197_18397
20:55:02 [INFO] amas.pipeline: AMAS start: qid=musique_2hop__645448_77615
20:55:03 [INFO] amas.pipeline: AMAS start: qid=musique_4hop3__524186_219173_638950_72134
20:55:06 [INFO] amas.pipeline: AMAS start: qid=musique_2hop__734582_71302
20:55:08 [INFO] amas.pipeline: AMAS start: qid=musique_3hop1__639955_834494_34099
20:55:08 [INFO] amas.pipeline: AMAS start: qid=musique_4hop2__9988_261673_70784_79935
20:55:09 [INFO] amas.pipeline: AMAS start: qid=musique_2hop__77233_33207
20:55:15 [INFO] amas.pipeline: AMAS start: qid=musique_2hop__84847_148696
20:55:16 [INFO] amas.pipeline: AMAS start: qid=musique_3hop1__90327_83076_319330
20:55:18 [INFO] amas.pipeline: AMAS start: qid=musique_2hop__998_25855
20:55:18 [INFO] amas.pipeline: AMAS start: qid=musique_2hop__81659_52835
20:55:18 [INFO] amas.pipeline: AMAS start: qid=musique_4hop1__88342_75218_128008_48717
20:55:20 [INFO] amas.pipeline: AMAS start: qid=musique_3hop1__144678_443779_52195
20:55:21 [INFO] amas.pipeline: AMAS start: qid=musique_2hop__865961_159109
20:55:23 [INFO] amas.pipeline: AMAS start: qid=musique_3hop2__127483_60649_10557
20:55:23 [INFO] amas.pipeline: AMAS start: qid=musique_2hop__46862_68042
20:55:27 [INFO] amas.pipeline: AMAS start: qid=musique_2hop__78401_158262
20:55:27 [INFO] amas.pipeline: AMAS start: qid=musique_2hop__95970_152907
20:55:28 [INFO] amas.pipeline: AMAS start: qid=musique_3hop1__105837_160713_77246
20:55:29 [INFO] amas.pipeline: AMAS start: qid=musique_2hop__179322_83289
20:55:31 [INFO] amas.pipeline: AMAS start: qid=musique_3hop2__87184_90327_76291
20:55:32 [INFO] amas.pipeline: AMAS start: qid=musique_4hop1__152146_5274_458768_33637
Done: 50 processed in 84.8s (answered=50/50)
