2026-04-26 22:14:31 [INFO] __main__: Loaded 333 questions from /local/yzheng/pnair/workspace/tmp/adaptive-mas-old/data/musique/opera_matched/shards_qwen3top10/questions_1000_shard0.json
2026-04-26 22:14:31 [INFO] __main__: Checkpoint: 0 completed, 333 remaining
Processing questions:   0%|          | 0/333 [00:00<?, ?q/s]2026-04-26 22:14:31 [INFO] adaptive_sage.pipeline: Pipeline start: question_id=musique_2hop__13548_13529, max_steps=6
2026-04-26 22:14:31 [INFO] adaptive_sage.pipeline: Pipeline start: question_id=musique_3hop1__9285_5188_23307, max_steps=6
2026-04-26 22:16:02 [INFO] adaptive_sage.pipeline: Pipeline done: question_id=musique_3hop1__9285_5188_23307, answer='February', subagents=1, verify=0, tokens=10458
Processing questions:   0%|          | 1/333 [01:30<8:21:53, 90.70s/q]2026-04-26 22:16:02 [INFO] adaptive_sage.pipeline: Pipeline start: question_id=musique_2hop__766973_770570, max_steps=6
2026-04-26 22:17:47 [INFO] adaptive_sage.pipeline: Pipeline done: question_id=musique_2hop__13548_13529, answer='29 September 1940', subagents=3, verify=0, tokens=21589
Processing questions:   1%|          | 2/333 [03:15<9:07:25, 99.23s/q]2026-04-26 22:17:47 [INFO] adaptive_sage.pipeline: Pipeline start: question_id=musique_2hop__170823_120171, max_steps=6
2026-04-26 22:18:27 [INFO] adaptive_sage.pipeline: Pipeline done: question_id=musique_2hop__170823_120171, answer='2012', subagents=1, verify=0, tokens=4045
Processing questions:   1%|          | 3/333 [03:55<6:35:40, 71.94s/q]2026-04-26 22:18:27 [INFO] adaptive_sage.pipeline: Pipeline start: question_id=musique_2hop__511454_120259, max_steps=6
2026-04-26 22:19:32 [INFO] adaptive_sage.pipeline: Pipeline done: question_id=musique_2hop__511454_120259, answer='1678', subagents=1, verify=0, tokens=6672
Processing questions:   1%|          | 4/333 [05:01<6:21:03, 69.49s/q]2026-04-26 22:19:32 [INFO] adaptive_sage.pipeline: Pipeline start: question_id=musique_4hop2__71753_648517_70784_79935, max_steps=6
2026-04-26 22:21:24 [INFO] adaptive_sage.pipeline: Pipeline done: question_id=musique_4hop2__71753_648517_70784_79935, answer='1948', subagents=1, verify=0, tokens=9304
Processing questions:   2%|▏         | 5/333 [06:52<7:42:19, 84.57s/q]2026-04-26 22:21:24 [INFO] adaptive_sage.pipeline: Pipeline start: question_id=musique_4hop1__94201_642284_131926_89261, max_steps=6
2026-04-26 22:22:26 [INFO] adaptive_sage.pipeline: Pipeline done: question_id=musique_2hop__766973_770570, answer='', subagents=7, verify=0, tokens=44788
Processing questions:   2%|▏         | 6/333 [07:54<6:59:44, 77.02s/q]2026-04-26 22:22:26 [INFO] adaptive_sage.pipeline: Pipeline start: question_id=musique_4hop1__152562_5274_458768_33633, max_steps=6
2026-04-26 22:23:19 [INFO] adaptive_sage.pipeline: Pipeline done: question_id=musique_4hop1__94201_642284_131926_89261, answer='Rigolets', subagents=1, verify=0, tokens=9198
Processing questions:   2%|▏         | 7/333 [08:47<6:16:00, 69.20s/q]2026-04-26 22:23:19 [INFO] adaptive_sage.pipeline: Pipeline start: question_id=musique_3hop1__305282_282081_73772, max_steps=6
2026-04-26 22:23:38 [INFO] adaptive_sage.pipeline: Pipeline done: question_id=musique_4hop1__152562_5274_458768_33633, answer='1672', subagents=1, verify=0, tokens=7347
Processing questions:   2%|▏         | 8/333 [09:06<4:48:13, 53.21s/q]2026-04-26 22:23:38 [INFO] adaptive_sage.pipeline: Pipeline start: question_id=musique_2hop__655505_110949, max_steps=6
2026-04-26 22:24:19 [INFO] adaptive_sage.pipeline: Pipeline done: question_id=musique_3hop1__305282_282081_73772, answer='January 14, 1948', subagents=1, verify=0, tokens=7213
Processing questions:   3%|▎         | 9/333 [09:47<4:26:29, 49.35s/q]2026-04-26 22:24:19 [INFO] adaptive_sage.pipeline: Pipeline start: question_id=musique_2hop__619265_45326, max_steps=6
2026-04-26 22:25:45 [INFO] adaptive_sage.pipeline: Pipeline done: question_id=musique_2hop__655505_110949, answer='8 September 1966', subagents=2, verify=0, tokens=16638
Processing questions:   3%|▎         | 10/333 [11:13<5:26:44, 60.70s/q]2026-04-26 22:25:45 [INFO] adaptive_sage.pipeline: Pipeline start: question_id=musique_4hop3__754156_88460_30152_20999, max_steps=6
2026-04-26 22:28:43 [INFO] adaptive_sage.pipeline: Pipeline done: question_id=musique_2hop__619265_45326, answer='Ray Donovan', subagents=7, verify=0, tokens=30068
Processing questions:   3%|▎         | 11/333 [14:11<8:38:02, 96.53s/q]2026-04-26 22:28:43 [INFO] adaptive_sage.pipeline: Pipeline start: question_id=musique_2hop__199513_801817, max_steps=6
2026-04-26 22:29:38 [INFO] adaptive_sage.pipeline: Pipeline done: question_id=musique_4hop3__754156_88460_30152_20999, answer='Deportation', subagents=5, verify=0, tokens=26085
Processing questions:   4%|▎         | 12/333 [15:06<7:28:17, 83.79s/q]2026-04-26 22:29:38 [INFO] adaptive_sage.pipeline: Pipeline start: question_id=musique_3hop1__820301_720914_41132, max_steps=6
2026-04-26 22:29:39 [INFO] adaptive_sage.pipeline: Pipeline done: question_id=musique_2hop__199513_801817, answer='Belmonte, Portugal', subagents=1, verify=0, tokens=7134
Processing questions:   4%|▍         | 13/333 [15:07<5:13:28, 58.78s/q]2026-04-26 22:29:39 [INFO] adaptive_sage.pipeline: Pipeline start: question_id=musique_3hop1__136129_87694_124169, max_steps=6
2026-04-26 22:30:39 [INFO] adaptive_sage.pipeline: Pipeline done: question_id=musique_3hop1__136129_87694_124169, answer='1066', subagents=1, verify=0, tokens=7566
Processing questions:   4%|▍         | 14/333 [16:07<5:15:15, 59.30s/q]2026-04-26 22:30:39 [INFO] adaptive_sage.pipeline: Pipeline start: question_id=musique_2hop__354635_174222, max_steps=6
