09:07:30 [INFO] amas.runner: Loaded 50 questions; 0 done; 50 to run.
09:07:30 [INFO] amas.pipeline: AMAS v2 start: qid=musique_2hop__13548_13529
09:07:30 [INFO] amas.pipeline: AMAS v2 start: qid=musique_3hop1__9285_5188_23307
09:07:30 [INFO] amas.pipeline: AMAS v2 start: qid=musique_2hop__766973_770570
09:07:30 [INFO] amas.pipeline: AMAS v2 start: qid=musique_2hop__170823_120171
09:07:30 [INFO] amas.pipeline: AMAS v2 start: qid=musique_2hop__511454_120259
09:07:30 [INFO] amas.pipeline: AMAS v2 start: qid=musique_4hop2__71753_648517_70784_79935
09:07:30 [INFO] amas.pipeline: AMAS v2 start: qid=musique_4hop1__94201_642284_131926_89261
09:07:30 [INFO] amas.pipeline: AMAS v2 start: qid=musique_4hop1__152562_5274_458768_33633
09:07:33 [INFO] amas.pipeline: AMAS v2 start: qid=musique_3hop1__305282_282081_73772
09:07:34 [INFO] amas.pipeline: AMAS v2 start: qid=musique_2hop__655505_110949
09:07:35 [INFO] amas.pipeline: AMAS v2 start: qid=musique_2hop__619265_45326
09:07:39 [INFO] amas.pipeline: AMAS v2 start: qid=musique_4hop3__754156_88460_30152_20999
09:07:43 [INFO] amas.pipeline: AMAS v2 start: qid=musique_2hop__199513_801817
09:07:44 [INFO] amas.pipeline: AMAS v2 start: qid=musique_3hop1__820301_720914_41132
09:07:45 [INFO] amas.pipeline: AMAS v2 start: qid=musique_3hop1__136129_87694_124169
09:07:45 [INFO] amas.pipeline: AMAS v2 start: qid=musique_2hop__354635_174222
09:07:46 [INFO] amas.pipeline: AMAS v2 start: qid=musique_3hop1__849312_503371_21711
09:07:47 [INFO] amas.pipeline: AMAS v2 start: qid=musique_2hop__511296_577502
09:07:48 [INFO] amas.pipeline: AMAS v2 start: qid=musique_2hop__731956_126089
09:07:48 [INFO] amas.pipeline: AMAS v2 start: qid=musique_2hop__123545_47134
09:07:49 [INFO] amas.pipeline: AMAS v2 start: qid=musique_3hop1__786632_831637_91775
09:07:50 [INFO] amas.pipeline: AMAS v2 start: qid=musique_2hop__124412_402641
09:07:51 [INFO] amas.pipeline: AMAS v2 start: qid=musique_2hop__159215_779396
09:07:51 [INFO] amas.pipeline: AMAS v2 start: qid=musique_2hop__59048_827343
09:07:52 [INFO] amas.pipeline: AMAS v2 start: qid=musique_4hop1__726675_508773_85832_745702
09:07:53 [INFO] amas.pipeline: AMAS v2 start: qid=musique_2hop__693444_220151
09:07:55 [INFO] amas.pipeline: AMAS v2 start: qid=musique_3hop1__108833_720914_41132
09:07:58 [INFO] amas.pipeline: AMAS v2 start: qid=musique_2hop__347686_127399
09:08:00 [INFO] amas.pipeline: AMAS v2 start: qid=musique_3hop1__33845_42197_18397
09:08:01 [INFO] amas.pipeline: AMAS v2 start: qid=musique_2hop__645448_77615
09:08:04 [INFO] amas.pipeline: AMAS v2 start: qid=musique_4hop3__524186_219173_638950_72134
09:08:04 [INFO] amas.pipeline: AMAS v2 start: qid=musique_2hop__734582_71302
09:08:05 [INFO] amas.pipeline: AMAS v2 start: qid=musique_3hop1__639955_834494_34099
09:08:09 [INFO] amas.pipeline: AMAS v2 start: qid=musique_4hop2__9988_261673_70784_79935
09:08:09 [INFO] amas.pipeline: AMAS v2 start: qid=musique_2hop__77233_33207
09:08:10 [INFO] amas.pipeline: AMAS v2 start: qid=musique_2hop__84847_148696
09:08:11 [INFO] amas.pipeline: AMAS v2 start: qid=musique_3hop1__90327_83076_319330
09:08:13 [INFO] amas.pipeline: AMAS v2 start: qid=musique_2hop__998_25855
09:08:13 [INFO] amas.pipeline: AMAS v2 start: qid=musique_2hop__81659_52835
09:08:15 [INFO] amas.pipeline: AMAS v2 start: qid=musique_4hop1__88342_75218_128008_48717
09:08:20 [INFO] amas.pipeline: AMAS v2 start: qid=musique_3hop1__144678_443779_52195
09:08:20 [INFO] amas.pipeline: AMAS v2 start: qid=musique_2hop__865961_159109
09:08:20 [INFO] amas.pipeline: AMAS v2 start: qid=musique_3hop2__127483_60649_10557
09:08:22 [INFO] amas.pipeline: AMAS v2 start: qid=musique_2hop__46862_68042
09:08:22 [INFO] amas.pipeline: AMAS v2 start: qid=musique_2hop__78401_158262
09:08:24 [INFO] amas.pipeline: AMAS v2 start: qid=musique_2hop__95970_152907
09:08:27 [INFO] amas.pipeline: AMAS v2 start: qid=musique_3hop1__105837_160713_77246
09:08:27 [INFO] amas.pipeline: AMAS v2 start: qid=musique_2hop__179322_83289
09:08:31 [INFO] amas.pipeline: AMAS v2 start: qid=musique_3hop2__87184_90327_76291
09:08:32 [INFO] amas.pipeline: AMAS v2 start: qid=musique_4hop1__152146_5274_458768_33637
Done: 50 processed in 84.3s (answered=48/50)
