20:48:46 [INFO] amas.runner: Loaded 1000 questions; 0 done; 1000 to run.
20:48:46 [INFO] amas.pipeline: AMAS start: qid=musique_2hop__13548_13529
20:48:47 [INFO] amas.pipeline: AMAS start: qid=musique_3hop1__9285_5188_23307
20:48:47 [INFO] amas.pipeline: AMAS start: qid=musique_2hop__766973_770570
20:48:47 [INFO] amas.pipeline: AMAS start: qid=musique_2hop__170823_120171
20:48:47 [INFO] amas.pipeline: AMAS start: qid=musique_2hop__511454_120259
20:48:47 [INFO] amas.pipeline: AMAS start: qid=musique_4hop2__71753_648517_70784_79935
20:48:47 [INFO] amas.pipeline: AMAS start: qid=musique_4hop1__94201_642284_131926_89261
20:48:47 [INFO] amas.pipeline: AMAS start: qid=musique_4hop1__152562_5274_458768_33633
20:48:52 [INFO] amas.pipeline: AMAS start: qid=musique_3hop1__305282_282081_73772
20:48:53 [INFO] amas.pipeline: AMAS start: qid=musique_2hop__655505_110949
20:48:53 [INFO] amas.pipeline: AMAS start: qid=musique_2hop__619265_45326
20:48:54 [INFO] amas.pipeline: AMAS start: qid=musique_4hop3__754156_88460_30152_20999
20:48:58 [INFO] amas.pipeline: AMAS start: qid=musique_2hop__199513_801817
20:48:59 [INFO] amas.pipeline: AMAS start: qid=musique_3hop1__820301_720914_41132
20:49:00 [INFO] amas.pipeline: AMAS start: qid=musique_3hop1__136129_87694_124169
20:49:03 [INFO] amas.pipeline: AMAS start: qid=musique_2hop__354635_174222
20:49:03 [INFO] amas.pipeline: AMAS start: qid=musique_3hop1__849312_503371_21711
20:49:07 [INFO] amas.pipeline: AMAS start: qid=musique_2hop__511296_577502
20:49:07 [INFO] amas.pipeline: AMAS start: qid=musique_2hop__731956_126089
20:49:08 [INFO] amas.pipeline: AMAS start: qid=musique_2hop__123545_47134
20:49:09 [INFO] amas.pipeline: AMAS start: qid=musique_3hop1__786632_831637_91775
20:49:12 [INFO] amas.pipeline: AMAS start: qid=musique_2hop__124412_402641
20:49:13 [INFO] amas.pipeline: AMAS start: qid=musique_2hop__159215_779396
20:49:14 [INFO] amas.pipeline: AMAS start: qid=musique_2hop__59048_827343
20:49:14 [INFO] amas.pipeline: AMAS start: qid=musique_4hop1__726675_508773_85832_745702
20:49:15 [INFO] amas.pipeline: AMAS start: qid=musique_2hop__693444_220151
20:49:15 [INFO] amas.pipeline: AMAS start: qid=musique_3hop1__108833_720914_41132
20:49:17 [INFO] amas.pipeline: AMAS start: qid=musique_2hop__347686_127399
20:49:20 [INFO] amas.pipeline: AMAS start: qid=musique_3hop1__33845_42197_18397
20:49:21 [INFO] amas.pipeline: AMAS start: qid=musique_2hop__645448_77615
20:49:22 [INFO] amas.pipeline: AMAS start: qid=musique_4hop3__524186_219173_638950_72134
20:49:23 [INFO] amas.pipeline: AMAS start: qid=musique_2hop__734582_71302
20:49:24 [INFO] amas.pipeline: AMAS start: qid=musique_3hop1__639955_834494_34099
20:49:24 [INFO] amas.pipeline: AMAS start: qid=musique_4hop2__9988_261673_70784_79935
20:49:24 [INFO] amas.pipeline: AMAS start: qid=musique_2hop__77233_33207
20:49:26 [INFO] amas.pipeline: AMAS start: qid=musique_2hop__84847_148696
20:49:32 [INFO] amas.pipeline: AMAS start: qid=musique_3hop1__90327_83076_319330
20:49:32 [INFO] amas.pipeline: AMAS start: qid=musique_2hop__998_25855
20:49:33 [INFO] amas.pipeline: AMAS start: qid=musique_2hop__81659_52835
20:49:34 [INFO] amas.pipeline: AMAS start: qid=musique_4hop1__88342_75218_128008_48717
20:49:34 [INFO] amas.pipeline: AMAS start: qid=musique_3hop1__144678_443779_52195
20:49:35 [INFO] amas.pipeline: AMAS start: qid=musique_2hop__865961_159109
20:49:36 [INFO] amas.pipeline: AMAS start: qid=musique_3hop2__127483_60649_10557
20:49:36 [INFO] amas.pipeline: AMAS start: qid=musique_2hop__46862_68042
20:49:37 [INFO] amas.pipeline: AMAS start: qid=musique_2hop__78401_158262
20:49:37 [INFO] amas.pipeline: AMAS start: qid=musique_2hop__95970_152907
20:49:39 [INFO] amas.pipeline: AMAS start: qid=musique_3hop1__105837_160713_77246
20:49:43 [INFO] amas.pipeline: AMAS start: qid=musique_2hop__179322_83289
20:49:43 [INFO] amas.pipeline: AMAS start: qid=musique_3hop2__87184_90327_76291
20:49:45 [INFO] amas.pipeline: AMAS start: qid=musique_4hop1__152146_5274_458768_33637
20:49:45 [INFO] amas.pipeline: AMAS start: qid=musique_3hop1__106845_5188_86687
20:49:45 [INFO] amas.pipeline: AMAS start: qid=musique_4hop1__842143_153080_33897_81096
20:49:47 [INFO] amas.pipeline: AMAS start: qid=musique_2hop__85325_88165
20:49:47 [INFO] amas.pipeline: AMAS start: qid=musique_3hop1__622497_160088_85460
20:49:47 [INFO] amas.pipeline: AMAS start: qid=musique_2hop__14_59409
20:49:49 [INFO] amas.pipeline: AMAS start: qid=musique_4hop2__71753_158985_70784_61381
20:49:51 [INFO] amas.pipeline: AMAS start: qid=musique_4hop1__802394_153080_159767_81096
20:49:51 [INFO] amas.pipeline: AMAS start: qid=musique_3hop1__409517_547811_80702
20:49:54 [INFO] amas.pipeline: AMAS start: qid=musique_2hop__76314_177869
20:49:54 [INFO] amas.pipeline: AMAS start: qid=musique_4hop1__391525_49925_13759_736921
20:49:55 [INFO] amas.pipeline: AMAS start: qid=musique_2hop__802991_443552
20:49:56 [INFO] amas.pipeline: AMAS start: qid=musique_3hop2__851134_613770_7713
20:49:56 [INFO] amas.pipeline: AMAS start: qid=musique_3hop2__127483_91678_10557
20:50:00 [INFO] amas.pipeline: AMAS start: qid=musique_2hop__629030_56873
20:50:01 [INFO] amas.pipeline: AMAS start: qid=musique_3hop1__321720_650651_7262
20:50:02 [INFO] amas.pipeline: AMAS start: qid=musique_2hop__81268_85407
20:50:03 [INFO] amas.pipeline: AMAS start: qid=musique_3hop2__90098_76623_10557
20:50:03 [INFO] amas.pipeline: AMAS start: qid=musique_2hop__391873_88622
20:50:04 [INFO] amas.pipeline: AMAS start: qid=musique_3hop1__764280_834494_34053
20:50:05 [INFO] amas.pipeline: AMAS start: qid=musique_4hop1__802394_153080_33897_81096
20:50:06 [INFO] amas.pipeline: AMAS start: qid=musique_2hop__155781_155922
20:50:07 [INFO] amas.pipeline: AMAS start: qid=musique_2hop__829358_754719
20:50:08 [INFO] amas.pipeline: AMAS start: qid=musique_4hop1__131113_59747_211319_557671
20:50:08 [INFO] amas.pipeline: AMAS start: qid=musique_3hop1__857_846_7702
20:50:08 [INFO] amas.pipeline: AMAS start: qid=musique_3hop1__635099_131926_87157
20:50:11 [INFO] amas.pipeline: AMAS start: qid=musique_4hop3__474028_88460_30152_20999
20:50:11 [INFO] amas.pipeline: AMAS start: qid=musique_2hop__668407_683671
20:50:14 [INFO] amas.pipeline: AMAS start: qid=musique_4hop1__9007_698949_157828_162309
20:50:15 [INFO] amas.pipeline: AMAS start: qid=musique_2hop__56851_343058
20:50:15 [INFO] amas.pipeline: AMAS start: qid=musique_3hop2__304722_692815_63959
20:50:15 [INFO] amas.pipeline: AMAS start: qid=musique_3hop1__208108_547811_80702
20:50:21 [INFO] amas.pipeline: AMAS start: qid=musique_2hop__68322_510545
20:50:24 [INFO] amas.pipeline: AMAS start: qid=musique_2hop__215896_460425
20:50:24 [INFO] amas.pipeline: AMAS start: qid=musique_4hop1__342858_131850_33952_34099
20:50:24 [INFO] amas.pipeline: AMAS start: qid=musique_2hop__63214_319330
20:50:24 [INFO] amas.pipeline: AMAS start: qid=musique_2hop__304852_758385
20:50:25 [INFO] amas.pipeline: AMAS start: qid=musique_2hop__71016_75184
20:50:27 [INFO] amas.pipeline: AMAS start: qid=musique_4hop1__58323_375563_161848_53331
20:50:27 [INFO] amas.pipeline: AMAS start: qid=musique_2hop__131455_11960
20:50:28 [INFO] amas.pipeline: AMAS start: qid=musique_2hop__998_25839
20:50:31 [INFO] amas.pipeline: AMAS start: qid=musique_3hop1__127821_157828_239539
20:50:31 [INFO] amas.pipeline: AMAS start: qid=musique_4hop1__130623_32392_823060_610794
20:50:32 [INFO] amas.pipeline: AMAS start: qid=musique_3hop2__89854_92991_76291
20:50:33 [INFO] amas.pipeline: AMAS start: qid=musique_3hop2__132957_133264_40768
20:50:35 [INFO] amas.pipeline: AMAS start: qid=musique_4hop1__88342_75218_128008_46894
20:50:36 [INFO] amas.pipeline: AMAS start: qid=musique_2hop__92385_2072
20:50:37 [INFO] amas.pipeline: AMAS start: qid=musique_2hop__33288_157788
20:50:38 [INFO] amas.pipeline: AMAS start: qid=musique_2hop__554167_451128
20:50:41 [INFO] amas.pipeline: AMAS start: qid=musique_3hop1__28841_547811_41132
20:50:42 [INFO] amas.pipeline: AMAS start: qid=musique_4hop1__638988_17130_70784_61381
20:50:45 [INFO] amas.pipeline: AMAS start: qid=musique_2hop__215898_67465
20:50:45 [INFO] amas.pipeline: AMAS start: qid=musique_4hop3__129456_29339_508306_70744
20:50:45 [INFO] amas.pipeline: AMAS start: qid=musique_2hop__7855_7794
20:50:47 [INFO] amas.pipeline: AMAS start: qid=musique_2hop__494659_5385
20:50:48 [INFO] amas.pipeline: AMAS start: qid=musique_3hop1__373866_5189_63702
20:50:50 [INFO] amas.pipeline: AMAS start: qid=musique_2hop__46550_85990
20:50:51 [INFO] amas.pipeline: AMAS start: qid=musique_4hop1__749363_49925_13759_736921
20:50:52 [INFO] amas.pipeline: AMAS start: qid=musique_3hop1__652852_2053_5289
20:50:54 [INFO] amas.pipeline: AMAS start: qid=musique_2hop__130404_59180
20:50:56 [INFO] amas.pipeline: AMAS start: qid=musique_2hop__575797_91104
20:50:56 [INFO] amas.pipeline: AMAS start: qid=musique_4hop1__842143_153080_159767_81096
20:50:56 [INFO] amas.pipeline: AMAS start: qid=musique_3hop1__662618_339990_54675
20:50:59 [INFO] amas.pipeline: AMAS start: qid=musique_4hop2__161602_426860_88460_63559
20:51:00 [INFO] amas.pipeline: AMAS start: qid=musique_3hop2__222979_133154_40768
20:51:03 [INFO] amas.pipeline: AMAS start: qid=musique_3hop2__9951_20335_9331
20:51:03 [INFO] amas.pipeline: AMAS start: qid=musique_3hop2__38326_92991_76291
20:51:04 [INFO] amas.pipeline: AMAS start: qid=musique_2hop__207476_625987
20:51:06 [INFO] amas.pipeline: AMAS start: qid=musique_4hop1__711773_508773_85832_745702
20:51:11 [INFO] amas.pipeline: AMAS start: qid=musique_4hop1__39871_314549_131976_90181
20:51:11 [INFO] amas.pipeline: AMAS start: qid=musique_3hop1__337705_132457_51423
20:51:11 [INFO] amas.pipeline: AMAS start: qid=musique_4hop1__88342_49853_128008_80286
20:51:13 [INFO] amas.pipeline: AMAS start: qid=musique_2hop__135651_669373
20:51:13 [INFO] amas.pipeline: AMAS start: qid=musique_2hop__25788_25839
20:51:15 [INFO] amas.pipeline: AMAS start: qid=musique_2hop__815205_590407
20:51:15 [INFO] amas.pipeline: AMAS start: qid=musique_2hop__9512_36630
20:51:19 [INFO] amas.pipeline: AMAS start: qid=musique_2hop__226204_69048
20:51:19 [INFO] amas.pipeline: AMAS start: qid=musique_2hop__37097_86208
20:51:20 [INFO] amas.pipeline: AMAS start: qid=musique_2hop__107238_64918
20:51:20 [INFO] amas.pipeline: AMAS start: qid=musique_2hop__622637_120171
20:51:22 [INFO] amas.pipeline: AMAS start: qid=musique_2hop__31585_61048
20:51:22 [INFO] amas.pipeline: AMAS start: qid=musique_2hop__811015_3300
20:51:23 [INFO] amas.pipeline: AMAS start: qid=musique_2hop__203437_152093
20:51:26 [INFO] amas.pipeline: AMAS start: qid=musique_2hop__636597_480615
20:51:26 [INFO] amas.pipeline: AMAS start: qid=musique_4hop2__161324_14670_8987_8529
20:51:27 [INFO] amas.pipeline: AMAS start: qid=musique_2hop__860241_766393
20:51:27 [INFO] amas.pipeline: AMAS start: qid=musique_2hop__778212_22458
20:51:28 [INFO] amas.pipeline: AMAS start: qid=musique_2hop__510860_22402
20:51:30 [INFO] amas.pipeline: AMAS start: qid=musique_2hop__136214_483189
20:51:31 [INFO] amas.pipeline: AMAS start: qid=musique_2hop__149983_108549
20:51:33 [INFO] amas.pipeline: AMAS start: qid=musique_2hop__21104_16334
20:51:34 [INFO] amas.pipeline: AMAS start: qid=musique_3hop2__36497_89854_76291
20:51:34 [INFO] amas.pipeline: AMAS start: qid=musique_3hop1__103440_443779_52195
20:51:34 [INFO] amas.pipeline: AMAS start: qid=musique_2hop__73717_653666
20:51:36 [INFO] amas.pipeline: AMAS start: qid=musique_2hop__34594_160249
20:51:36 [INFO] amas.pipeline: AMAS start: qid=musique_2hop__58168_38663
20:51:39 [INFO] amas.pipeline: AMAS start: qid=musique_2hop__15416_58040
20:51:41 [INFO] amas.pipeline: AMAS start: qid=musique_4hop1__567737_141375_458768_33677
20:51:41 [INFO] amas.pipeline: AMAS start: qid=musique_2hop__32887_578772
20:51:41 [INFO] amas.pipeline: AMAS start: qid=musique_2hop__835710_7298
20:51:43 [INFO] amas.pipeline: AMAS start: qid=musique_3hop1__507961_160713_77246
20:51:45 [INFO] amas.pipeline: AMAS start: qid=musique_4hop2__567956_39078_8987_8974
20:51:47 [INFO] amas.pipeline: AMAS start: qid=musique_3hop1__389761_567566_84283
20:51:51 [INFO] amas.pipeline: AMAS start: qid=musique_4hop2__71753_729371_70784_79935
20:51:51 [INFO] amas.pipeline: AMAS start: qid=musique_4hop1__152562_5274_458768_33632
20:51:52 [INFO] amas.pipeline: AMAS start: qid=musique_2hop__151750_141308
20:51:52 [INFO] amas.pipeline: AMAS start: qid=musique_2hop__861157_135481
20:51:54 [INFO] amas.pipeline: AMAS start: qid=musique_3hop2__304722_330033_63959
20:51:55 [INFO] amas.pipeline: AMAS start: qid=musique_3hop1__831499_228453_10972
20:51:56 [INFO] amas.pipeline: AMAS start: qid=musique_3hop1__92991_78276_68042
20:51:56 [INFO] amas.pipeline: AMAS start: qid=musique_3hop1__169494_42197_18397
20:51:59 [INFO] amas.pipeline: AMAS start: qid=musique_2hop__77134_88165
20:52:02 [INFO] amas.pipeline: AMAS start: qid=musique_2hop__156700_73244
20:52:02 [INFO] amas.pipeline: AMAS start: qid=musique_2hop__149862_108549
20:52:03 [INFO] amas.pipeline: AMAS start: qid=musique_2hop__24648_192417
20:52:03 [INFO] amas.pipeline: AMAS start: qid=musique_4hop1__105401_17130_70784_79935
20:52:03 [INFO] amas.pipeline: AMAS start: qid=musique_2hop__685930_110949
20:52:03 [INFO] amas.pipeline: AMAS start: qid=musique_3hop1__353661_629431_64412
20:52:03 [INFO] amas.pipeline: AMAS start: qid=musique_2hop__819974_129669
20:52:10 [INFO] amas.pipeline: AMAS start: qid=musique_2hop__132929_120537
20:52:13 [INFO] amas.pipeline: AMAS start: qid=musique_2hop__87589_362941
20:52:15 [INFO] amas.pipeline: AMAS start: qid=musique_3hop1__280834_547811_41132
20:52:16 [INFO] amas.pipeline: AMAS start: qid=musique_2hop__88632_67668
20:52:16 [INFO] amas.pipeline: AMAS start: qid=musique_2hop__258940_135844
20:52:17 [INFO] amas.pipeline: AMAS start: qid=musique_2hop__158275_35739
20:52:18 [INFO] amas.pipeline: AMAS start: qid=musique_3hop1__423001_503371_21711
20:52:18 [INFO] amas.pipeline: AMAS start: qid=musique_4hop1__813171_153080_33897_81096
20:52:20 [INFO] amas.pipeline: AMAS start: qid=musique_3hop1__46571_87694_64412
20:52:21 [INFO] amas.pipeline: AMAS start: qid=musique_2hop__40970_90367
20:52:22 [INFO] amas.pipeline: AMAS start: qid=musique_2hop__545711_52835
20:52:22 [INFO] amas.pipeline: AMAS start: qid=musique_4hop1__777217_32392_823060_610794
20:52:25 [INFO] amas.pipeline: AMAS start: qid=musique_4hop1__72247_497223_15840_36014
20:52:25 [INFO] amas.pipeline: AMAS start: qid=musique_2hop__167577_31122
20:52:26 [INFO] amas.pipeline: AMAS start: qid=musique_4hop1__15607_59747_211319_557671
20:52:26 [INFO] amas.pipeline: AMAS start: qid=musique_3hop2__158279_71753_70784
20:52:29 [INFO] amas.pipeline: AMAS start: qid=musique_3hop1__843207_755530_88011
20:52:30 [INFO] amas.pipeline: AMAS start: qid=musique_3hop1__518381_709625_84283
20:52:31 [INFO] amas.pipeline: AMAS start: qid=musique_3hop1__857_846_7877
20:52:32 [INFO] amas.pipeline: AMAS start: qid=musique_2hop__685045_19320
20:52:32 [INFO] amas.pipeline: AMAS start: qid=musique_3hop1__379315_160713_77246
20:52:34 [INFO] amas.pipeline: AMAS start: qid=musique_2hop__157251_556157
20:52:36 [INFO] amas.pipeline: AMAS start: qid=musique_2hop__6827_49664
20:52:38 [INFO] amas.pipeline: AMAS start: qid=musique_2hop__85713_72187
20:52:38 [INFO] amas.pipeline: AMAS start: qid=musique_3hop1__836699_15840_36002
20:52:39 [INFO] amas.pipeline: AMAS start: qid=musique_2hop__3131_3300
20:52:41 [INFO] amas.pipeline: AMAS start: qid=musique_2hop__30905_189318
20:52:41 [INFO] amas.pipeline: AMAS start: qid=musique_3hop2__304722_230978_63959
20:52:42 [INFO] amas.pipeline: AMAS start: qid=musique_3hop1__275261_443779_52195
20:52:42 [INFO] amas.pipeline: AMAS start: qid=musique_2hop__10620_49084
20:52:42 [INFO] amas.pipeline: AMAS start: qid=musique_3hop2__25177_19506_23299
20:52:43 [INFO] amas.pipeline: AMAS start: qid=musique_2hop__85596_807969
20:52:45 [INFO] amas.pipeline: AMAS start: qid=musique_2hop__6745_6731
20:52:45 [INFO] amas.pipeline: AMAS start: qid=musique_2hop__685280_510757
20:52:46 [INFO] amas.pipeline: AMAS start: qid=musique_2hop__747758_58067
20:52:49 [INFO] amas.pipeline: AMAS start: qid=musique_2hop__88372_83837
20:52:49 [INFO] amas.pipeline: AMAS start: qid=musique_4hop1__88342_75218_128008_54974
20:52:49 [INFO] amas.pipeline: AMAS start: qid=musique_2hop__50432_56873
20:52:53 [INFO] amas.pipeline: AMAS start: qid=musique_4hop1__813171_153080_159767_81096
20:52:54 [INFO] amas.pipeline: AMAS start: qid=musique_2hop__158010_58067
20:52:56 [INFO] amas.pipeline: AMAS start: qid=musique_3hop1__21282_692112_236857
20:52:59 [INFO] amas.pipeline: AMAS start: qid=musique_2hop__82910_75184
20:52:59 [INFO] amas.pipeline: AMAS start: qid=musique_3hop1__132967_40769_64047
20:53:02 [INFO] amas.pipeline: AMAS start: qid=musique_2hop__57543_158262
20:53:03 [INFO] amas.pipeline: AMAS start: qid=musique_2hop__35137_22896
20:53:04 [INFO] amas.pipeline: AMAS start: qid=musique_3hop1__497845_629431_64412
20:53:05 [INFO] amas.pipeline: AMAS start: qid=musique_2hop__603598_25719
20:53:06 [INFO] amas.pipeline: AMAS start: qid=musique_4hop3__746868_88460_30152_20999
20:53:09 [INFO] amas.pipeline: AMAS start: qid=musique_2hop__46376_158105
20:53:10 [INFO] amas.pipeline: AMAS start: qid=musique_3hop1__801799_547811_41132
20:53:10 [INFO] amas.pipeline: AMAS start: qid=musique_3hop1__743797_443779_52195
20:53:11 [INFO] amas.pipeline: AMAS start: qid=musique_4hop1__846600_153080_159767_81096
20:53:11 [INFO] amas.pipeline: AMAS start: qid=musique_4hop1__178366_229349_66759_75165
20:53:13 [INFO] amas.pipeline: AMAS start: qid=musique_2hop__709357_136043
20:53:17 [INFO] amas.pipeline: AMAS start: qid=musique_3hop1__617062_127905_92225
20:53:17 [INFO] amas.pipeline: AMAS start: qid=musique_3hop1__857_846_7791
20:53:18 [INFO] amas.pipeline: AMAS start: qid=musique_2hop__511176_22458
20:53:19 [INFO] amas.pipeline: AMAS start: qid=musique_2hop__61318_362941
20:53:20 [INFO] amas.pipeline: AMAS start: qid=musique_2hop__96410_47902
20:53:22 [INFO] amas.pipeline: AMAS start: qid=musique_2hop__386236_350892
20:53:22 [INFO] amas.pipeline: AMAS start: qid=musique_3hop1__617062_127905_86588
20:53:23 [INFO] amas.pipeline: AMAS start: qid=musique_2hop__272714_113442
20:53:23 [INFO] amas.pipeline: AMAS start: qid=musique_3hop1__699507_792411_51423
20:53:24 [INFO] amas.pipeline: AMAS start: qid=musique_3hop1__135392_87694_64412
20:53:24 [INFO] amas.pipeline: AMAS start: qid=musique_2hop__695364_513121
20:53:25 [INFO] amas.pipeline: AMAS start: qid=musique_2hop__487706_40502
20:53:30 [INFO] amas.pipeline: AMAS start: qid=musique_2hop__85463_54688
20:53:30 [INFO] amas.pipeline: AMAS start: qid=musique_3hop1__640171_228453_86925
20:53:31 [INFO] amas.pipeline: AMAS start: qid=musique_3hop1__128554_39743_24526
20:53:33 [INFO] amas.pipeline: AMAS start: qid=musique_4hop2__161602_426860_88460_126088
20:53:35 [INFO] amas.pipeline: AMAS start: qid=musique_2hop__363216_787353
20:53:36 [INFO] amas.pipeline: AMAS start: qid=musique_2hop__754682_730690
20:53:37 [INFO] amas.pipeline: AMAS start: qid=musique_2hop__488811_30078
20:53:37 [INFO] amas.pipeline: AMAS start: qid=musique_2hop__464479_70131
20:53:38 [INFO] amas.pipeline: AMAS start: qid=musique_2hop__677160_110882
20:53:39 [INFO] amas.pipeline: AMAS start: qid=musique_2hop__80860_510545
20:53:39 [INFO] amas.pipeline: AMAS start: qid=musique_2hop__846921_160249
20:53:40 [INFO] amas.pipeline: AMAS start: qid=musique_4hop3__312119_132409_146285_35031
20:53:40 [INFO] amas.pipeline: AMAS start: qid=musique_2hop__144303_483189
20:53:43 [INFO] amas.pipeline: AMAS start: qid=musique_3hop1__90327_78276_68042
20:53:44 [INFO] amas.pipeline: AMAS start: qid=musique_4hop1__752321_153080_33897_81096
20:53:44 [INFO] amas.pipeline: AMAS start: qid=musique_2hop__161507_77849
20:53:45 [INFO] amas.pipeline: AMAS start: qid=musique_3hop1__102087_214799_259594
20:53:45 [INFO] amas.pipeline: AMAS start: qid=musique_3hop1__671542_651917_47686
20:53:47 [INFO] amas.pipeline: AMAS start: qid=musique_3hop1__307152_400692_51423
20:53:47 [INFO] amas.pipeline: AMAS start: qid=musique_2hop__596188_297986
20:53:50 [INFO] amas.pipeline: AMAS start: qid=musique_3hop1__654651_55349_651302
20:53:50 [INFO] amas.pipeline: AMAS start: qid=musique_2hop__446324_620302
20:53:51 [INFO] amas.pipeline: AMAS start: qid=musique_4hop3__270458_88460_30152_20999
20:53:51 [INFO] amas.pipeline: AMAS start: qid=musique_2hop__530579_13529
20:53:54 [INFO] amas.pipeline: AMAS start: qid=musique_4hop1__608132_508773_85832_745702
20:53:55 [INFO] amas.pipeline: AMAS start: qid=musique_3hop1__695430_831637_91775
20:53:55 [INFO] amas.pipeline: AMAS start: qid=musique_2hop__153573_44085
20:53:58 [INFO] amas.pipeline: AMAS start: qid=musique_3hop1__446612_160545_62931
20:53:58 [INFO] amas.pipeline: AMAS start: qid=musique_2hop__415518_616002
20:54:00 [INFO] amas.pipeline: AMAS start: qid=musique_3hop1__823336_228453_86925
20:54:00 [INFO] amas.pipeline: AMAS start: qid=musique_2hop__123145_66723
20:54:02 [INFO] amas.pipeline: AMAS start: qid=musique_2hop__55463_19033
20:54:02 [INFO] amas.pipeline: AMAS start: qid=musique_3hop1__254856_400692_51423
20:54:04 [INFO] amas.pipeline: AMAS start: qid=musique_2hop__157498_127908
20:54:04 [INFO] amas.pipeline: AMAS start: qid=musique_4hop3__373573_132409_223216_35031
20:54:05 [INFO] amas.pipeline: AMAS start: qid=musique_4hop1__58323_375563_161848_44231
20:54:05 [INFO] amas.pipeline: AMAS start: qid=musique_2hop__31124_31093
20:54:06 [INFO] amas.pipeline: AMAS start: qid=musique_2hop__267938_92763
20:54:08 [INFO] amas.pipeline: AMAS start: qid=musique_2hop__487706_40501
20:54:09 [INFO] amas.pipeline: AMAS start: qid=musique_3hop1__140345_2053_52946
20:54:10 [INFO] amas.pipeline: AMAS start: qid=musique_3hop1__475351_160713_77246
20:54:10 [INFO] amas.pipeline: AMAS start: qid=musique_2hop__152027_141308
20:54:11 [INFO] amas.pipeline: AMAS start: qid=musique_4hop1__88342_49853_128008_86588
20:54:11 [INFO] amas.pipeline: AMAS start: qid=musique_2hop__524623_82341
20:54:14 [INFO] amas.pipeline: AMAS start: qid=musique_2hop__814408_155922
20:54:14 [INFO] amas.pipeline: AMAS start: qid=musique_2hop__398344_85513
20:54:16 [INFO] amas.pipeline: AMAS start: qid=musique_3hop1__498954_160713_77246
20:54:17 [INFO] amas.pipeline: AMAS start: qid=musique_3hop2__30152_105395_20999
20:54:17 [INFO] amas.pipeline: AMAS start: qid=musique_2hop__29339_40482
20:54:18 [INFO] amas.pipeline: AMAS start: qid=musique_2hop__130867_54221
20:54:20 [INFO] amas.pipeline: AMAS start: qid=musique_3hop1__146155_131905_41948
20:54:23 [INFO] amas.pipeline: AMAS start: qid=musique_2hop__448615_127908
20:54:23 [INFO] amas.pipeline: AMAS start: qid=musique_2hop__551235_310309
20:54:23 [INFO] amas.pipeline: AMAS start: qid=musique_2hop__388523_75487
20:54:24 [INFO] amas.pipeline: AMAS start: qid=musique_2hop__57638_72467
20:54:26 [INFO] amas.pipeline: AMAS start: qid=musique_2hop__15650_77173
20:54:27 [INFO] amas.pipeline: AMAS start: qid=musique_2hop__765180_123956
20:54:28 [INFO] amas.pipeline: AMAS start: qid=musique_2hop__108158_83769
20:54:31 [INFO] amas.pipeline: AMAS start: qid=musique_2hop__24441_36630
20:54:32 [INFO] amas.pipeline: AMAS start: qid=musique_2hop__29191_59955
20:54:32 [INFO] amas.pipeline: AMAS start: qid=musique_2hop__161872_21567
20:54:32 [INFO] amas.pipeline: AMAS start: qid=musique_2hop__820739_250752
20:54:32 [INFO] amas.pipeline: AMAS start: qid=musique_2hop__347652_47134
20:54:33 [INFO] amas.pipeline: AMAS start: qid=musique_3hop1__813285_774554_124169
20:54:35 [INFO] amas.pipeline: AMAS start: qid=musique_3hop2__79978_90098_10557
20:54:38 [INFO] amas.pipeline: AMAS start: qid=musique_3hop1__161507_160713_77246
20:54:39 [INFO] amas.pipeline: AMAS start: qid=musique_2hop__364489_861485
20:54:40 [INFO] amas.pipeline: AMAS start: qid=musique_4hop1__56635_49925_13759_736921
20:54:40 [INFO] amas.pipeline: AMAS start: qid=musique_3hop1__831162_831637_91775
20:54:40 [INFO] amas.pipeline: AMAS start: qid=musique_2hop__121145_561444
20:54:40 [INFO] amas.pipeline: AMAS start: qid=musique_2hop__51965_165532
20:54:44 [INFO] amas.pipeline: AMAS start: qid=musique_3hop1__131820_59747_48534
20:54:45 [INFO] amas.pipeline: AMAS start: qid=musique_2hop__153573_45901
20:54:46 [INFO] amas.pipeline: AMAS start: qid=musique_2hop__622308_61845
20:54:46 [INFO] amas.pipeline: AMAS start: qid=musique_2hop__700093_455653
20:54:46 [INFO] amas.pipeline: AMAS start: qid=musique_4hop1__131820_59747_211319_557671
20:54:47 [INFO] amas.pipeline: AMAS start: qid=musique_3hop1__699454_831637_91775
20:54:49 [INFO] amas.pipeline: AMAS start: qid=musique_4hop1__525129_315334_131926_90707
20:54:49 [INFO] amas.pipeline: AMAS start: qid=musique_3hop1__857_846_7849
20:54:52 [INFO] amas.pipeline: AMAS start: qid=musique_3hop1__380590_831637_91775
20:54:54 [INFO] amas.pipeline: AMAS start: qid=musique_3hop1__222497_309482_27537
20:54:56 [INFO] amas.pipeline: AMAS start: qid=musique_2hop__527400_159673
20:54:56 [INFO] amas.pipeline: AMAS start: qid=musique_2hop__13592_85544
20:54:57 [INFO] amas.pipeline: AMAS start: qid=musique_3hop1__691197_15840_36014
20:54:57 [INFO] amas.pipeline: AMAS start: qid=musique_4hop1__88342_49853_128008_46748
20:55:00 [INFO] amas.pipeline: AMAS start: qid=musique_2hop__67660_81007
20:55:01 [INFO] amas.pipeline: AMAS start: qid=musique_2hop__161151_42429
20:55:02 [INFO] amas.pipeline: AMAS start: qid=musique_2hop__94629_1110
20:55:02 [INFO] amas.pipeline: AMAS start: qid=musique_4hop1__145422_698949_157828_162309
20:55:04 [INFO] amas.pipeline: AMAS start: qid=musique_3hop2__222979_380281_40768
20:55:05 [INFO] amas.pipeline: AMAS start: qid=musique_2hop__207597_73244
20:55:05 [INFO] amas.pipeline: AMAS start: qid=musique_2hop__635185_141338
20:55:05 [INFO] amas.pipeline: AMAS start: qid=musique_2hop__44652_165532
20:55:06 [INFO] amas.pipeline: AMAS start: qid=musique_3hop1__622497_160088_821792
20:55:08 [INFO] amas.pipeline: AMAS start: qid=musique_2hop__560534_91104
20:55:09 [INFO] amas.pipeline: AMAS start: qid=musique_2hop__24976_25002
20:55:10 [INFO] amas.pipeline: AMAS start: qid=musique_3hop2__607269_223623_162182
20:55:12 [INFO] amas.pipeline: AMAS start: qid=musique_2hop__29349_92763
20:55:13 [INFO] amas.pipeline: AMAS start: qid=musique_2hop__35418_22458
20:55:14 [INFO] amas.pipeline: AMAS start: qid=musique_2hop__559076_55984
20:55:14 [INFO] amas.pipeline: AMAS start: qid=musique_4hop1__94201_642284_131926_13165
20:55:18 [INFO] amas.pipeline: AMAS start: qid=musique_2hop__269766_43945
20:55:21 [INFO] amas.pipeline: AMAS start: qid=musique_4hop1__51465_53706_795904_580996
20:55:23 [INFO] amas.pipeline: AMAS start: qid=musique_2hop__72660_319330
20:55:23 [INFO] amas.pipeline: AMAS start: qid=musique_3hop1__857_846_7798
20:55:25 [INFO] amas.pipeline: AMAS start: qid=musique_3hop1__691197_15840_36002
20:55:26 [INFO] amas.pipeline: AMAS start: qid=musique_2hop__488811_30110
20:55:27 [INFO] amas.pipeline: AMAS start: qid=musique_3hop1__617062_127905_67954
20:55:27 [INFO] amas.pipeline: AMAS start: qid=musique_2hop__147212_60904
20:55:27 [INFO] amas.pipeline: AMAS start: qid=musique_3hop1__346812_15840_36014
20:55:30 [INFO] amas.pipeline: AMAS start: qid=musique_3hop1__694534_160088_73916
20:55:31 [INFO] amas.pipeline: AMAS start: qid=musique_2hop__502473_634689
20:55:31 [INFO] amas.pipeline: AMAS start: qid=musique_3hop2__92991_27069_76291
20:55:31 [INFO] amas.pipeline: AMAS start: qid=musique_2hop__144317_120065
20:55:32 [INFO] amas.pipeline: AMAS start: qid=musique_2hop__16581_16569
20:55:35 [INFO] amas.pipeline: AMAS start: qid=musique_2hop__83938_5666
20:55:37 [INFO] amas.pipeline: AMAS start: qid=musique_2hop__284789_52835
20:55:39 [INFO] amas.pipeline: AMAS start: qid=musique_2hop__497191_129669
20:55:40 [INFO] amas.pipeline: AMAS start: qid=musique_2hop__17455_21567
20:55:40 [INFO] amas.pipeline: AMAS start: qid=musique_3hop1__593288_720914_27537
20:55:41 [INFO] amas.pipeline: AMAS start: qid=musique_2hop__47808_198548
20:55:42 [INFO] amas.pipeline: AMAS start: qid=musique_4hop3__324979_836463_161616_77103
20:55:45 [INFO] amas.pipeline: AMAS start: qid=musique_2hop__143915_68489
20:55:45 [INFO] amas.pipeline: AMAS start: qid=musique_2hop__763380_74735
20:55:49 [INFO] amas.pipeline: AMAS start: qid=musique_3hop1__129675_39743_24526
20:55:49 [INFO] amas.pipeline: AMAS start: qid=musique_2hop__335418_279684
20:55:50 [INFO] amas.pipeline: AMAS start: qid=musique_3hop1__106313_443779_52195
20:55:51 [INFO] amas.pipeline: AMAS start: qid=musique_3hop2__655849_467331_162182
20:55:51 [INFO] amas.pipeline: AMAS start: qid=musique_4hop3__238811_88460_30152_20999
20:55:52 [INFO] amas.pipeline: AMAS start: qid=musique_4hop1__343844_17130_70784_61381
20:55:52 [INFO] amas.pipeline: AMAS start: qid=musique_2hop__7906_78851
20:55:53 [INFO] amas.pipeline: AMAS start: qid=musique_3hop1__131829_39743_24526
20:55:55 [INFO] amas.pipeline: AMAS start: qid=musique_3hop1__798544_514761_594810
20:55:58 [INFO] amas.pipeline: AMAS start: qid=musique_2hop__35686_58556
20:55:58 [INFO] amas.pipeline: AMAS start: qid=musique_2hop__96177_62765
20:56:00 [INFO] amas.pipeline: AMAS start: qid=musique_2hop__491195_265959
20:56:00 [INFO] amas.pipeline: AMAS start: qid=musique_3hop1__786067_228453_10972
20:56:01 [INFO] amas.pipeline: AMAS start: qid=musique_2hop__384238_74735
20:56:01 [INFO] amas.pipeline: AMAS start: qid=musique_4hop3__700962_88460_30152_20999
20:56:03 [INFO] amas.pipeline: AMAS start: qid=musique_4hop1__271272_508773_85832_745702
20:56:04 [INFO] amas.pipeline: AMAS start: qid=musique_3hop1__818422_160545_34754
20:56:04 [INFO] amas.pipeline: AMAS start: qid=musique_3hop2__30152_105895_20999
20:56:08 [INFO] amas.pipeline: AMAS start: qid=musique_2hop__58168_1783
20:56:09 [INFO] amas.pipeline: AMAS start: qid=musique_2hop__62369_84616
20:56:09 [INFO] amas.pipeline: AMAS start: qid=musique_2hop__581084_828685
20:56:09 [INFO] amas.pipeline: AMAS start: qid=musique_3hop2__132957_379231_40768
20:56:12 [INFO] amas.pipeline: AMAS start: qid=musique_2hop__36269_73244
20:56:13 [INFO] amas.pipeline: AMAS start: qid=musique_3hop2__57186_89048_66294
20:56:13 [INFO] amas.pipeline: AMAS start: qid=musique_3hop1__158848_66089_86107
20:56:15 [INFO] amas.pipeline: AMAS start: qid=musique_3hop1__45612_502967_84283
20:56:16 [INFO] amas.pipeline: AMAS start: qid=musique_2hop__82766_67668
20:56:17 [INFO] amas.pipeline: AMAS start: qid=musique_3hop1__41865_55331_34700
20:56:18 [INFO] amas.pipeline: AMAS start: qid=musique_4hop3__857_846_326964_7713
20:56:21 [INFO] amas.pipeline: AMAS start: qid=musique_2hop__107601_110222
20:56:22 [INFO] amas.pipeline: AMAS start: qid=musique_4hop1__342858_131850_33952_33939
20:56:23 [INFO] amas.pipeline: AMAS start: qid=musique_2hop__12039_11957
20:56:23 [INFO] amas.pipeline: AMAS start: qid=musique_4hop2__105527_39078_8987_8974
20:56:24 [INFO] amas.pipeline: AMAS start: qid=musique_3hop1__141138_2053_5289
20:56:25 [INFO] amas.pipeline: AMAS start: qid=musique_2hop__132909_33564
20:56:26 [INFO] amas.pipeline: AMAS start: qid=musique_3hop1__159803_89752_75165
20:56:29 [INFO] amas.pipeline: AMAS start: qid=musique_2hop__10620_79092
20:56:30 [INFO] amas.pipeline: AMAS start: qid=musique_3hop1__465684_160545_34751
20:56:31 [INFO] amas.pipeline: AMAS start: qid=musique_4hop2__161324_14670_8987_8974
20:56:31 [INFO] amas.pipeline: AMAS start: qid=musique_3hop2__304722_372858_63959
20:56:33 [INFO] amas.pipeline: AMAS start: qid=musique_3hop2__326964_265410_7713
20:56:34 [INFO] amas.pipeline: AMAS start: qid=musique_3hop2__89854_38738_76291
20:56:34 [INFO] amas.pipeline: AMAS start: qid=musique_4hop2__103790_14670_8987_8529
20:56:37 [INFO] amas.pipeline: AMAS start: qid=musique_2hop__593633_82341
20:56:38 [INFO] amas.pipeline: AMAS start: qid=musique_3hop1__228_237521_291682
20:56:40 [INFO] amas.pipeline: AMAS start: qid=musique_4hop1__152146_5274_458768_33632
20:56:41 [INFO] amas.pipeline: AMAS start: qid=musique_3hop1__635099_131926_13165
20:56:41 [INFO] amas.pipeline: AMAS start: qid=musique_3hop2__89854_90327_76291
20:56:44 [INFO] amas.pipeline: AMAS start: qid=musique_2hop__351045_47134
20:56:44 [INFO] amas.pipeline: AMAS start: qid=musique_2hop__53175_548781
20:56:46 [INFO] amas.pipeline: AMAS start: qid=musique_2hop__848156_130869
20:56:48 [INFO] amas.pipeline: AMAS start: qid=musique_2hop__606439_127399
20:56:51 [INFO] amas.pipeline: AMAS start: qid=musique_3hop1__17192_78396_54865
20:56:51 [INFO] amas.pipeline: AMAS start: qid=musique_2hop__82669_768138
20:56:52 [INFO] amas.pipeline: AMAS start: qid=musique_2hop__543853_124498
20:56:53 [INFO] amas.pipeline: AMAS start: qid=musique_3hop2__132957_76377_40768
20:56:55 [INFO] amas.pipeline: AMAS start: qid=musique_3hop1__46571_87694_124169
20:56:55 [INFO] amas.pipeline: AMAS start: qid=musique_3hop1__671542_665330_47686
20:56:56 [INFO] amas.pipeline: AMAS start: qid=musique_2hop__83257_19033
20:56:59 [INFO] amas.pipeline: AMAS start: qid=musique_2hop__70338_160040
20:57:00 [INFO] amas.pipeline: AMAS start: qid=musique_3hop1__222497_309482_41132
20:57:03 [INFO] amas.pipeline: AMAS start: qid=musique_2hop__156085_436709
20:57:03 [INFO] amas.pipeline: AMAS start: qid=musique_4hop3__160230_470287_128875_72134
20:57:04 [INFO] amas.pipeline: AMAS start: qid=musique_4hop1__159467_725495_49925_267352
20:57:05 [INFO] amas.pipeline: AMAS start: qid=musique_2hop__130508_32379
20:57:07 [INFO] amas.pipeline: AMAS start: qid=musique_3hop1__77966_91191_156667
20:57:07 [INFO] amas.pipeline: AMAS start: qid=musique_2hop__412633_15781
20:57:07 [INFO] amas.pipeline: AMAS start: qid=musique_2hop__839126_472799
20:57:10 [INFO] amas.pipeline: AMAS start: qid=musique_4hop1__152146_5274_458768_33677
20:57:11 [INFO] amas.pipeline: AMAS start: qid=musique_2hop__286621_67370
20:57:12 [INFO] amas.pipeline: AMAS start: qid=musique_2hop__166820_52835
20:57:12 [INFO] amas.pipeline: AMAS start: qid=musique_3hop1__662413_42197_18397
20:57:13 [INFO] amas.pipeline: AMAS start: qid=musique_2hop__771477_149987
20:57:14 [INFO] amas.pipeline: AMAS start: qid=musique_2hop__20268_42014
20:57:16 [INFO] amas.pipeline: AMAS start: qid=musique_2hop__821197_368148
20:57:16 [INFO] amas.pipeline: AMAS start: qid=musique_2hop__93230_319887
20:57:18 [INFO] amas.pipeline: AMAS start: qid=musique_3hop2__368986_89048_66294
20:57:18 [INFO] amas.pipeline: AMAS start: qid=musique_2hop__223655_463572
20:57:18 [INFO] amas.pipeline: AMAS start: qid=musique_2hop__645367_68633
20:57:22 [INFO] amas.pipeline: AMAS start: qid=musique_2hop__142699_67465
20:57:23 [INFO] amas.pipeline: AMAS start: qid=musique_3hop1__31995_24918_24939
20:57:24 [INFO] amas.pipeline: AMAS start: qid=musique_2hop__765678_310556
20:57:24 [INFO] amas.pipeline: AMAS start: qid=musique_3hop1__689538_547811_80702
20:57:26 [INFO] amas.pipeline: AMAS start: qid=musique_3hop1__568951_567566_84283
20:57:26 [INFO] amas.pipeline: AMAS start: qid=musique_4hop1__344155_765799_282674_759393
20:57:28 [INFO] amas.pipeline: AMAS start: qid=musique_2hop__35137_22940
20:57:29 [INFO] amas.pipeline: AMAS start: qid=musique_2hop__50199_59409
20:57:32 [INFO] amas.pipeline: AMAS start: qid=musique_2hop__235471_565925
20:57:32 [INFO] amas.pipeline: AMAS start: qid=musique_2hop__780652_93362
20:57:33 [INFO] amas.pipeline: AMAS start: qid=musique_3hop2__92991_38326_76291
20:57:34 [INFO] amas.pipeline: AMAS start: qid=musique_2hop__403580_37168
20:57:35 [INFO] amas.pipeline: AMAS start: qid=musique_3hop1__103662_443779_52195
20:57:37 [INFO] amas.pipeline: AMAS start: qid=musique_2hop__76402_653666
20:57:40 [INFO] amas.pipeline: AMAS start: qid=musique_3hop1__487301_443779_52195
20:57:42 [INFO] amas.pipeline: AMAS start: qid=musique_2hop__77832_159673
20:57:44 [INFO] amas.pipeline: AMAS start: qid=musique_4hop1__277409_49925_13759_736921
20:57:45 [INFO] amas.pipeline: AMAS start: qid=musique_2hop__567588_67465
20:57:45 [INFO] amas.pipeline: AMAS start: qid=musique_2hop__137061_45752
20:57:46 [INFO] amas.pipeline: AMAS start: qid=musique_2hop__367318_7292
20:57:46 [INFO] amas.pipeline: AMAS start: qid=musique_2hop__822113_91104
20:57:46 [INFO] amas.pipeline: AMAS start: qid=musique_2hop__347_59409
20:57:47 [INFO] amas.pipeline: AMAS start: qid=musique_2hop__52283_75184
20:57:50 [INFO] amas.pipeline: AMAS start: qid=musique_2hop__853227_68633
20:57:52 [INFO] amas.pipeline: AMAS start: qid=musique_4hop1__58323_375563_161848_28750
20:57:52 [INFO] amas.pipeline: AMAS start: qid=musique_2hop__159741_161674
20:57:52 [INFO] amas.pipeline: AMAS start: qid=musique_2hop__169443_83769
20:57:54 [INFO] amas.pipeline: AMAS start: qid=musique_2hop__10515_21567
20:57:54 [INFO] amas.pipeline: AMAS start: qid=musique_2hop__683835_709167
20:57:55 [INFO] amas.pipeline: AMAS start: qid=musique_2hop__77518_548781
20:57:57 [INFO] amas.pipeline: AMAS start: qid=musique_2hop__40485_40502
20:57:59 [INFO] amas.pipeline: AMAS start: qid=musique_2hop__460091_405771
20:58:00 [INFO] amas.pipeline: AMAS start: qid=musique_2hop__59612_50883
20:58:01 [INFO] amas.pipeline: AMAS start: qid=musique_4hop3__862_846_613770_7713
20:58:01 [INFO] amas.pipeline: AMAS start: qid=musique_3hop1__198276_709625_84283
20:58:02 [INFO] amas.pipeline: AMAS start: qid=musique_4hop1__88342_75218_128008_87812
20:58:03 [INFO] amas.pipeline: AMAS start: qid=musique_2hop__689472_52835
20:58:03 [INFO] amas.pipeline: AMAS start: qid=musique_4hop1__436202_765799_282674_759393
20:58:04 [INFO] amas.pipeline: AMAS start: qid=musique_3hop2__87184_92991_76291
20:58:05 [INFO] amas.pipeline: AMAS start: qid=musique_3hop1__406043_831637_91775
20:58:09 [INFO] amas.pipeline: AMAS start: qid=musique_3hop1__141138_2053_52946
20:58:12 [INFO] amas.pipeline: AMAS start: qid=musique_2hop__152052_141308
20:58:13 [INFO] amas.pipeline: AMAS start: qid=musique_2hop__575188_342798
20:58:13 [INFO] amas.pipeline: AMAS start: qid=musique_2hop__96411_159054
20:58:15 [INFO] amas.pipeline: AMAS start: qid=musique_2hop__71336_604644
20:58:15 [INFO] amas.pipeline: AMAS start: qid=musique_2hop__34734_92852
20:58:17 [INFO] amas.pipeline: AMAS start: qid=musique_2hop__57638_615257
20:58:19 [INFO] amas.pipeline: AMAS start: qid=musique_2hop__245835_762148
20:58:20 [INFO] amas.pipeline: AMAS start: qid=musique_3hop2__222979_132477_40768
20:58:20 [INFO] amas.pipeline: AMAS start: qid=musique_2hop__35137_22932
20:58:20 [INFO] amas.pipeline: AMAS start: qid=musique_3hop2__11282_57233_56883
20:58:21 [INFO] amas.pipeline: AMAS start: qid=musique_2hop__219456_87295
20:58:24 [INFO] amas.pipeline: AMAS start: qid=musique_3hop1__649930_15840_36002
20:58:28 [INFO] amas.pipeline: AMAS start: qid=musique_4hop1__58323_375563_161848_83118
20:58:28 [INFO] amas.pipeline: AMAS start: qid=musique_3hop2__782397_467331_162182
20:58:30 [INFO] amas.pipeline: AMAS start: qid=musique_4hop1__88342_75218_128008_80286
20:58:31 [INFO] amas.pipeline: AMAS start: qid=musique_3hop1__617062_127905_80286
20:58:31 [INFO] amas.pipeline: AMAS start: qid=musique_2hop__642686_7292
20:58:33 [INFO] amas.pipeline: AMAS start: qid=musique_4hop2__161602_474028_88460_21034
20:58:34 [INFO] amas.pipeline: AMAS start: qid=musique_2hop__608902_653666
20:58:35 [INFO] amas.pipeline: AMAS start: qid=musique_2hop__478978_124498
20:58:36 [INFO] amas.pipeline: AMAS start: qid=musique_2hop__38229_84500
20:58:36 [INFO] amas.pipeline: AMAS start: qid=musique_2hop__16581_16525
20:58:39 [INFO] amas.pipeline: AMAS start: qid=musique_3hop1__768500_730460_70315
20:58:41 [INFO] amas.pipeline: AMAS start: qid=musique_2hop__847760_80026
20:58:42 [INFO] amas.pipeline: AMAS start: qid=musique_3hop1__829944_474097_84283
20:58:43 [INFO] amas.pipeline: AMAS start: qid=musique_3hop1__354480_834494_34109
20:58:43 [INFO] amas.pipeline: AMAS start: qid=musique_2hop__21103_16254
20:58:44 [INFO] amas.pipeline: AMAS start: qid=musique_2hop__678516_179720
20:58:44 [INFO] amas.pipeline: AMAS start: qid=musique_4hop1__161810_583746_457883_650651
20:58:45 [INFO] amas.pipeline: AMAS start: qid=musique_3hop1__786067_228453_86925
20:58:46 [INFO] amas.pipeline: AMAS start: qid=musique_3hop1__320697_547811_80702
20:58:50 [INFO] amas.pipeline: AMAS start: qid=musique_3hop1__302383_503371_21711
20:58:51 [INFO] amas.pipeline: AMAS start: qid=musique_2hop__326404_120065
20:58:51 [INFO] amas.pipeline: AMAS start: qid=musique_2hop__96414_159054
20:58:52 [INFO] amas.pipeline: AMAS start: qid=musique_2hop__92590_43786
20:58:52 [INFO] amas.pipeline: AMAS start: qid=musique_3hop1__132795_40769_64047
20:58:52 [INFO] amas.pipeline: AMAS start: qid=musique_2hop__128342_375952
20:58:55 [INFO] amas.pipeline: AMAS start: qid=musique_3hop1__641921_42197_18397
20:58:55 [INFO] amas.pipeline: AMAS start: qid=musique_2hop__128608_82341
20:58:56 [INFO] amas.pipeline: AMAS start: qid=musique_3hop1__9285_5188_63702
20:58:57 [INFO] amas.pipeline: AMAS start: qid=musique_2hop__705035_152093
20:58:58 [INFO] amas.pipeline: AMAS start: qid=musique_3hop2__802066_223623_162182
20:58:59 [INFO] amas.pipeline: AMAS start: qid=musique_4hop1__833841_378185_282674_759393
20:58:59 [INFO] amas.pipeline: AMAS start: qid=musique_3hop1__103180_214799_259594
20:59:00 [INFO] amas.pipeline: AMAS start: qid=musique_2hop__463884_807572
20:59:01 [INFO] amas.pipeline: AMAS start: qid=musique_3hop1__632623_160713_77246
20:59:02 [INFO] amas.pipeline: AMAS start: qid=musique_2hop__574496_123283
20:59:03 [INFO] amas.pipeline: AMAS start: qid=musique_3hop1__64957_87694_64412
20:59:05 [INFO] amas.pipeline: AMAS start: qid=musique_2hop__10017_18974
20:59:05 [INFO] amas.pipeline: AMAS start: qid=musique_4hop1__94201_642284_131926_87157
20:59:08 [INFO] amas.pipeline: AMAS start: qid=musique_3hop1__694534_160088_49779
20:59:09 [INFO] amas.pipeline: AMAS start: qid=musique_2hop__785711_63853
20:59:10 [INFO] amas.pipeline: AMAS start: qid=musique_2hop__481809_184805
20:59:11 [INFO] amas.pipeline: AMAS start: qid=musique_2hop__227791_75487
20:59:12 [INFO] amas.pipeline: AMAS start: qid=musique_2hop__126306_396277
20:59:12 [INFO] amas.pipeline: AMAS start: qid=musique_2hop__591435_51329
20:59:13 [INFO] amas.pipeline: AMAS start: qid=musique_2hop__363214_590899
20:59:15 [INFO] amas.pipeline: AMAS start: qid=musique_2hop__6827_79845
20:59:15 [INFO] amas.pipeline: AMAS start: qid=musique_2hop__80375_90181
20:59:16 [INFO] amas.pipeline: AMAS start: qid=musique_2hop__69_59409
20:59:17 [INFO] amas.pipeline: AMAS start: qid=musique_3hop1__652852_2053_52946
20:59:18 [INFO] amas.pipeline: AMAS start: qid=musique_3hop1__765565_326948_78782
20:59:18 [INFO] amas.pipeline: AMAS start: qid=musique_3hop2__49541_140712_51068
20:59:18 [INFO] amas.pipeline: AMAS start: qid=musique_2hop__817096_15463
20:59:19 [INFO] amas.pipeline: AMAS start: qid=musique_4hop1__567737_141375_458768_33632
20:59:21 [INFO] amas.pipeline: AMAS start: qid=musique_3hop2__92991_72083_76291
20:59:23 [INFO] amas.pipeline: AMAS start: qid=musique_2hop__525581_161450
20:59:24 [INFO] amas.pipeline: AMAS start: qid=musique_3hop2__855821_223623_162182
20:59:25 [INFO] amas.pipeline: AMAS start: qid=musique_3hop1__838590_831637_91775
20:59:25 [INFO] amas.pipeline: AMAS start: qid=musique_2hop__96137_62765
20:59:26 [INFO] amas.pipeline: AMAS start: qid=musique_2hop__519160_78303
20:59:27 [INFO] amas.pipeline: AMAS start: qid=musique_2hop__504464_708278
20:59:29 [INFO] amas.pipeline: AMAS start: qid=musique_3hop1__28527_42197_18397
20:59:31 [INFO] amas.pipeline: AMAS start: qid=musique_2hop__170914_152093
20:59:31 [INFO] amas.pipeline: AMAS start: qid=musique_2hop__595747_31270
20:59:31 [INFO] amas.pipeline: AMAS start: qid=musique_4hop1__31333_59747_211319_557671
20:59:34 [INFO] amas.pipeline: AMAS start: qid=musique_4hop1__708184_153080_159767_81096
20:59:35 [INFO] amas.pipeline: AMAS start: qid=musique_2hop__71294_494136
20:59:36 [INFO] amas.pipeline: AMAS start: qid=musique_2hop__71755_463572
20:59:39 [INFO] amas.pipeline: AMAS start: qid=musique_3hop2__326964_811351_7713
20:59:40 [INFO] amas.pipeline: AMAS start: qid=musique_2hop__242938_18803
20:59:41 [INFO] amas.pipeline: AMAS start: qid=musique_3hop1__239036_15840_36014
20:59:43 [INFO] amas.pipeline: AMAS start: qid=musique_2hop__433694_20273
20:59:43 [INFO] amas.pipeline: AMAS start: qid=musique_2hop__253612_110882
20:59:44 [INFO] amas.pipeline: AMAS start: qid=musique_3hop1__131783_131926_13165
20:59:45 [INFO] amas.pipeline: AMAS start: qid=musique_2hop__847433_11402
20:59:45 [INFO] amas.pipeline: AMAS start: qid=musique_2hop__51881_20590
20:59:45 [INFO] amas.pipeline: AMAS start: qid=musique_3hop1__390673_228453_10972
20:59:45 [INFO] amas.pipeline: AMAS start: qid=musique_3hop2__20335_8533_9331
20:59:49 [INFO] amas.pipeline: AMAS start: qid=musique_4hop3__131775_29339_508306_70744
20:59:50 [INFO] amas.pipeline: AMAS start: qid=musique_3hop1__401538_132457_51423
20:59:51 [INFO] amas.pipeline: AMAS start: qid=musique_3hop1__161433_33952_34099
20:59:52 [INFO] amas.pipeline: AMAS start: qid=musique_3hop2__831456_223623_162182
20:59:52 [INFO] amas.pipeline: AMAS start: qid=musique_2hop__488811_30113
20:59:57 [INFO] amas.pipeline: AMAS start: qid=musique_2hop__734582_74481
21:00:00 [INFO] amas.pipeline: AMAS start: qid=musique_3hop1__313670_42197_18397
21:00:01 [INFO] amas.pipeline: AMAS start: qid=musique_2hop__586343_83289
21:00:01 [INFO] amas.pipeline: AMAS start: qid=musique_4hop1__525129_315334_131926_13165
21:00:01 [INFO] amas.pipeline: AMAS start: qid=musique_2hop__268084_78303
21:00:04 [INFO] amas.pipeline: AMAS start: qid=musique_3hop1__796649_720914_27537
21:00:04 [INFO] amas.pipeline: AMAS start: qid=musique_4hop3__630723_88460_30152_20999
21:00:04 [INFO] amas.pipeline: AMAS start: qid=musique_2hop__835914_91104
21:00:05 [INFO] amas.pipeline: AMAS start: qid=musique_4hop2__797545_14670_8987_8974
21:00:05 [INFO] amas.pipeline: AMAS start: qid=musique_2hop__37656_160040
21:00:06 [INFO] amas.pipeline: AMAS start: qid=musique_4hop1__76111_624859_355213_203322
21:00:11 [INFO] amas.pipeline: AMAS start: qid=musique_4hop2__9988_158985_70784_79935
21:00:11 [INFO] amas.pipeline: AMAS start: qid=musique_3hop2__304722_740784_63959
21:00:12 [INFO] amas.pipeline: AMAS start: qid=musique_2hop__496792_392646
21:00:16 [INFO] amas.pipeline: AMAS start: qid=musique_2hop__238499_431914
21:00:17 [INFO] amas.pipeline: AMAS start: qid=musique_2hop__708145_30351
21:00:18 [INFO] amas.pipeline: AMAS start: qid=musique_2hop__756620_127399
21:00:23 [INFO] amas.pipeline: AMAS start: qid=musique_3hop1__71549_486583_84283
21:00:24 [INFO] amas.pipeline: AMAS start: qid=musique_2hop__543050_245420
21:00:24 [INFO] amas.pipeline: AMAS start: qid=musique_2hop__123148_5385
21:00:25 [INFO] amas.pipeline: AMAS start: qid=musique_2hop__30384_30351
21:00:32 [INFO] amas.pipeline: AMAS start: qid=musique_3hop1__389069_132457_51423
21:00:32 [INFO] amas.pipeline: AMAS start: qid=musique_2hop__123145_80420
21:00:33 [INFO] amas.pipeline: AMAS start: qid=musique_2hop__43579_289940
21:00:34 [INFO] amas.pipeline: AMAS start: qid=musique_2hop__472486_97805
21:00:35 [INFO] amas.pipeline: AMAS start: qid=musique_2hop__73069_88165
21:00:37 [INFO] amas.pipeline: AMAS start: qid=musique_3hop2__125104_90098_10557
21:00:39 [INFO] amas.pipeline: AMAS start: qid=musique_2hop__35445_22458
21:00:41 [INFO] amas.pipeline: AMAS start: qid=musique_3hop1__103890_10659_67187
21:00:41 [INFO] amas.pipeline: AMAS start: qid=musique_2hop__227031_144857
21:00:41 [INFO] amas.pipeline: AMAS start: qid=musique_4hop1__463635_624859_355213_203322
21:00:42 [INFO] amas.pipeline: AMAS start: qid=musique_2hop__747667_52835
21:00:44 [INFO] amas.pipeline: AMAS start: qid=musique_3hop1__145212_443779_52195
21:00:45 [INFO] amas.pipeline: AMAS start: qid=musique_4hop1__145087_32392_823060_610794
21:00:49 [INFO] amas.pipeline: AMAS start: qid=musique_2hop__557411_652060
21:00:51 [INFO] amas.pipeline: AMAS start: qid=musique_3hop1__837871_831637_91775
21:00:51 [INFO] amas.pipeline: AMAS start: qid=musique_4hop3__601548_836463_161616_77103
21:00:52 [INFO] amas.pipeline: AMAS start: qid=musique_2hop__20536_96912
21:00:53 [INFO] amas.pipeline: AMAS start: qid=musique_3hop1__847420_720378_15538
21:00:59 [INFO] amas.pipeline: AMAS start: qid=musique_2hop__6744_6731
21:01:00 [INFO] amas.pipeline: AMAS start: qid=musique_3hop1__128516_30587_83479
21:01:02 [INFO] amas.pipeline: AMAS start: qid=musique_3hop1__145427_106426_157788
21:01:09 [INFO] amas.pipeline: AMAS start: qid=musique_2hop__781079_9237
21:01:10 [INFO] amas.pipeline: AMAS start: qid=musique_2hop__75207_365216
21:01:12 [INFO] amas.pipeline: AMAS start: qid=musique_2hop__56806_7298
21:01:12 [INFO] amas.pipeline: AMAS start: qid=musique_4hop1__73810_32392_823060_610794
21:01:12 [INFO] amas.pipeline: AMAS start: qid=musique_2hop__53937_92673
21:01:13 [INFO] amas.pipeline: AMAS start: qid=musique_2hop__683203_72813
21:01:15 [INFO] amas.pipeline: AMAS start: qid=musique_3hop1__23444_160713_77246
21:01:18 [INFO] amas.pipeline: AMAS start: qid=musique_4hop1__88342_49853_128008_67954
21:01:21 [INFO] amas.pipeline: AMAS start: qid=musique_4hop2__71753_685934_70784_79935
21:01:22 [INFO] amas.pipeline: AMAS start: qid=musique_4hop1__39871_314549_131976_56103
21:01:24 [INFO] amas.pipeline: AMAS start: qid=musique_3hop2__87184_36497_76291
21:01:25 [INFO] amas.pipeline: AMAS start: qid=musique_4hop2__161602_426860_88460_21074
21:01:26 [INFO] amas.pipeline: AMAS start: qid=musique_3hop1__857_846_7794
21:01:26 [INFO] amas.pipeline: AMAS start: qid=musique_3hop1__135794_87694_64412
21:01:26 [INFO] amas.pipeline: AMAS start: qid=musique_3hop2__57238_1926_54362
21:01:27 [INFO] amas.pipeline: AMAS start: qid=musique_3hop1__365934_87694_124169
21:01:30 [INFO] amas.pipeline: AMAS start: qid=musique_2hop__48784_70131
21:01:32 [INFO] amas.pipeline: AMAS start: qid=musique_2hop__476927_31270
21:01:33 [INFO] amas.pipeline: AMAS start: qid=musique_2hop__462179_643013
21:01:36 [INFO] amas.pipeline: AMAS start: qid=musique_2hop__5658_25002
21:01:36 [INFO] amas.pipeline: AMAS start: qid=musique_2hop__398344_54166
21:01:39 [INFO] amas.pipeline: AMAS start: qid=musique_3hop1__603558_87694_124169
21:01:40 [INFO] amas.pipeline: AMAS start: qid=musique_2hop__753260_71701
21:01:40 [INFO] amas.pipeline: AMAS start: qid=musique_3hop1__108062_720914_27537
21:01:41 [INFO] amas.pipeline: AMAS start: qid=musique_4hop3__160230_470287_345497_72134
21:01:43 [INFO] amas.pipeline: AMAS start: qid=musique_4hop1__31050_725495_49925_267352
21:01:46 [INFO] amas.pipeline: AMAS start: qid=musique_2hop__684287_78303
21:01:47 [INFO] amas.pipeline: AMAS start: qid=musique_2hop__107905_110222
21:01:47 [INFO] amas.pipeline: AMAS start: qid=musique_2hop__556426_9237
21:01:48 [INFO] amas.pipeline: AMAS start: qid=musique_3hop1__465684_160545_60577
21:01:49 [INFO] amas.pipeline: AMAS start: qid=musique_2hop__39063_212301
21:01:51 [INFO] amas.pipeline: AMAS start: qid=musique_3hop2__326964_789654_7713
21:01:52 [INFO] amas.pipeline: AMAS start: qid=musique_4hop2__161602_474028_88460_20988
21:01:53 [INFO] amas.pipeline: AMAS start: qid=musique_3hop1__6362_14336_21111
21:01:55 [INFO] amas.pipeline: AMAS start: qid=musique_2hop__80_59409
21:01:55 [INFO] amas.pipeline: AMAS start: qid=musique_3hop2__93066_88342_90766
21:01:59 [INFO] amas.pipeline: AMAS start: qid=musique_2hop__673655_316668
21:02:00 [INFO] amas.pipeline: AMAS start: qid=musique_3hop1__639955_834494_33939
21:02:01 [INFO] amas.pipeline: AMAS start: qid=musique_2hop__96812_130869
21:02:02 [INFO] amas.pipeline: AMAS start: qid=musique_3hop1__458916_665330_47686
21:02:04 [INFO] amas.pipeline: AMAS start: qid=musique_3hop1__390673_228453_86925
21:02:08 [INFO] amas.pipeline: AMAS start: qid=musique_3hop2__569322_467331_162182
21:02:08 [INFO] amas.pipeline: AMAS start: qid=musique_3hop1__285585_538202_84283
21:02:08 [INFO] amas.pipeline: AMAS start: qid=musique_2hop__24661_81961
21:02:09 [INFO] amas.pipeline: AMAS start: qid=musique_4hop1__341777_508773_85832_745702
21:02:12 [INFO] amas.pipeline: AMAS start: qid=musique_4hop1__443274_17130_70784_61381
21:02:16 [INFO] amas.pipeline: AMAS start: qid=musique_4hop1__726391_153080_159767_81096
21:02:20 [INFO] amas.pipeline: AMAS start: qid=musique_2hop__789565_416401
21:02:21 [INFO] amas.pipeline: AMAS start: qid=musique_3hop2__36852_613770_7713
21:02:21 [INFO] amas.pipeline: AMAS start: qid=musique_3hop1__104762_24918_24991
21:02:21 [INFO] amas.pipeline: AMAS start: qid=musique_2hop__461639_83837
21:02:24 [INFO] amas.pipeline: AMAS start: qid=musique_2hop__88149_807969
21:02:27 [INFO] amas.pipeline: AMAS start: qid=musique_4hop3__771862_466199_695123_72134
21:02:31 [INFO] amas.pipeline: AMAS start: qid=musique_2hop__23459_35123
21:02:33 [INFO] amas.pipeline: AMAS start: qid=musique_4hop1__130480_53706_795904_580996
21:02:34 [INFO] amas.pipeline: AMAS start: qid=musique_3hop1__186307_503371_21711
21:02:36 [INFO] amas.pipeline: AMAS start: qid=musique_2hop__829474_123956
21:02:37 [INFO] amas.pipeline: AMAS start: qid=musique_2hop__252311_366220
21:02:38 [INFO] amas.pipeline: AMAS start: qid=musique_2hop__810411_159673
21:02:39 [INFO] amas.pipeline: AMAS start: qid=musique_2hop__475808_74481
21:02:39 [INFO] amas.pipeline: AMAS start: qid=musique_3hop2__668732_223623_162182
21:02:40 [INFO] amas.pipeline: AMAS start: qid=musique_2hop__20685_712629
21:02:41 [INFO] amas.pipeline: AMAS start: qid=musique_2hop__85993_512508
21:02:44 [INFO] amas.pipeline: AMAS start: qid=musique_2hop__280451_84616
21:02:47 [INFO] amas.pipeline: AMAS start: qid=musique_2hop__435184_67370
21:02:47 [INFO] amas.pipeline: AMAS start: qid=musique_3hop1__127821_157828_162309
21:02:50 [INFO] amas.pipeline: AMAS start: qid=musique_4hop1__57467_53706_795904_580996
21:02:51 [INFO] amas.pipeline: AMAS start: qid=musique_3hop1__865037_214799_259594
21:02:52 [INFO] amas.pipeline: AMAS start: qid=musique_4hop1__567737_141375_458768_33633
21:02:52 [INFO] amas.pipeline: AMAS start: qid=musique_3hop1__639955_834494_34088
21:02:53 [INFO] amas.pipeline: AMAS start: qid=musique_2hop__2613_59409
21:02:53 [INFO] amas.pipeline: AMAS start: qid=musique_2hop__24976_161105
21:02:56 [INFO] amas.pipeline: AMAS start: qid=musique_2hop__66149_85990
21:02:58 [INFO] amas.pipeline: AMAS start: qid=musique_3hop1__742780_567566_84283
21:02:59 [INFO] amas.pipeline: AMAS start: qid=musique_2hop__351275_75487
21:03:01 [INFO] amas.pipeline: AMAS start: qid=musique_4hop1__525129_315334_131926_87157
21:03:02 [INFO] amas.pipeline: AMAS start: qid=musique_4hop1__707078_765799_282674_759393
21:03:03 [INFO] amas.pipeline: AMAS start: qid=musique_2hop__132954_533882
21:03:06 [INFO] amas.pipeline: AMAS start: qid=musique_2hop__390947_232243
21:03:07 [INFO] amas.pipeline: AMAS start: qid=musique_3hop1__672543_503371_21711
21:03:09 [INFO] amas.pipeline: AMAS start: qid=musique_3hop1__754160_831637_91775
21:03:10 [INFO] amas.pipeline: AMAS start: qid=musique_3hop1__30885_160713_77246
21:03:10 [INFO] amas.pipeline: AMAS start: qid=musique_4hop2__9988_158279_70784_79935
21:03:12 [INFO] amas.pipeline: AMAS start: qid=musique_3hop1__103254_214799_259594
21:03:12 [INFO] amas.pipeline: AMAS start: qid=musique_3hop1__358853_339990_15538
21:03:13 [INFO] amas.pipeline: AMAS start: qid=musique_4hop3__316459_41402_145282_13584
21:03:13 [INFO] amas.pipeline: AMAS start: qid=musique_2hop__353836_80026
21:03:18 [INFO] amas.pipeline: AMAS start: qid=musique_2hop__358582_189042
21:03:18 [INFO] amas.pipeline: AMAS start: qid=musique_3hop1__147225_30587_83479
21:03:20 [INFO] amas.pipeline: AMAS start: qid=musique_4hop3__862_846_326964_7713
21:03:22 [INFO] amas.pipeline: AMAS start: qid=musique_4hop2__71753_648517_70784_61381
21:03:22 [INFO] amas.pipeline: AMAS start: qid=musique_2hop__159737_27110
21:03:23 [INFO] amas.pipeline: AMAS start: qid=musique_2hop__123509_5385
21:03:23 [INFO] amas.pipeline: AMAS start: qid=musique_3hop1__79039_131926_87157
21:03:26 [INFO] amas.pipeline: AMAS start: qid=musique_3hop2__222979_132536_40768
21:03:27 [INFO] amas.pipeline: AMAS start: qid=musique_4hop2__9988_729371_70784_61381
21:03:27 [INFO] amas.pipeline: AMAS start: qid=musique_3hop2__569322_223623_162182
21:03:30 [INFO] amas.pipeline: AMAS start: qid=musique_2hop__124807_135019
21:03:34 [INFO] amas.pipeline: AMAS start: qid=musique_3hop1__243276_42197_18397
21:03:35 [INFO] amas.pipeline: AMAS start: qid=musique_3hop2__304722_582839_63959
21:03:35 [INFO] amas.pipeline: AMAS start: qid=musique_4hop1__846600_153080_33897_81096
21:03:35 [INFO] amas.pipeline: AMAS start: qid=musique_2hop__40485_40501
21:03:36 [INFO] amas.pipeline: AMAS start: qid=musique_2hop__83405_158262
21:03:38 [INFO] amas.pipeline: AMAS start: qid=musique_2hop__23459_35124
21:03:39 [INFO] amas.pipeline: AMAS start: qid=musique_2hop__51760_122023
21:03:42 [INFO] amas.pipeline: AMAS start: qid=musique_4hop1__152562_5274_458768_33637
21:03:43 [INFO] amas.pipeline: AMAS start: qid=musique_3hop1__90327_73181_68042
21:03:47 [INFO] amas.pipeline: AMAS start: qid=musique_2hop__576118_25719
21:03:48 [INFO] amas.pipeline: AMAS start: qid=musique_3hop2__14777_8533_9331
21:03:49 [INFO] amas.pipeline: AMAS start: qid=musique_4hop3__531933_836463_161616_77103
21:03:49 [INFO] amas.pipeline: AMAS start: qid=musique_2hop__35173_17335
21:03:49 [INFO] amas.pipeline: AMAS start: qid=musique_2hop__35566_17873
21:03:50 [INFO] amas.pipeline: AMAS start: qid=musique_3hop2__304722_781203_63959
21:03:50 [INFO] amas.pipeline: AMAS start: qid=musique_3hop1__248929_160713_77246
21:03:52 [INFO] amas.pipeline: AMAS start: qid=musique_3hop1__139862_2053_52946
21:03:55 [INFO] amas.pipeline: AMAS start: qid=musique_3hop1__800948_40769_64047
21:03:55 [INFO] amas.pipeline: AMAS start: qid=musique_3hop2__88342_93066_90766
21:03:58 [INFO] amas.pipeline: AMAS start: qid=musique_2hop__742831_156034
21:03:59 [INFO] amas.pipeline: AMAS start: qid=musique_4hop1__343844_17130_70784_79935
21:04:00 [INFO] amas.pipeline: AMAS start: qid=musique_3hop1__152880_131926_90707
21:04:01 [INFO] amas.pipeline: AMAS start: qid=musique_2hop__421324_97805
21:04:02 [INFO] amas.pipeline: AMAS start: qid=musique_4hop1__129721_32392_823060_610794
21:04:03 [INFO] amas.pipeline: AMAS start: qid=musique_4hop1__89530_624859_355213_203322
21:04:03 [INFO] amas.pipeline: AMAS start: qid=musique_2hop__57209_67668
21:04:07 [INFO] amas.pipeline: AMAS start: qid=musique_3hop1__742464_15840_36014
21:04:09 [INFO] amas.pipeline: AMAS start: qid=musique_2hop__475070_532404
21:04:09 [INFO] amas.pipeline: AMAS start: qid=musique_2hop__826864_17335
21:04:10 [INFO] amas.pipeline: AMAS start: qid=musique_3hop1__140345_2053_5289
21:04:11 [INFO] amas.pipeline: AMAS start: qid=musique_4hop1__37608_32392_823060_610794
21:04:11 [INFO] amas.pipeline: AMAS start: qid=musique_4hop1__88342_75218_128008_80487
21:04:12 [INFO] amas.pipeline: AMAS start: qid=musique_2hop__131275_72870
21:04:14 [INFO] amas.pipeline: AMAS start: qid=musique_3hop1__178435_547811_80702
21:04:17 [INFO] amas.pipeline: AMAS start: qid=musique_4hop1__860115_798482_131926_90707
21:04:17 [INFO] amas.pipeline: AMAS start: qid=musique_2hop__17854_17873
21:04:19 [INFO] amas.pipeline: AMAS start: qid=musique_4hop3__668721_132409_146285_35031
21:04:20 [INFO] amas.pipeline: AMAS start: qid=musique_4hop3__175072_88460_30152_20999
21:04:21 [INFO] amas.pipeline: AMAS start: qid=musique_3hop1__139773_88110_21193
21:04:23 [INFO] amas.pipeline: AMAS start: qid=musique_2hop__83460_456238
21:04:24 [INFO] amas.pipeline: AMAS start: qid=musique_4hop2__71753_261673_70784_61381
21:04:24 [INFO] amas.pipeline: AMAS start: qid=musique_3hop1__694534_160088_85460
21:04:24 [INFO] amas.pipeline: AMAS start: qid=musique_2hop__569582_304416
21:04:26 [INFO] amas.pipeline: AMAS start: qid=musique_2hop__249867_557232
21:04:27 [INFO] amas.pipeline: AMAS start: qid=musique_2hop__147260_623159
21:04:28 [INFO] amas.pipeline: AMAS start: qid=musique_3hop1__857_846_7821
21:04:29 [INFO] amas.pipeline: AMAS start: qid=musique_3hop2__132957_295815_40768
21:04:30 [INFO] amas.pipeline: AMAS start: qid=musique_4hop1__606685_508773_85832_745702
21:04:33 [INFO] amas.pipeline: AMAS start: qid=musique_3hop1__38738_78276_68042
21:04:35 [INFO] amas.pipeline: AMAS start: qid=musique_4hop2__71753_73205_70784_79935
21:04:37 [INFO] amas.pipeline: AMAS start: qid=musique_2hop__82713_84616
21:04:41 [INFO] amas.pipeline: AMAS start: qid=musique_2hop__58939_189318
21:04:41 [INFO] amas.pipeline: AMAS start: qid=musique_2hop__731584_700117
21:04:41 [INFO] amas.pipeline: AMAS start: qid=musique_2hop__518354_67465
21:04:42 [INFO] amas.pipeline: AMAS start: qid=musique_2hop__157602_21567
21:04:42 [INFO] amas.pipeline: AMAS start: qid=musique_2hop__552546_70131
21:04:44 [INFO] amas.pipeline: AMAS start: qid=musique_2hop__78766_461854
21:04:46 [INFO] amas.pipeline: AMAS start: qid=musique_4hop3__794915_466199_695123_72134
21:04:48 [INFO] amas.pipeline: AMAS start: qid=musique_2hop__119423_779396
21:04:49 [INFO] amas.pipeline: AMAS start: qid=musique_4hop3__193820_466199_128875_72134
21:04:50 [INFO] amas.pipeline: AMAS start: qid=musique_4hop3__373573_132409_146285_35031
21:04:51 [INFO] amas.pipeline: AMAS start: qid=musique_2hop__587048_621800
21:04:52 [INFO] amas.pipeline: AMAS start: qid=musique_4hop2__161602_474028_88460_21062
21:04:53 [INFO] amas.pipeline: AMAS start: qid=musique_3hop1__604797_443779_52195
21:04:53 [INFO] amas.pipeline: AMAS start: qid=musique_2hop__547045_131879
21:04:54 [INFO] amas.pipeline: AMAS start: qid=musique_2hop__401710_456439
21:04:55 [INFO] amas.pipeline: AMAS start: qid=musique_2hop__121386_37168
21:04:56 [INFO] amas.pipeline: AMAS start: qid=musique_2hop__800166_156034
21:04:58 [INFO] amas.pipeline: AMAS start: qid=musique_3hop1__210639_147339_51423
21:04:58 [INFO] amas.pipeline: AMAS start: qid=musique_2hop__20256_74481
21:04:59 [INFO] amas.pipeline: AMAS start: qid=musique_3hop2__140194_49541_51068
21:05:00 [INFO] amas.pipeline: AMAS start: qid=musique_2hop__632161_643449
21:05:00 [INFO] amas.pipeline: AMAS start: qid=musique_2hop__55129_80460
21:05:01 [INFO] amas.pipeline: AMAS start: qid=musique_3hop2__132957_593597_40768
21:05:02 [INFO] amas.pipeline: AMAS start: qid=musique_2hop__557743_92763
21:05:08 [INFO] amas.pipeline: AMAS start: qid=musique_3hop2__92991_28727_76291
21:05:09 [INFO] amas.pipeline: AMAS start: qid=musique_2hop__64323_55840
21:05:09 [INFO] amas.pipeline: AMAS start: qid=musique_2hop__80546_75184
21:05:10 [INFO] amas.pipeline: AMAS start: qid=musique_3hop1__324448_831637_91775
21:05:12 [INFO] amas.pipeline: AMAS start: qid=musique_2hop__9285_42311
21:05:12 [INFO] amas.pipeline: AMAS start: qid=musique_2hop__850984_7292
21:05:14 [INFO] amas.pipeline: AMAS start: qid=musique_3hop2__851134_326964_7713
21:05:16 [INFO] amas.pipeline: AMAS start: qid=musique_2hop__81379_84616
21:05:17 [INFO] amas.pipeline: AMAS start: qid=musique_3hop1__579562_629431_64412
21:05:17 [INFO] amas.pipeline: AMAS start: qid=musique_2hop__223823_29905
21:05:18 [INFO] amas.pipeline: AMAS start: qid=musique_2hop__503085_110222
21:05:18 [INFO] amas.pipeline: AMAS start: qid=musique_2hop__107185_64006
21:05:20 [INFO] amas.pipeline: AMAS start: qid=musique_2hop__136067_160249
21:05:21 [INFO] amas.pipeline: AMAS start: qid=musique_2hop__794999_113442
21:05:22 [INFO] amas.pipeline: AMAS start: qid=musique_2hop__82270_177869
21:05:27 [INFO] amas.pipeline: AMAS start: qid=musique_4hop1__47210_53706_795904_580996
21:05:27 [INFO] amas.pipeline: AMAS start: qid=musique_3hop2__607269_467331_162182
21:05:28 [INFO] amas.pipeline: AMAS start: qid=musique_2hop__71871_494136
21:05:28 [INFO] amas.pipeline: AMAS start: qid=musique_3hop1__337705_132457_47686
21:05:28 [INFO] amas.pipeline: AMAS start: qid=musique_2hop__768312_814677
21:05:30 [INFO] amas.pipeline: AMAS start: qid=musique_2hop__63002_461854
21:05:31 [INFO] amas.pipeline: AMAS start: qid=musique_4hop1__473563_309800_355213_203322
21:05:34 [INFO] amas.pipeline: AMAS start: qid=musique_2hop__132469_533882
21:05:34 [INFO] amas.pipeline: AMAS start: qid=musique_4hop1__638706_378185_282674_759393
21:05:36 [INFO] amas.pipeline: AMAS start: qid=musique_2hop__517145_367341
21:05:37 [INFO] amas.pipeline: AMAS start: qid=musique_2hop__452580_70131
21:05:38 [INFO] amas.pipeline: AMAS start: qid=musique_2hop__463353_66723
21:05:40 [INFO] amas.pipeline: AMAS start: qid=musique_3hop1__617062_127905_48717
21:05:40 [INFO] amas.pipeline: AMAS start: qid=musique_3hop1__377943_650651_7262
21:05:40 [INFO] amas.pipeline: AMAS start: qid=musique_2hop__128945_47686
21:05:45 [INFO] amas.pipeline: AMAS start: qid=musique_2hop__444265_82341
21:05:45 [INFO] amas.pipeline: AMAS start: qid=musique_2hop__818692_113442
21:05:49 [INFO] amas.pipeline: AMAS start: qid=musique_2hop__41158_35124
21:05:51 [INFO] amas.pipeline: AMAS start: qid=musique_3hop1__850160_15840_36002
21:05:51 [INFO] amas.pipeline: AMAS start: qid=musique_3hop1__79039_131926_89261
21:05:51 [INFO] amas.pipeline: AMAS start: qid=musique_2hop__72686_83769
21:05:56 [INFO] amas.pipeline: AMAS start: qid=musique_2hop__131818_161450
21:05:57 [INFO] amas.pipeline: AMAS start: qid=musique_2hop__776637_87295
21:05:58 [INFO] amas.pipeline: AMAS start: qid=musique_3hop1__131820_59747_43101
21:05:59 [INFO] amas.pipeline: AMAS start: qid=musique_4hop1__696484_49925_13759_736921
21:06:01 [INFO] amas.pipeline: AMAS start: qid=musique_2hop__445963_6098
21:06:01 [INFO] amas.pipeline: AMAS start: qid=musique_3hop1__857_846_7890
21:06:04 [INFO] amas.pipeline: AMAS start: qid=musique_3hop1__418091_15840_36002
21:06:04 [INFO] amas.pipeline: AMAS start: qid=musique_2hop__61714_42553
21:06:04 [INFO] amas.pipeline: AMAS start: qid=musique_3hop1__140855_2053_52946
21:06:06 [INFO] amas.pipeline: AMAS start: qid=musique_2hop__63483_786853
21:06:07 [INFO] amas.pipeline: AMAS start: qid=musique_3hop1__145924_131905_41948
21:06:12 [INFO] amas.pipeline: AMAS start: qid=musique_3hop1__848113_15840_36002
21:06:13 [INFO] amas.pipeline: AMAS start: qid=musique_3hop1__103890_10659_83548
21:06:14 [INFO] amas.pipeline: AMAS start: qid=musique_2hop__194532_57594
21:06:14 [INFO] amas.pipeline: AMAS start: qid=musique_3hop1__726561_132457_51423
21:06:14 [INFO] amas.pipeline: AMAS start: qid=musique_2hop__21075_5028
21:06:14 [INFO] amas.pipeline: AMAS start: qid=musique_4hop1__46196_497223_15840_36002
21:06:14 [INFO] amas.pipeline: AMAS start: qid=musique_2hop__682872_516436
21:06:19 [INFO] amas.pipeline: AMAS start: qid=musique_4hop1__39871_314549_131976_44892
21:06:19 [INFO] amas.pipeline: AMAS start: qid=musique_2hop__142881_127399
21:06:20 [INFO] amas.pipeline: AMAS start: qid=musique_3hop1__398232_326948_59893
21:06:20 [INFO] amas.pipeline: AMAS start: qid=musique_3hop1__857241_503371_21711
21:06:21 [INFO] amas.pipeline: AMAS start: qid=musique_3hop2__326964_7707_7713
21:06:22 [INFO] amas.pipeline: AMAS start: qid=musique_3hop1__395211_503371_21711
21:06:25 [INFO] amas.pipeline: AMAS start: qid=musique_2hop__632234_122868
21:06:25 [INFO] amas.pipeline: AMAS start: qid=musique_3hop1__765847_831637_91775
21:06:28 [INFO] amas.pipeline: AMAS start: qid=musique_3hop1__140514_2053_5289
21:06:30 [INFO] amas.pipeline: AMAS start: qid=musique_2hop__143650_152023
21:06:31 [INFO] amas.pipeline: AMAS start: qid=musique_3hop2__127483_84553_10557
21:06:31 [INFO] amas.pipeline: AMAS start: qid=musique_3hop1__136852_30587_83479
21:06:33 [INFO] amas.pipeline: AMAS start: qid=musique_3hop1__145411_443779_52195
21:06:36 [INFO] amas.pipeline: AMAS start: qid=musique_3hop2__230_89048_66294
21:06:36 [INFO] amas.pipeline: AMAS start: qid=musique_3hop1__79462_91850_685675
21:06:37 [INFO] amas.pipeline: AMAS start: qid=musique_4hop1__88342_75218_128008_86588
21:06:38 [INFO] amas.pipeline: AMAS start: qid=musique_2hop__83800_747874
21:06:38 [INFO] amas.pipeline: AMAS start: qid=musique_2hop__145082_35034
21:06:39 [INFO] amas.pipeline: AMAS start: qid=musique_2hop__66843_494136
21:06:42 [INFO] amas.pipeline: AMAS start: qid=musique_2hop__403060_92763
21:06:45 [INFO] amas.pipeline: AMAS start: qid=musique_4hop1__629520_49925_13759_736921
21:06:47 [INFO] amas.pipeline: AMAS start: qid=musique_2hop__124933_653666
21:06:48 [INFO] amas.pipeline: AMAS start: qid=musique_3hop2__781093_223623_162182
21:06:48 [INFO] amas.pipeline: AMAS start: qid=musique_2hop__525242_52835
21:06:48 [INFO] amas.pipeline: AMAS start: qid=musique_2hop__562154_69048
21:06:50 [INFO] amas.pipeline: AMAS start: qid=musique_2hop__161915_78851
21:06:50 [INFO] amas.pipeline: AMAS start: qid=musique_3hop2__90098_156850_10557
21:06:53 [INFO] amas.pipeline: AMAS start: qid=musique_4hop1__58323_375563_161848_61344
21:06:55 [INFO] amas.pipeline: AMAS start: qid=musique_2hop__194469_83289
21:06:55 [INFO] amas.pipeline: AMAS start: qid=musique_2hop__50936_90973
21:06:55 [INFO] amas.pipeline: AMAS start: qid=musique_3hop1__147162_131905_41948
21:06:56 [INFO] amas.pipeline: AMAS start: qid=musique_2hop__846844_47134
21:06:57 [INFO] amas.pipeline: AMAS start: qid=musique_4hop1__567737_141375_458768_33637
21:07:00 [INFO] amas.pipeline: AMAS start: qid=musique_4hop1__88342_49853_128008_54974
21:07:01 [INFO] amas.pipeline: AMAS start: qid=musique_3hop1__604991_339990_15538
21:07:01 [INFO] amas.pipeline: AMAS start: qid=musique_2hop__50910_177869
21:07:03 [INFO] amas.pipeline: AMAS start: qid=musique_2hop__135822_46621
21:07:04 [INFO] amas.pipeline: AMAS start: qid=musique_4hop3__524186_219173_862998_72134
21:07:07 [INFO] amas.pipeline: AMAS start: qid=musique_3hop1__465684_160545_62931
21:07:09 [INFO] amas.pipeline: AMAS start: qid=musique_2hop__141456_6455
21:07:09 [INFO] amas.pipeline: AMAS start: qid=musique_4hop1__93601_46196_497223_15840
21:07:09 [INFO] amas.pipeline: AMAS start: qid=musique_2hop__799936_20273
21:07:10 [INFO] amas.pipeline: AMAS start: qid=musique_2hop__47071_162399
21:07:12 [INFO] amas.pipeline: AMAS start: qid=musique_4hop3__507819_88460_30152_20999
21:07:13 [INFO] amas.pipeline: AMAS start: qid=musique_2hop__135652_669373
21:07:14 [INFO] amas.pipeline: AMAS start: qid=musique_4hop1__370129_621192_10659_59955
21:07:14 [INFO] amas.pipeline: AMAS start: qid=musique_2hop__455158_247871
21:07:15 [INFO] amas.pipeline: AMAS start: qid=musique_2hop__81682_707195
21:07:15 [INFO] amas.pipeline: AMAS start: qid=musique_3hop1__278222_42197_18397
21:07:17 [INFO] amas.pipeline: AMAS start: qid=musique_2hop__32254_84601
21:07:17 [INFO] amas.pipeline: AMAS start: qid=musique_2hop__123214_22402
21:07:20 [INFO] amas.pipeline: AMAS start: qid=musique_3hop2__132957_222979_40768
21:07:21 [INFO] amas.pipeline: AMAS start: qid=musique_2hop__62311_62279
21:07:22 [INFO] amas.pipeline: AMAS start: qid=musique_3hop1__140786_2053_52946
21:07:24 [INFO] amas.pipeline: AMAS start: qid=musique_3hop1__742464_15840_36002
21:07:24 [INFO] amas.pipeline: AMAS start: qid=musique_4hop2__161602_474028_88460_63559
21:07:24 [INFO] amas.pipeline: AMAS start: qid=musique_2hop__29893_29898
21:07:24 [INFO] amas.pipeline: AMAS start: qid=musique_3hop1__210639_147339_47686
21:07:24 [INFO] amas.pipeline: AMAS start: qid=musique_2hop__263728_705527
21:07:25 [INFO] amas.pipeline: AMAS start: qid=musique_3hop1__579562_629431_124169
21:07:28 [INFO] amas.pipeline: AMAS start: qid=musique_3hop1__635099_131926_90707
21:07:28 [INFO] amas.pipeline: AMAS start: qid=musique_4hop1__668178_378185_282674_759393
21:07:30 [INFO] amas.pipeline: AMAS start: qid=musique_2hop__374495_68633
21:07:30 [INFO] amas.pipeline: AMAS start: qid=musique_2hop__204146_850295
21:07:31 [INFO] amas.pipeline: AMAS start: qid=musique_2hop__67660_158861
21:07:32 [INFO] amas.pipeline: AMAS start: qid=musique_3hop1__801799_547811_80702
21:07:34 [INFO] amas.pipeline: AMAS start: qid=musique_2hop__646573_83769
21:07:35 [INFO] amas.pipeline: AMAS start: qid=musique_4hop1__88342_49853_128008_89859
21:07:36 [INFO] amas.pipeline: AMAS start: qid=musique_2hop__73760_712629
21:07:37 [INFO] amas.pipeline: AMAS start: qid=musique_3hop1__92251_34179_23375
21:07:37 [INFO] amas.pipeline: AMAS start: qid=musique_3hop1__857_846_7713
21:07:40 [INFO] amas.pipeline: AMAS start: qid=musique_2hop__72118_83769
21:07:40 [INFO] amas.pipeline: AMAS start: qid=musique_3hop1__139787_88110_77129
21:07:41 [INFO] amas.pipeline: AMAS start: qid=musique_2hop__9223_9237
21:07:41 [INFO] amas.pipeline: AMAS start: qid=musique_2hop__25797_990
21:07:41 [INFO] amas.pipeline: AMAS start: qid=musique_2hop__53147_7298
21:07:43 [INFO] amas.pipeline: AMAS start: qid=musique_3hop1__5544_34179_23375
21:07:43 [INFO] amas.pipeline: AMAS start: qid=musique_3hop1__604991_339990_54675
21:07:47 [INFO] amas.pipeline: AMAS start: qid=musique_2hop__73615_42173
21:07:49 [INFO] amas.pipeline: AMAS start: qid=musique_2hop__797443_120537
21:07:49 [INFO] amas.pipeline: AMAS start: qid=musique_3hop2__132957_51933_40768
21:07:50 [INFO] amas.pipeline: AMAS start: qid=musique_4hop2__161602_426860_88460_20988
21:07:52 [INFO] amas.pipeline: AMAS start: qid=musique_2hop__61714_89309
21:07:53 [INFO] amas.pipeline: AMAS start: qid=musique_2hop__810884_22402
21:07:54 [INFO] amas.pipeline: AMAS start: qid=musique_4hop1__163763_49925_13759_736921
21:07:55 [INFO] amas.pipeline: AMAS start: qid=musique_2hop__37765_85990
21:07:57 [INFO] amas.pipeline: AMAS start: qid=musique_2hop__16844_20510
21:07:58 [INFO] amas.pipeline: AMAS start: qid=musique_2hop__153573_109006
21:07:58 [INFO] amas.pipeline: AMAS start: qid=musique_2hop__665660_135481
21:07:59 [INFO] amas.pipeline: AMAS start: qid=musique_2hop__744055_408817
21:07:59 [INFO] amas.pipeline: AMAS start: qid=musique_2hop__166824_185403
21:07:59 [INFO] amas.pipeline: AMAS start: qid=musique_2hop__66167_72467
21:08:02 [INFO] amas.pipeline: AMAS start: qid=musique_4hop2__9988_158279_70784_61381
21:08:04 [INFO] amas.pipeline: AMAS start: qid=musique_3hop1__497845_629431_124169
21:08:04 [INFO] amas.pipeline: AMAS start: qid=musique_3hop1__144439_443779_52195
21:08:04 [INFO] amas.pipeline: AMAS start: qid=musique_2hop__135963_486257
21:08:05 [INFO] amas.pipeline: AMAS start: qid=musique_2hop__821368_14251
21:08:06 [INFO] amas.pipeline: AMAS start: qid=musique_2hop__449673_91104
21:08:06 [INFO] amas.pipeline: AMAS start: qid=musique_2hop__39954_80940
21:08:12 [INFO] amas.pipeline: AMAS start: qid=musique_4hop1__749065_698949_157828_162309
21:08:12 [INFO] amas.pipeline: AMAS start: qid=musique_3hop1__73796_87694_64412
21:08:14 [INFO] amas.pipeline: AMAS start: qid=musique_3hop1__640171_228453_10972
21:08:15 [INFO] amas.pipeline: AMAS start: qid=musique_3hop2__781093_467331_162182
21:08:15 [INFO] amas.pipeline: AMAS start: qid=musique_2hop__818302_25719
21:08:15 [INFO] amas.pipeline: AMAS start: qid=musique_2hop__70584_198548
21:08:17 [INFO] amas.pipeline: AMAS start: qid=musique_3hop1__506062_792411_51423
21:08:19 [INFO] amas.pipeline: AMAS start: qid=musique_2hop__813461_31270
21:08:19 [INFO] amas.pipeline: AMAS start: qid=musique_3hop1__9285_5188_86687
21:08:20 [INFO] amas.pipeline: AMAS start: qid=musique_2hop__684839_139312
21:08:20 [INFO] amas.pipeline: AMAS start: qid=musique_3hop1__49236_89752_54221
21:08:20 [INFO] amas.pipeline: AMAS start: qid=musique_2hop__359312_18803
21:08:23 [INFO] amas.pipeline: AMAS start: qid=musique_2hop__107548_124896
21:08:24 [INFO] amas.pipeline: AMAS start: qid=musique_4hop1__131632_32392_823060_610794
21:08:25 [INFO] amas.pipeline: AMAS start: qid=musique_3hop1__106239_650651_7262
21:08:27 [INFO] amas.pipeline: AMAS start: qid=musique_3hop1__617062_127905_46894
21:08:28 [INFO] amas.pipeline: AMAS start: qid=musique_4hop2__160585_39078_8987_8974
21:08:30 [INFO] amas.pipeline: AMAS start: qid=musique_2hop__403712_793210
21:08:30 [INFO] amas.pipeline: AMAS start: qid=musique_2hop__471509_136043
21:08:31 [INFO] amas.pipeline: AMAS start: qid=musique_2hop__1667_40502
21:08:33 [INFO] amas.pipeline: AMAS start: qid=musique_2hop__256553_617289
21:08:33 [INFO] amas.pipeline: AMAS start: qid=musique_2hop__44815_494136
21:08:38 [INFO] amas.pipeline: AMAS start: qid=musique_2hop__107690_124896
21:08:38 [INFO] amas.pipeline: AMAS start: qid=musique_2hop__13731_801817
21:08:39 [INFO] amas.pipeline: AMAS start: qid=musique_2hop__827940_277334
21:08:40 [INFO] amas.pipeline: AMAS start: qid=musique_4hop3__710473_354093_254885_76356
21:08:41 [INFO] amas.pipeline: AMAS start: qid=musique_2hop__807257_590611
21:08:42 [INFO] amas.pipeline: AMAS start: qid=musique_2hop__67956_463572
21:08:43 [INFO] amas.pipeline: AMAS start: qid=musique_2hop__168816_144857
21:08:45 [INFO] amas.pipeline: AMAS start: qid=musique_2hop__274110_413723
21:08:45 [INFO] amas.pipeline: AMAS start: qid=musique_2hop__474885_22402
21:08:46 [INFO] amas.pipeline: AMAS start: qid=musique_3hop1__761225_831637_91775
21:08:47 [INFO] amas.pipeline: AMAS start: qid=musique_3hop1__140994_2053_5289
21:08:48 [INFO] amas.pipeline: AMAS start: qid=musique_2hop__9238_9237
21:08:48 [INFO] amas.pipeline: AMAS start: qid=musique_4hop1__46196_497223_15840_36014
21:08:50 [INFO] amas.pipeline: AMAS start: qid=musique_2hop__507528_139339
21:08:50 [INFO] amas.pipeline: AMAS start: qid=musique_3hop1__79039_131926_90707
21:08:52 [INFO] amas.pipeline: AMAS start: qid=musique_4hop1__15567_59747_211319_557671
21:08:53 [INFO] amas.pipeline: AMAS start: qid=musique_2hop__157376_643670
21:08:55 [INFO] amas.pipeline: AMAS start: qid=musique_3hop1__823336_228453_10972
21:08:56 [INFO] amas.pipeline: AMAS start: qid=musique_3hop1__418091_15840_36014
21:08:57 [INFO] amas.pipeline: AMAS start: qid=musique_2hop__814856_110882
21:08:58 [INFO] amas.pipeline: AMAS start: qid=musique_2hop__536283_67465
21:09:00 [INFO] amas.pipeline: AMAS start: qid=musique_3hop1__462125_538202_84283
21:09:00 [INFO] amas.pipeline: AMAS start: qid=musique_3hop1__426806_42197_18397
21:09:01 [INFO] amas.pipeline: AMAS start: qid=musique_2hop__865828_377862
21:09:03 [INFO] amas.pipeline: AMAS start: qid=musique_2hop__273020_57594
21:09:05 [INFO] amas.pipeline: AMAS start: qid=musique_2hop__124592_402641
21:09:08 [INFO] amas.pipeline: AMAS start: qid=musique_4hop1__788226_32392_823060_610794
21:09:09 [INFO] amas.pipeline: AMAS start: qid=musique_3hop1__312146_720914_27537
21:09:11 [INFO] amas.pipeline: AMAS start: qid=musique_2hop__66708_573255
21:09:13 [INFO] amas.pipeline: AMAS start: qid=musique_2hop__59133_512508
21:09:13 [INFO] amas.pipeline: AMAS start: qid=musique_2hop__95687_577502
21:09:13 [INFO] amas.pipeline: AMAS start: qid=musique_3hop1__857_846_7887
21:09:14 [INFO] amas.pipeline: AMAS start: qid=musique_4hop3__316459_41402_146281_13584
21:09:16 [INFO] amas.pipeline: AMAS start: qid=musique_3hop1__797496_831637_91775
21:09:16 [INFO] amas.pipeline: AMAS start: qid=musique_2hop__757497_78606
21:09:20 [INFO] amas.pipeline: AMAS start: qid=musique_3hop2__132957_433432_40768
21:09:23 [INFO] amas.pipeline: AMAS start: qid=musique_2hop__159816_37168
21:09:23 [INFO] amas.pipeline: AMAS start: qid=musique_3hop1__751782_2053_5289
Done: 1000 processed in 1262.2s (answered=1000/1000)
