/local/yzheng/pnair/workspace/adaptive-mas/.venv/lib/python3.10/site-packages/transformers/utils/hub.py:110: FutureWarning: Using `TRANSFORMERS_CACHE` is deprecated and will be removed in v5 of Transformers. Use `HF_HOME` instead.
  warnings.warn(
2026-04-23 19:09:38 [INFO] __main__: Loaded 16 questions from data/musique/questions_smoke50_seed42_3gpu_shard2.json
2026-04-23 19:09:38 [INFO] __main__: Checkpoint: 0 completed, 16 remaining
2026-04-23 19:09:39 [INFO] sentence_transformers.base.model: No device provided, using cuda:0
2026-04-23 19:09:39 [INFO] sentence_transformers.base.model: Loading SentenceTransformer model from intfloat/e5-base-v2.
Processing questions:   0%|          | 0/16 [00:00<?, ?q/s]2026-04-23 19:09:41 [INFO] adaptive_sage.pipeline: Pipeline start: question_id=musique_2hop__810884_22402, max_steps=4
2026-04-23 19:09:41 [INFO] adaptive_sage.pipeline: Pipeline start: question_id=musique_2hop__491195_265959, max_steps=4
2026-04-23 19:09:41 [INFO] adaptive_sage.pipeline: Pipeline start: question_id=musique_2hop__472486_97805, max_steps=4
2026-04-23 19:09:41 [INFO] adaptive_sage.pipeline: Pipeline start: question_id=musique_3hop1__90327_73181_68042, max_steps=4
2026-04-23 19:09:41 [INFO] adaptive_sage.pipeline: Pipeline start: question_id=musique_3hop1__622497_160088_85460, max_steps=4
2026-04-23 19:09:41 [INFO] adaptive_sage.pipeline: Pipeline start: question_id=musique_4hop1__152146_5274_458768_33677, max_steps=4
2026-04-23 19:09:41 [INFO] adaptive_sage.pipeline: Pipeline start: question_id=musique_4hop1__802394_153080_159767_81096, max_steps=4
2026-04-23 19:09:41 [INFO] adaptive_sage.pipeline: Pipeline start: question_id=musique_2hop__123145_66723, max_steps=4

Batches:   0%|          | 0/1 [00:00<?, ?it/s][A
Batches: 100%|██████████| 1/1 [00:00<00:00,  4.54it/s][ABatches: 100%|██████████| 1/1 [00:00<00:00,  4.53it/s]

Batches:   0%|          | 0/1 [00:00<?, ?it/s][ABatches: 100%|██████████| 1/1 [00:00<00:00, 59.89it/s]

Batches:   0%|          | 0/1 [00:00<?, ?it/s][ABatches: 100%|██████████| 1/1 [00:00<00:00, 48.02it/s]

Batches:   0%|          | 0/1 [00:00<?, ?it/s][ABatches: 100%|██████████| 1/1 [00:00<00:00, 48.33it/s]

Batches:   0%|          | 0/1 [00:00<?, ?it/s][ABatches: 100%|██████████| 1/1 [00:00<00:00, 46.85it/s]
