/local/yzheng/pnair/workspace/adaptive-mas/.venv/lib/python3.10/site-packages/transformers/utils/hub.py:110: FutureWarning: Using `TRANSFORMERS_CACHE` is deprecated and will be removed in v5 of Transformers. Use `HF_HOME` instead.
  warnings.warn(
2026-04-24 11:11:01 [INFO] __main__: Loaded 17 questions from data/musique/questions_smoke50_seed42_exact3gpu_shard0.json
2026-04-24 11:11:01 [INFO] __main__: Checkpoint: 0 completed, 17 remaining
2026-04-24 11:11:01 [INFO] sentence_transformers.base.model: No device provided, using cpu
2026-04-24 11:11:01 [INFO] sentence_transformers.base.model: Loading SentenceTransformer model from intfloat/e5-base-v2.
Processing questions:   0%|          | 0/17 [00:00<?, ?q/s]2026-04-24 11:11:09 [INFO] adaptive_sage.pipeline: Pipeline start: question_id=musique_2hop__547045_131879, max_steps=4
2026-04-24 11:11:09 [INFO] adaptive_sage.pipeline: Pipeline start: question_id=musique_4hop2__161602_426860_88460_20988, max_steps=4
2026-04-24 11:11:09 [INFO] adaptive_sage.pipeline: Pipeline start: question_id=musique_2hop__304852_758385, max_steps=4
2026-04-24 11:11:09 [INFO] adaptive_sage.pipeline: Pipeline start: question_id=musique_3hop1__632623_160713_77246, max_steps=4

Batches:   0%|          | 0/1 [00:00<?, ?it/s][ABatches: 100%|██████████| 1/1 [00:00<00:00, 14.75it/s]

Batches:   0%|          | 0/1 [00:00<?, ?it/s][ABatches: 100%|██████████| 1/1 [00:00<00:00, 15.91it/s]

Batches:   0%|          | 0/1 [00:00<?, ?it/s][ABatches: 100%|██████████| 1/1 [00:00<00:00, 20.23it/s]
2026-04-24 11:12:38 [ERROR] adaptive_sage.orchestrator: All JSON parse attempts failed — returning fallback answer action

Batches:   0%|          | 0/1 [00:00<?, ?it/s][ABatches: 100%|██████████| 1/1 [00:00<00:00, 10.36it/s]

Batches:   0%|          | 0/1 [00:00<?, ?it/s][ABatches: 100%|██████████| 1/1 [00:00<00:00, 17.26it/s]
2026-04-24 11:13:35 [ERROR] adaptive_sage.investigator: All JSON parse attempts failed for sub-question: What body of water is by the headquarters location of Wipac?

Batches:   0%|          | 0/1 [00:00<?, ?it/s][ABatches: 100%|██████████| 1/1 [00:00<00:00, 20.57it/s]
2026-04-24 11:13:46 [INFO] adaptive_sage.pipeline: Pipeline done: question_id=musique_2hop__304852_758385, answer='Minnesota', subagents=3, verify=0, tokens=29244
Processing questions:   6%|▌         | 1/17 [02:37<42:00, 157.52s/q]2026-04-24 11:13:46 [INFO] adaptive_sage.pipeline: Pipeline start: question_id=musique_3hop1__222497_309482_41132, max_steps=4
