2026-04-26 22:14:31 [INFO] __main__: Loaded 334 questions from /local/yzheng/pnair/workspace/tmp/adaptive-mas-old/data/musique/opera_matched/shards_qwen3top10/questions_1000_shard2.json
2026-04-26 22:14:31 [INFO] __main__: Checkpoint: 0 completed, 334 remaining
Processing questions:   0%|          | 0/334 [00:00<?, ?q/s]2026-04-26 22:14:31 [INFO] adaptive_sage.pipeline: Pipeline start: question_id=musique_4hop3__771862_466199_695123_72134, max_steps=6
2026-04-26 22:14:31 [INFO] adaptive_sage.pipeline: Pipeline start: question_id=musique_2hop__23459_35123, max_steps=6
2026-04-26 22:15:38 [INFO] adaptive_sage.pipeline: Pipeline done: question_id=musique_2hop__23459_35123, answer='1571, 1640', subagents=1, verify=0, tokens=7229
Processing questions:   0%|          | 1/334 [01:06<6:11:49, 67.00s/q]2026-04-26 22:15:38 [INFO] adaptive_sage.pipeline: Pipeline start: question_id=musique_4hop1__130480_53706_795904_580996, max_steps=6
2026-04-26 22:18:57 [INFO] adaptive_sage.pipeline: Pipeline done: question_id=musique_4hop3__771862_466199_695123_72134, answer='1853', subagents=3, verify=0, tokens=30944
Processing questions:   1%|          | 2/334 [04:25<13:19:56, 144.57s/q]2026-04-26 22:18:57 [INFO] adaptive_sage.pipeline: Pipeline start: question_id=musique_3hop1__186307_503371_21711, max_steps=6
2026-04-26 22:20:53 [INFO] adaptive_sage.pipeline: Pipeline done: question_id=musique_3hop1__186307_503371_21711, answer='1823', subagents=1, verify=0, tokens=12414
Processing questions:   1%|          | 3/334 [06:21<12:05:31, 131.52s/q]2026-04-26 22:20:53 [INFO] adaptive_sage.pipeline: Pipeline start: question_id=musique_2hop__829474_123956, max_steps=6
2026-04-26 22:21:10 [INFO] adaptive_sage.pipeline: Pipeline done: question_id=musique_4hop1__130480_53706_795904_580996, answer='Kaweah', subagents=4, verify=0, tokens=41633
Processing questions:   1%|          | 4/334 [06:38<7:54:09, 86.21s/q]  2026-04-26 22:21:10 [INFO] adaptive_sage.pipeline: Pipeline start: question_id=musique_2hop__252311_366220, max_steps=6
2026-04-26 22:22:39 [INFO] adaptive_sage.pipeline: Pipeline done: question_id=musique_2hop__252311_366220, answer='Gene Kirkwood', subagents=1, verify=0, tokens=9678
Processing questions:   1%|▏         | 5/334 [08:08<7:59:07, 87.38s/q]2026-04-26 22:22:39 [INFO] adaptive_sage.pipeline: Pipeline start: question_id=musique_2hop__810411_159673, max_steps=6
2026-04-26 22:23:52 [INFO] adaptive_sage.pipeline: Pipeline done: question_id=musique_2hop__810411_159673, answer='Now You See Me (film)', subagents=1, verify=0, tokens=9312
Processing questions:   2%|▏         | 6/334 [09:20<7:30:25, 82.39s/q]2026-04-26 22:23:52 [INFO] adaptive_sage.pipeline: Pipeline start: question_id=musique_2hop__475808_74481, max_steps=6
2026-04-26 22:23:54 [INFO] adaptive_sage.pipeline: Pipeline done: question_id=musique_2hop__829474_123956, answer='6 April 2008', subagents=4, verify=0, tokens=22179
Processing questions:   2%|▏         | 7/334 [09:22<5:04:50, 55.93s/q]2026-04-26 22:23:54 [INFO] adaptive_sage.pipeline: Pipeline start: question_id=musique_3hop2__668732_223623_162182, max_steps=6
2026-04-26 22:30:51 [INFO] adaptive_sage.pipeline: Pipeline done: question_id=musique_2hop__475808_74481, answer='Francis Ford Coppola', subagents=7, verify=0, tokens=46230
Processing questions:   2%|▏         | 8/334 [16:19<15:29:16, 171.03s/q]2026-04-26 22:30:51 [INFO] adaptive_sage.pipeline: Pipeline start: question_id=musique_2hop__20685_712629, max_steps=6
