2026-04-26 22:14:31 [INFO] __main__: Loaded 333 questions from /local/yzheng/pnair/workspace/tmp/adaptive-mas-old/data/musique/opera_matched/shards_qwen3top10/questions_1000_shard1.json
2026-04-26 22:14:31 [INFO] __main__: Checkpoint: 0 completed, 333 remaining
Processing questions:   0%|          | 0/333 [00:00<?, ?q/s]2026-04-26 22:14:31 [INFO] adaptive_sage.pipeline: Pipeline start: question_id=musique_2hop__559076_55984, max_steps=6
2026-04-26 22:14:31 [INFO] adaptive_sage.pipeline: Pipeline start: question_id=musique_4hop1__94201_642284_131926_13165, max_steps=6
2026-04-26 22:15:37 [INFO] adaptive_sage.pipeline: Pipeline done: question_id=musique_4hop1__94201_642284_131926_13165, answer='Treaty of Detroit', subagents=1, verify=0, tokens=5386
Processing questions:   0%|          | 1/333 [01:05<6:04:31, 65.88s/q]2026-04-26 22:15:37 [INFO] adaptive_sage.pipeline: Pipeline start: question_id=musique_2hop__269766_43945, max_steps=6
2026-04-26 22:18:08 [INFO] adaptive_sage.pipeline: Pipeline done: question_id=musique_2hop__269766_43945, answer='because it called for American independence from Great Britain', subagents=3, verify=0, tokens=18156
Processing questions:   1%|          | 2/333 [03:36<10:39:58, 116.01s/q]2026-04-26 22:18:08 [INFO] adaptive_sage.pipeline: Pipeline start: question_id=musique_4hop1__51465_53706_795904_580996, max_steps=6
2026-04-26 22:18:38 [INFO] adaptive_sage.pipeline: Pipeline done: question_id=musique_2hop__559076_55984, answer='Jonatha Brooke', subagents=4, verify=0, tokens=31666
Processing questions:   1%|          | 3/333 [04:06<7:01:58, 76.72s/q]  2026-04-26 22:18:38 [INFO] adaptive_sage.pipeline: Pipeline start: question_id=musique_2hop__72660_319330, max_steps=6
2026-04-26 22:19:26 [INFO] adaptive_sage.pipeline: Pipeline done: question_id=musique_4hop1__51465_53706_795904_580996, answer='Nevada', subagents=1, verify=0, tokens=7965
Processing questions:   1%|          | 4/333 [04:54<5:57:06, 65.13s/q]2026-04-26 22:19:26 [INFO] adaptive_sage.pipeline: Pipeline start: question_id=musique_3hop1__857_846_7798, max_steps=6
2026-04-26 22:22:31 [INFO] adaptive_sage.pipeline: Pipeline done: question_id=musique_3hop1__857_846_7798, answer='Han Chinese', subagents=4, verify=0, tokens=23851
Processing questions:   2%|▏         | 5/333 [07:59<9:52:45, 108.43s/q]2026-04-26 22:22:31 [INFO] adaptive_sage.pipeline: Pipeline start: question_id=musique_3hop1__691197_15840_36002, max_steps=6
2026-04-26 22:23:52 [INFO] adaptive_sage.pipeline: Pipeline done: question_id=musique_2hop__72660_319330, answer='Woodrow Wilson', subagents=7, verify=0, tokens=38308
Processing questions:   2%|▏         | 6/333 [09:21<9:01:06, 99.29s/q] 2026-04-26 22:23:52 [INFO] adaptive_sage.pipeline: Pipeline start: question_id=musique_2hop__488811_30110, max_steps=6
2026-04-26 22:24:40 [INFO] adaptive_sage.pipeline: Pipeline done: question_id=musique_3hop1__691197_15840_36002, answer='16-bit processing power', subagents=1, verify=0, tokens=13334
Processing questions:   2%|▏         | 7/333 [10:08<7:27:41, 82.40s/q]2026-04-26 22:24:40 [INFO] adaptive_sage.pipeline: Pipeline start: question_id=musique_3hop1__617062_127905_67954, max_steps=6
2026-04-26 22:26:05 [INFO] adaptive_sage.pipeline: Pipeline done: question_id=musique_2hop__488811_30110, answer='assimilated into German culture during World War II', subagents=2, verify=0, tokens=14598
Processing questions:   2%|▏         | 8/333 [11:33<7:30:55, 83.25s/q]2026-04-26 22:26:05 [INFO] adaptive_sage.pipeline: Pipeline start: question_id=musique_2hop__147212_60904, max_steps=6
2026-04-26 22:28:55 [INFO] adaptive_sage.pipeline: Pipeline done: question_id=musique_3hop1__617062_127905_67954, answer='', subagents=7, verify=0, tokens=30307
Processing questions:   3%|▎         | 9/333 [14:23<9:56:17, 110.42s/q]2026-04-26 22:28:55 [INFO] adaptive_sage.pipeline: Pipeline start: question_id=musique_3hop1__346812_15840_36014, max_steps=6
2026-04-26 22:29:18 [INFO] adaptive_sage.pipeline: Pipeline done: question_id=musique_2hop__147212_60904, answer='Mohammed', subagents=2, verify=0, tokens=18684
Processing questions:   3%|▎         | 10/333 [14:46<7:28:17, 83.27s/q]2026-04-26 22:29:18 [INFO] adaptive_sage.pipeline: Pipeline start: question_id=musique_3hop1__694534_160088_73916, max_steps=6
