20:56:42 [INFO] amas.runner: Loaded 50 questions; 0 done; 50 to run.
20:56:42 [INFO] amas.pipeline: AMAS start: qid=musique_2hop__13548_13529
20:56:42 [INFO] amas.pipeline: AMAS start: qid=musique_3hop1__9285_5188_23307
20:56:42 [INFO] amas.pipeline: AMAS start: qid=musique_2hop__766973_770570
20:56:42 [INFO] amas.pipeline: AMAS start: qid=musique_2hop__170823_120171
20:56:42 [INFO] amas.pipeline: AMAS start: qid=musique_2hop__511454_120259
20:56:42 [INFO] amas.pipeline: AMAS start: qid=musique_4hop2__71753_648517_70784_79935
20:56:42 [INFO] amas.pipeline: AMAS start: qid=musique_4hop1__94201_642284_131926_89261
20:56:42 [INFO] amas.pipeline: AMAS start: qid=musique_4hop1__152562_5274_458768_33633
20:56:47 [INFO] amas.pipeline: AMAS start: qid=musique_3hop1__305282_282081_73772
20:56:50 [INFO] amas.pipeline: AMAS start: qid=musique_2hop__655505_110949
20:56:50 [INFO] amas.pipeline: AMAS start: qid=musique_2hop__619265_45326
20:56:52 [INFO] amas.pipeline: AMAS start: qid=musique_4hop3__754156_88460_30152_20999
20:56:55 [INFO] amas.pipeline: AMAS start: qid=musique_2hop__199513_801817
20:56:57 [INFO] amas.pipeline: AMAS start: qid=musique_3hop1__820301_720914_41132
20:56:58 [INFO] amas.pipeline: AMAS start: qid=musique_3hop1__136129_87694_124169
20:56:59 [INFO] amas.pipeline: AMAS start: qid=musique_2hop__354635_174222
20:57:00 [INFO] amas.pipeline: AMAS start: qid=musique_3hop1__849312_503371_21711
20:57:08 [INFO] amas.pipeline: AMAS start: qid=musique_2hop__511296_577502
20:57:12 [INFO] amas.pipeline: AMAS start: qid=musique_2hop__731956_126089
20:57:12 [INFO] amas.pipeline: AMAS start: qid=musique_2hop__123545_47134
20:57:12 [INFO] amas.pipeline: AMAS start: qid=musique_3hop1__786632_831637_91775
20:57:16 [INFO] amas.pipeline: AMAS start: qid=musique_2hop__124412_402641
20:57:16 [INFO] amas.pipeline: AMAS start: qid=musique_2hop__159215_779396
20:57:18 [INFO] amas.pipeline: AMAS start: qid=musique_2hop__59048_827343
20:57:19 [INFO] amas.pipeline: AMAS start: qid=musique_4hop1__726675_508773_85832_745702
20:57:19 [INFO] amas.pipeline: AMAS start: qid=musique_2hop__693444_220151
20:57:21 [INFO] amas.pipeline: AMAS start: qid=musique_3hop1__108833_720914_41132
20:57:25 [INFO] amas.pipeline: AMAS start: qid=musique_2hop__347686_127399
20:57:26 [INFO] amas.pipeline: AMAS start: qid=musique_3hop1__33845_42197_18397
20:57:27 [INFO] amas.pipeline: AMAS start: qid=musique_2hop__645448_77615
20:57:27 [INFO] amas.pipeline: AMAS start: qid=musique_4hop3__524186_219173_638950_72134
20:57:28 [INFO] amas.pipeline: AMAS start: qid=musique_2hop__734582_71302
20:57:30 [INFO] amas.pipeline: AMAS start: qid=musique_3hop1__639955_834494_34099
20:57:31 [INFO] amas.pipeline: AMAS start: qid=musique_4hop2__9988_261673_70784_79935
20:57:31 [INFO] amas.pipeline: AMAS start: qid=musique_2hop__77233_33207
20:57:32 [INFO] amas.pipeline: AMAS start: qid=musique_2hop__84847_148696
20:57:32 [INFO] amas.pipeline: AMAS start: qid=musique_3hop1__90327_83076_319330
20:57:34 [INFO] amas.pipeline: AMAS start: qid=musique_2hop__998_25855
20:57:36 [INFO] amas.pipeline: AMAS start: qid=musique_2hop__81659_52835
20:57:38 [INFO] amas.pipeline: AMAS start: qid=musique_4hop1__88342_75218_128008_48717
20:57:39 [INFO] amas.pipeline: AMAS start: qid=musique_3hop1__144678_443779_52195
20:57:40 [INFO] amas.pipeline: AMAS start: qid=musique_2hop__865961_159109
20:57:42 [INFO] amas.pipeline: AMAS start: qid=musique_3hop2__127483_60649_10557
20:57:42 [INFO] amas.pipeline: AMAS start: qid=musique_2hop__46862_68042
20:57:44 [INFO] amas.pipeline: AMAS start: qid=musique_2hop__78401_158262
20:57:49 [INFO] amas.pipeline: AMAS start: qid=musique_2hop__95970_152907
20:57:50 [INFO] amas.pipeline: AMAS start: qid=musique_3hop1__105837_160713_77246
20:57:55 [INFO] amas.pipeline: AMAS start: qid=musique_2hop__179322_83289
20:57:56 [INFO] amas.pipeline: AMAS start: qid=musique_3hop2__87184_90327_76291
20:57:58 [INFO] amas.pipeline: AMAS start: qid=musique_4hop1__152146_5274_458768_33637
Done: 50 processed in 104.3s (answered=50/50)
