2026-04-25 11:46:32 [INFO] __main__: Loaded 16 questions from data/musique/smoke50_shards/questions_smoke50_seed42_shard2.json
2026-04-25 11:46:32 [INFO] __main__: Checkpoint: 0 completed, 16 remaining
2026-04-25 11:46:33 [INFO] sentence_transformers.base.model: Loading SentenceTransformer model from /local/yzheng/pnair/.cache/huggingface/models--intfloat--e5-base-v2/snapshots/f52bf8ec8c7124536f0efb74aca902b2995e5bcd.
Processing questions:   0%|          | 0/16 [00:00<?, ?q/s]2026-04-25 11:46:33 [INFO] adaptive_sage.pipeline: Pipeline start: question_id=musique_3hop1__742464_15840_36002, max_steps=3

Batches:   0%|          | 0/1 [00:00<?, ?it/s][A
Batches: 100%|██████████| 1/1 [00:00<00:00,  1.04it/s][ABatches: 100%|██████████| 1/1 [00:00<00:00,  1.04it/s]
2026-04-25 11:46:34 [INFO] adaptive_sage.pipeline: Pipeline start: question_id=musique_2hop__57638_615257, max_steps=3

Batches:   0%|          | 0/1 [00:00<?, ?it/s][ABatches: 100%|██████████| 1/1 [00:00<00:00, 28.78it/s]
2026-04-25 11:46:34 [INFO] adaptive_sage.pipeline: Pipeline start: question_id=musique_2hop__47808_198548, max_steps=3

Batches:   0%|          | 0/1 [00:00<?, ?it/s][ABatches: 100%|██████████| 1/1 [00:00<00:00, 27.74it/s]
2026-04-25 11:46:35 [INFO] adaptive_sage.pipeline: Pipeline start: question_id=musique_2hop__132469_533882, max_steps=3

Batches:   0%|          | 0/1 [00:00<?, ?it/s][ABatches: 100%|██████████| 1/1 [00:00<00:00, 25.55it/s]
2026-04-25 11:46:35 [INFO] adaptive_sage.pipeline: Pipeline start: question_id=musique_4hop1__567737_141375_458768_33633, max_steps=3

Batches:   0%|          | 0/1 [00:00<?, ?it/s][ABatches: 100%|██████████| 1/1 [00:00<00:00, 25.58it/s]
2026-04-25 11:46:35 [INFO] adaptive_sage.pipeline: Pipeline start: question_id=musique_4hop1__152146_5274_458768_33637, max_steps=3

Batches:   0%|          | 0/1 [00:00<?, ?it/s][ABatches: 100%|██████████| 1/1 [00:00<00:00, 26.65it/s]
2026-04-25 11:46:35 [INFO] adaptive_sage.pipeline: Pipeline start: question_id=musique_2hop__76402_653666, max_steps=3

Batches:   0%|          | 0/1 [00:00<?, ?it/s][ABatches: 100%|██████████| 1/1 [00:00<00:00, 29.02it/s]
2026-04-25 11:46:35 [INFO] adaptive_sage.pipeline: Pipeline start: question_id=musique_2hop__40485_40502, max_steps=3

Batches:   0%|          | 0/1 [00:00<?, ?it/s][ABatches: 100%|██████████| 1/1 [00:00<00:00, 19.80it/s]
