19:12:55 [INFO] amas.runner: Loaded 50 questions; 0 done; 50 to run.
19:12:55 [INFO] amas.pipeline: AMAS start: qid=musique_2hop__13548_13529
19:12:55 [INFO] amas.pipeline: AMAS start: qid=musique_3hop1__9285_5188_23307
19:12:55 [INFO] amas.pipeline: AMAS start: qid=musique_2hop__766973_770570
19:12:55 [INFO] amas.pipeline: AMAS start: qid=musique_2hop__170823_120171
19:12:55 [INFO] amas.pipeline: AMAS start: qid=musique_2hop__511454_120259
19:12:55 [INFO] amas.pipeline: AMAS start: qid=musique_4hop2__71753_648517_70784_79935
19:12:55 [INFO] amas.pipeline: AMAS start: qid=musique_4hop1__94201_642284_131926_89261
19:12:55 [INFO] amas.pipeline: AMAS start: qid=musique_4hop1__152562_5274_458768_33633
19:13:05 [INFO] amas.pipeline: AMAS start: qid=musique_3hop1__305282_282081_73772
19:13:05 [INFO] amas.pipeline: AMAS start: qid=musique_2hop__655505_110949
19:13:07 [INFO] amas.pipeline: AMAS start: qid=musique_2hop__619265_45326
19:13:14 [INFO] amas.pipeline: AMAS start: qid=musique_4hop3__754156_88460_30152_20999
19:13:17 [INFO] amas.pipeline: AMAS start: qid=musique_2hop__199513_801817
19:13:18 [INFO] amas.pipeline: AMAS start: qid=musique_3hop1__820301_720914_41132
19:13:18 [INFO] amas.pipeline: AMAS start: qid=musique_3hop1__136129_87694_124169
19:13:20 [INFO] amas.pipeline: AMAS start: qid=musique_2hop__354635_174222
19:13:20 [INFO] amas.pipeline: AMAS start: qid=musique_3hop1__849312_503371_21711
19:13:24 [INFO] amas.pipeline: AMAS start: qid=musique_2hop__511296_577502
19:13:25 [INFO] amas.pipeline: AMAS start: qid=musique_2hop__731956_126089
19:13:28 [INFO] amas.pipeline: AMAS start: qid=musique_2hop__123545_47134
19:13:32 [INFO] amas.pipeline: AMAS start: qid=musique_3hop1__786632_831637_91775
19:13:34 [INFO] amas.pipeline: AMAS start: qid=musique_2hop__124412_402641
19:13:37 [INFO] amas.pipeline: AMAS start: qid=musique_2hop__159215_779396
19:13:39 [INFO] amas.pipeline: AMAS start: qid=musique_2hop__59048_827343
19:13:40 [INFO] amas.pipeline: AMAS start: qid=musique_4hop1__726675_508773_85832_745702
19:13:41 [INFO] amas.pipeline: AMAS start: qid=musique_2hop__693444_220151
19:13:42 [INFO] amas.pipeline: AMAS start: qid=musique_3hop1__108833_720914_41132
19:13:48 [INFO] amas.pipeline: AMAS start: qid=musique_2hop__347686_127399
19:13:49 [INFO] amas.pipeline: AMAS start: qid=musique_3hop1__33845_42197_18397
19:13:50 [INFO] amas.pipeline: AMAS start: qid=musique_2hop__645448_77615
19:13:50 [INFO] amas.pipeline: AMAS start: qid=musique_4hop3__524186_219173_638950_72134
19:13:51 [INFO] amas.pipeline: AMAS start: qid=musique_2hop__734582_71302
19:13:52 [INFO] amas.pipeline: AMAS start: qid=musique_3hop1__639955_834494_34099
19:13:53 [INFO] amas.pipeline: AMAS start: qid=musique_4hop2__9988_261673_70784_79935
19:13:59 [INFO] amas.pipeline: AMAS start: qid=musique_2hop__77233_33207
19:14:00 [INFO] amas.pipeline: AMAS start: qid=musique_2hop__84847_148696
19:14:01 [INFO] amas.pipeline: AMAS start: qid=musique_3hop1__90327_83076_319330
19:14:05 [INFO] amas.pipeline: AMAS start: qid=musique_2hop__998_25855
19:14:09 [INFO] amas.pipeline: AMAS start: qid=musique_2hop__81659_52835
19:14:11 [INFO] amas.pipeline: AMAS start: qid=musique_4hop1__88342_75218_128008_48717
19:14:13 [INFO] amas.pipeline: AMAS start: qid=musique_3hop1__144678_443779_52195
19:14:17 [INFO] amas.pipeline: AMAS start: qid=musique_2hop__865961_159109
19:14:25 [INFO] amas.pipeline: AMAS start: qid=musique_3hop2__127483_60649_10557
19:14:25 [INFO] amas.pipeline: AMAS start: qid=musique_2hop__46862_68042
19:14:26 [INFO] amas.pipeline: AMAS start: qid=musique_2hop__78401_158262
19:14:27 [INFO] amas.pipeline: AMAS start: qid=musique_2hop__95970_152907
19:14:30 [INFO] amas.pipeline: AMAS start: qid=musique_3hop1__105837_160713_77246
19:14:34 [INFO] amas.pipeline: AMAS start: qid=musique_2hop__179322_83289
19:14:39 [INFO] amas.pipeline: AMAS start: qid=musique_3hop2__87184_90327_76291
19:14:44 [INFO] amas.pipeline: AMAS start: qid=musique_4hop1__152146_5274_458768_33637
Done: 50 processed in 137.9s (answered=50/50)
