/local/yzheng/pnair/workspace/adaptive-mas/.venv/lib/python3.10/site-packages/transformers/utils/hub.py:110: FutureWarning: Using `TRANSFORMERS_CACHE` is deprecated and will be removed in v5 of Transformers. Use `HF_HOME` instead.
  warnings.warn(
2026-04-24 11:11:01 [INFO] __main__: Loaded 16 questions from data/musique/questions_smoke50_seed42_exact3gpu_shard2.json
2026-04-24 11:11:01 [INFO] __main__: Checkpoint: 0 completed, 16 remaining
2026-04-24 11:11:01 [INFO] sentence_transformers.base.model: No device provided, using cpu
2026-04-24 11:11:01 [INFO] sentence_transformers.base.model: Loading SentenceTransformer model from intfloat/e5-base-v2.
Processing questions:   0%|          | 0/16 [00:00<?, ?q/s]2026-04-24 11:11:09 [INFO] adaptive_sage.pipeline: Pipeline start: question_id=musique_3hop1__742464_15840_36002, max_steps=4
2026-04-24 11:11:09 [INFO] adaptive_sage.pipeline: Pipeline start: question_id=musique_2hop__57638_615257, max_steps=4
2026-04-24 11:11:09 [INFO] adaptive_sage.pipeline: Pipeline start: question_id=musique_2hop__47808_198548, max_steps=4
2026-04-24 11:11:09 [INFO] adaptive_sage.pipeline: Pipeline start: question_id=musique_2hop__132469_533882, max_steps=4

Batches:   0%|          | 0/1 [00:00<?, ?it/s][ABatches: 100%|██████████| 1/1 [00:00<00:00, 14.06it/s]

Batches:   0%|          | 0/1 [00:00<?, ?it/s][ABatches: 100%|██████████| 1/1 [00:00<00:00, 17.68it/s]

Batches:   0%|          | 0/1 [00:00<?, ?it/s][ABatches: 100%|██████████| 1/1 [00:00<00:00, 17.24it/s]

Batches:   0%|          | 0/1 [00:00<?, ?it/s][ABatches: 100%|██████████| 1/1 [00:00<00:00, 17.64it/s]

Batches:   0%|          | 0/1 [00:00<?, ?it/s][ABatches: 100%|██████████| 1/1 [00:00<00:00, 21.17it/s]

Batches:   0%|          | 0/1 [00:00<?, ?it/s][ABatches: 100%|██████████| 1/1 [00:00<00:00, 17.27it/s]

Batches:   0%|          | 0/1 [00:00<?, ?it/s][ABatches: 100%|██████████| 1/1 [00:00<00:00, 16.48it/s]

Batches:   0%|          | 0/1 [00:00<?, ?it/s][ABatches: 100%|██████████| 1/1 [00:00<00:00, 18.09it/s]

Batches:   0%|          | 0/1 [00:00<?, ?it/s][ABatches: 100%|██████████| 1/1 [00:00<00:00, 17.68it/s]
2026-04-24 11:14:12 [INFO] adaptive_sage.pipeline: Pipeline done: question_id=musique_2hop__132469_533882, answer='martin marietta corporation', subagents=3, verify=0, tokens=48149
Processing questions:   6%|▋         | 1/16 [03:02<45:42, 182.86s/q]2026-04-24 11:14:12 [INFO] adaptive_sage.pipeline: Pipeline start: question_id=musique_4hop1__567737_141375_458768_33633, max_steps=4
