2026-04-25 11:21:24 [INFO] __main__: Loaded 17 questions from data/musique/smoke50_shards/questions_smoke50_seed42_shard1.json
2026-04-25 11:21:24 [INFO] __main__: Checkpoint: 0 completed, 17 remaining
2026-04-25 11:21:24 [INFO] sentence_transformers.base.model: No device provided, using cuda:0
2026-04-25 11:21:24 [INFO] sentence_transformers.base.model: Loading SentenceTransformer model from /local/yzheng/pnair/.cache/huggingface/models--intfloat--e5-base-v2/snapshots/f52bf8ec8c7124536f0efb74aca902b2995e5bcd.
Traceback (most recent call last):
  File "/local/yzheng/pnair/workspace/adaptive-mas/scripts/runner.py", line 383, in <module>
    main()
  File "/local/yzheng/pnair/workspace/adaptive-mas/scripts/runner.py", line 368, in main
    asyncio.run(
  File "/var/scratch/yzheng/pnair/uv-python/cpython-3.10.18-linux-x86_64-gnu/lib/python3.10/asyncio/runners.py", line 44, in run
    return loop.run_until_complete(main)
  File "/var/scratch/yzheng/pnair/uv-python/cpython-3.10.18-linux-x86_64-gnu/lib/python3.10/asyncio/base_events.py", line 649, in run_until_complete
    return future.result()
  File "/local/yzheng/pnair/workspace/adaptive-mas/scripts/runner.py", line 245, in _run
    pipeline = AdaptiveRecursivePipeline(config)
  File "/local/yzheng/pnair/workspace/adaptive-mas/src/adaptive_sage/pipeline.py", line 43, in __init__
    self.investigator = Investigator(config, self.llm_client)
  File "/local/yzheng/pnair/workspace/adaptive-mas/src/adaptive_sage/investigator.py", line 93, in __init__
    self.embedding_model = SentenceTransformer(embedding_model)
  File "/local/yzheng/pnair/workspace/adaptive-mas/.venv/lib/python3.10/site-packages/sentence_transformers/util/decorators.py", line 41, in wrapper
    return func(*args, **kwargs)
  File "/local/yzheng/pnair/workspace/adaptive-mas/.venv/lib/python3.10/site-packages/sentence_transformers/sentence_transformer/model.py", line 183, in __init__
    super().__init__(
  File "/local/yzheng/pnair/workspace/adaptive-mas/.venv/lib/python3.10/site-packages/sentence_transformers/base/model.py", line 230, in __init__
    self.to(device)
  File "/local/yzheng/pnair/workspace/adaptive-mas/.venv/lib/python3.10/site-packages/torch/nn/modules/module.py", line 1371, in to
    return self._apply(convert)
  File "/local/yzheng/pnair/workspace/adaptive-mas/.venv/lib/python3.10/site-packages/torch/nn/modules/module.py", line 930, in _apply
    module._apply(fn)
  File "/local/yzheng/pnair/workspace/adaptive-mas/.venv/lib/python3.10/site-packages/torch/nn/modules/module.py", line 930, in _apply
    module._apply(fn)
  File "/local/yzheng/pnair/workspace/adaptive-mas/.venv/lib/python3.10/site-packages/torch/nn/modules/module.py", line 930, in _apply
    module._apply(fn)
  [Previous line repeated 1 more time]
  File "/local/yzheng/pnair/workspace/adaptive-mas/.venv/lib/python3.10/site-packages/torch/nn/modules/module.py", line 957, in _apply
    param_applied = fn(param)
  File "/local/yzheng/pnair/workspace/adaptive-mas/.venv/lib/python3.10/site-packages/torch/nn/modules/module.py", line 1357, in convert
    return t.to(
torch.AcceleratorError: CUDA error: out of memory
Search for `cudaErrorMemoryAllocation' in https://docs.nvidia.com/cuda/cuda-runtime-api/group__CUDART__TYPES.html for more information.
CUDA kernel errors might be asynchronously reported at some other API call, so the stacktrace below might be incorrect.
For debugging consider passing CUDA_LAUNCH_BLOCKING=1
Compile with `TORCH_USE_CUDA_DSA` to enable device-side assertions.

