START musique 2026-05-08T23:33:33+02:00
Failed to initialize disk cache, falling back to memory-only cache: [Errno 122] Cache directory "/home/yzheng/.dspy_cache/000" does not exist and could not be created
2026-05-08 23:34:08,350 INFO root | progress: 5/1000 (31.4s, 6.3s/q)
2026-05-08 23:34:26,031 INFO root | progress: 10/1000 (49.1s, 4.9s/q)
2026-05-08 23:34:42,536 INFO root | progress: 15/1000 (65.6s, 4.4s/q)
2026-05-08 23:34:59,300 INFO root | progress: 20/1000 (82.4s, 4.1s/q)
2026-05-08 23:35:18,652 INFO root | progress: 25/1000 (101.7s, 4.1s/q)
2026-05-08 23:35:40,996 INFO root | progress: 30/1000 (124.1s, 4.1s/q)
2026-05-08 23:35:51,946 INFO root | progress: 35/1000 (135.0s, 3.9s/q)
2026-05-08 23:36:11,301 INFO root | progress: 40/1000 (154.4s, 3.9s/q)
2026-05-08 23:36:29,775 INFO root | progress: 45/1000 (172.9s, 3.8s/q)
2026-05-08 23:36:54,248 INFO root | progress: 50/1000 (197.3s, 3.9s/q)
2026-05-08 23:37:02,392 INFO root | progress: 55/1000 (205.5s, 3.7s/q)
2026-05-08 23:37:29,139 INFO root | progress: 60/1000 (232.2s, 3.9s/q)
2026-05-08 23:37:51,178 INFO root | progress: 65/1000 (254.3s, 3.9s/q)
2026-05-08 23:38:04,973 INFO root | progress: 70/1000 (268.1s, 3.8s/q)
2026-05-08 23:38:28,362 INFO root | progress: 75/1000 (291.5s, 3.9s/q)
2026-05-08 23:38:48,896 INFO root | progress: 80/1000 (312.0s, 3.9s/q)
2026-05-08 23:39:00,120 INFO root | progress: 85/1000 (323.2s, 3.8s/q)
2026-05-08 23:39:26,932 INFO root | progress: 90/1000 (350.0s, 3.9s/q)
2026-05-08 23:39:44,930 INFO root | progress: 95/1000 (368.0s, 3.9s/q)
2026-05-08 23:39:59,583 INFO root | progress: 100/1000 (382.7s, 3.8s/q)
2026/05/08 23:40:11 WARNING dspy.clients.lm: LM response was truncated due to exceeding max_tokens=768. You can inspect the latest LM interactions with `dspy.inspect_history()`. To avoid truncation, consider passing a larger max_tokens when setting up dspy.LM. You may also consider increasing the temperature (currently 0.0)  if the reason for truncation is repetition.
2026-05-08 23:40:26,581 INFO root | progress: 105/1000 (409.7s, 3.9s/q)
2026-05-08 23:40:40,656 INFO root | progress: 110/1000 (423.8s, 3.9s/q)
2026-05-08 23:41:06,121 INFO root | progress: 115/1000 (449.2s, 3.9s/q)
2026-05-08 23:41:24,150 INFO root | progress: 120/1000 (467.2s, 3.9s/q)
2026-05-08 23:41:38,834 INFO root | progress: 125/1000 (481.9s, 3.9s/q)
2026-05-08 23:41:58,698 INFO root | progress: 130/1000 (501.8s, 3.9s/q)
2026-05-08 23:42:11,760 INFO root | progress: 135/1000 (514.9s, 3.8s/q)
2026-05-08 23:42:29,710 INFO root | progress: 140/1000 (532.8s, 3.8s/q)
2026-05-08 23:42:48,410 INFO root | progress: 145/1000 (551.5s, 3.8s/q)
2026-05-08 23:43:06,738 INFO root | progress: 150/1000 (569.8s, 3.8s/q)
2026-05-08 23:43:25,645 INFO root | progress: 155/1000 (588.7s, 3.8s/q)
2026-05-08 23:43:45,916 INFO root | progress: 160/1000 (609.0s, 3.8s/q)
2026-05-08 23:44:08,170 INFO root | progress: 165/1000 (631.3s, 3.8s/q)
2026-05-08 23:44:22,465 INFO root | progress: 170/1000 (645.6s, 3.8s/q)
2026-05-08 23:44:45,869 INFO root | progress: 175/1000 (669.0s, 3.8s/q)
2026-05-08 23:45:10,060 INFO root | progress: 180/1000 (693.2s, 3.9s/q)
2026-05-08 23:45:26,776 INFO root | progress: 185/1000 (709.9s, 3.8s/q)
2026-05-08 23:45:43,708 INFO root | progress: 190/1000 (726.8s, 3.8s/q)
2026-05-08 23:46:00,463 INFO root | progress: 195/1000 (743.6s, 3.8s/q)
2026-05-08 23:46:20,977 INFO root | progress: 200/1000 (764.1s, 3.8s/q)
2026-05-08 23:46:42,627 INFO root | progress: 205/1000 (785.7s, 3.8s/q)
2026-05-08 23:46:58,162 INFO root | progress: 210/1000 (801.3s, 3.8s/q)
2026-05-08 23:47:24,310 INFO root | progress: 215/1000 (827.4s, 3.8s/q)
2026-05-08 23:47:45,241 INFO root | progress: 220/1000 (848.3s, 3.9s/q)
2026-05-08 23:48:04,803 INFO root | progress: 225/1000 (867.9s, 3.9s/q)
2026-05-08 23:48:21,487 INFO root | progress: 230/1000 (884.6s, 3.8s/q)
2026-05-08 23:48:40,955 INFO root | progress: 235/1000 (904.1s, 3.8s/q)
2026-05-08 23:48:57,755 INFO root | progress: 240/1000 (920.9s, 3.8s/q)
2026-05-08 23:49:19,892 INFO root | progress: 245/1000 (943.0s, 3.8s/q)
2026-05-08 23:49:38,317 INFO root | progress: 250/1000 (961.4s, 3.8s/q)
2026-05-08 23:49:57,126 INFO root | progress: 255/1000 (980.2s, 3.8s/q)
2026-05-08 23:50:15,806 INFO root | progress: 260/1000 (998.9s, 3.8s/q)
2026-05-08 23:50:31,943 INFO root | progress: 265/1000 (1015.0s, 3.8s/q)
2026-05-08 23:50:58,077 INFO root | progress: 270/1000 (1041.2s, 3.9s/q)
2026-05-08 23:51:10,146 INFO root | progress: 275/1000 (1053.2s, 3.8s/q)
2026-05-08 23:51:29,756 INFO root | progress: 280/1000 (1072.9s, 3.8s/q)
2026-05-08 23:51:47,884 INFO root | progress: 285/1000 (1091.0s, 3.8s/q)
2026-05-08 23:52:05,955 INFO root | progress: 290/1000 (1109.1s, 3.8s/q)
2026-05-08 23:52:23,924 INFO root | progress: 295/1000 (1127.0s, 3.8s/q)
2026-05-08 23:52:45,020 INFO root | progress: 300/1000 (1148.1s, 3.8s/q)
2026-05-08 23:52:54,181 INFO root | progress: 305/1000 (1157.3s, 3.8s/q)
2026-05-08 23:53:21,171 INFO root | progress: 310/1000 (1184.3s, 3.8s/q)
2026-05-08 23:53:42,436 INFO root | progress: 315/1000 (1205.5s, 3.8s/q)
2026-05-08 23:53:55,530 INFO root | progress: 320/1000 (1218.6s, 3.8s/q)
2026-05-08 23:54:20,297 INFO root | progress: 325/1000 (1243.4s, 3.8s/q)
2026-05-08 23:54:35,506 INFO root | progress: 330/1000 (1258.6s, 3.8s/q)
2026-05-08 23:54:55,072 INFO root | progress: 335/1000 (1278.2s, 3.8s/q)
2026-05-08 23:55:10,568 INFO root | progress: 340/1000 (1293.7s, 3.8s/q)
2026-05-08 23:55:33,123 INFO root | progress: 345/1000 (1316.2s, 3.8s/q)
2026-05-08 23:55:49,671 INFO root | progress: 350/1000 (1332.8s, 3.8s/q)
2026-05-08 23:56:08,569 INFO root | progress: 355/1000 (1351.7s, 3.8s/q)
2026-05-08 23:56:24,451 INFO root | progress: 360/1000 (1367.5s, 3.8s/q)
2026-05-08 23:56:49,234 INFO root | progress: 365/1000 (1392.3s, 3.8s/q)
2026-05-08 23:57:06,873 INFO root | progress: 370/1000 (1410.0s, 3.8s/q)
2026-05-08 23:57:24,946 INFO root | progress: 375/1000 (1428.0s, 3.8s/q)
2026-05-08 23:57:42,105 INFO root | progress: 380/1000 (1445.2s, 3.8s/q)
2026-05-08 23:58:07,827 INFO root | progress: 385/1000 (1470.9s, 3.8s/q)
2026-05-08 23:58:21,249 INFO root | progress: 390/1000 (1484.3s, 3.8s/q)
2026-05-08 23:58:44,440 INFO root | progress: 395/1000 (1507.5s, 3.8s/q)
2026-05-08 23:59:06,103 INFO root | progress: 400/1000 (1529.2s, 3.8s/q)
2026-05-08 23:59:24,558 INFO root | progress: 405/1000 (1547.7s, 3.8s/q)
2026-05-08 23:59:44,640 INFO root | progress: 410/1000 (1567.7s, 3.8s/q)
2026-05-09 00:00:01,934 INFO root | progress: 415/1000 (1585.0s, 3.8s/q)
2026-05-09 00:00:18,691 INFO root | progress: 420/1000 (1601.8s, 3.8s/q)
2026-05-09 00:00:36,895 INFO root | progress: 425/1000 (1620.0s, 3.8s/q)
2026-05-09 00:00:58,008 INFO root | progress: 430/1000 (1641.1s, 3.8s/q)
2026-05-09 00:01:17,413 INFO root | progress: 435/1000 (1660.5s, 3.8s/q)
2026-05-09 00:01:39,349 INFO root | progress: 440/1000 (1682.4s, 3.8s/q)
2026-05-09 00:01:56,406 INFO root | progress: 445/1000 (1699.5s, 3.8s/q)
2026-05-09 00:02:14,138 INFO root | progress: 450/1000 (1717.2s, 3.8s/q)
2026-05-09 00:02:32,483 INFO root | progress: 455/1000 (1735.6s, 3.8s/q)
2026-05-09 00:02:54,491 INFO root | progress: 460/1000 (1757.6s, 3.8s/q)
2026-05-09 00:03:08,396 INFO root | progress: 465/1000 (1771.5s, 3.8s/q)
2026-05-09 00:03:30,702 INFO root | progress: 470/1000 (1793.8s, 3.8s/q)
2026-05-09 00:03:46,882 INFO root | progress: 475/1000 (1810.0s, 3.8s/q)
2026/05/09 00:03:49 WARNING dspy.clients.lm: LM response was truncated due to exceeding max_tokens=768. You can inspect the latest LM interactions with `dspy.inspect_history()`. To avoid truncation, consider passing a larger max_tokens when setting up dspy.LM. You may also consider increasing the temperature (currently 0.0)  if the reason for truncation is repetition.
2026-05-09 00:04:09,550 INFO root | progress: 480/1000 (1832.6s, 3.8s/q)
2026-05-09 00:04:22,880 INFO root | progress: 485/1000 (1846.0s, 3.8s/q)
2026-05-09 00:04:44,957 INFO root | progress: 490/1000 (1868.1s, 3.8s/q)
2026-05-09 00:05:06,705 INFO root | progress: 495/1000 (1889.8s, 3.8s/q)
2026-05-09 00:05:25,405 INFO root | progress: 500/1000 (1908.5s, 3.8s/q)
2026-05-09 00:05:37,200 INFO root | progress: 505/1000 (1920.3s, 3.8s/q)
2026-05-09 00:05:59,862 INFO root | progress: 510/1000 (1943.0s, 3.8s/q)
2026-05-09 00:06:16,051 INFO root | progress: 515/1000 (1959.1s, 3.8s/q)
2026-05-09 00:06:37,976 INFO root | progress: 520/1000 (1981.1s, 3.8s/q)
2026-05-09 00:06:57,290 INFO root | progress: 525/1000 (2000.4s, 3.8s/q)
2026-05-09 00:07:12,915 INFO root | progress: 530/1000 (2016.0s, 3.8s/q)
2026-05-09 00:07:31,164 INFO root | progress: 535/1000 (2034.3s, 3.8s/q)
2026-05-09 00:07:47,335 INFO root | progress: 540/1000 (2050.4s, 3.8s/q)
2026-05-09 00:08:12,900 INFO root | progress: 545/1000 (2076.0s, 3.8s/q)
2026-05-09 00:08:24,099 INFO root | progress: 550/1000 (2087.2s, 3.8s/q)
2026-05-09 00:08:44,354 INFO root | progress: 555/1000 (2107.5s, 3.8s/q)
2026-05-09 00:09:06,172 INFO root | progress: 560/1000 (2129.3s, 3.8s/q)
2026-05-09 00:09:16,722 INFO root | progress: 565/1000 (2139.8s, 3.8s/q)
2026-05-09 00:09:41,813 INFO root | progress: 570/1000 (2164.9s, 3.8s/q)
2026/05/09 00:09:41 WARNING dspy.clients.lm: LM response was truncated due to exceeding max_tokens=768. You can inspect the latest LM interactions with `dspy.inspect_history()`. To avoid truncation, consider passing a larger max_tokens when setting up dspy.LM. You may also consider increasing the temperature (currently 0.0)  if the reason for truncation is repetition.
2026-05-09 00:10:00,878 INFO root | progress: 575/1000 (2184.0s, 3.8s/q)
2026-05-09 00:10:23,075 INFO root | progress: 580/1000 (2206.2s, 3.8s/q)
2026-05-09 00:10:44,829 INFO root | progress: 585/1000 (2227.9s, 3.8s/q)
2026-05-09 00:11:00,297 INFO root | progress: 590/1000 (2243.4s, 3.8s/q)
2026-05-09 00:11:16,036 INFO root | progress: 595/1000 (2259.1s, 3.8s/q)
2026-05-09 00:11:40,730 INFO root | progress: 600/1000 (2283.8s, 3.8s/q)
2026-05-09 00:11:58,372 INFO root | progress: 605/1000 (2301.5s, 3.8s/q)
2026-05-09 00:12:16,541 INFO root | progress: 610/1000 (2319.6s, 3.8s/q)
2026-05-09 00:12:37,719 INFO root | progress: 615/1000 (2340.8s, 3.8s/q)
2026-05-09 00:13:07,449 INFO root | progress: 620/1000 (2370.5s, 3.8s/q)
2026-05-09 00:13:15,952 INFO root | progress: 625/1000 (2379.0s, 3.8s/q)
2026-05-09 00:13:42,601 INFO root | progress: 630/1000 (2405.7s, 3.8s/q)
2026-05-09 00:13:56,651 INFO root | progress: 635/1000 (2419.7s, 3.8s/q)
2026-05-09 00:14:19,798 INFO root | progress: 640/1000 (2442.9s, 3.8s/q)
2026-05-09 00:14:34,665 INFO root | progress: 645/1000 (2457.8s, 3.8s/q)
2026-05-09 00:14:52,488 INFO root | progress: 650/1000 (2475.6s, 3.8s/q)
2026-05-09 00:15:08,202 INFO root | progress: 655/1000 (2491.3s, 3.8s/q)
2026-05-09 00:15:31,329 INFO root | progress: 660/1000 (2514.4s, 3.8s/q)
2026-05-09 00:15:55,984 INFO root | progress: 665/1000 (2539.1s, 3.8s/q)
2026-05-09 00:16:16,086 INFO root | progress: 670/1000 (2559.2s, 3.8s/q)
2026-05-09 00:16:27,654 INFO root | progress: 675/1000 (2570.8s, 3.8s/q)
2026-05-09 00:16:54,511 INFO root | progress: 680/1000 (2597.6s, 3.8s/q)
2026-05-09 00:17:01,414 INFO root | progress: 685/1000 (2604.5s, 3.8s/q)
2026-05-09 00:17:25,694 INFO root | progress: 690/1000 (2628.8s, 3.8s/q)
2026-05-09 00:17:50,160 INFO root | progress: 695/1000 (2653.3s, 3.8s/q)
2026-05-09 00:18:12,699 INFO root | progress: 700/1000 (2675.8s, 3.8s/q)
2026-05-09 00:18:33,435 INFO root | progress: 705/1000 (2696.5s, 3.8s/q)
2026-05-09 00:18:53,683 INFO root | progress: 710/1000 (2716.8s, 3.8s/q)
2026-05-09 00:19:15,460 INFO root | progress: 715/1000 (2738.6s, 3.8s/q)
2026-05-09 00:19:38,308 INFO root | progress: 720/1000 (2761.4s, 3.8s/q)
2026-05-09 00:19:50,361 INFO root | progress: 725/1000 (2773.5s, 3.8s/q)
2026-05-09 00:20:17,038 INFO root | progress: 730/1000 (2800.1s, 3.8s/q)
2026-05-09 00:20:24,111 INFO root | progress: 735/1000 (2807.2s, 3.8s/q)
2026-05-09 00:20:49,437 INFO root | progress: 740/1000 (2832.5s, 3.8s/q)
2026-05-09 00:21:10,056 INFO root | progress: 745/1000 (2853.2s, 3.8s/q)
2026-05-09 00:21:36,854 INFO root | progress: 750/1000 (2880.0s, 3.8s/q)
2026-05-09 00:21:44,267 INFO root | progress: 755/1000 (2887.4s, 3.8s/q)
2026-05-09 00:22:10,851 INFO root | progress: 760/1000 (2913.9s, 3.8s/q)
2026-05-09 00:22:23,729 INFO root | progress: 765/1000 (2926.8s, 3.8s/q)
2026-05-09 00:22:46,846 INFO root | progress: 770/1000 (2949.9s, 3.8s/q)
2026-05-09 00:23:07,405 INFO root | progress: 775/1000 (2970.5s, 3.8s/q)
2026-05-09 00:23:20,974 INFO root | progress: 780/1000 (2984.1s, 3.8s/q)
2026-05-09 00:23:45,030 INFO root | progress: 785/1000 (3008.1s, 3.8s/q)
2026-05-09 00:24:02,641 INFO root | progress: 790/1000 (3025.7s, 3.8s/q)
2026-05-09 00:24:18,647 INFO root | progress: 795/1000 (3041.7s, 3.8s/q)
2026/05/09 00:24:22 WARNING dspy.clients.lm: LM response was truncated due to exceeding max_tokens=768. You can inspect the latest LM interactions with `dspy.inspect_history()`. To avoid truncation, consider passing a larger max_tokens when setting up dspy.LM. You may also consider increasing the temperature (currently 0.0)  if the reason for truncation is repetition.
2026-05-09 00:24:38,429 INFO root | progress: 800/1000 (3061.5s, 3.8s/q)
2026-05-09 00:24:58,415 INFO root | progress: 805/1000 (3081.5s, 3.8s/q)
2026-05-09 00:25:17,675 INFO root | progress: 810/1000 (3100.8s, 3.8s/q)
2026-05-09 00:25:34,634 INFO root | progress: 815/1000 (3117.7s, 3.8s/q)
2026-05-09 00:25:52,477 INFO root | progress: 820/1000 (3135.6s, 3.8s/q)
2026-05-09 00:26:15,126 INFO root | progress: 825/1000 (3158.2s, 3.8s/q)
2026-05-09 00:26:28,828 INFO root | progress: 830/1000 (3171.9s, 3.8s/q)
2026-05-09 00:26:49,276 INFO root | progress: 835/1000 (3192.4s, 3.8s/q)
2026-05-09 00:27:03,949 INFO root | progress: 840/1000 (3207.0s, 3.8s/q)
2026-05-09 00:27:31,226 INFO root | progress: 845/1000 (3234.3s, 3.8s/q)
2026-05-09 00:27:43,406 INFO root | progress: 850/1000 (3246.5s, 3.8s/q)
2026-05-09 00:28:10,980 INFO root | progress: 855/1000 (3274.1s, 3.8s/q)
2026-05-09 00:28:22,813 INFO root | progress: 860/1000 (3285.9s, 3.8s/q)
2026-05-09 00:28:49,545 INFO root | progress: 865/1000 (3312.6s, 3.8s/q)
2026-05-09 00:29:05,675 INFO root | progress: 870/1000 (3328.8s, 3.8s/q)
2026-05-09 00:29:29,132 INFO root | progress: 875/1000 (3352.2s, 3.8s/q)
2026-05-09 00:29:50,940 INFO root | progress: 880/1000 (3374.0s, 3.8s/q)
2026-05-09 00:30:00,854 INFO root | progress: 885/1000 (3384.0s, 3.8s/q)
2026-05-09 00:30:21,880 INFO root | progress: 890/1000 (3405.0s, 3.8s/q)
2026-05-09 00:30:39,491 INFO root | progress: 895/1000 (3422.6s, 3.8s/q)
2026-05-09 00:30:57,035 INFO root | progress: 900/1000 (3440.1s, 3.8s/q)
2026-05-09 00:31:13,953 INFO root | progress: 905/1000 (3457.1s, 3.8s/q)
2026-05-09 00:31:38,622 INFO root | progress: 910/1000 (3481.7s, 3.8s/q)
2026-05-09 00:31:52,045 INFO root | progress: 915/1000 (3495.1s, 3.8s/q)
2026-05-09 00:32:19,346 INFO root | progress: 920/1000 (3522.4s, 3.8s/q)
2026-05-09 00:32:38,168 INFO root | progress: 925/1000 (3541.3s, 3.8s/q)
2026-05-09 00:32:53,587 INFO root | progress: 930/1000 (3556.7s, 3.8s/q)
2026-05-09 00:33:19,059 INFO root | progress: 935/1000 (3582.2s, 3.8s/q)
2026-05-09 00:33:28,623 INFO root | progress: 940/1000 (3591.7s, 3.8s/q)
2026-05-09 00:33:53,767 INFO root | progress: 945/1000 (3616.9s, 3.8s/q)
2026-05-09 00:34:10,486 INFO root | progress: 950/1000 (3633.6s, 3.8s/q)
2026-05-09 00:34:29,701 INFO root | progress: 955/1000 (3652.8s, 3.8s/q)
2026-05-09 00:34:45,582 INFO root | progress: 960/1000 (3668.7s, 3.8s/q)
2026-05-09 00:35:08,679 INFO root | progress: 965/1000 (3691.8s, 3.8s/q)
2026-05-09 00:35:22,430 INFO root | progress: 970/1000 (3705.5s, 3.8s/q)
2026-05-09 00:35:43,457 INFO root | progress: 975/1000 (3726.6s, 3.8s/q)
2026-05-09 00:35:58,735 INFO root | progress: 980/1000 (3741.8s, 3.8s/q)
2026-05-09 00:36:13,330 INFO root | progress: 985/1000 (3756.4s, 3.8s/q)
2026-05-09 00:36:33,870 INFO root | progress: 990/1000 (3777.0s, 3.8s/q)
2026-05-09 00:37:02,641 INFO root | progress: 995/1000 (3805.7s, 3.8s/q)
2026-05-09 00:37:15,165 INFO root | progress: 1000/1000 (3818.3s, 3.8s/q)
2026-05-09 00:37:15,165 INFO root | done: 1000 predictions written to results/amas3_joint_tfgrpo_fullbase_20260508_233333/musique1000/predictions.jsonl
Eval summary: {
  "norm_em": 0.199,
  "token_f1": 0.2794,
  "contain": 0.223,
  "total": 1000,
  "answered": 987
}
DONE musique 2026-05-09T00:37:17+02:00
