2026-04-25 11:21:23 [INFO] __main__: Loaded 17 questions from data/musique/smoke50_shards/questions_smoke50_seed42_shard0.json
2026-04-25 11:21:23 [INFO] __main__: Checkpoint: 0 completed, 17 remaining
2026-04-25 11:21:23 [INFO] sentence_transformers.base.model: No device provided, using cuda:0
2026-04-25 11:21:23 [INFO] sentence_transformers.base.model: Loading SentenceTransformer model from /local/yzheng/pnair/.cache/huggingface/models--intfloat--e5-base-v2/snapshots/f52bf8ec8c7124536f0efb74aca902b2995e5bcd.
Traceback (most recent call last):
  File "/local/yzheng/pnair/workspace/adaptive-mas/scripts/runner.py", line 383, in <module>
    main()
  File "/local/yzheng/pnair/workspace/adaptive-mas/scripts/runner.py", line 368, in main
    asyncio.run(
  File "/var/scratch/yzheng/pnair/uv-python/cpython-3.10.18-linux-x86_64-gnu/lib/python3.10/asyncio/runners.py", line 44, in run
    return loop.run_until_complete(main)
  File "/var/scratch/yzheng/pnair/uv-python/cpython-3.10.18-linux-x86_64-gnu/lib/python3.10/asyncio/base_events.py", line 649, in run_until_complete
    return future.result()
  File "/local/yzheng/pnair/workspace/adaptive-mas/scripts/runner.py", line 245, in _run
    pipeline = AdaptiveRecursivePipeline(config)
  File "/local/yzheng/pnair/workspace/adaptive-mas/src/adaptive_sage/pipeline.py", line 43, in __init__
    self.investigator = Investigator(config, self.llm_client)
  File "/local/yzheng/pnair/workspace/adaptive-mas/src/adaptive_sage/investigator.py", line 93, in __init__
    self.embedding_model = SentenceTransformer(embedding_model)
  File "/local/yzheng/pnair/workspace/adaptive-mas/.venv/lib/python3.10/site-packages/sentence_transformers/util/decorators.py", line 41, in wrapper
    return func(*args, **kwargs)
  File "/local/yzheng/pnair/workspace/adaptive-mas/.venv/lib/python3.10/site-packages/sentence_transformers/sentence_transformer/model.py", line 183, in __init__
    super().__init__(
  File "/local/yzheng/pnair/workspace/adaptive-mas/.venv/lib/python3.10/site-packages/sentence_transformers/base/model.py", line 230, in __init__
    self.to(device)
  File "/local/yzheng/pnair/workspace/adaptive-mas/.venv/lib/python3.10/site-packages/torch/nn/modules/module.py", line 1371, in to
    return self._apply(convert)
  File "/local/yzheng/pnair/workspace/adaptive-mas/.venv/lib/python3.10/site-packages/torch/nn/modules/module.py", line 930, in _apply
    module._apply(fn)
  File "/local/yzheng/pnair/workspace/adaptive-mas/.venv/lib/python3.10/site-packages/torch/nn/modules/module.py", line 930, in _apply
    module._apply(fn)
  File "/local/yzheng/pnair/workspace/adaptive-mas/.venv/lib/python3.10/site-packages/torch/nn/modules/module.py", line 930, in _apply
    module._apply(fn)
  [Previous line repeated 5 more times]
  File "/local/yzheng/pnair/workspace/adaptive-mas/.venv/lib/python3.10/site-packages/torch/nn/modules/module.py", line 957, in _apply
    param_applied = fn(param)
  File "/local/yzheng/pnair/workspace/adaptive-mas/.venv/lib/python3.10/site-packages/torch/nn/modules/module.py", line 1357, in convert
    return t.to(
torch.OutOfMemoryError: CUDA out of memory. Tried to allocate 20.00 MiB. GPU 0 has a total capacity of 47.65 GiB of which 10.12 MiB is free. Process 2984802 has 46.76 GiB memory in use. Including non-PyTorch memory, this process has 472.00 MiB memory in use. Process 3389960 has 412.00 MiB memory in use. Of the allocated memory 200.17 MiB is allocated by PyTorch, and 11.83 MiB is reserved by PyTorch but unallocated. If reserved but unallocated memory is large try setting PYTORCH_CUDA_ALLOC_CONF=expandable_segments:True to avoid fragmentation.  See documentation for Memory Management  (https://pytorch.org/docs/stable/notes/cuda.html#environment-variables)
