2026-04-25 11:23:13 [INFO] __main__: Loaded 16 questions from data/musique/smoke50_shards/questions_smoke50_seed42_shard2.json
2026-04-25 11:23:13 [INFO] __main__: Checkpoint: 0 completed, 16 remaining
2026-04-25 11:23:13 [INFO] sentence_transformers.base.model: Loading SentenceTransformer model from /local/yzheng/pnair/.cache/huggingface/models--intfloat--e5-base-v2/snapshots/f52bf8ec8c7124536f0efb74aca902b2995e5bcd.
Processing questions:   0%|          | 0/16 [00:00<?, ?q/s]2026-04-25 11:23:14 [INFO] adaptive_sage.pipeline: Pipeline start: question_id=musique_3hop1__742464_15840_36002, max_steps=3
2026-04-25 11:23:14 [ERROR] __main__: Failed on question musique_3hop1__742464_15840_36002: 'bridge_entity'
Traceback (most recent call last):
  File "/local/yzheng/pnair/workspace/adaptive-mas/scripts/runner.py", line 153, in _process_question
    result: PipelineResult = await pipeline.run(question=q_text, question_id=qid)
  File "/local/yzheng/pnair/workspace/adaptive-mas/src/adaptive_sage/pipeline.py", line 178, in run
    result = await self._run_topology_controller(question, question_id)
  File "/local/yzheng/pnair/workspace/adaptive-mas/src/adaptive_sage/pipeline.py", line 305, in _run_topology_controller
    route, route_tokens = await self.orchestrator.route_with_usage(
  File "/local/yzheng/pnair/workspace/adaptive-mas/src/adaptive_sage/orchestrator.py", line 405, in route_with_usage
    user_content = self._route_template.format(
KeyError: 'bridge_entity'
2026-04-25 11:23:14 [INFO] adaptive_sage.pipeline: Pipeline start: question_id=musique_2hop__57638_615257, max_steps=3
2026-04-25 11:23:14 [ERROR] __main__: Failed on question musique_2hop__57638_615257: 'bridge_entity'
Traceback (most recent call last):
  File "/local/yzheng/pnair/workspace/adaptive-mas/scripts/runner.py", line 153, in _process_question
    result: PipelineResult = await pipeline.run(question=q_text, question_id=qid)
  File "/local/yzheng/pnair/workspace/adaptive-mas/src/adaptive_sage/pipeline.py", line 178, in run
    result = await self._run_topology_controller(question, question_id)
  File "/local/yzheng/pnair/workspace/adaptive-mas/src/adaptive_sage/pipeline.py", line 305, in _run_topology_controller
    route, route_tokens = await self.orchestrator.route_with_usage(
  File "/local/yzheng/pnair/workspace/adaptive-mas/src/adaptive_sage/orchestrator.py", line 405, in route_with_usage
    user_content = self._route_template.format(
KeyError: 'bridge_entity'
2026-04-25 11:23:14 [INFO] adaptive_sage.pipeline: Pipeline start: question_id=musique_2hop__47808_198548, max_steps=3
2026-04-25 11:23:14 [ERROR] __main__: Failed on question musique_2hop__47808_198548: 'bridge_entity'
Traceback (most recent call last):
  File "/local/yzheng/pnair/workspace/adaptive-mas/scripts/runner.py", line 153, in _process_question
    result: PipelineResult = await pipeline.run(question=q_text, question_id=qid)
  File "/local/yzheng/pnair/workspace/adaptive-mas/src/adaptive_sage/pipeline.py", line 178, in run
    result = await self._run_topology_controller(question, question_id)
  File "/local/yzheng/pnair/workspace/adaptive-mas/src/adaptive_sage/pipeline.py", line 305, in _run_topology_controller
    route, route_tokens = await self.orchestrator.route_with_usage(
  File "/local/yzheng/pnair/workspace/adaptive-mas/src/adaptive_sage/orchestrator.py", line 405, in route_with_usage
    user_content = self._route_template.format(
KeyError: 'bridge_entity'
2026-04-25 11:23:14 [INFO] adaptive_sage.pipeline: Pipeline start: question_id=musique_2hop__132469_533882, max_steps=3
2026-04-25 11:23:14 [ERROR] __main__: Failed on question musique_2hop__132469_533882: 'bridge_entity'
Traceback (most recent call last):
  File "/local/yzheng/pnair/workspace/adaptive-mas/scripts/runner.py", line 153, in _process_question
    result: PipelineResult = await pipeline.run(question=q_text, question_id=qid)
  File "/local/yzheng/pnair/workspace/adaptive-mas/src/adaptive_sage/pipeline.py", line 178, in run
    result = await self._run_topology_controller(question, question_id)
  File "/local/yzheng/pnair/workspace/adaptive-mas/src/adaptive_sage/pipeline.py", line 305, in _run_topology_controller
    route, route_tokens = await self.orchestrator.route_with_usage(
  File "/local/yzheng/pnair/workspace/adaptive-mas/src/adaptive_sage/orchestrator.py", line 405, in route_with_usage
    user_content = self._route_template.format(
KeyError: 'bridge_entity'
2026-04-25 11:23:14 [INFO] adaptive_sage.pipeline: Pipeline start: question_id=musique_4hop1__567737_141375_458768_33633, max_steps=3
2026-04-25 11:23:14 [ERROR] __main__: Failed on question musique_4hop1__567737_141375_458768_33633: 'bridge_entity'
Traceback (most recent call last):
  File "/local/yzheng/pnair/workspace/adaptive-mas/scripts/runner.py", line 153, in _process_question
    result: PipelineResult = await pipeline.run(question=q_text, question_id=qid)
  File "/local/yzheng/pnair/workspace/adaptive-mas/src/adaptive_sage/pipeline.py", line 178, in run
    result = await self._run_topology_controller(question, question_id)
  File "/local/yzheng/pnair/workspace/adaptive-mas/src/adaptive_sage/pipeline.py", line 305, in _run_topology_controller
    route, route_tokens = await self.orchestrator.route_with_usage(
  File "/local/yzheng/pnair/workspace/adaptive-mas/src/adaptive_sage/orchestrator.py", line 405, in route_with_usage
    user_content = self._route_template.format(
KeyError: 'bridge_entity'
2026-04-25 11:23:14 [INFO] adaptive_sage.pipeline: Pipeline start: question_id=musique_4hop1__152146_5274_458768_33637, max_steps=3
2026-04-25 11:23:14 [ERROR] __main__: Failed on question musique_4hop1__152146_5274_458768_33637: 'bridge_entity'
Traceback (most recent call last):
  File "/local/yzheng/pnair/workspace/adaptive-mas/scripts/runner.py", line 153, in _process_question
    result: PipelineResult = await pipeline.run(question=q_text, question_id=qid)
  File "/local/yzheng/pnair/workspace/adaptive-mas/src/adaptive_sage/pipeline.py", line 178, in run
    result = await self._run_topology_controller(question, question_id)
  File "/local/yzheng/pnair/workspace/adaptive-mas/src/adaptive_sage/pipeline.py", line 305, in _run_topology_controller
    route, route_tokens = await self.orchestrator.route_with_usage(
  File "/local/yzheng/pnair/workspace/adaptive-mas/src/adaptive_sage/orchestrator.py", line 405, in route_with_usage
    user_content = self._route_template.format(
KeyError: 'bridge_entity'
2026-04-25 11:23:14 [INFO] adaptive_sage.pipeline: Pipeline start: question_id=musique_2hop__76402_653666, max_steps=3
2026-04-25 11:23:14 [ERROR] __main__: Failed on question musique_2hop__76402_653666: 'bridge_entity'
Traceback (most recent call last):
  File "/local/yzheng/pnair/workspace/adaptive-mas/scripts/runner.py", line 153, in _process_question
    result: PipelineResult = await pipeline.run(question=q_text, question_id=qid)
  File "/local/yzheng/pnair/workspace/adaptive-mas/src/adaptive_sage/pipeline.py", line 178, in run
    result = await self._run_topology_controller(question, question_id)
  File "/local/yzheng/pnair/workspace/adaptive-mas/src/adaptive_sage/pipeline.py", line 305, in _run_topology_controller
    route, route_tokens = await self.orchestrator.route_with_usage(
  File "/local/yzheng/pnair/workspace/adaptive-mas/src/adaptive_sage/orchestrator.py", line 405, in route_with_usage
    user_content = self._route_template.format(
KeyError: 'bridge_entity'
2026-04-25 11:23:14 [INFO] adaptive_sage.pipeline: Pipeline start: question_id=musique_2hop__40485_40502, max_steps=3
2026-04-25 11:23:14 [ERROR] __main__: Failed on question musique_2hop__40485_40502: 'bridge_entity'
Traceback (most recent call last):
  File "/local/yzheng/pnair/workspace/adaptive-mas/scripts/runner.py", line 153, in _process_question
    result: PipelineResult = await pipeline.run(question=q_text, question_id=qid)
  File "/local/yzheng/pnair/workspace/adaptive-mas/src/adaptive_sage/pipeline.py", line 178, in run
    result = await self._run_topology_controller(question, question_id)
  File "/local/yzheng/pnair/workspace/adaptive-mas/src/adaptive_sage/pipeline.py", line 305, in _run_topology_controller
    route, route_tokens = await self.orchestrator.route_with_usage(
  File "/local/yzheng/pnair/workspace/adaptive-mas/src/adaptive_sage/orchestrator.py", line 405, in route_with_usage
    user_content = self._route_template.format(
KeyError: 'bridge_entity'
2026-04-25 11:23:14 [INFO] adaptive_sage.pipeline: Pipeline start: question_id=musique_2hop__781079_9237, max_steps=3
2026-04-25 11:23:14 [ERROR] __main__: Failed on question musique_2hop__781079_9237: 'bridge_entity'
Traceback (most recent call last):
  File "/local/yzheng/pnair/workspace/adaptive-mas/scripts/runner.py", line 153, in _process_question
    result: PipelineResult = await pipeline.run(question=q_text, question_id=qid)
  File "/local/yzheng/pnair/workspace/adaptive-mas/src/adaptive_sage/pipeline.py", line 178, in run
    result = await self._run_topology_controller(question, question_id)
  File "/local/yzheng/pnair/workspace/adaptive-mas/src/adaptive_sage/pipeline.py", line 305, in _run_topology_controller
    route, route_tokens = await self.orchestrator.route_with_usage(
  File "/local/yzheng/pnair/workspace/adaptive-mas/src/adaptive_sage/orchestrator.py", line 405, in route_with_usage
    user_content = self._route_template.format(
KeyError: 'bridge_entity'
2026-04-25 11:23:14 [INFO] adaptive_sage.pipeline: Pipeline start: question_id=musique_2hop__119423_779396, max_steps=3
2026-04-25 11:23:14 [ERROR] __main__: Failed on question musique_2hop__119423_779396: 'bridge_entity'
Traceback (most recent call last):
  File "/local/yzheng/pnair/workspace/adaptive-mas/scripts/runner.py", line 153, in _process_question
    result: PipelineResult = await pipeline.run(question=q_text, question_id=qid)
  File "/local/yzheng/pnair/workspace/adaptive-mas/src/adaptive_sage/pipeline.py", line 178, in run
    result = await self._run_topology_controller(question, question_id)
  File "/local/yzheng/pnair/workspace/adaptive-mas/src/adaptive_sage/pipeline.py", line 305, in _run_topology_controller
    route, route_tokens = await self.orchestrator.route_with_usage(
  File "/local/yzheng/pnair/workspace/adaptive-mas/src/adaptive_sage/orchestrator.py", line 405, in route_with_usage
    user_content = self._route_template.format(
KeyError: 'bridge_entity'
2026-04-25 11:23:14 [INFO] adaptive_sage.pipeline: Pipeline start: question_id=musique_2hop__503085_110222, max_steps=3
2026-04-25 11:23:14 [ERROR] __main__: Failed on question musique_2hop__503085_110222: 'bridge_entity'
Traceback (most recent call last):
  File "/local/yzheng/pnair/workspace/adaptive-mas/scripts/runner.py", line 153, in _process_question
    result: PipelineResult = await pipeline.run(question=q_text, question_id=qid)
  File "/local/yzheng/pnair/workspace/adaptive-mas/src/adaptive_sage/pipeline.py", line 178, in run
    result = await self._run_topology_controller(question, question_id)
  File "/local/yzheng/pnair/workspace/adaptive-mas/src/adaptive_sage/pipeline.py", line 305, in _run_topology_controller
    route, route_tokens = await self.orchestrator.route_with_usage(
  File "/local/yzheng/pnair/workspace/adaptive-mas/src/adaptive_sage/orchestrator.py", line 405, in route_with_usage
    user_content = self._route_template.format(
KeyError: 'bridge_entity'
2026-04-25 11:23:14 [INFO] adaptive_sage.pipeline: Pipeline start: question_id=musique_2hop__491195_265959, max_steps=3
2026-04-25 11:23:14 [ERROR] __main__: Failed on question musique_2hop__491195_265959: 'bridge_entity'
Traceback (most recent call last):
  File "/local/yzheng/pnair/workspace/adaptive-mas/scripts/runner.py", line 153, in _process_question
    result: PipelineResult = await pipeline.run(question=q_text, question_id=qid)
  File "/local/yzheng/pnair/workspace/adaptive-mas/src/adaptive_sage/pipeline.py", line 178, in run
    result = await self._run_topology_controller(question, question_id)
  File "/local/yzheng/pnair/workspace/adaptive-mas/src/adaptive_sage/pipeline.py", line 305, in _run_topology_controller
    route, route_tokens = await self.orchestrator.route_with_usage(
  File "/local/yzheng/pnair/workspace/adaptive-mas/src/adaptive_sage/orchestrator.py", line 405, in route_with_usage
    user_content = self._route_template.format(
KeyError: 'bridge_entity'
2026-04-25 11:23:14 [INFO] adaptive_sage.pipeline: Pipeline start: question_id=musique_3hop1__622497_160088_85460, max_steps=3
2026-04-25 11:23:14 [ERROR] __main__: Failed on question musique_3hop1__622497_160088_85460: 'bridge_entity'
Traceback (most recent call last):
  File "/local/yzheng/pnair/workspace/adaptive-mas/scripts/runner.py", line 153, in _process_question
    result: PipelineResult = await pipeline.run(question=q_text, question_id=qid)
  File "/local/yzheng/pnair/workspace/adaptive-mas/src/adaptive_sage/pipeline.py", line 178, in run
    result = await self._run_topology_controller(question, question_id)
  File "/local/yzheng/pnair/workspace/adaptive-mas/src/adaptive_sage/pipeline.py", line 305, in _run_topology_controller
    route, route_tokens = await self.orchestrator.route_with_usage(
  File "/local/yzheng/pnair/workspace/adaptive-mas/src/adaptive_sage/orchestrator.py", line 405, in route_with_usage
    user_content = self._route_template.format(
KeyError: 'bridge_entity'
2026-04-25 11:23:14 [INFO] adaptive_sage.pipeline: Pipeline start: question_id=musique_2hop__123145_66723, max_steps=3
2026-04-25 11:23:14 [ERROR] __main__: Failed on question musique_2hop__123145_66723: 'bridge_entity'
Traceback (most recent call last):
  File "/local/yzheng/pnair/workspace/adaptive-mas/scripts/runner.py", line 153, in _process_question
    result: PipelineResult = await pipeline.run(question=q_text, question_id=qid)
  File "/local/yzheng/pnair/workspace/adaptive-mas/src/adaptive_sage/pipeline.py", line 178, in run
    result = await self._run_topology_controller(question, question_id)
  File "/local/yzheng/pnair/workspace/adaptive-mas/src/adaptive_sage/pipeline.py", line 305, in _run_topology_controller
    route, route_tokens = await self.orchestrator.route_with_usage(
  File "/local/yzheng/pnair/workspace/adaptive-mas/src/adaptive_sage/orchestrator.py", line 405, in route_with_usage
    user_content = self._route_template.format(
KeyError: 'bridge_entity'
2026-04-25 11:23:14 [INFO] adaptive_sage.pipeline: Pipeline start: question_id=musique_2hop__77518_548781, max_steps=3
2026-04-25 11:23:14 [ERROR] __main__: Failed on question musique_2hop__77518_548781: 'bridge_entity'
Traceback (most recent call last):
  File "/local/yzheng/pnair/workspace/adaptive-mas/scripts/runner.py", line 153, in _process_question
    result: PipelineResult = await pipeline.run(question=q_text, question_id=qid)
  File "/local/yzheng/pnair/workspace/adaptive-mas/src/adaptive_sage/pipeline.py", line 178, in run
    result = await self._run_topology_controller(question, question_id)
  File "/local/yzheng/pnair/workspace/adaptive-mas/src/adaptive_sage/pipeline.py", line 305, in _run_topology_controller
    route, route_tokens = await self.orchestrator.route_with_usage(
  File "/local/yzheng/pnair/workspace/adaptive-mas/src/adaptive_sage/orchestrator.py", line 405, in route_with_usage
    user_content = self._route_template.format(
KeyError: 'bridge_entity'
2026-04-25 11:23:14 [INFO] adaptive_sage.pipeline: Pipeline start: question_id=musique_4hop2__567956_39078_8987_8974, max_steps=3
2026-04-25 11:23:14 [ERROR] __main__: Failed on question musique_4hop2__567956_39078_8987_8974: 'bridge_entity'
Traceback (most recent call last):
  File "/local/yzheng/pnair/workspace/adaptive-mas/scripts/runner.py", line 153, in _process_question
    result: PipelineResult = await pipeline.run(question=q_text, question_id=qid)
  File "/local/yzheng/pnair/workspace/adaptive-mas/src/adaptive_sage/pipeline.py", line 178, in run
    result = await self._run_topology_controller(question, question_id)
  File "/local/yzheng/pnair/workspace/adaptive-mas/src/adaptive_sage/pipeline.py", line 305, in _run_topology_controller
    route, route_tokens = await self.orchestrator.route_with_usage(
  File "/local/yzheng/pnair/workspace/adaptive-mas/src/adaptive_sage/orchestrator.py", line 405, in route_with_usage
    user_content = self._route_template.format(
KeyError: 'bridge_entity'
Processing questions: 100%|██████████| 16/16 [00:00<00:00, 3559.59q/s]

============================================================
Run complete: 0/16 succeeded, 16 failed
Checkpoint had 0 previously completed
Total in output: 16
Elapsed: 0.0s (0.0min)
============================================================
