21:00:01 [INFO] amas.runner: Loaded 50 questions; 0 done; 50 to run.
21:00:01 [INFO] amas.pipeline: AMAS start: qid=musique_2hop__13548_13529
21:00:01 [INFO] amas.pipeline: AMAS start: qid=musique_3hop1__9285_5188_23307
21:00:01 [INFO] amas.pipeline: AMAS start: qid=musique_2hop__766973_770570
21:00:01 [INFO] amas.pipeline: AMAS start: qid=musique_2hop__170823_120171
21:00:01 [INFO] amas.pipeline: AMAS start: qid=musique_2hop__511454_120259
21:00:01 [INFO] amas.pipeline: AMAS start: qid=musique_4hop2__71753_648517_70784_79935
21:00:01 [INFO] amas.pipeline: AMAS start: qid=musique_4hop1__94201_642284_131926_89261
21:00:01 [INFO] amas.pipeline: AMAS start: qid=musique_4hop1__152562_5274_458768_33633
21:00:08 [INFO] amas.pipeline: AMAS start: qid=musique_3hop1__305282_282081_73772
21:00:09 [INFO] amas.pipeline: AMAS start: qid=musique_2hop__655505_110949
21:00:09 [INFO] amas.pipeline: AMAS start: qid=musique_2hop__619265_45326
21:00:15 [INFO] amas.pipeline: AMAS start: qid=musique_4hop3__754156_88460_30152_20999
21:00:17 [INFO] amas.pipeline: AMAS start: qid=musique_2hop__199513_801817
21:00:18 [INFO] amas.pipeline: AMAS start: qid=musique_3hop1__820301_720914_41132
21:00:21 [INFO] amas.pipeline: AMAS start: qid=musique_3hop1__136129_87694_124169
21:00:21 [INFO] amas.pipeline: AMAS start: qid=musique_2hop__354635_174222
21:00:24 [INFO] amas.pipeline: AMAS start: qid=musique_3hop1__849312_503371_21711
21:00:37 [INFO] amas.pipeline: AMAS start: qid=musique_2hop__511296_577502
21:00:44 [INFO] amas.pipeline: AMAS start: qid=musique_2hop__731956_126089
21:00:45 [INFO] amas.pipeline: AMAS start: qid=musique_2hop__123545_47134
21:00:46 [INFO] amas.pipeline: AMAS start: qid=musique_3hop1__786632_831637_91775
21:00:52 [INFO] amas.pipeline: AMAS start: qid=musique_2hop__124412_402641
21:00:59 [INFO] amas.pipeline: AMAS start: qid=musique_2hop__159215_779396
21:01:00 [INFO] amas.pipeline: AMAS start: qid=musique_2hop__59048_827343
21:01:01 [INFO] amas.pipeline: AMAS start: qid=musique_4hop1__726675_508773_85832_745702
21:01:03 [INFO] amas.pipeline: AMAS start: qid=musique_2hop__693444_220151
21:01:06 [INFO] amas.pipeline: AMAS start: qid=musique_3hop1__108833_720914_41132
21:01:06 [INFO] amas.pipeline: AMAS start: qid=musique_2hop__347686_127399
21:01:07 [INFO] amas.pipeline: AMAS start: qid=musique_3hop1__33845_42197_18397
21:01:09 [INFO] amas.pipeline: AMAS start: qid=musique_2hop__645448_77615
21:01:11 [INFO] amas.pipeline: AMAS start: qid=musique_4hop3__524186_219173_638950_72134
21:01:13 [INFO] amas.pipeline: AMAS start: qid=musique_2hop__734582_71302
21:01:18 [INFO] amas.pipeline: AMAS start: qid=musique_3hop1__639955_834494_34099
21:01:20 [INFO] amas.pipeline: AMAS start: qid=musique_4hop2__9988_261673_70784_79935
21:01:22 [INFO] amas.pipeline: AMAS start: qid=musique_2hop__77233_33207
21:01:25 [INFO] amas.pipeline: AMAS start: qid=musique_2hop__84847_148696
21:01:28 [INFO] amas.pipeline: AMAS start: qid=musique_3hop1__90327_83076_319330
21:01:28 [INFO] amas.pipeline: AMAS start: qid=musique_2hop__998_25855
21:01:32 [INFO] amas.pipeline: AMAS start: qid=musique_2hop__81659_52835
21:01:33 [INFO] amas.pipeline: AMAS start: qid=musique_4hop1__88342_75218_128008_48717
21:01:33 [INFO] amas.pipeline: AMAS start: qid=musique_3hop1__144678_443779_52195
21:01:34 [INFO] amas.pipeline: AMAS start: qid=musique_2hop__865961_159109
21:01:36 [INFO] amas.pipeline: AMAS start: qid=musique_3hop2__127483_60649_10557
21:01:37 [INFO] amas.pipeline: AMAS start: qid=musique_2hop__46862_68042
21:01:37 [INFO] amas.pipeline: AMAS start: qid=musique_2hop__78401_158262
21:01:42 [INFO] amas.pipeline: AMAS start: qid=musique_2hop__95970_152907
21:01:43 [INFO] amas.pipeline: AMAS start: qid=musique_3hop1__105837_160713_77246
21:01:45 [INFO] amas.pipeline: AMAS start: qid=musique_2hop__179322_83289
21:01:45 [INFO] amas.pipeline: AMAS start: qid=musique_3hop2__87184_90327_76291
21:01:46 [INFO] amas.pipeline: AMAS start: qid=musique_4hop1__152146_5274_458768_33637
Done: 50 processed in 125.0s (answered=50/50)
