2026-04-26 22:42:13 [INFO] __main__: Loaded 333 questions from /local/yzheng/pnair/workspace/tmp/adaptive-mas-old/data/musique/opera_matched/shards_qwen3top10/questions_1000_shard1.json
2026-04-26 22:42:13 [INFO] __main__: Checkpoint: 0 completed, 333 remaining
Processing questions:   0%|          | 0/333 [00:00<?, ?q/s]2026-04-26 22:42:14 [INFO] adaptive_sage.pipeline: Pipeline start: question_id=musique_2hop__559076_55984, max_steps=6
2026-04-26 22:42:14 [INFO] adaptive_sage.pipeline: Pipeline start: question_id=musique_4hop1__94201_642284_131926_13165, max_steps=6
2026-04-26 22:42:14 [INFO] adaptive_sage.pipeline: Pipeline start: question_id=musique_2hop__269766_43945, max_steps=6
2026-04-26 22:42:14 [INFO] adaptive_sage.pipeline: Pipeline start: question_id=musique_4hop1__51465_53706_795904_580996, max_steps=6
2026-04-26 22:42:14 [INFO] adaptive_sage.pipeline: Pipeline start: question_id=musique_2hop__72660_319330, max_steps=6
2026-04-26 22:42:14 [INFO] adaptive_sage.pipeline: Pipeline start: question_id=musique_3hop1__857_846_7798, max_steps=6
2026-04-26 22:42:14 [INFO] adaptive_sage.pipeline: Pipeline start: question_id=musique_3hop1__691197_15840_36002, max_steps=6
2026-04-26 22:42:14 [INFO] adaptive_sage.pipeline: Pipeline start: question_id=musique_2hop__488811_30110, max_steps=6
2026-04-26 22:42:58 [INFO] adaptive_sage.pipeline: Pipeline done: question_id=musique_2hop__269766_43945, answer='the most influential political pamphlet of the 18th century, affecting both the ', subagents=1, verify=0, tokens=5080
Processing questions:   0%|          | 1/333 [00:44<4:03:41, 44.04s/q]2026-04-26 22:42:58 [INFO] adaptive_sage.pipeline: Pipeline start: question_id=musique_3hop1__617062_127905_67954, max_steps=6
2026-04-26 22:43:28 [INFO] adaptive_sage.pipeline: Pipeline done: question_id=musique_2hop__559076_55984, answer='Phil Hanseroth', subagents=1, verify=0, tokens=6226
Processing questions:   1%|          | 2/333 [01:14<3:17:28, 35.80s/q]2026-04-26 22:43:28 [INFO] adaptive_sage.pipeline: Pipeline start: question_id=musique_2hop__147212_60904, max_steps=6
2026-04-26 22:43:34 [INFO] adaptive_sage.pipeline: Pipeline done: question_id=musique_4hop1__94201_642284_131926_13165, answer='Treaty of Detroit', subagents=1, verify=0, tokens=9405
Processing questions:   1%|          | 3/333 [01:19<2:01:30, 22.09s/q]2026-04-26 22:43:34 [INFO] adaptive_sage.pipeline: Pipeline start: question_id=musique_3hop1__346812_15840_36014, max_steps=6
2026-04-26 22:43:37 [INFO] adaptive_sage.pipeline: Pipeline done: question_id=musique_4hop1__51465_53706_795904_580996, answer='Washington', subagents=1, verify=0, tokens=11084
Processing questions:   1%|          | 4/333 [01:23<1:20:13, 14.63s/q]2026-04-26 22:43:37 [INFO] adaptive_sage.pipeline: Pipeline start: question_id=musique_3hop1__694534_160088_73916, max_steps=6
2026-04-26 22:43:51 [INFO] adaptive_sage.pipeline: Pipeline done: question_id=musique_3hop1__691197_15840_36002, answer='bigger levels, tougher enemies, and a well-regarded soundtrack', subagents=1, verify=0, tokens=11626
Processing questions:   2%|▏         | 5/333 [01:36<1:18:26, 14.35s/q]2026-04-26 22:43:51 [INFO] adaptive_sage.pipeline: Pipeline start: question_id=musique_2hop__502473_634689, max_steps=6
2026-04-26 22:45:21 [INFO] adaptive_sage.pipeline: Pipeline done: question_id=musique_2hop__488811_30110, answer='assimilated by the Germans, except along the Curonian Spit where some still live', subagents=2, verify=0, tokens=18250
Processing questions:   2%|▏         | 6/333 [03:07<3:38:41, 40.13s/q]2026-04-26 22:45:21 [INFO] adaptive_sage.pipeline: Pipeline start: question_id=musique_3hop2__92991_27069_76291, max_steps=6
2026-04-26 22:46:00 [INFO] adaptive_sage.pipeline: Pipeline done: question_id=musique_3hop1__346812_15840_36014, answer='only make five games per year', subagents=2, verify=0, tokens=15551
Processing questions:   2%|▏         | 7/333 [03:45<3:35:50, 39.72s/q]2026-04-26 22:46:00 [INFO] adaptive_sage.pipeline: Pipeline start: question_id=musique_2hop__144317_120065, max_steps=6
2026-04-26 22:46:09 [INFO] adaptive_sage.pipeline: Pipeline done: question_id=musique_2hop__72660_319330, answer='John Parke Custis', subagents=2, verify=0, tokens=31157
Processing questions:   2%|▏         | 8/333 [03:55<2:43:00, 30.09s/q]2026-04-26 22:46:09 [INFO] adaptive_sage.pipeline: Pipeline start: question_id=musique_2hop__16581_16569, max_steps=6
2026-04-26 22:47:26 [INFO] adaptive_sage.pipeline: Pipeline done: question_id=musique_3hop1__857_846_7798, answer='Han nationality', subagents=3, verify=0, tokens=38814
Processing questions:   3%|▎         | 9/333 [05:12<4:01:05, 44.65s/q]2026-04-26 22:47:26 [INFO] adaptive_sage.pipeline: Pipeline start: question_id=musique_2hop__83938_5666, max_steps=6
2026-04-26 22:48:26 [INFO] adaptive_sage.pipeline: Pipeline done: question_id=musique_3hop2__92991_27069_76291, answer='2015', subagents=2, verify=0, tokens=20846
Processing questions:   3%|▎         | 10/333 [06:12<4:25:53, 49.39s/q]2026-04-26 22:48:26 [INFO] adaptive_sage.pipeline: Pipeline start: question_id=musique_2hop__284789_52835, max_steps=6
