22:09:42 [INFO] amas.runner: Loaded 50 questions; 0 done; 50 to run.
22:09:42 [INFO] amas.pipeline: AMAS v2 start: qid=musique_2hop__13548_13529
22:09:42 [INFO] amas.pipeline: AMAS v2 start: qid=musique_3hop1__9285_5188_23307
22:09:42 [INFO] amas.pipeline: AMAS v2 start: qid=musique_2hop__766973_770570
22:09:42 [INFO] amas.pipeline: AMAS v2 start: qid=musique_2hop__170823_120171
22:09:42 [INFO] amas.pipeline: AMAS v2 start: qid=musique_2hop__511454_120259
22:09:42 [INFO] amas.pipeline: AMAS v2 start: qid=musique_4hop2__71753_648517_70784_79935
22:09:42 [INFO] amas.pipeline: AMAS v2 start: qid=musique_4hop1__94201_642284_131926_89261
22:09:42 [INFO] amas.pipeline: AMAS v2 start: qid=musique_4hop1__152562_5274_458768_33633
22:09:48 [INFO] amas.pipeline: AMAS v2 start: qid=musique_3hop1__305282_282081_73772
22:09:48 [INFO] amas.pipeline: AMAS v2 start: qid=musique_2hop__655505_110949
22:09:51 [INFO] amas.pipeline: AMAS v2 start: qid=musique_2hop__619265_45326
22:09:55 [INFO] amas.pipeline: AMAS v2 start: qid=musique_4hop3__754156_88460_30152_20999
22:09:56 [INFO] amas.pipeline: AMAS v2 start: qid=musique_2hop__199513_801817
22:09:56 [INFO] amas.pipeline: AMAS v2 start: qid=musique_3hop1__820301_720914_41132
22:09:59 [INFO] amas.pipeline: AMAS v2 start: qid=musique_3hop1__136129_87694_124169
22:09:59 [INFO] amas.pipeline: AMAS v2 start: qid=musique_2hop__354635_174222
22:10:00 [INFO] amas.pipeline: AMAS v2 start: qid=musique_3hop1__849312_503371_21711
22:10:01 [INFO] amas.pipeline: AMAS v2 start: qid=musique_2hop__511296_577502
22:10:01 [INFO] amas.pipeline: AMAS v2 start: qid=musique_2hop__731956_126089
22:10:05 [INFO] amas.pipeline: AMAS v2 start: qid=musique_2hop__123545_47134
22:10:08 [INFO] amas.pipeline: AMAS v2 start: qid=musique_3hop1__786632_831637_91775
22:10:10 [INFO] amas.pipeline: AMAS v2 start: qid=musique_2hop__124412_402641
22:10:12 [INFO] amas.pipeline: AMAS v2 start: qid=musique_2hop__159215_779396
22:10:14 [INFO] amas.pipeline: AMAS v2 start: qid=musique_2hop__59048_827343
22:10:15 [INFO] amas.pipeline: AMAS v2 start: qid=musique_4hop1__726675_508773_85832_745702
22:10:16 [INFO] amas.pipeline: AMAS v2 start: qid=musique_2hop__693444_220151
22:10:16 [INFO] amas.pipeline: AMAS v2 start: qid=musique_3hop1__108833_720914_41132
22:10:18 [INFO] amas.pipeline: AMAS v2 start: qid=musique_2hop__347686_127399
22:10:18 [INFO] amas.pipeline: AMAS v2 start: qid=musique_3hop1__33845_42197_18397
22:10:18 [INFO] amas.pipeline: AMAS v2 start: qid=musique_2hop__645448_77615
22:10:19 [INFO] amas.pipeline: AMAS v2 start: qid=musique_4hop3__524186_219173_638950_72134
22:10:19 [INFO] amas.pipeline: AMAS v2 start: qid=musique_2hop__734582_71302
22:10:21 [INFO] amas.pipeline: AMAS v2 start: qid=musique_3hop1__639955_834494_34099
22:10:24 [INFO] amas.pipeline: AMAS v2 start: qid=musique_4hop2__9988_261673_70784_79935
22:10:24 [INFO] amas.pipeline: AMAS v2 start: qid=musique_2hop__77233_33207
22:10:25 [INFO] amas.pipeline: AMAS v2 start: qid=musique_2hop__84847_148696
22:10:26 [INFO] amas.pipeline: AMAS v2 start: qid=musique_3hop1__90327_83076_319330
22:10:27 [INFO] amas.pipeline: AMAS v2 start: qid=musique_2hop__998_25855
22:10:28 [INFO] amas.pipeline: AMAS v2 start: qid=musique_2hop__81659_52835
22:10:31 [INFO] amas.pipeline: AMAS v2 start: qid=musique_4hop1__88342_75218_128008_48717
22:10:33 [INFO] amas.pipeline: AMAS v2 start: qid=musique_3hop1__144678_443779_52195
22:10:34 [INFO] amas.pipeline: AMAS v2 start: qid=musique_2hop__865961_159109
22:10:34 [INFO] amas.pipeline: AMAS v2 start: qid=musique_3hop2__127483_60649_10557
22:10:34 [INFO] amas.pipeline: AMAS v2 start: qid=musique_2hop__46862_68042
22:10:37 [INFO] amas.pipeline: AMAS v2 start: qid=musique_2hop__78401_158262
22:10:38 [INFO] amas.pipeline: AMAS v2 start: qid=musique_2hop__95970_152907
22:10:38 [INFO] amas.pipeline: AMAS v2 start: qid=musique_3hop1__105837_160713_77246
22:10:39 [INFO] amas.pipeline: AMAS v2 start: qid=musique_2hop__179322_83289
22:10:41 [INFO] amas.pipeline: AMAS v2 start: qid=musique_3hop2__87184_90327_76291
22:10:41 [INFO] amas.pipeline: AMAS v2 start: qid=musique_4hop1__152146_5274_458768_33637
Done: 50 processed in 83.8s (answered=46/50)
