[2026-04-19T16:47:41.662092+00:00] active_dataset=hotpotqa
progress: hotpotqa=218/1000 em=0.2798 f1=0.4290 contain=0.5550, 2wikimultihop=0/1000 em=0.0000 f1=0.0000 contain=0.0000, musique=0/1000 em=0.0000 f1=0.0000 contain=0.0000
gpu: gpu0 util=98% mem=44974/49140MiB, gpu1 util=98% mem=44278/49140MiB, gpu2 util=98% mem=44808/49140MiB
actions: progress advanced to 218
[2026-04-19T17:02:47.597697+00:00] active_dataset=hotpotqa
progress: hotpotqa=261/1000 em=0.2989 f1=0.4455 contain=0.5556, 2wikimultihop=0/1000 em=0.0000 f1=0.0000 contain=0.0000, musique=0/1000 em=0.0000 f1=0.0000 contain=0.0000
gpu: gpu0 util=96% mem=44974/49140MiB, gpu1 util=96% mem=44278/49140MiB, gpu2 util=96% mem=44808/49140MiB
actions: progress advanced to 261
[2026-04-19T17:17:53.231780+00:00] active_dataset=hotpotqa
progress: hotpotqa=305/1000 em=0.2951 f1=0.4404 contain=0.5672, 2wikimultihop=0/1000 em=0.0000 f1=0.0000 contain=0.0000, musique=0/1000 em=0.0000 f1=0.0000 contain=0.0000
gpu: gpu0 util=96% mem=44974/49140MiB, gpu1 util=98% mem=44278/49140MiB, gpu2 util=96% mem=44808/49140MiB
actions: progress advanced to 305
[2026-04-19T17:32:58.991884+00:00] active_dataset=hotpotqa
progress: hotpotqa=348/1000 em=0.3017 f1=0.4503 contain=0.5805, 2wikimultihop=0/1000 em=0.0000 f1=0.0000 contain=0.0000, musique=0/1000 em=0.0000 f1=0.0000 contain=0.0000
gpu: gpu0 util=98% mem=44974/49140MiB, gpu1 util=97% mem=44278/49140MiB, gpu2 util=98% mem=44808/49140MiB
actions: progress advanced to 348
[2026-04-19T17:48:04.744067+00:00] active_dataset=hotpotqa
progress: hotpotqa=384/1000 em=0.3047 f1=0.4504 contain=0.5755, 2wikimultihop=0/1000 em=0.0000 f1=0.0000 contain=0.0000, musique=0/1000 em=0.0000 f1=0.0000 contain=0.0000
gpu: gpu0 util=98% mem=44974/49140MiB, gpu1 util=98% mem=44278/49140MiB, gpu2 util=96% mem=44808/49140MiB
actions: progress advanced to 384
[2026-04-19T18:03:10.492298+00:00] active_dataset=hotpotqa
progress: hotpotqa=416/1000 em=0.2981 f1=0.4417 contain=0.5625, 2wikimultihop=0/1000 em=0.0000 f1=0.0000 contain=0.0000, musique=0/1000 em=0.0000 f1=0.0000 contain=0.0000
gpu: gpu0 util=97% mem=44974/49140MiB, gpu1 util=98% mem=44278/49140MiB, gpu2 util=96% mem=44808/49140MiB
actions: progress advanced to 416
[2026-04-19T18:18:18.610747+00:00] active_dataset=hotpotqa
progress: hotpotqa=456/1000 em=0.3048 f1=0.4481 contain=0.5746, 2wikimultihop=0/1000 em=0.0000 f1=0.0000 contain=0.0000, musique=0/1000 em=0.0000 f1=0.0000 contain=0.0000
gpu: gpu0 util=96% mem=44974/49140MiB, gpu1 util=98% mem=44278/49140MiB, gpu2 util=97% mem=44808/49140MiB
actions: progress advanced to 456
[2026-04-19T18:33:26.523513+00:00] active_dataset=hotpotqa
progress: hotpotqa=493/1000 em=0.3124 f1=0.4526 contain=0.5822, 2wikimultihop=0/1000 em=0.0000 f1=0.0000 contain=0.0000, musique=0/1000 em=0.0000 f1=0.0000 contain=0.0000
gpu: gpu0 util=96% mem=44974/49140MiB, gpu1 util=98% mem=44278/49140MiB, gpu2 util=96% mem=44808/49140MiB
actions: progress advanced to 493
[2026-04-19T18:48:32.376435+00:00] active_dataset=hotpotqa
progress: hotpotqa=528/1000 em=0.3068 f1=0.4443 contain=0.5777, 2wikimultihop=0/1000 em=0.0000 f1=0.0000 contain=0.0000, musique=0/1000 em=0.0000 f1=0.0000 contain=0.0000
gpu: gpu0 util=98% mem=44974/49140MiB, gpu1 util=97% mem=44278/49140MiB, gpu2 util=98% mem=44808/49140MiB
actions: progress advanced to 528
[2026-04-19T19:03:38.342742+00:00] active_dataset=hotpotqa
progress: hotpotqa=566/1000 em=0.3039 f1=0.4431 contain=0.5760, 2wikimultihop=0/1000 em=0.0000 f1=0.0000 contain=0.0000, musique=0/1000 em=0.0000 f1=0.0000 contain=0.0000
gpu: gpu0 util=96% mem=44974/49140MiB, gpu1 util=100% mem=44278/49140MiB, gpu2 util=98% mem=44808/49140MiB
actions: progress advanced to 566
[2026-04-19T19:18:46.493887+00:00] active_dataset=hotpotqa
progress: hotpotqa=608/1000 em=0.3026 f1=0.4409 contain=0.5806, 2wikimultihop=0/1000 em=0.0000 f1=0.0000 contain=0.0000, musique=0/1000 em=0.0000 f1=0.0000 contain=0.0000
gpu: gpu0 util=97% mem=44974/49140MiB, gpu1 util=98% mem=44278/49140MiB, gpu2 util=97% mem=44808/49140MiB
actions: progress advanced to 608
[2026-04-19T19:33:54.249440+00:00] active_dataset=hotpotqa
progress: hotpotqa=648/1000 em=0.3056 f1=0.4474 contain=0.5880, 2wikimultihop=0/1000 em=0.0000 f1=0.0000 contain=0.0000, musique=0/1000 em=0.0000 f1=0.0000 contain=0.0000
gpu: gpu0 util=98% mem=44974/49140MiB, gpu1 util=98% mem=44278/49140MiB, gpu2 util=98% mem=44808/49140MiB
actions: progress advanced to 648
[2026-04-19T19:49:00.219761+00:00] active_dataset=hotpotqa
progress: hotpotqa=684/1000 em=0.2982 f1=0.4391 contain=0.5819, 2wikimultihop=0/1000 em=0.0000 f1=0.0000 contain=0.0000, musique=0/1000 em=0.0000 f1=0.0000 contain=0.0000
gpu: gpu0 util=98% mem=44974/49140MiB, gpu1 util=95% mem=44278/49140MiB, gpu2 util=97% mem=44808/49140MiB
actions: progress advanced to 684
[2026-04-19T20:04:05.917329+00:00] active_dataset=hotpotqa
progress: hotpotqa=725/1000 em=0.2979 f1=0.4383 contain=0.5834, 2wikimultihop=0/1000 em=0.0000 f1=0.0000 contain=0.0000, musique=0/1000 em=0.0000 f1=0.0000 contain=0.0000
gpu: gpu0 util=97% mem=44974/49140MiB, gpu1 util=98% mem=44278/49140MiB, gpu2 util=96% mem=44808/49140MiB
actions: progress advanced to 725
[2026-04-19T20:19:11.899542+00:00] active_dataset=hotpotqa
progress: hotpotqa=764/1000 em=0.3063 f1=0.4449 contain=0.5838, 2wikimultihop=0/1000 em=0.0000 f1=0.0000 contain=0.0000, musique=0/1000 em=0.0000 f1=0.0000 contain=0.0000
gpu: gpu0 util=96% mem=44974/49140MiB, gpu1 util=98% mem=44278/49140MiB, gpu2 util=97% mem=44808/49140MiB
actions: progress advanced to 764
[2026-04-19T20:34:17.847964+00:00] active_dataset=hotpotqa
progress: hotpotqa=806/1000 em=0.3052 f1=0.4450 contain=0.5868, 2wikimultihop=0/1000 em=0.0000 f1=0.0000 contain=0.0000, musique=0/1000 em=0.0000 f1=0.0000 contain=0.0000
gpu: gpu0 util=98% mem=44974/49140MiB, gpu1 util=98% mem=44278/49140MiB, gpu2 util=98% mem=44808/49140MiB
actions: progress advanced to 806
[2026-04-19T20:49:23.942709+00:00] active_dataset=hotpotqa
progress: hotpotqa=845/1000 em=0.3018 f1=0.4412 contain=0.5822, 2wikimultihop=0/1000 em=0.0000 f1=0.0000 contain=0.0000, musique=0/1000 em=0.0000 f1=0.0000 contain=0.0000
gpu: gpu0 util=98% mem=44974/49140MiB, gpu1 util=98% mem=44278/49140MiB, gpu2 util=98% mem=44808/49140MiB
actions: progress advanced to 845
[2026-04-19T21:04:29.794244+00:00] active_dataset=hotpotqa
progress: hotpotqa=877/1000 em=0.3010 f1=0.4398 contain=0.5827, 2wikimultihop=0/1000 em=0.0000 f1=0.0000 contain=0.0000, musique=0/1000 em=0.0000 f1=0.0000 contain=0.0000
gpu: gpu0 util=98% mem=44974/49140MiB, gpu1 util=98% mem=44278/49140MiB, gpu2 util=98% mem=44808/49140MiB
actions: progress advanced to 877
[2026-04-19T21:19:35.711059+00:00] active_dataset=hotpotqa
progress: hotpotqa=920/1000 em=0.3000 f1=0.4390 contain=0.5848, 2wikimultihop=0/1000 em=0.0000 f1=0.0000 contain=0.0000, musique=0/1000 em=0.0000 f1=0.0000 contain=0.0000
gpu: gpu0 util=98% mem=44974/49140MiB, gpu1 util=98% mem=44278/49140MiB, gpu2 util=97% mem=44808/49140MiB
actions: progress advanced to 920
[2026-04-19T21:34:41.731578+00:00] active_dataset=hotpotqa
progress: hotpotqa=957/1000 em=0.2989 f1=0.4389 contain=0.5841, 2wikimultihop=0/1000 em=0.0000 f1=0.0000 contain=0.0000, musique=0/1000 em=0.0000 f1=0.0000 contain=0.0000
gpu: gpu0 util=96% mem=44974/49140MiB, gpu1 util=99% mem=44278/49140MiB, gpu2 util=98% mem=44808/49140MiB
actions: progress advanced to 957
[2026-04-19T21:49:47.814467+00:00] active_dataset=hotpotqa
progress: hotpotqa=985/1000 em=0.3005 f1=0.4395 contain=0.5838, 2wikimultihop=0/1000 em=0.0000 f1=0.0000 contain=0.0000, musique=0/1000 em=0.0000 f1=0.0000 contain=0.0000
gpu: gpu0 util=98% mem=44974/49140MiB, gpu1 util=0% mem=44278/49140MiB, gpu2 util=0% mem=44808/49140MiB
actions: progress advanced to 985
[2026-04-19T22:04:53.749974+00:00] active_dataset=hotpotqa
progress: hotpotqa=998/1000 em=0.2986 f1=0.4380 contain=0.5862, 2wikimultihop=0/1000 em=0.0000 f1=0.0000 contain=0.0000, musique=0/1000 em=0.0000 f1=0.0000 contain=0.0000
gpu: gpu0 util=97% mem=44974/49140MiB, gpu1 util=0% mem=44278/49140MiB, gpu2 util=0% mem=44808/49140MiB
actions: progress advanced to 998
[2026-04-19T22:19:59.633737+00:00] active_dataset=2wikimultihop
progress: hotpotqa=1000/1000 em=0.2990 f1=0.4383 contain=0.5870, 2wikimultihop=0/1000 em=0.0000 f1=0.0000 contain=0.0000, musique=0/1000 em=0.0000 f1=0.0000 contain=0.0000
gpu: gpu0 util=0% mem=44974/49140MiB, gpu1 util=0% mem=44278/49140MiB, gpu2 util=0% mem=44808/49140MiB
actions: progress advanced to 1000
[2026-04-19T22:35:05.461532+00:00] active_dataset=2wikimultihop
progress: hotpotqa=1000/1000 em=0.2990 f1=0.4383 contain=0.5870, 2wikimultihop=37/1000 em=0.3243 f1=0.4670 contain=0.6486, musique=0/1000 em=0.0000 f1=0.0000 contain=0.0000
gpu: gpu0 util=97% mem=44974/49140MiB, gpu1 util=98% mem=44578/49140MiB, gpu2 util=97% mem=45116/49140MiB
actions: progress advanced to 1037
[2026-04-19T22:50:11.487997+00:00] active_dataset=2wikimultihop
progress: hotpotqa=1000/1000 em=0.2990 f1=0.4383 contain=0.5870, 2wikimultihop=81/1000 em=0.3210 f1=0.4631 contain=0.6296, musique=0/1000 em=0.0000 f1=0.0000 contain=0.0000
gpu: gpu0 util=98% mem=45282/49140MiB, gpu1 util=97% mem=44894/49140MiB, gpu2 util=98% mem=45116/49140MiB
actions: progress advanced to 1081
[2026-04-19T23:05:17.497478+00:00] active_dataset=2wikimultihop
progress: hotpotqa=1000/1000 em=0.2990 f1=0.4383 contain=0.5870, 2wikimultihop=116/1000 em=0.3017 f1=0.4267 contain=0.5690, musique=0/1000 em=0.0000 f1=0.0000 contain=0.0000
gpu: gpu0 util=98% mem=45282/49140MiB, gpu1 util=98% mem=44894/49140MiB, gpu2 util=96% mem=45426/49140MiB
actions: progress advanced to 1116
[2026-04-19T23:20:23.605537+00:00] active_dataset=2wikimultihop
progress: hotpotqa=1000/1000 em=0.2990 f1=0.4383 contain=0.5870, 2wikimultihop=149/1000 em=0.3087 f1=0.4497 contain=0.5973, musique=0/1000 em=0.0000 f1=0.0000 contain=0.0000
gpu: gpu0 util=100% mem=45282/49140MiB, gpu1 util=98% mem=44894/49140MiB, gpu2 util=96% mem=45426/49140MiB
actions: progress advanced to 1149
[2026-04-19T23:35:29.615758+00:00] active_dataset=2wikimultihop
progress: hotpotqa=1000/1000 em=0.2990 f1=0.4383 contain=0.5870, 2wikimultihop=188/1000 em=0.3085 f1=0.4314 contain=0.5638, musique=0/1000 em=0.0000 f1=0.0000 contain=0.0000
gpu: gpu0 util=97% mem=45598/49140MiB, gpu1 util=98% mem=44894/49140MiB, gpu2 util=97% mem=45426/49140MiB
actions: progress advanced to 1188
[2026-04-19T23:50:35.686639+00:00] active_dataset=2wikimultihop
progress: hotpotqa=1000/1000 em=0.2990 f1=0.4383 contain=0.5870, 2wikimultihop=219/1000 em=0.3014 f1=0.4226 contain=0.5479, musique=0/1000 em=0.0000 f1=0.0000 contain=0.0000
gpu: gpu0 util=96% mem=45598/49140MiB, gpu1 util=98% mem=44894/49140MiB, gpu2 util=96% mem=45426/49140MiB
actions: progress advanced to 1219
[2026-04-20T00:05:41.737829+00:00] active_dataset=2wikimultihop
progress: hotpotqa=1000/1000 em=0.2990 f1=0.4383 contain=0.5870, 2wikimultihop=263/1000 em=0.3118 f1=0.4432 contain=0.5703, musique=0/1000 em=0.0000 f1=0.0000 contain=0.0000
gpu: gpu0 util=98% mem=45598/49140MiB, gpu1 util=98% mem=45212/49140MiB, gpu2 util=98% mem=45426/49140MiB
actions: progress advanced to 1263
[2026-04-20T00:20:47.781673+00:00] active_dataset=2wikimultihop
progress: hotpotqa=1000/1000 em=0.2990 f1=0.4383 contain=0.5870, 2wikimultihop=302/1000 em=0.3079 f1=0.4400 contain=0.5662, musique=0/1000 em=0.0000 f1=0.0000 contain=0.0000
gpu: gpu0 util=96% mem=45598/49140MiB, gpu1 util=96% mem=45212/49140MiB, gpu2 util=96% mem=45426/49140MiB
actions: progress advanced to 1302
[2026-04-20T00:35:53.767917+00:00] active_dataset=2wikimultihop
progress: hotpotqa=1000/1000 em=0.2990 f1=0.4383 contain=0.5870, 2wikimultihop=333/1000 em=0.3033 f1=0.4376 contain=0.5646, musique=0/1000 em=0.0000 f1=0.0000 contain=0.0000
gpu: gpu0 util=98% mem=45598/49140MiB, gpu1 util=96% mem=45212/49140MiB, gpu2 util=96% mem=46052/49140MiB
actions: progress advanced to 1333
[2026-04-20T00:50:59.896151+00:00] active_dataset=2wikimultihop
progress: hotpotqa=1000/1000 em=0.2990 f1=0.4383 contain=0.5870, 2wikimultihop=374/1000 em=0.3048 f1=0.4433 contain=0.5615, musique=0/1000 em=0.0000 f1=0.0000 contain=0.0000
gpu: gpu0 util=98% mem=45916/49140MiB, gpu1 util=98% mem=45212/49140MiB, gpu2 util=98% mem=46052/49140MiB
actions: progress advanced to 1374
[2026-04-20T01:06:06.168261+00:00] active_dataset=2wikimultihop
progress: hotpotqa=1000/1000 em=0.2990 f1=0.4383 contain=0.5870, 2wikimultihop=404/1000 em=0.2995 f1=0.4381 contain=0.5520, musique=0/1000 em=0.0000 f1=0.0000 contain=0.0000
gpu: gpu0 util=98% mem=45916/49140MiB, gpu1 util=98% mem=45212/49140MiB, gpu2 util=98% mem=46052/49140MiB
actions: progress advanced to 1404
[2026-04-20T01:21:12.232968+00:00] active_dataset=2wikimultihop
progress: hotpotqa=1000/1000 em=0.2990 f1=0.4383 contain=0.5870, 2wikimultihop=438/1000 em=0.2922 f1=0.4317 contain=0.5434, musique=0/1000 em=0.0000 f1=0.0000 contain=0.0000
gpu: gpu0 util=98% mem=45916/49140MiB, gpu1 util=97% mem=45212/49140MiB, gpu2 util=98% mem=46052/49140MiB
actions: progress advanced to 1438
[2026-04-20T01:36:18.548997+00:00] active_dataset=2wikimultihop
progress: hotpotqa=1000/1000 em=0.2990 f1=0.4383 contain=0.5870, 2wikimultihop=479/1000 em=0.2839 f1=0.4228 contain=0.5386, musique=0/1000 em=0.0000 f1=0.0000 contain=0.0000
gpu: gpu0 util=98% mem=45916/49140MiB, gpu1 util=96% mem=45212/49140MiB, gpu2 util=96% mem=46052/49140MiB
actions: progress advanced to 1479
[2026-04-20T01:51:24.599645+00:00] active_dataset=2wikimultihop
progress: hotpotqa=1000/1000 em=0.2990 f1=0.4383 contain=0.5870, 2wikimultihop=518/1000 em=0.2896 f1=0.4256 contain=0.5405, musique=0/1000 em=0.0000 f1=0.0000 contain=0.0000
gpu: gpu0 util=98% mem=45916/49140MiB, gpu1 util=96% mem=45212/49140MiB, gpu2 util=96% mem=46052/49140MiB
actions: progress advanced to 1518
[2026-04-20T02:06:30.833290+00:00] active_dataset=2wikimultihop
progress: hotpotqa=1000/1000 em=0.2990 f1=0.4383 contain=0.5870, 2wikimultihop=553/1000 em=0.2911 f1=0.4259 contain=0.5389, musique=0/1000 em=0.0000 f1=0.0000 contain=0.0000
gpu: gpu0 util=96% mem=45916/49140MiB, gpu1 util=98% mem=45212/49140MiB, gpu2 util=98% mem=46368/49140MiB
actions: progress advanced to 1553
[2026-04-20T02:21:36.959047+00:00] active_dataset=2wikimultihop
progress: hotpotqa=1000/1000 em=0.2990 f1=0.4383 contain=0.5870, 2wikimultihop=591/1000 em=0.2893 f1=0.4256 contain=0.5398, musique=0/1000 em=0.0000 f1=0.0000 contain=0.0000
gpu: gpu0 util=97% mem=45916/49140MiB, gpu1 util=97% mem=45212/49140MiB, gpu2 util=97% mem=46368/49140MiB
actions: progress advanced to 1591
[2026-04-20T02:36:43.147128+00:00] active_dataset=2wikimultihop
progress: hotpotqa=1000/1000 em=0.2990 f1=0.4383 contain=0.5870, 2wikimultihop=635/1000 em=0.2929 f1=0.4322 contain=0.5465, musique=0/1000 em=0.0000 f1=0.0000 contain=0.0000
gpu: gpu0 util=97% mem=45916/49140MiB, gpu1 util=97% mem=45212/49140MiB, gpu2 util=96% mem=46368/49140MiB
actions: progress advanced to 1635
[2026-04-20T02:51:49.397947+00:00] active_dataset=2wikimultihop
progress: hotpotqa=1000/1000 em=0.2990 f1=0.4383 contain=0.5870, 2wikimultihop=666/1000 em=0.2973 f1=0.4339 contain=0.5480, musique=0/1000 em=0.0000 f1=0.0000 contain=0.0000
gpu: gpu0 util=97% mem=45916/49140MiB, gpu1 util=98% mem=45212/49140MiB, gpu2 util=98% mem=46368/49140MiB
actions: progress advanced to 1666
[2026-04-20T03:06:55.632856+00:00] active_dataset=2wikimultihop
progress: hotpotqa=1000/1000 em=0.2990 f1=0.4383 contain=0.5870, 2wikimultihop=703/1000 em=0.3044 f1=0.4376 contain=0.5477, musique=0/1000 em=0.0000 f1=0.0000 contain=0.0000
gpu: gpu0 util=97% mem=45916/49140MiB, gpu1 util=98% mem=45212/49140MiB, gpu2 util=97% mem=46368/49140MiB
actions: progress advanced to 1703
[2026-04-20T03:22:02.016482+00:00] active_dataset=2wikimultihop
progress: hotpotqa=1000/1000 em=0.2990 f1=0.4383 contain=0.5870, 2wikimultihop=742/1000 em=0.3032 f1=0.4392 contain=0.5472, musique=0/1000 em=0.0000 f1=0.0000 contain=0.0000
gpu: gpu0 util=98% mem=45916/49140MiB, gpu1 util=97% mem=45212/49140MiB, gpu2 util=97% mem=46368/49140MiB
actions: progress advanced to 1742
[2026-04-20T03:37:08.135141+00:00] active_dataset=2wikimultihop
progress: hotpotqa=1000/1000 em=0.2990 f1=0.4383 contain=0.5870, 2wikimultihop=774/1000 em=0.2997 f1=0.4371 contain=0.5478, musique=0/1000 em=0.0000 f1=0.0000 contain=0.0000
gpu: gpu0 util=98% mem=45916/49140MiB, gpu1 util=97% mem=45212/49140MiB, gpu2 util=96% mem=46368/49140MiB
actions: progress advanced to 1774
[2026-04-20T03:52:14.400983+00:00] active_dataset=2wikimultihop
progress: hotpotqa=1000/1000 em=0.2990 f1=0.4383 contain=0.5870, 2wikimultihop=811/1000 em=0.2996 f1=0.4363 contain=0.5487, musique=0/1000 em=0.0000 f1=0.0000 contain=0.0000
gpu: gpu0 util=98% mem=45916/49140MiB, gpu1 util=98% mem=45212/49140MiB, gpu2 util=98% mem=46368/49140MiB
actions: progress advanced to 1811
[2026-04-20T04:07:20.931564+00:00] active_dataset=2wikimultihop
progress: hotpotqa=1000/1000 em=0.2990 f1=0.4383 contain=0.5870, 2wikimultihop=849/1000 em=0.2992 f1=0.4366 contain=0.5477, musique=0/1000 em=0.0000 f1=0.0000 contain=0.0000
gpu: gpu0 util=98% mem=45916/49140MiB, gpu1 util=96% mem=45212/49140MiB, gpu2 util=97% mem=46368/49140MiB
actions: progress advanced to 1849
[2026-04-20T04:22:27.254909+00:00] active_dataset=2wikimultihop
progress: hotpotqa=1000/1000 em=0.2990 f1=0.4383 contain=0.5870, 2wikimultihop=889/1000 em=0.2958 f1=0.4330 contain=0.5489, musique=0/1000 em=0.0000 f1=0.0000 contain=0.0000
gpu: gpu0 util=98% mem=45916/49140MiB, gpu1 util=97% mem=45212/49140MiB, gpu2 util=97% mem=46368/49140MiB
actions: progress advanced to 1889
[2026-04-20T04:37:33.362386+00:00] active_dataset=2wikimultihop
progress: hotpotqa=1000/1000 em=0.2990 f1=0.4383 contain=0.5870, 2wikimultihop=931/1000 em=0.2932 f1=0.4286 contain=0.5467, musique=0/1000 em=0.0000 f1=0.0000 contain=0.0000
gpu: gpu0 util=96% mem=45916/49140MiB, gpu1 util=98% mem=45212/49140MiB, gpu2 util=96% mem=46368/49140MiB
actions: progress advanced to 1931
[2026-04-20T04:52:39.538845+00:00] active_dataset=2wikimultihop
progress: hotpotqa=1000/1000 em=0.2990 f1=0.4383 contain=0.5870, 2wikimultihop=966/1000 em=0.2899 f1=0.4237 contain=0.5393, musique=0/1000 em=0.0000 f1=0.0000 contain=0.0000
gpu: gpu0 util=0% mem=45916/49140MiB, gpu1 util=97% mem=45212/49140MiB, gpu2 util=98% mem=46368/49140MiB
actions: progress advanced to 1966
[2026-04-20T05:07:45.554459+00:00] active_dataset=2wikimultihop
progress: hotpotqa=1000/1000 em=0.2990 f1=0.4383 contain=0.5870, 2wikimultihop=989/1000 em=0.2882 f1=0.4246 contain=0.5410, musique=0/1000 em=0.0000 f1=0.0000 contain=0.0000
gpu: gpu0 util=0% mem=45916/49140MiB, gpu1 util=96% mem=45212/49140MiB, gpu2 util=0% mem=46368/49140MiB
actions: progress advanced to 1989
[2026-04-20T05:22:51.840253+00:00] active_dataset=musique
progress: hotpotqa=1000/1000 em=0.2990 f1=0.4383 contain=0.5870, 2wikimultihop=1000/1000 em=0.2870 f1=0.4233 contain=0.5400, musique=2/1000 em=0.0000 f1=0.0000 contain=0.0000
gpu: gpu0 util=97% mem=45916/49140MiB, gpu1 util=98% mem=45212/49140MiB, gpu2 util=97% mem=46368/49140MiB
actions: progress advanced to 2002
[2026-04-20T05:37:58.114576+00:00] active_dataset=musique
progress: hotpotqa=1000/1000 em=0.2990 f1=0.4383 contain=0.5870, 2wikimultihop=1000/1000 em=0.2870 f1=0.4233 contain=0.5400, musique=32/1000 em=0.1875 f1=0.3042 contain=0.3438
gpu: gpu0 util=98% mem=45916/49140MiB, gpu1 util=95% mem=45212/49140MiB, gpu2 util=98% mem=46368/49140MiB
actions: progress advanced to 2032
[2026-04-20T05:53:04.202545+00:00] active_dataset=musique
progress: hotpotqa=1000/1000 em=0.2990 f1=0.4383 contain=0.5870, 2wikimultihop=1000/1000 em=0.2870 f1=0.4233 contain=0.5400, musique=63/1000 em=0.2381 f1=0.3245 contain=0.3492
gpu: gpu0 util=95% mem=45916/49140MiB, gpu1 util=97% mem=45212/49140MiB, gpu2 util=98% mem=46368/49140MiB
actions: progress advanced to 2063
[2026-04-20T06:08:10.607352+00:00] active_dataset=musique
progress: hotpotqa=1000/1000 em=0.2990 f1=0.4383 contain=0.5870, 2wikimultihop=1000/1000 em=0.2870 f1=0.4233 contain=0.5400, musique=90/1000 em=0.2111 f1=0.3019 contain=0.3667
gpu: gpu0 util=98% mem=45916/49140MiB, gpu1 util=98% mem=45212/49140MiB, gpu2 util=97% mem=46698/49140MiB
actions: progress advanced to 2090
[2026-04-20T06:23:17.035162+00:00] active_dataset=musique
progress: hotpotqa=1000/1000 em=0.2990 f1=0.4383 contain=0.5870, 2wikimultihop=1000/1000 em=0.2870 f1=0.4233 contain=0.5400, musique=119/1000 em=0.2101 f1=0.3066 contain=0.3866
gpu: gpu0 util=44% mem=45916/49140MiB, gpu1 util=95% mem=45212/49140MiB, gpu2 util=95% mem=46698/49140MiB
actions: progress advanced to 2119
[2026-04-20T06:38:23.314178+00:00] active_dataset=musique
progress: hotpotqa=1000/1000 em=0.2990 f1=0.4383 contain=0.5870, 2wikimultihop=1000/1000 em=0.2870 f1=0.4233 contain=0.5400, musique=147/1000 em=0.2177 f1=0.3074 contain=0.3878
gpu: gpu0 util=98% mem=45916/49140MiB, gpu1 util=98% mem=45212/49140MiB, gpu2 util=98% mem=46698/49140MiB
actions: progress advanced to 2147
[2026-04-20T06:53:29.531653+00:00] active_dataset=musique
progress: hotpotqa=1000/1000 em=0.2990 f1=0.4383 contain=0.5870, 2wikimultihop=1000/1000 em=0.2870 f1=0.4233 contain=0.5400, musique=169/1000 em=0.2071 f1=0.2907 contain=0.3728
gpu: gpu0 util=97% mem=45916/49140MiB, gpu1 util=96% mem=45212/49140MiB, gpu2 util=98% mem=46698/49140MiB
actions: progress advanced to 2169
[2026-04-20T07:08:35.934697+00:00] active_dataset=musique
progress: hotpotqa=1000/1000 em=0.2990 f1=0.4383 contain=0.5870, 2wikimultihop=1000/1000 em=0.2870 f1=0.4233 contain=0.5400, musique=190/1000 em=0.2053 f1=0.2886 contain=0.3632
gpu: gpu0 util=98% mem=45916/49140MiB, gpu1 util=98% mem=45212/49140MiB, gpu2 util=97% mem=46698/49140MiB
actions: progress advanced to 2190
[2026-04-20T07:23:42.175069+00:00] active_dataset=musique
progress: hotpotqa=1000/1000 em=0.2990 f1=0.4383 contain=0.5870, 2wikimultihop=1000/1000 em=0.2870 f1=0.4233 contain=0.5400, musique=216/1000 em=0.1991 f1=0.2830 contain=0.3519
gpu: gpu0 util=98% mem=45916/49140MiB, gpu1 util=98% mem=45212/49140MiB, gpu2 util=98% mem=46698/49140MiB
actions: progress advanced to 2216
[2026-04-20T07:38:48.360650+00:00] active_dataset=musique
progress: hotpotqa=1000/1000 em=0.2990 f1=0.4383 contain=0.5870, 2wikimultihop=1000/1000 em=0.2870 f1=0.4233 contain=0.5400, musique=238/1000 em=0.2143 f1=0.2966 contain=0.3655
gpu: gpu0 util=98% mem=45916/49140MiB, gpu1 util=98% mem=45212/49140MiB, gpu2 util=97% mem=46698/49140MiB
actions: progress advanced to 2238
[2026-04-20T07:53:54.853501+00:00] active_dataset=musique
progress: hotpotqa=1000/1000 em=0.2990 f1=0.4383 contain=0.5870, 2wikimultihop=1000/1000 em=0.2870 f1=0.4233 contain=0.5400, musique=266/1000 em=0.2030 f1=0.2869 contain=0.3609
gpu: gpu0 util=96% mem=45916/49140MiB, gpu1 util=96% mem=45212/49140MiB, gpu2 util=98% mem=46698/49140MiB
actions: progress advanced to 2266
[2026-04-20T08:09:01.317609+00:00] active_dataset=musique
progress: hotpotqa=1000/1000 em=0.2990 f1=0.4383 contain=0.5870, 2wikimultihop=1000/1000 em=0.2870 f1=0.4233 contain=0.5400, musique=287/1000 em=0.2056 f1=0.2862 contain=0.3554
gpu: gpu0 util=98% mem=45916/49140MiB, gpu1 util=96% mem=45212/49140MiB, gpu2 util=97% mem=46698/49140MiB
actions: progress advanced to 2287
[2026-04-20T08:24:07.712114+00:00] active_dataset=musique
progress: hotpotqa=1000/1000 em=0.2990 f1=0.4383 contain=0.5870, 2wikimultihop=1000/1000 em=0.2870 f1=0.4233 contain=0.5400, musique=315/1000 em=0.2190 f1=0.2961 contain=0.3619
gpu: gpu0 util=98% mem=45916/49140MiB, gpu1 util=98% mem=45212/49140MiB, gpu2 util=98% mem=46698/49140MiB
actions: progress advanced to 2315
[2026-04-20T08:39:14.187869+00:00] active_dataset=musique
progress: hotpotqa=1000/1000 em=0.2990 f1=0.4383 contain=0.5870, 2wikimultihop=1000/1000 em=0.2870 f1=0.4233 contain=0.5400, musique=342/1000 em=0.2164 f1=0.2944 contain=0.3538
gpu: gpu0 util=97% mem=45916/49140MiB, gpu1 util=98% mem=45212/49140MiB, gpu2 util=96% mem=46698/49140MiB
actions: progress advanced to 2342
[2026-04-20T08:54:20.524272+00:00] active_dataset=musique
progress: hotpotqa=1000/1000 em=0.2990 f1=0.4383 contain=0.5870, 2wikimultihop=1000/1000 em=0.2870 f1=0.4233 contain=0.5400, musique=365/1000 em=0.2192 f1=0.2956 contain=0.3562
gpu: gpu0 util=97% mem=45916/49140MiB, gpu1 util=100% mem=45212/49140MiB, gpu2 util=97% mem=46698/49140MiB
actions: progress advanced to 2365
[2026-04-20T09:09:26.821495+00:00] active_dataset=musique
progress: hotpotqa=1000/1000 em=0.2990 f1=0.4383 contain=0.5870, 2wikimultihop=1000/1000 em=0.2870 f1=0.4233 contain=0.5400, musique=397/1000 em=0.2141 f1=0.2984 contain=0.3602
gpu: gpu0 util=96% mem=46244/49140MiB, gpu1 util=98% mem=45212/49140MiB, gpu2 util=98% mem=46698/49140MiB
actions: progress advanced to 2397
[2026-04-20T09:24:33.290842+00:00] active_dataset=musique
progress: hotpotqa=1000/1000 em=0.2990 f1=0.4383 contain=0.5870, 2wikimultihop=1000/1000 em=0.2870 f1=0.4233 contain=0.5400, musique=426/1000 em=0.2183 f1=0.3042 contain=0.3615
gpu: gpu0 util=95% mem=46244/49140MiB, gpu1 util=97% mem=45212/49140MiB, gpu2 util=65% mem=46698/49140MiB
actions: progress advanced to 2426
[2026-04-20T09:39:39.682720+00:00] active_dataset=musique
progress: hotpotqa=1000/1000 em=0.2990 f1=0.4383 contain=0.5870, 2wikimultihop=1000/1000 em=0.2870 f1=0.4233 contain=0.5400, musique=452/1000 em=0.2190 f1=0.3075 contain=0.3606
gpu: gpu0 util=98% mem=46244/49140MiB, gpu1 util=98% mem=45870/49140MiB, gpu2 util=95% mem=46698/49140MiB
actions: progress advanced to 2452
[2026-04-20T09:54:46.059157+00:00] active_dataset=musique
progress: hotpotqa=1000/1000 em=0.2990 f1=0.4383 contain=0.5870, 2wikimultihop=1000/1000 em=0.2870 f1=0.4233 contain=0.5400, musique=477/1000 em=0.2138 f1=0.3040 contain=0.3606
gpu: gpu0 util=98% mem=46244/49140MiB, gpu1 util=97% mem=45870/49140MiB, gpu2 util=98% mem=46698/49140MiB
actions: progress advanced to 2477
[2026-04-20T10:09:52.451934+00:00] active_dataset=musique
progress: hotpotqa=1000/1000 em=0.2990 f1=0.4383 contain=0.5870, 2wikimultihop=1000/1000 em=0.2870 f1=0.4233 contain=0.5400, musique=508/1000 em=0.2244 f1=0.3123 contain=0.3681
gpu: gpu0 util=99% mem=46244/49140MiB, gpu1 util=97% mem=45870/49140MiB, gpu2 util=96% mem=46698/49140MiB
actions: progress advanced to 2508
[2026-04-20T10:24:58.918790+00:00] active_dataset=musique
progress: hotpotqa=1000/1000 em=0.2990 f1=0.4383 contain=0.5870, 2wikimultihop=1000/1000 em=0.2870 f1=0.4233 contain=0.5400, musique=533/1000 em=0.2251 f1=0.3155 contain=0.3715
gpu: gpu0 util=97% mem=46244/49140MiB, gpu1 util=98% mem=45870/49140MiB, gpu2 util=98% mem=46698/49140MiB
actions: progress advanced to 2533
[2026-04-20T10:40:05.432115+00:00] active_dataset=musique
progress: hotpotqa=1000/1000 em=0.2990 f1=0.4383 contain=0.5870, 2wikimultihop=1000/1000 em=0.2870 f1=0.4233 contain=0.5400, musique=557/1000 em=0.2244 f1=0.3176 contain=0.3752
gpu: gpu0 util=97% mem=46244/49140MiB, gpu1 util=97% mem=45870/49140MiB, gpu2 util=96% mem=46698/49140MiB
actions: progress advanced to 2557
[2026-04-20T10:55:12.064101+00:00] active_dataset=musique
progress: hotpotqa=1000/1000 em=0.2990 f1=0.4383 contain=0.5870, 2wikimultihop=1000/1000 em=0.2870 f1=0.4233 contain=0.5400, musique=583/1000 em=0.2230 f1=0.3146 contain=0.3705
gpu: gpu0 util=95% mem=46244/49140MiB, gpu1 util=97% mem=45870/49140MiB, gpu2 util=98% mem=46698/49140MiB
actions: progress advanced to 2583
[2026-04-20T11:10:18.632157+00:00] active_dataset=musique
progress: hotpotqa=1000/1000 em=0.2990 f1=0.4383 contain=0.5870, 2wikimultihop=1000/1000 em=0.2870 f1=0.4233 contain=0.5400, musique=616/1000 em=0.2256 f1=0.3168 contain=0.3734
gpu: gpu0 util=94% mem=46244/49140MiB, gpu1 util=98% mem=45870/49140MiB, gpu2 util=100% mem=46698/49140MiB
actions: progress advanced to 2616
[2026-04-20T11:25:25.175005+00:00] active_dataset=musique
progress: hotpotqa=1000/1000 em=0.2990 f1=0.4383 contain=0.5870, 2wikimultihop=1000/1000 em=0.2870 f1=0.4233 contain=0.5400, musique=645/1000 em=0.2279 f1=0.3200 contain=0.3752
gpu: gpu0 util=95% mem=46244/49140MiB, gpu1 util=98% mem=45870/49140MiB, gpu2 util=100% mem=46698/49140MiB
actions: progress advanced to 2645
[2026-04-20T11:40:31.748313+00:00] active_dataset=musique
progress: hotpotqa=1000/1000 em=0.2990 f1=0.4383 contain=0.5870, 2wikimultihop=1000/1000 em=0.2870 f1=0.4233 contain=0.5400, musique=670/1000 em=0.2284 f1=0.3222 contain=0.3746
gpu: gpu0 util=97% mem=46244/49140MiB, gpu1 util=96% mem=45870/49140MiB, gpu2 util=98% mem=46698/49140MiB
actions: progress advanced to 2670
[2026-04-20T11:55:38.169680+00:00] active_dataset=musique
progress: hotpotqa=1000/1000 em=0.2990 f1=0.4383 contain=0.5870, 2wikimultihop=1000/1000 em=0.2870 f1=0.4233 contain=0.5400, musique=693/1000 em=0.2266 f1=0.3210 contain=0.3737
gpu: gpu0 util=98% mem=46244/49140MiB, gpu1 util=96% mem=45870/49140MiB, gpu2 util=98% mem=46698/49140MiB
actions: progress advanced to 2693
[2026-04-20T12:10:44.968589+00:00] active_dataset=musique
progress: hotpotqa=1000/1000 em=0.2990 f1=0.4383 contain=0.5870, 2wikimultihop=1000/1000 em=0.2870 f1=0.4233 contain=0.5400, musique=719/1000 em=0.2225 f1=0.3206 contain=0.3700
gpu: gpu0 util=100% mem=46244/49140MiB, gpu1 util=98% mem=45870/49140MiB, gpu2 util=96% mem=46698/49140MiB
actions: progress advanced to 2719
[2026-04-20T12:25:51.631781+00:00] active_dataset=musique
progress: hotpotqa=1000/1000 em=0.2990 f1=0.4383 contain=0.5870, 2wikimultihop=1000/1000 em=0.2870 f1=0.4233 contain=0.5400, musique=748/1000 em=0.2219 f1=0.3180 contain=0.3663
gpu: gpu0 util=97% mem=46244/49140MiB, gpu1 util=97% mem=45870/49140MiB, gpu2 util=98% mem=46698/49140MiB
actions: progress advanced to 2748
[2026-04-20T12:40:58.251929+00:00] active_dataset=musique
progress: hotpotqa=1000/1000 em=0.2990 f1=0.4383 contain=0.5870, 2wikimultihop=1000/1000 em=0.2870 f1=0.4233 contain=0.5400, musique=775/1000 em=0.2245 f1=0.3189 contain=0.3690
gpu: gpu0 util=95% mem=46244/49140MiB, gpu1 util=96% mem=45870/49140MiB, gpu2 util=95% mem=46698/49140MiB
actions: progress advanced to 2775
[2026-04-20T12:56:04.875731+00:00] active_dataset=musique
progress: hotpotqa=1000/1000 em=0.2990 f1=0.4383 contain=0.5870, 2wikimultihop=1000/1000 em=0.2870 f1=0.4233 contain=0.5400, musique=804/1000 em=0.2239 f1=0.3206 contain=0.3719
gpu: gpu0 util=98% mem=46244/49140MiB, gpu1 util=98% mem=45870/49140MiB, gpu2 util=98% mem=46698/49140MiB
actions: progress advanced to 2804
[2026-04-20T13:11:11.687465+00:00] active_dataset=musique
progress: hotpotqa=1000/1000 em=0.2990 f1=0.4383 contain=0.5870, 2wikimultihop=1000/1000 em=0.2870 f1=0.4233 contain=0.5400, musique=835/1000 em=0.2216 f1=0.3197 contain=0.3689
gpu: gpu0 util=97% mem=46244/49140MiB, gpu1 util=96% mem=45870/49140MiB, gpu2 util=81% mem=46698/49140MiB
actions: progress advanced to 2835
[2026-04-20T13:26:18.373982+00:00] active_dataset=musique
progress: hotpotqa=1000/1000 em=0.2990 f1=0.4383 contain=0.5870, 2wikimultihop=1000/1000 em=0.2870 f1=0.4233 contain=0.5400, musique=862/1000 em=0.2204 f1=0.3196 contain=0.3677
gpu: gpu0 util=98% mem=46244/49140MiB, gpu1 util=97% mem=45870/49140MiB, gpu2 util=98% mem=46698/49140MiB
actions: progress advanced to 2862
[2026-04-20T13:41:25.003114+00:00] active_dataset=musique
progress: hotpotqa=1000/1000 em=0.2990 f1=0.4383 contain=0.5870, 2wikimultihop=1000/1000 em=0.2870 f1=0.4233 contain=0.5400, musique=890/1000 em=0.2180 f1=0.3189 contain=0.3652
gpu: gpu0 util=98% mem=46244/49140MiB, gpu1 util=97% mem=45870/49140MiB, gpu2 util=97% mem=46698/49140MiB
actions: progress advanced to 2890
[2026-04-20T13:56:31.662617+00:00] active_dataset=musique
progress: hotpotqa=1000/1000 em=0.2990 f1=0.4383 contain=0.5870, 2wikimultihop=1000/1000 em=0.2870 f1=0.4233 contain=0.5400, musique=917/1000 em=0.2170 f1=0.3178 contain=0.3664
gpu: gpu0 util=96% mem=46244/49140MiB, gpu1 util=96% mem=45870/49140MiB, gpu2 util=98% mem=46698/49140MiB
actions: progress advanced to 2917
[2026-04-20T14:11:38.331168+00:00] active_dataset=musique
progress: hotpotqa=1000/1000 em=0.2990 f1=0.4383 contain=0.5870, 2wikimultihop=1000/1000 em=0.2870 f1=0.4233 contain=0.5400, musique=943/1000 em=0.2174 f1=0.3172 contain=0.3637
gpu: gpu0 util=98% mem=46244/49140MiB, gpu1 util=97% mem=45870/49140MiB, gpu2 util=98% mem=46698/49140MiB
actions: progress advanced to 2943
[2026-04-20T14:26:44.931428+00:00] active_dataset=musique
progress: hotpotqa=1000/1000 em=0.2990 f1=0.4383 contain=0.5870, 2wikimultihop=1000/1000 em=0.2870 f1=0.4233 contain=0.5400, musique=966/1000 em=0.2133 f1=0.3127 contain=0.3613
gpu: gpu0 util=98% mem=46244/49140MiB, gpu1 util=98% mem=45870/49140MiB, gpu2 util=0% mem=46698/49140MiB
actions: progress advanced to 2966
[2026-04-20T14:41:51.513502+00:00] active_dataset=musique
progress: hotpotqa=1000/1000 em=0.2990 f1=0.4383 contain=0.5870, 2wikimultihop=1000/1000 em=0.2870 f1=0.4233 contain=0.5400, musique=979/1000 em=0.2135 f1=0.3134 contain=0.3626
gpu: gpu0 util=0% mem=46244/49140MiB, gpu1 util=98% mem=45870/49140MiB, gpu2 util=0% mem=46698/49140MiB
actions: progress advanced to 2979
[2026-04-20T14:56:58.198553+00:00] active_dataset=musique
progress: hotpotqa=1000/1000 em=0.2990 f1=0.4383 contain=0.5870, 2wikimultihop=1000/1000 em=0.2870 f1=0.4233 contain=0.5400, musique=985/1000 em=0.2122 f1=0.3119 contain=0.3604
gpu: gpu0 util=0% mem=46244/49140MiB, gpu1 util=97% mem=45870/49140MiB, gpu2 util=0% mem=46698/49140MiB
actions: progress advanced to 2985
[2026-04-20T15:12:04.797406+00:00] active_dataset=musique
progress: hotpotqa=1000/1000 em=0.2990 f1=0.4383 contain=0.5870, 2wikimultihop=1000/1000 em=0.2870 f1=0.4233 contain=0.5400, musique=992/1000 em=0.2127 f1=0.3121 contain=0.3609
gpu: gpu0 util=0% mem=46244/49140MiB, gpu1 util=98% mem=45870/49140MiB, gpu2 util=0% mem=46698/49140MiB
actions: progress advanced to 2992
[2026-04-20T15:27:11.381281+00:00] active_dataset=None
progress: hotpotqa=1000/1000 em=0.2990 f1=0.4383 contain=0.5870, 2wikimultihop=1000/1000 em=0.2870 f1=0.4233 contain=0.5400, musique=1000/1000 em=0.2120 f1=0.3111 contain=0.3610
gpu: gpu0 util=0% mem=46244/49140MiB, gpu1 util=0% mem=45870/49140MiB, gpu2 util=0% mem=46698/49140MiB
actions: progress advanced to 3000
[2026-04-20T15:27:14.147303+00:00] all datasets complete
