17:31:32 [INFO] amas.runner: Loaded 50 questions; 0 done; 50 to run.
17:31:32 [INFO] amas.pipeline: AMAS v3 start: qid=musique_2hop__13548_13529
17:31:32 [INFO] amas.pipeline: AMAS v3 start: qid=musique_3hop1__9285_5188_23307
17:31:32 [INFO] amas.pipeline: AMAS v3 start: qid=musique_2hop__766973_770570
17:31:32 [INFO] amas.pipeline: AMAS v3 start: qid=musique_2hop__170823_120171
17:31:32 [INFO] amas.pipeline: AMAS v3 start: qid=musique_2hop__511454_120259
17:31:32 [INFO] amas.pipeline: AMAS v3 start: qid=musique_4hop2__71753_648517_70784_79935
17:31:32 [INFO] amas.pipeline: AMAS v3 start: qid=musique_4hop1__94201_642284_131926_89261
17:31:32 [INFO] amas.pipeline: AMAS v3 start: qid=musique_4hop1__152562_5274_458768_33633
17:31:34 [INFO] amas.pipeline: AMAS v3 start: qid=musique_3hop1__305282_282081_73772
17:31:46 [INFO] amas.pipeline: AMAS v3 start: qid=musique_2hop__655505_110949
17:31:48 [INFO] amas.pipeline: AMAS v3 start: qid=musique_2hop__619265_45326
17:31:49 [INFO] amas.pipeline: AMAS v3 start: qid=musique_4hop3__754156_88460_30152_20999
17:31:49 [INFO] amas.pipeline: AMAS v3 start: qid=musique_2hop__199513_801817
17:31:50 [INFO] amas.pipeline: AMAS v3 start: qid=musique_3hop1__820301_720914_41132
17:31:51 [INFO] amas.pipeline: AMAS v3 start: qid=musique_3hop1__136129_87694_124169
17:31:52 [INFO] amas.pipeline: AMAS v3 start: qid=musique_2hop__354635_174222
17:31:52 [INFO] amas.pipeline: AMAS v3 start: qid=musique_3hop1__849312_503371_21711
17:31:53 [INFO] amas.pipeline: AMAS v3 start: qid=musique_2hop__511296_577502
17:31:54 [INFO] amas.pipeline: AMAS v3 start: qid=musique_2hop__731956_126089
17:31:54 [INFO] amas.pipeline: AMAS v3 start: qid=musique_2hop__123545_47134
17:31:54 [INFO] amas.pipeline: AMAS v3 start: qid=musique_3hop1__786632_831637_91775
17:31:56 [INFO] amas.pipeline: AMAS v3 start: qid=musique_2hop__124412_402641
17:31:58 [INFO] amas.pipeline: AMAS v3 start: qid=musique_2hop__159215_779396
17:31:58 [INFO] amas.pipeline: AMAS v3 start: qid=musique_2hop__59048_827343
17:31:59 [INFO] amas.pipeline: AMAS v3 start: qid=musique_4hop1__726675_508773_85832_745702
17:31:59 [INFO] amas.pipeline: AMAS v3 start: qid=musique_2hop__693444_220151
17:32:00 [INFO] amas.pipeline: AMAS v3 start: qid=musique_3hop1__108833_720914_41132
17:32:02 [INFO] amas.pipeline: AMAS v3 start: qid=musique_2hop__347686_127399
17:32:04 [INFO] amas.pipeline: AMAS v3 start: qid=musique_3hop1__33845_42197_18397
17:32:09 [INFO] amas.pipeline: AMAS v3 start: qid=musique_2hop__645448_77615
17:32:13 [INFO] amas.pipeline: AMAS v3 start: qid=musique_4hop3__524186_219173_638950_72134
17:32:14 [INFO] amas.pipeline: AMAS v3 start: qid=musique_2hop__734582_71302
17:32:15 [INFO] amas.pipeline: AMAS v3 start: qid=musique_3hop1__639955_834494_34099
17:32:18 [INFO] amas.pipeline: AMAS v3 start: qid=musique_4hop2__9988_261673_70784_79935
17:32:23 [INFO] amas.pipeline: AMAS v3 start: qid=musique_2hop__77233_33207
17:32:25 [INFO] amas.pipeline: AMAS v3 start: qid=musique_2hop__84847_148696
17:32:25 [INFO] amas.pipeline: AMAS v3 start: qid=musique_3hop1__90327_83076_319330
17:32:26 [INFO] amas.pipeline: AMAS v3 start: qid=musique_2hop__998_25855
17:32:27 [INFO] amas.pipeline: AMAS v3 start: qid=musique_2hop__81659_52835
17:32:31 [INFO] amas.pipeline: AMAS v3 start: qid=musique_4hop1__88342_75218_128008_48717
17:32:32 [INFO] amas.pipeline: AMAS v3 start: qid=musique_3hop1__144678_443779_52195
17:32:37 [INFO] amas.pipeline: AMAS v3 start: qid=musique_2hop__865961_159109
17:32:39 [INFO] amas.pipeline: AMAS v3 start: qid=musique_3hop2__127483_60649_10557
17:32:43 [INFO] amas.pipeline: AMAS v3 start: qid=musique_2hop__46862_68042
17:32:45 [INFO] amas.pipeline: AMAS v3 start: qid=musique_2hop__78401_158262
17:32:50 [INFO] amas.pipeline: AMAS v3 start: qid=musique_2hop__95970_152907
17:32:50 [INFO] amas.pipeline: AMAS v3 start: qid=musique_3hop1__105837_160713_77246
17:32:51 [INFO] amas.pipeline: AMAS v3 start: qid=musique_2hop__179322_83289
17:32:52 [INFO] amas.pipeline: AMAS v3 start: qid=musique_3hop2__87184_90327_76291
17:32:53 [INFO] amas.pipeline: AMAS v3 start: qid=musique_4hop1__152146_5274_458768_33637
Done: 50 processed in 102.9s (answered=48/50)
