/local/yzheng/pnair/workspace/adaptive-mas/.venv/lib/python3.10/site-packages/transformers/utils/hub.py:110: FutureWarning: Using `TRANSFORMERS_CACHE` is deprecated and will be removed in v5 of Transformers. Use `HF_HOME` instead.
  warnings.warn(
2026-04-23 19:00:23 [INFO] __main__: Loaded 17 questions from data/musique/questions_smoke50_seed42_3gpu_shard0.json
2026-04-23 19:00:23 [INFO] __main__: Checkpoint: 0 completed, 17 remaining
2026-04-23 19:00:23 [INFO] sentence_transformers.base.model: No device provided, using cuda:0
2026-04-23 19:00:23 [INFO] sentence_transformers.base.model: Loading SentenceTransformer model from intfloat/e5-base-v2.
Traceback (most recent call last):
  File "/local/yzheng/pnair/workspace/adaptive-mas/scripts/runner.py", line 377, in <module>
    main()
  File "/local/yzheng/pnair/workspace/adaptive-mas/scripts/runner.py", line 362, in main
    asyncio.run(
  File "/var/scratch/yzheng/pnair/uv-python/cpython-3.10.18-linux-x86_64-gnu/lib/python3.10/asyncio/runners.py", line 44, in run
    return loop.run_until_complete(main)
  File "/var/scratch/yzheng/pnair/uv-python/cpython-3.10.18-linux-x86_64-gnu/lib/python3.10/asyncio/base_events.py", line 649, in run_until_complete
    return future.result()
  File "/local/yzheng/pnair/workspace/adaptive-mas/scripts/runner.py", line 239, in _run
    pipeline = AdaptiveRecursivePipeline(config)
  File "/local/yzheng/pnair/workspace/adaptive-mas/src/adaptive_sage/pipeline.py", line 43, in __init__
    self.investigator = Investigator(config, self.llm_client)
  File "/local/yzheng/pnair/workspace/adaptive-mas/src/adaptive_sage/investigator.py", line 79, in __init__
    self.semantic_search = SemanticSearchTool(
  File "/local/yzheng/pnair/workspace/adaptive-mas/src/arag/tools/semantic_search.py", line 50, in __init__
    self.embedding_model = SentenceTransformer(model_name, device=device)
  File "/local/yzheng/pnair/workspace/adaptive-mas/.venv/lib/python3.10/site-packages/sentence_transformers/util/decorators.py", line 41, in wrapper
    return func(*args, **kwargs)
  File "/local/yzheng/pnair/workspace/adaptive-mas/.venv/lib/python3.10/site-packages/sentence_transformers/sentence_transformer/model.py", line 183, in __init__
    super().__init__(
  File "/local/yzheng/pnair/workspace/adaptive-mas/.venv/lib/python3.10/site-packages/sentence_transformers/base/model.py", line 230, in __init__
    self.to(device)
  File "/local/yzheng/pnair/workspace/adaptive-mas/.venv/lib/python3.10/site-packages/torch/nn/modules/module.py", line 1371, in to
    return self._apply(convert)
  File "/local/yzheng/pnair/workspace/adaptive-mas/.venv/lib/python3.10/site-packages/torch/nn/modules/module.py", line 930, in _apply
    module._apply(fn)
  File "/local/yzheng/pnair/workspace/adaptive-mas/.venv/lib/python3.10/site-packages/torch/nn/modules/module.py", line 930, in _apply
    module._apply(fn)
  File "/local/yzheng/pnair/workspace/adaptive-mas/.venv/lib/python3.10/site-packages/torch/nn/modules/module.py", line 930, in _apply
    module._apply(fn)
  [Previous line repeated 4 more times]
  File "/local/yzheng/pnair/workspace/adaptive-mas/.venv/lib/python3.10/site-packages/torch/nn/modules/module.py", line 957, in _apply
    param_applied = fn(param)
  File "/local/yzheng/pnair/workspace/adaptive-mas/.venv/lib/python3.10/site-packages/torch/nn/modules/module.py", line 1357, in convert
    return t.to(
torch.OutOfMemoryError: CUDA out of memory. Tried to allocate 20.00 MiB. GPU 0 has a total capacity of 47.65 GiB of which 17.31 MiB is free. Process 2923583 has 44.88 GiB memory in use. Process 2929213 has 732.00 MiB memory in use. Process 2929197 has 732.00 MiB memory in use. Process 2929215 has 732.00 MiB memory in use. Including non-PyTorch memory, this process has 572.00 MiB memory in use. Process 2929211 has 16.00 MiB memory in use. Of the allocated memory 290.30 MiB is allocated by PyTorch, and 21.70 MiB is reserved by PyTorch but unallocated. If reserved but unallocated memory is large try setting PYTORCH_CUDA_ALLOC_CONF=expandable_segments:True to avoid fragmentation.  See documentation for Memory Management  (https://pytorch.org/docs/stable/notes/cuda.html#environment-variables)
