2026-04-25 11:23:12 [INFO] __main__: Loaded 17 questions from data/musique/smoke50_shards/questions_smoke50_seed42_shard0.json
2026-04-25 11:23:12 [INFO] __main__: Checkpoint: 0 completed, 17 remaining
2026-04-25 11:23:13 [INFO] sentence_transformers.base.model: Loading SentenceTransformer model from /local/yzheng/pnair/.cache/huggingface/models--intfloat--e5-base-v2/snapshots/f52bf8ec8c7124536f0efb74aca902b2995e5bcd.
Processing questions:   0%|          | 0/17 [00:00<?, ?q/s]2026-04-25 11:23:13 [INFO] adaptive_sage.pipeline: Pipeline start: question_id=musique_2hop__547045_131879, max_steps=3
2026-04-25 11:23:13 [ERROR] __main__: Failed on question musique_2hop__547045_131879: 'bridge_entity'
Traceback (most recent call last):
  File "/local/yzheng/pnair/workspace/adaptive-mas/scripts/runner.py", line 153, in _process_question
    result: PipelineResult = await pipeline.run(question=q_text, question_id=qid)
  File "/local/yzheng/pnair/workspace/adaptive-mas/src/adaptive_sage/pipeline.py", line 178, in run
    result = await self._run_topology_controller(question, question_id)
  File "/local/yzheng/pnair/workspace/adaptive-mas/src/adaptive_sage/pipeline.py", line 305, in _run_topology_controller
    route, route_tokens = await self.orchestrator.route_with_usage(
  File "/local/yzheng/pnair/workspace/adaptive-mas/src/adaptive_sage/orchestrator.py", line 405, in route_with_usage
    user_content = self._route_template.format(
KeyError: 'bridge_entity'
2026-04-25 11:23:13 [INFO] adaptive_sage.pipeline: Pipeline start: question_id=musique_4hop2__161602_426860_88460_20988, max_steps=3
2026-04-25 11:23:13 [ERROR] __main__: Failed on question musique_4hop2__161602_426860_88460_20988: 'bridge_entity'
Traceback (most recent call last):
  File "/local/yzheng/pnair/workspace/adaptive-mas/scripts/runner.py", line 153, in _process_question
    result: PipelineResult = await pipeline.run(question=q_text, question_id=qid)
  File "/local/yzheng/pnair/workspace/adaptive-mas/src/adaptive_sage/pipeline.py", line 178, in run
    result = await self._run_topology_controller(question, question_id)
  File "/local/yzheng/pnair/workspace/adaptive-mas/src/adaptive_sage/pipeline.py", line 305, in _run_topology_controller
    route, route_tokens = await self.orchestrator.route_with_usage(
  File "/local/yzheng/pnair/workspace/adaptive-mas/src/adaptive_sage/orchestrator.py", line 405, in route_with_usage
    user_content = self._route_template.format(
KeyError: 'bridge_entity'
2026-04-25 11:23:13 [INFO] adaptive_sage.pipeline: Pipeline start: question_id=musique_2hop__304852_758385, max_steps=3
2026-04-25 11:23:13 [ERROR] __main__: Failed on question musique_2hop__304852_758385: 'bridge_entity'
Traceback (most recent call last):
  File "/local/yzheng/pnair/workspace/adaptive-mas/scripts/runner.py", line 153, in _process_question
    result: PipelineResult = await pipeline.run(question=q_text, question_id=qid)
  File "/local/yzheng/pnair/workspace/adaptive-mas/src/adaptive_sage/pipeline.py", line 178, in run
    result = await self._run_topology_controller(question, question_id)
  File "/local/yzheng/pnair/workspace/adaptive-mas/src/adaptive_sage/pipeline.py", line 305, in _run_topology_controller
    route, route_tokens = await self.orchestrator.route_with_usage(
  File "/local/yzheng/pnair/workspace/adaptive-mas/src/adaptive_sage/orchestrator.py", line 405, in route_with_usage
    user_content = self._route_template.format(
KeyError: 'bridge_entity'
2026-04-25 11:23:13 [INFO] adaptive_sage.pipeline: Pipeline start: question_id=musique_3hop1__632623_160713_77246, max_steps=3
2026-04-25 11:23:13 [ERROR] __main__: Failed on question musique_3hop1__632623_160713_77246: 'bridge_entity'
Traceback (most recent call last):
  File "/local/yzheng/pnair/workspace/adaptive-mas/scripts/runner.py", line 153, in _process_question
    result: PipelineResult = await pipeline.run(question=q_text, question_id=qid)
  File "/local/yzheng/pnair/workspace/adaptive-mas/src/adaptive_sage/pipeline.py", line 178, in run
    result = await self._run_topology_controller(question, question_id)
  File "/local/yzheng/pnair/workspace/adaptive-mas/src/adaptive_sage/pipeline.py", line 305, in _run_topology_controller
    route, route_tokens = await self.orchestrator.route_with_usage(
  File "/local/yzheng/pnair/workspace/adaptive-mas/src/adaptive_sage/orchestrator.py", line 405, in route_with_usage
    user_content = self._route_template.format(
KeyError: 'bridge_entity'
2026-04-25 11:23:13 [INFO] adaptive_sage.pipeline: Pipeline start: question_id=musique_3hop1__222497_309482_41132, max_steps=3
2026-04-25 11:23:13 [ERROR] __main__: Failed on question musique_3hop1__222497_309482_41132: 'bridge_entity'
Traceback (most recent call last):
  File "/local/yzheng/pnair/workspace/adaptive-mas/scripts/runner.py", line 153, in _process_question
    result: PipelineResult = await pipeline.run(question=q_text, question_id=qid)
  File "/local/yzheng/pnair/workspace/adaptive-mas/src/adaptive_sage/pipeline.py", line 178, in run
    result = await self._run_topology_controller(question, question_id)
  File "/local/yzheng/pnair/workspace/adaptive-mas/src/adaptive_sage/pipeline.py", line 305, in _run_topology_controller
    route, route_tokens = await self.orchestrator.route_with_usage(
  File "/local/yzheng/pnair/workspace/adaptive-mas/src/adaptive_sage/orchestrator.py", line 405, in route_with_usage
    user_content = self._route_template.format(
KeyError: 'bridge_entity'
2026-04-25 11:23:13 [INFO] adaptive_sage.pipeline: Pipeline start: question_id=musique_2hop__847760_80026, max_steps=3
2026-04-25 11:23:13 [ERROR] __main__: Failed on question musique_2hop__847760_80026: 'bridge_entity'
Traceback (most recent call last):
  File "/local/yzheng/pnair/workspace/adaptive-mas/scripts/runner.py", line 153, in _process_question
    result: PipelineResult = await pipeline.run(question=q_text, question_id=qid)
  File "/local/yzheng/pnair/workspace/adaptive-mas/src/adaptive_sage/pipeline.py", line 178, in run
    result = await self._run_topology_controller(question, question_id)
  File "/local/yzheng/pnair/workspace/adaptive-mas/src/adaptive_sage/pipeline.py", line 305, in _run_topology_controller
    route, route_tokens = await self.orchestrator.route_with_usage(
  File "/local/yzheng/pnair/workspace/adaptive-mas/src/adaptive_sage/orchestrator.py", line 405, in route_with_usage
    user_content = self._route_template.format(
KeyError: 'bridge_entity'
2026-04-25 11:23:13 [INFO] adaptive_sage.pipeline: Pipeline start: question_id=musique_4hop1__343844_17130_70784_79935, max_steps=3
2026-04-25 11:23:13 [ERROR] __main__: Failed on question musique_4hop1__343844_17130_70784_79935: 'bridge_entity'
Traceback (most recent call last):
  File "/local/yzheng/pnair/workspace/adaptive-mas/scripts/runner.py", line 153, in _process_question
    result: PipelineResult = await pipeline.run(question=q_text, question_id=qid)
  File "/local/yzheng/pnair/workspace/adaptive-mas/src/adaptive_sage/pipeline.py", line 178, in run
    result = await self._run_topology_controller(question, question_id)
  File "/local/yzheng/pnair/workspace/adaptive-mas/src/adaptive_sage/pipeline.py", line 305, in _run_topology_controller
    route, route_tokens = await self.orchestrator.route_with_usage(
  File "/local/yzheng/pnair/workspace/adaptive-mas/src/adaptive_sage/orchestrator.py", line 405, in route_with_usage
    user_content = self._route_template.format(
KeyError: 'bridge_entity'
2026-04-25 11:23:13 [INFO] adaptive_sage.pipeline: Pipeline start: question_id=musique_3hop1__324448_831637_91775, max_steps=3
2026-04-25 11:23:13 [ERROR] __main__: Failed on question musique_3hop1__324448_831637_91775: 'bridge_entity'
Traceback (most recent call last):
  File "/local/yzheng/pnair/workspace/adaptive-mas/scripts/runner.py", line 153, in _process_question
    result: PipelineResult = await pipeline.run(question=q_text, question_id=qid)
  File "/local/yzheng/pnair/workspace/adaptive-mas/src/adaptive_sage/pipeline.py", line 178, in run
    result = await self._run_topology_controller(question, question_id)
  File "/local/yzheng/pnair/workspace/adaptive-mas/src/adaptive_sage/pipeline.py", line 305, in _run_topology_controller
    route, route_tokens = await self.orchestrator.route_with_usage(
  File "/local/yzheng/pnair/workspace/adaptive-mas/src/adaptive_sage/orchestrator.py", line 405, in route_with_usage
    user_content = self._route_template.format(
KeyError: 'bridge_entity'
2026-04-25 11:23:13 [INFO] adaptive_sage.pipeline: Pipeline start: question_id=musique_4hop2__71753_685934_70784_79935, max_steps=3
2026-04-25 11:23:13 [ERROR] __main__: Failed on question musique_4hop2__71753_685934_70784_79935: 'bridge_entity'
Traceback (most recent call last):
  File "/local/yzheng/pnair/workspace/adaptive-mas/scripts/runner.py", line 153, in _process_question
    result: PipelineResult = await pipeline.run(question=q_text, question_id=qid)
  File "/local/yzheng/pnair/workspace/adaptive-mas/src/adaptive_sage/pipeline.py", line 178, in run
    result = await self._run_topology_controller(question, question_id)
  File "/local/yzheng/pnair/workspace/adaptive-mas/src/adaptive_sage/pipeline.py", line 305, in _run_topology_controller
    route, route_tokens = await self.orchestrator.route_with_usage(
  File "/local/yzheng/pnair/workspace/adaptive-mas/src/adaptive_sage/orchestrator.py", line 405, in route_with_usage
    user_content = self._route_template.format(
KeyError: 'bridge_entity'
2026-04-25 11:23:13 [INFO] adaptive_sage.pipeline: Pipeline start: question_id=musique_4hop1__708184_153080_159767_81096, max_steps=3
2026-04-25 11:23:13 [ERROR] __main__: Failed on question musique_4hop1__708184_153080_159767_81096: 'bridge_entity'
Traceback (most recent call last):
  File "/local/yzheng/pnair/workspace/adaptive-mas/scripts/runner.py", line 153, in _process_question
    result: PipelineResult = await pipeline.run(question=q_text, question_id=qid)
  File "/local/yzheng/pnair/workspace/adaptive-mas/src/adaptive_sage/pipeline.py", line 178, in run
    result = await self._run_topology_controller(question, question_id)
  File "/local/yzheng/pnair/workspace/adaptive-mas/src/adaptive_sage/pipeline.py", line 305, in _run_topology_controller
    route, route_tokens = await self.orchestrator.route_with_usage(
  File "/local/yzheng/pnair/workspace/adaptive-mas/src/adaptive_sage/orchestrator.py", line 405, in route_with_usage
    user_content = self._route_template.format(
KeyError: 'bridge_entity'
2026-04-25 11:23:13 [INFO] adaptive_sage.pipeline: Pipeline start: question_id=musique_2hop__48784_70131, max_steps=3
2026-04-25 11:23:13 [ERROR] __main__: Failed on question musique_2hop__48784_70131: 'bridge_entity'
Traceback (most recent call last):
  File "/local/yzheng/pnair/workspace/adaptive-mas/scripts/runner.py", line 153, in _process_question
    result: PipelineResult = await pipeline.run(question=q_text, question_id=qid)
  File "/local/yzheng/pnair/workspace/adaptive-mas/src/adaptive_sage/pipeline.py", line 178, in run
    result = await self._run_topology_controller(question, question_id)
  File "/local/yzheng/pnair/workspace/adaptive-mas/src/adaptive_sage/pipeline.py", line 305, in _run_topology_controller
    route, route_tokens = await self.orchestrator.route_with_usage(
  File "/local/yzheng/pnair/workspace/adaptive-mas/src/adaptive_sage/orchestrator.py", line 405, in route_with_usage
    user_content = self._route_template.format(
KeyError: 'bridge_entity'
2026-04-25 11:23:13 [INFO] adaptive_sage.pipeline: Pipeline start: question_id=musique_2hop__608902_653666, max_steps=3
2026-04-25 11:23:13 [ERROR] __main__: Failed on question musique_2hop__608902_653666: 'bridge_entity'
Traceback (most recent call last):
  File "/local/yzheng/pnair/workspace/adaptive-mas/scripts/runner.py", line 153, in _process_question
    result: PipelineResult = await pipeline.run(question=q_text, question_id=qid)
  File "/local/yzheng/pnair/workspace/adaptive-mas/src/adaptive_sage/pipeline.py", line 178, in run
    result = await self._run_topology_controller(question, question_id)
  File "/local/yzheng/pnair/workspace/adaptive-mas/src/adaptive_sage/pipeline.py", line 305, in _run_topology_controller
    route, route_tokens = await self.orchestrator.route_with_usage(
  File "/local/yzheng/pnair/workspace/adaptive-mas/src/adaptive_sage/orchestrator.py", line 405, in route_with_usage
    user_content = self._route_template.format(
KeyError: 'bridge_entity'
2026-04-25 11:23:13 [INFO] adaptive_sage.pipeline: Pipeline start: question_id=musique_2hop__472486_97805, max_steps=3
2026-04-25 11:23:13 [ERROR] __main__: Failed on question musique_2hop__472486_97805: 'bridge_entity'
Traceback (most recent call last):
  File "/local/yzheng/pnair/workspace/adaptive-mas/scripts/runner.py", line 153, in _process_question
    result: PipelineResult = await pipeline.run(question=q_text, question_id=qid)
  File "/local/yzheng/pnair/workspace/adaptive-mas/src/adaptive_sage/pipeline.py", line 178, in run
    result = await self._run_topology_controller(question, question_id)
  File "/local/yzheng/pnair/workspace/adaptive-mas/src/adaptive_sage/pipeline.py", line 305, in _run_topology_controller
    route, route_tokens = await self.orchestrator.route_with_usage(
  File "/local/yzheng/pnair/workspace/adaptive-mas/src/adaptive_sage/orchestrator.py", line 405, in route_with_usage
    user_content = self._route_template.format(
KeyError: 'bridge_entity'
2026-04-25 11:23:13 [INFO] adaptive_sage.pipeline: Pipeline start: question_id=musique_4hop1__152146_5274_458768_33677, max_steps=3
2026-04-25 11:23:13 [ERROR] __main__: Failed on question musique_4hop1__152146_5274_458768_33677: 'bridge_entity'
Traceback (most recent call last):
  File "/local/yzheng/pnair/workspace/adaptive-mas/scripts/runner.py", line 153, in _process_question
    result: PipelineResult = await pipeline.run(question=q_text, question_id=qid)
  File "/local/yzheng/pnair/workspace/adaptive-mas/src/adaptive_sage/pipeline.py", line 178, in run
    result = await self._run_topology_controller(question, question_id)
  File "/local/yzheng/pnair/workspace/adaptive-mas/src/adaptive_sage/pipeline.py", line 305, in _run_topology_controller
    route, route_tokens = await self.orchestrator.route_with_usage(
  File "/local/yzheng/pnair/workspace/adaptive-mas/src/adaptive_sage/orchestrator.py", line 405, in route_with_usage
    user_content = self._route_template.format(
KeyError: 'bridge_entity'
2026-04-25 11:23:13 [INFO] adaptive_sage.pipeline: Pipeline start: question_id=musique_4hop3__373573_132409_146285_35031, max_steps=3
2026-04-25 11:23:13 [ERROR] __main__: Failed on question musique_4hop3__373573_132409_146285_35031: 'bridge_entity'
Traceback (most recent call last):
  File "/local/yzheng/pnair/workspace/adaptive-mas/scripts/runner.py", line 153, in _process_question
    result: PipelineResult = await pipeline.run(question=q_text, question_id=qid)
  File "/local/yzheng/pnair/workspace/adaptive-mas/src/adaptive_sage/pipeline.py", line 178, in run
    result = await self._run_topology_controller(question, question_id)
  File "/local/yzheng/pnair/workspace/adaptive-mas/src/adaptive_sage/pipeline.py", line 305, in _run_topology_controller
    route, route_tokens = await self.orchestrator.route_with_usage(
  File "/local/yzheng/pnair/workspace/adaptive-mas/src/adaptive_sage/orchestrator.py", line 405, in route_with_usage
    user_content = self._route_template.format(
KeyError: 'bridge_entity'
2026-04-25 11:23:13 [INFO] adaptive_sage.pipeline: Pipeline start: question_id=musique_2hop__80546_75184, max_steps=3
2026-04-25 11:23:13 [ERROR] __main__: Failed on question musique_2hop__80546_75184: 'bridge_entity'
Traceback (most recent call last):
  File "/local/yzheng/pnair/workspace/adaptive-mas/scripts/runner.py", line 153, in _process_question
    result: PipelineResult = await pipeline.run(question=q_text, question_id=qid)
  File "/local/yzheng/pnair/workspace/adaptive-mas/src/adaptive_sage/pipeline.py", line 178, in run
    result = await self._run_topology_controller(question, question_id)
  File "/local/yzheng/pnair/workspace/adaptive-mas/src/adaptive_sage/pipeline.py", line 305, in _run_topology_controller
    route, route_tokens = await self.orchestrator.route_with_usage(
  File "/local/yzheng/pnair/workspace/adaptive-mas/src/adaptive_sage/orchestrator.py", line 405, in route_with_usage
    user_content = self._route_template.format(
KeyError: 'bridge_entity'
2026-04-25 11:23:13 [INFO] adaptive_sage.pipeline: Pipeline start: question_id=musique_3hop1__140345_2053_5289, max_steps=3
2026-04-25 11:23:13 [ERROR] __main__: Failed on question musique_3hop1__140345_2053_5289: 'bridge_entity'
Traceback (most recent call last):
  File "/local/yzheng/pnair/workspace/adaptive-mas/scripts/runner.py", line 153, in _process_question
    result: PipelineResult = await pipeline.run(question=q_text, question_id=qid)
  File "/local/yzheng/pnair/workspace/adaptive-mas/src/adaptive_sage/pipeline.py", line 178, in run
    result = await self._run_topology_controller(question, question_id)
  File "/local/yzheng/pnair/workspace/adaptive-mas/src/adaptive_sage/pipeline.py", line 305, in _run_topology_controller
    route, route_tokens = await self.orchestrator.route_with_usage(
  File "/local/yzheng/pnair/workspace/adaptive-mas/src/adaptive_sage/orchestrator.py", line 405, in route_with_usage
    user_content = self._route_template.format(
KeyError: 'bridge_entity'
Processing questions: 100%|██████████| 17/17 [00:00<00:00, 3653.01q/s]

============================================================
Run complete: 0/17 succeeded, 17 failed
Checkpoint had 0 previously completed
Total in output: 17
Elapsed: 0.0s (0.0min)
============================================================
