20:13:37 [INFO] amas.runner: Loaded 1000 questions; 0 done; 1000 to run.
20:13:37 [INFO] amas.pipeline: AMAS start: qid=musique_2hop__13548_13529
20:13:37 [INFO] amas.pipeline: AMAS start: qid=musique_3hop1__9285_5188_23307
20:13:37 [INFO] amas.pipeline: AMAS start: qid=musique_2hop__766973_770570
20:13:37 [INFO] amas.pipeline: AMAS start: qid=musique_2hop__170823_120171
20:13:37 [INFO] amas.pipeline: AMAS start: qid=musique_2hop__511454_120259
20:13:37 [INFO] amas.pipeline: AMAS start: qid=musique_4hop2__71753_648517_70784_79935
20:13:37 [INFO] amas.pipeline: AMAS start: qid=musique_4hop1__94201_642284_131926_89261
20:13:37 [INFO] amas.pipeline: AMAS start: qid=musique_4hop1__152562_5274_458768_33633
20:13:37 [INFO] amas.pipeline: AMAS start: qid=musique_3hop1__305282_282081_73772
20:13:37 [INFO] amas.pipeline: AMAS start: qid=musique_2hop__655505_110949
20:13:37 [INFO] amas.pipeline: AMAS start: qid=musique_2hop__619265_45326
20:13:37 [INFO] amas.pipeline: AMAS start: qid=musique_4hop3__754156_88460_30152_20999
20:13:37 [INFO] amas.pipeline: AMAS start: qid=musique_2hop__199513_801817
20:13:37 [INFO] amas.pipeline: AMAS start: qid=musique_3hop1__820301_720914_41132
20:13:37 [INFO] amas.pipeline: AMAS start: qid=musique_3hop1__136129_87694_124169
20:13:37 [INFO] amas.pipeline: AMAS start: qid=musique_2hop__354635_174222
20:13:44 [INFO] amas.pipeline: AMAS start: qid=musique_3hop1__849312_503371_21711
20:13:48 [INFO] amas.pipeline: AMAS start: qid=musique_2hop__511296_577502
20:13:48 [INFO] amas.pipeline: AMAS start: qid=musique_2hop__731956_126089
20:13:52 [INFO] amas.pipeline: AMAS start: qid=musique_2hop__123545_47134
20:13:52 [INFO] amas.pipeline: AMAS start: qid=musique_3hop1__786632_831637_91775
20:13:54 [INFO] amas.pipeline: AMAS start: qid=musique_2hop__124412_402641
20:13:55 [INFO] amas.pipeline: AMAS start: qid=musique_2hop__159215_779396
20:13:56 [INFO] amas.pipeline: AMAS start: qid=musique_2hop__59048_827343
20:13:58 [INFO] amas.pipeline: AMAS start: qid=musique_4hop1__726675_508773_85832_745702
20:14:00 [INFO] amas.pipeline: AMAS start: qid=musique_2hop__693444_220151
20:14:01 [INFO] amas.pipeline: AMAS start: qid=musique_3hop1__108833_720914_41132
20:14:02 [INFO] amas.pipeline: AMAS start: qid=musique_2hop__347686_127399
20:14:02 [INFO] amas.pipeline: AMAS start: qid=musique_3hop1__33845_42197_18397
20:14:04 [INFO] amas.pipeline: AMAS start: qid=musique_2hop__645448_77615
20:14:06 [INFO] amas.pipeline: AMAS start: qid=musique_4hop3__524186_219173_638950_72134
20:14:06 [INFO] amas.pipeline: AMAS start: qid=musique_2hop__734582_71302
20:14:08 [INFO] amas.pipeline: AMAS start: qid=musique_3hop1__639955_834494_34099
20:14:08 [INFO] amas.pipeline: AMAS start: qid=musique_4hop2__9988_261673_70784_79935
20:14:09 [INFO] amas.pipeline: AMAS start: qid=musique_2hop__77233_33207
20:14:09 [INFO] amas.pipeline: AMAS start: qid=musique_2hop__84847_148696
20:14:10 [INFO] amas.pipeline: AMAS start: qid=musique_3hop1__90327_83076_319330
20:14:10 [INFO] amas.pipeline: AMAS start: qid=musique_2hop__998_25855
20:14:11 [INFO] amas.pipeline: AMAS start: qid=musique_2hop__81659_52835
20:14:12 [INFO] amas.pipeline: AMAS start: qid=musique_4hop1__88342_75218_128008_48717
20:14:13 [INFO] amas.pipeline: AMAS start: qid=musique_3hop1__144678_443779_52195
20:14:15 [INFO] amas.pipeline: AMAS start: qid=musique_2hop__865961_159109
20:14:16 [INFO] amas.pipeline: AMAS start: qid=musique_3hop2__127483_60649_10557
20:14:17 [INFO] amas.pipeline: AMAS start: qid=musique_2hop__46862_68042
20:14:19 [INFO] amas.pipeline: AMAS start: qid=musique_2hop__78401_158262
20:14:23 [INFO] amas.pipeline: AMAS start: qid=musique_2hop__95970_152907
20:14:23 [INFO] amas.pipeline: AMAS start: qid=musique_3hop1__105837_160713_77246
20:14:23 [INFO] amas.pipeline: AMAS start: qid=musique_2hop__179322_83289
20:14:25 [INFO] amas.pipeline: AMAS start: qid=musique_3hop2__87184_90327_76291
20:14:26 [INFO] amas.pipeline: AMAS start: qid=musique_4hop1__152146_5274_458768_33637
20:14:27 [INFO] amas.pipeline: AMAS start: qid=musique_3hop1__106845_5188_86687
20:14:27 [INFO] amas.pipeline: AMAS start: qid=musique_4hop1__842143_153080_33897_81096
20:14:29 [INFO] amas.pipeline: AMAS start: qid=musique_2hop__85325_88165
20:14:29 [INFO] amas.pipeline: AMAS start: qid=musique_3hop1__622497_160088_85460
20:14:29 [INFO] amas.pipeline: AMAS start: qid=musique_2hop__14_59409
20:14:30 [INFO] amas.pipeline: AMAS start: qid=musique_4hop2__71753_158985_70784_61381
20:14:31 [INFO] amas.pipeline: AMAS start: qid=musique_4hop1__802394_153080_159767_81096
20:14:31 [INFO] amas.pipeline: AMAS start: qid=musique_3hop1__409517_547811_80702
20:14:39 [INFO] amas.pipeline: AMAS start: qid=musique_2hop__76314_177869
20:14:39 [INFO] amas.pipeline: AMAS start: qid=musique_4hop1__391525_49925_13759_736921
20:14:41 [INFO] amas.pipeline: AMAS start: qid=musique_2hop__802991_443552
20:14:41 [INFO] amas.pipeline: AMAS start: qid=musique_3hop2__851134_613770_7713
20:14:42 [INFO] amas.pipeline: AMAS start: qid=musique_3hop2__127483_91678_10557
20:14:43 [INFO] amas.pipeline: AMAS start: qid=musique_2hop__629030_56873
20:14:43 [INFO] amas.pipeline: AMAS start: qid=musique_3hop1__321720_650651_7262
20:14:43 [INFO] amas.pipeline: AMAS start: qid=musique_2hop__81268_85407
20:14:44 [INFO] amas.pipeline: AMAS start: qid=musique_3hop2__90098_76623_10557
20:14:45 [INFO] amas.pipeline: AMAS start: qid=musique_2hop__391873_88622
20:14:45 [INFO] amas.pipeline: AMAS start: qid=musique_3hop1__764280_834494_34053
20:14:47 [INFO] amas.pipeline: AMAS start: qid=musique_4hop1__802394_153080_33897_81096
20:14:49 [INFO] amas.pipeline: AMAS start: qid=musique_2hop__155781_155922
20:14:50 [INFO] amas.pipeline: AMAS start: qid=musique_2hop__829358_754719
20:14:50 [INFO] amas.pipeline: AMAS start: qid=musique_4hop1__131113_59747_211319_557671
20:14:52 [INFO] amas.pipeline: AMAS start: qid=musique_3hop1__857_846_7702
20:14:56 [INFO] amas.pipeline: AMAS start: qid=musique_3hop1__635099_131926_87157
20:14:57 [INFO] amas.pipeline: AMAS start: qid=musique_4hop3__474028_88460_30152_20999
20:14:58 [INFO] amas.pipeline: AMAS start: qid=musique_2hop__668407_683671
20:15:01 [INFO] amas.pipeline: AMAS start: qid=musique_4hop1__9007_698949_157828_162309
20:15:01 [INFO] amas.pipeline: AMAS start: qid=musique_2hop__56851_343058
20:15:01 [INFO] amas.pipeline: AMAS start: qid=musique_3hop2__304722_692815_63959
20:15:01 [INFO] amas.pipeline: AMAS start: qid=musique_3hop1__208108_547811_80702
20:15:01 [INFO] amas.pipeline: AMAS start: qid=musique_2hop__68322_510545
20:15:03 [INFO] amas.pipeline: AMAS start: qid=musique_2hop__215896_460425
20:15:03 [INFO] amas.pipeline: AMAS start: qid=musique_4hop1__342858_131850_33952_34099
20:15:05 [INFO] amas.pipeline: AMAS start: qid=musique_2hop__63214_319330
20:15:05 [INFO] amas.pipeline: AMAS start: qid=musique_2hop__304852_758385
20:15:08 [INFO] amas.pipeline: AMAS start: qid=musique_2hop__71016_75184
20:15:09 [INFO] amas.pipeline: AMAS start: qid=musique_4hop1__58323_375563_161848_53331
20:15:09 [INFO] amas.pipeline: AMAS start: qid=musique_2hop__131455_11960
20:15:09 [INFO] amas.pipeline: AMAS start: qid=musique_2hop__998_25839
20:15:09 [INFO] amas.pipeline: AMAS start: qid=musique_3hop1__127821_157828_239539
20:15:10 [INFO] amas.pipeline: AMAS start: qid=musique_4hop1__130623_32392_823060_610794
20:15:12 [INFO] amas.pipeline: AMAS start: qid=musique_3hop2__89854_92991_76291
20:15:13 [INFO] amas.pipeline: AMAS start: qid=musique_3hop2__132957_133264_40768
20:15:14 [INFO] amas.pipeline: AMAS start: qid=musique_4hop1__88342_75218_128008_46894
20:15:14 [INFO] amas.pipeline: AMAS start: qid=musique_2hop__92385_2072
20:15:15 [INFO] amas.pipeline: AMAS start: qid=musique_2hop__33288_157788
20:15:16 [INFO] amas.pipeline: AMAS start: qid=musique_2hop__554167_451128
20:15:17 [INFO] amas.pipeline: AMAS start: qid=musique_3hop1__28841_547811_41132
20:15:17 [INFO] amas.pipeline: AMAS start: qid=musique_4hop1__638988_17130_70784_61381
20:15:18 [INFO] amas.pipeline: AMAS start: qid=musique_2hop__215898_67465
20:15:23 [INFO] amas.pipeline: AMAS start: qid=musique_4hop3__129456_29339_508306_70744
20:15:23 [INFO] amas.pipeline: AMAS start: qid=musique_2hop__7855_7794
20:15:24 [INFO] amas.pipeline: AMAS start: qid=musique_2hop__494659_5385
20:15:24 [INFO] amas.pipeline: AMAS start: qid=musique_3hop1__373866_5189_63702
20:15:25 [INFO] amas.pipeline: AMAS start: qid=musique_2hop__46550_85990
20:15:28 [INFO] amas.pipeline: AMAS start: qid=musique_4hop1__749363_49925_13759_736921
20:15:28 [INFO] amas.pipeline: AMAS start: qid=musique_3hop1__652852_2053_5289
20:15:30 [INFO] amas.pipeline: AMAS start: qid=musique_2hop__130404_59180
20:15:30 [INFO] amas.pipeline: AMAS start: qid=musique_2hop__575797_91104
20:15:32 [INFO] amas.pipeline: AMAS start: qid=musique_4hop1__842143_153080_159767_81096
20:15:35 [INFO] amas.pipeline: AMAS start: qid=musique_3hop1__662618_339990_54675
20:15:36 [INFO] amas.pipeline: AMAS start: qid=musique_4hop2__161602_426860_88460_63559
20:15:37 [INFO] amas.pipeline: AMAS start: qid=musique_3hop2__222979_133154_40768
20:15:37 [INFO] amas.pipeline: AMAS start: qid=musique_3hop2__9951_20335_9331
20:15:38 [INFO] amas.pipeline: AMAS start: qid=musique_3hop2__38326_92991_76291
20:15:38 [INFO] amas.pipeline: AMAS start: qid=musique_2hop__207476_625987
20:15:40 [INFO] amas.pipeline: AMAS start: qid=musique_4hop1__711773_508773_85832_745702
20:15:41 [INFO] amas.pipeline: AMAS start: qid=musique_4hop1__39871_314549_131976_90181
20:15:41 [INFO] amas.pipeline: AMAS start: qid=musique_3hop1__337705_132457_51423
20:15:44 [INFO] amas.pipeline: AMAS start: qid=musique_4hop1__88342_49853_128008_80286
20:15:48 [INFO] amas.pipeline: AMAS start: qid=musique_2hop__135651_669373
20:15:48 [INFO] amas.pipeline: AMAS start: qid=musique_2hop__25788_25839
20:15:48 [INFO] amas.pipeline: AMAS start: qid=musique_2hop__815205_590407
20:15:50 [INFO] amas.pipeline: AMAS start: qid=musique_2hop__9512_36630
20:15:50 [INFO] amas.pipeline: AMAS start: qid=musique_2hop__226204_69048
20:15:50 [INFO] amas.pipeline: AMAS start: qid=musique_2hop__37097_86208
20:15:52 [INFO] amas.pipeline: AMAS start: qid=musique_2hop__107238_64918
20:15:53 [INFO] amas.pipeline: AMAS start: qid=musique_2hop__622637_120171
20:15:54 [INFO] amas.pipeline: AMAS start: qid=musique_2hop__31585_61048
20:15:54 [INFO] amas.pipeline: AMAS start: qid=musique_2hop__811015_3300
20:15:55 [INFO] amas.pipeline: AMAS start: qid=musique_2hop__203437_152093
20:15:56 [INFO] amas.pipeline: AMAS start: qid=musique_2hop__636597_480615
20:15:56 [INFO] amas.pipeline: AMAS start: qid=musique_4hop2__161324_14670_8987_8529
20:15:56 [INFO] amas.pipeline: AMAS start: qid=musique_2hop__860241_766393
20:15:56 [INFO] amas.pipeline: AMAS start: qid=musique_2hop__778212_22458
20:15:59 [INFO] amas.pipeline: AMAS start: qid=musique_2hop__510860_22402
20:15:59 [INFO] amas.pipeline: AMAS start: qid=musique_2hop__136214_483189
20:16:00 [INFO] amas.pipeline: AMAS start: qid=musique_2hop__149983_108549
20:16:00 [INFO] amas.pipeline: AMAS start: qid=musique_2hop__21104_16334
20:16:02 [INFO] amas.pipeline: AMAS start: qid=musique_3hop2__36497_89854_76291
20:16:02 [INFO] amas.pipeline: AMAS start: qid=musique_3hop1__103440_443779_52195
20:16:04 [INFO] amas.pipeline: AMAS start: qid=musique_2hop__73717_653666
20:16:04 [INFO] amas.pipeline: AMAS start: qid=musique_2hop__34594_160249
20:16:05 [INFO] amas.pipeline: AMAS start: qid=musique_2hop__58168_38663
20:16:05 [INFO] amas.pipeline: AMAS start: qid=musique_2hop__15416_58040
20:16:06 [INFO] amas.pipeline: AMAS start: qid=musique_4hop1__567737_141375_458768_33677
20:16:06 [INFO] amas.pipeline: AMAS start: qid=musique_2hop__32887_578772
20:16:06 [INFO] amas.pipeline: AMAS start: qid=musique_2hop__835710_7298
20:16:07 [INFO] amas.pipeline: AMAS start: qid=musique_3hop1__507961_160713_77246
20:16:08 [INFO] amas.pipeline: AMAS start: qid=musique_4hop2__567956_39078_8987_8974
20:16:09 [INFO] amas.pipeline: AMAS start: qid=musique_3hop1__389761_567566_84283
20:16:09 [INFO] amas.pipeline: AMAS start: qid=musique_4hop2__71753_729371_70784_79935
20:16:11 [INFO] amas.pipeline: AMAS start: qid=musique_4hop1__152562_5274_458768_33632
20:16:11 [INFO] amas.pipeline: AMAS start: qid=musique_2hop__151750_141308
20:16:11 [INFO] amas.pipeline: AMAS start: qid=musique_2hop__861157_135481
20:16:11 [INFO] amas.pipeline: AMAS start: qid=musique_3hop2__304722_330033_63959
20:16:12 [INFO] amas.pipeline: AMAS start: qid=musique_3hop1__831499_228453_10972
20:16:14 [INFO] amas.pipeline: AMAS start: qid=musique_3hop1__92991_78276_68042
20:16:14 [INFO] amas.pipeline: AMAS start: qid=musique_3hop1__169494_42197_18397
20:16:15 [INFO] amas.pipeline: AMAS start: qid=musique_2hop__77134_88165
20:16:16 [INFO] amas.pipeline: AMAS start: qid=musique_2hop__156700_73244
20:16:17 [INFO] amas.pipeline: AMAS start: qid=musique_2hop__149862_108549
20:16:17 [INFO] amas.pipeline: AMAS start: qid=musique_2hop__24648_192417
20:16:18 [INFO] amas.pipeline: AMAS start: qid=musique_4hop1__105401_17130_70784_79935
20:16:18 [INFO] amas.pipeline: AMAS start: qid=musique_2hop__685930_110949
20:16:18 [INFO] amas.pipeline: AMAS start: qid=musique_3hop1__353661_629431_64412
20:16:18 [INFO] amas.pipeline: AMAS start: qid=musique_2hop__819974_129669
20:16:21 [INFO] amas.pipeline: AMAS start: qid=musique_2hop__132929_120537
20:16:23 [INFO] amas.pipeline: AMAS start: qid=musique_2hop__87589_362941
20:16:24 [INFO] amas.pipeline: AMAS start: qid=musique_3hop1__280834_547811_41132
20:16:24 [INFO] amas.pipeline: AMAS start: qid=musique_2hop__88632_67668
20:16:25 [INFO] amas.pipeline: AMAS start: qid=musique_2hop__258940_135844
20:16:26 [INFO] amas.pipeline: AMAS start: qid=musique_2hop__158275_35739
20:16:30 [INFO] amas.pipeline: AMAS start: qid=musique_3hop1__423001_503371_21711
20:16:30 [INFO] amas.pipeline: AMAS start: qid=musique_4hop1__813171_153080_33897_81096
20:16:31 [INFO] amas.pipeline: AMAS start: qid=musique_3hop1__46571_87694_64412
20:16:31 [INFO] amas.pipeline: AMAS start: qid=musique_2hop__40970_90367
20:16:31 [INFO] amas.pipeline: AMAS start: qid=musique_2hop__545711_52835
20:16:31 [INFO] amas.pipeline: AMAS start: qid=musique_4hop1__777217_32392_823060_610794
20:16:32 [INFO] amas.pipeline: AMAS start: qid=musique_4hop1__72247_497223_15840_36014
20:16:34 [INFO] amas.pipeline: AMAS start: qid=musique_2hop__167577_31122
20:16:34 [INFO] amas.pipeline: AMAS start: qid=musique_4hop1__15607_59747_211319_557671
20:16:36 [INFO] amas.pipeline: AMAS start: qid=musique_3hop2__158279_71753_70784
20:16:39 [INFO] amas.pipeline: AMAS start: qid=musique_3hop1__843207_755530_88011
20:16:39 [INFO] amas.pipeline: AMAS start: qid=musique_3hop1__518381_709625_84283
20:16:40 [INFO] amas.pipeline: AMAS start: qid=musique_3hop1__857_846_7877
20:16:41 [INFO] amas.pipeline: AMAS start: qid=musique_2hop__685045_19320
20:16:43 [INFO] amas.pipeline: AMAS start: qid=musique_3hop1__379315_160713_77246
20:16:43 [INFO] amas.pipeline: AMAS start: qid=musique_2hop__157251_556157
20:16:43 [INFO] amas.pipeline: AMAS start: qid=musique_2hop__6827_49664
20:16:45 [INFO] amas.pipeline: AMAS start: qid=musique_2hop__85713_72187
20:16:46 [INFO] amas.pipeline: AMAS start: qid=musique_3hop1__836699_15840_36002
20:16:47 [INFO] amas.pipeline: AMAS start: qid=musique_2hop__3131_3300
20:16:47 [INFO] amas.pipeline: AMAS start: qid=musique_2hop__30905_189318
20:16:48 [INFO] amas.pipeline: AMAS start: qid=musique_3hop2__304722_230978_63959
20:16:49 [INFO] amas.pipeline: AMAS start: qid=musique_3hop1__275261_443779_52195
20:16:50 [INFO] amas.pipeline: AMAS start: qid=musique_2hop__10620_49084
20:16:50 [INFO] amas.pipeline: AMAS start: qid=musique_3hop2__25177_19506_23299
20:16:51 [INFO] amas.pipeline: AMAS start: qid=musique_2hop__85596_807969
20:16:51 [INFO] amas.pipeline: AMAS start: qid=musique_2hop__6745_6731
20:16:53 [INFO] amas.pipeline: AMAS start: qid=musique_2hop__685280_510757
20:16:54 [INFO] amas.pipeline: AMAS start: qid=musique_2hop__747758_58067
20:16:56 [INFO] amas.pipeline: AMAS start: qid=musique_2hop__88372_83837
20:16:56 [INFO] amas.pipeline: AMAS start: qid=musique_4hop1__88342_75218_128008_54974
20:16:57 [INFO] amas.pipeline: AMAS start: qid=musique_2hop__50432_56873
20:16:59 [INFO] amas.pipeline: AMAS start: qid=musique_4hop1__813171_153080_159767_81096
20:16:59 [INFO] amas.pipeline: AMAS start: qid=musique_2hop__158010_58067
20:16:59 [INFO] amas.pipeline: AMAS start: qid=musique_3hop1__21282_692112_236857
20:16:59 [INFO] amas.pipeline: AMAS start: qid=musique_2hop__82910_75184
20:17:02 [INFO] amas.pipeline: AMAS start: qid=musique_3hop1__132967_40769_64047
20:17:03 [INFO] amas.pipeline: AMAS start: qid=musique_2hop__57543_158262
20:17:03 [INFO] amas.pipeline: AMAS start: qid=musique_2hop__35137_22896
20:17:05 [INFO] amas.pipeline: AMAS start: qid=musique_3hop1__497845_629431_64412
20:17:06 [INFO] amas.pipeline: AMAS start: qid=musique_2hop__603598_25719
20:17:06 [INFO] amas.pipeline: AMAS start: qid=musique_4hop3__746868_88460_30152_20999
20:17:07 [INFO] amas.pipeline: AMAS start: qid=musique_2hop__46376_158105
20:17:07 [INFO] amas.pipeline: AMAS start: qid=musique_3hop1__801799_547811_41132
20:17:08 [INFO] amas.pipeline: AMAS start: qid=musique_3hop1__743797_443779_52195
20:17:08 [INFO] amas.pipeline: AMAS start: qid=musique_4hop1__846600_153080_159767_81096
20:17:09 [INFO] amas.pipeline: AMAS start: qid=musique_4hop1__178366_229349_66759_75165
20:17:11 [INFO] amas.pipeline: AMAS start: qid=musique_2hop__709357_136043
20:17:13 [INFO] amas.pipeline: AMAS start: qid=musique_3hop1__617062_127905_92225
20:17:14 [INFO] amas.pipeline: AMAS start: qid=musique_3hop1__857_846_7791
20:17:16 [INFO] amas.pipeline: AMAS start: qid=musique_2hop__511176_22458
20:17:17 [INFO] amas.pipeline: AMAS start: qid=musique_2hop__61318_362941
20:17:17 [INFO] amas.pipeline: AMAS start: qid=musique_2hop__96410_47902
20:17:18 [INFO] amas.pipeline: AMAS start: qid=musique_2hop__386236_350892
20:17:18 [INFO] amas.pipeline: AMAS start: qid=musique_3hop1__617062_127905_86588
20:17:18 [INFO] amas.pipeline: AMAS start: qid=musique_2hop__272714_113442
20:17:19 [INFO] amas.pipeline: AMAS start: qid=musique_3hop1__699507_792411_51423
20:17:21 [INFO] amas.pipeline: AMAS start: qid=musique_3hop1__135392_87694_64412
20:17:22 [INFO] amas.pipeline: AMAS start: qid=musique_2hop__695364_513121
20:17:23 [INFO] amas.pipeline: AMAS start: qid=musique_2hop__487706_40502
20:17:24 [INFO] amas.pipeline: AMAS start: qid=musique_2hop__85463_54688
20:17:24 [INFO] amas.pipeline: AMAS start: qid=musique_3hop1__640171_228453_86925
20:17:26 [INFO] amas.pipeline: AMAS start: qid=musique_3hop1__128554_39743_24526
20:17:26 [INFO] amas.pipeline: AMAS start: qid=musique_4hop2__161602_426860_88460_126088
20:17:28 [INFO] amas.pipeline: AMAS start: qid=musique_2hop__363216_787353
20:17:29 [INFO] amas.pipeline: AMAS start: qid=musique_2hop__754682_730690
20:17:30 [INFO] amas.pipeline: AMAS start: qid=musique_2hop__488811_30078
20:17:31 [INFO] amas.pipeline: AMAS start: qid=musique_2hop__464479_70131
20:17:32 [INFO] amas.pipeline: AMAS start: qid=musique_2hop__677160_110882
20:17:33 [INFO] amas.pipeline: AMAS start: qid=musique_2hop__80860_510545
20:17:33 [INFO] amas.pipeline: AMAS start: qid=musique_2hop__846921_160249
20:17:35 [INFO] amas.pipeline: AMAS start: qid=musique_4hop3__312119_132409_146285_35031
20:17:35 [INFO] amas.pipeline: AMAS start: qid=musique_2hop__144303_483189
20:17:35 [INFO] amas.pipeline: AMAS start: qid=musique_3hop1__90327_78276_68042
20:17:36 [INFO] amas.pipeline: AMAS start: qid=musique_4hop1__752321_153080_33897_81096
20:17:37 [INFO] amas.pipeline: AMAS start: qid=musique_2hop__161507_77849
20:17:38 [INFO] amas.pipeline: AMAS start: qid=musique_3hop1__102087_214799_259594
20:17:39 [INFO] amas.pipeline: AMAS start: qid=musique_3hop1__671542_651917_47686
20:17:39 [INFO] amas.pipeline: AMAS start: qid=musique_3hop1__307152_400692_51423
20:17:40 [INFO] amas.pipeline: AMAS start: qid=musique_2hop__596188_297986
20:17:40 [INFO] amas.pipeline: AMAS start: qid=musique_3hop1__654651_55349_651302
20:17:41 [INFO] amas.pipeline: AMAS start: qid=musique_2hop__446324_620302
20:17:42 [INFO] amas.pipeline: AMAS start: qid=musique_4hop3__270458_88460_30152_20999
20:17:43 [INFO] amas.pipeline: AMAS start: qid=musique_2hop__530579_13529
20:17:44 [INFO] amas.pipeline: AMAS start: qid=musique_4hop1__608132_508773_85832_745702
20:17:44 [INFO] amas.pipeline: AMAS start: qid=musique_3hop1__695430_831637_91775
20:17:45 [INFO] amas.pipeline: AMAS start: qid=musique_2hop__153573_44085
20:17:45 [INFO] amas.pipeline: AMAS start: qid=musique_3hop1__446612_160545_62931
20:17:47 [INFO] amas.pipeline: AMAS start: qid=musique_2hop__415518_616002
20:17:48 [INFO] amas.pipeline: AMAS start: qid=musique_3hop1__823336_228453_86925
20:17:49 [INFO] amas.pipeline: AMAS start: qid=musique_2hop__123145_66723
20:17:49 [INFO] amas.pipeline: AMAS start: qid=musique_2hop__55463_19033
20:17:52 [INFO] amas.pipeline: AMAS start: qid=musique_3hop1__254856_400692_51423
20:17:54 [INFO] amas.pipeline: AMAS start: qid=musique_2hop__157498_127908
20:17:54 [INFO] amas.pipeline: AMAS start: qid=musique_4hop3__373573_132409_223216_35031
20:17:55 [INFO] amas.pipeline: AMAS start: qid=musique_4hop1__58323_375563_161848_44231
20:17:56 [INFO] amas.pipeline: AMAS start: qid=musique_2hop__31124_31093
20:17:56 [INFO] amas.pipeline: AMAS start: qid=musique_2hop__267938_92763
20:17:56 [INFO] amas.pipeline: AMAS start: qid=musique_2hop__487706_40501
20:17:57 [INFO] amas.pipeline: AMAS start: qid=musique_3hop1__140345_2053_52946
20:17:58 [INFO] amas.pipeline: AMAS start: qid=musique_3hop1__475351_160713_77246
20:17:58 [INFO] amas.pipeline: AMAS start: qid=musique_2hop__152027_141308
20:18:00 [INFO] amas.pipeline: AMAS start: qid=musique_4hop1__88342_49853_128008_86588
20:18:00 [INFO] amas.pipeline: AMAS start: qid=musique_2hop__524623_82341
20:18:03 [INFO] amas.pipeline: AMAS start: qid=musique_2hop__814408_155922
20:18:03 [INFO] amas.pipeline: AMAS start: qid=musique_2hop__398344_85513
20:18:03 [INFO] amas.pipeline: AMAS start: qid=musique_3hop1__498954_160713_77246
20:18:03 [INFO] amas.pipeline: AMAS start: qid=musique_3hop2__30152_105395_20999
20:18:04 [INFO] amas.pipeline: AMAS start: qid=musique_2hop__29339_40482
20:18:05 [INFO] amas.pipeline: AMAS start: qid=musique_2hop__130867_54221
20:18:05 [INFO] amas.pipeline: AMAS start: qid=musique_3hop1__146155_131905_41948
20:18:05 [INFO] amas.pipeline: AMAS start: qid=musique_2hop__448615_127908
20:18:07 [INFO] amas.pipeline: AMAS start: qid=musique_2hop__551235_310309
20:18:10 [INFO] amas.pipeline: AMAS start: qid=musique_2hop__388523_75487
20:18:10 [INFO] amas.pipeline: AMAS start: qid=musique_2hop__57638_72467
20:18:10 [INFO] amas.pipeline: AMAS start: qid=musique_2hop__15650_77173
20:18:11 [INFO] amas.pipeline: AMAS start: qid=musique_2hop__765180_123956
20:18:12 [INFO] amas.pipeline: AMAS start: qid=musique_2hop__108158_83769
20:18:13 [INFO] amas.pipeline: AMAS start: qid=musique_2hop__24441_36630
20:18:14 [INFO] amas.pipeline: AMAS start: qid=musique_2hop__29191_59955
20:18:15 [INFO] amas.pipeline: AMAS start: qid=musique_2hop__161872_21567
20:18:19 [INFO] amas.pipeline: AMAS start: qid=musique_2hop__820739_250752
20:18:19 [INFO] amas.pipeline: AMAS start: qid=musique_2hop__347652_47134
20:18:22 [INFO] amas.pipeline: AMAS start: qid=musique_3hop1__813285_774554_124169
20:18:23 [INFO] amas.pipeline: AMAS start: qid=musique_3hop2__79978_90098_10557
20:18:24 [INFO] amas.pipeline: AMAS start: qid=musique_3hop1__161507_160713_77246
20:18:24 [INFO] amas.pipeline: AMAS start: qid=musique_2hop__364489_861485
20:18:24 [INFO] amas.pipeline: AMAS start: qid=musique_4hop1__56635_49925_13759_736921
20:18:25 [INFO] amas.pipeline: AMAS start: qid=musique_3hop1__831162_831637_91775
20:18:25 [INFO] amas.pipeline: AMAS start: qid=musique_2hop__121145_561444
20:18:27 [INFO] amas.pipeline: AMAS start: qid=musique_2hop__51965_165532
20:18:28 [INFO] amas.pipeline: AMAS start: qid=musique_3hop1__131820_59747_48534
20:18:28 [INFO] amas.pipeline: AMAS start: qid=musique_2hop__153573_45901
20:18:31 [INFO] amas.pipeline: AMAS start: qid=musique_2hop__622308_61845
20:18:32 [INFO] amas.pipeline: AMAS start: qid=musique_2hop__700093_455653
20:18:32 [INFO] amas.pipeline: AMAS start: qid=musique_4hop1__131820_59747_211319_557671
20:18:34 [INFO] amas.pipeline: AMAS start: qid=musique_3hop1__699454_831637_91775
20:18:34 [INFO] amas.pipeline: AMAS start: qid=musique_4hop1__525129_315334_131926_90707
20:18:34 [INFO] amas.pipeline: AMAS start: qid=musique_3hop1__857_846_7849
20:18:35 [INFO] amas.pipeline: AMAS start: qid=musique_3hop1__380590_831637_91775
20:18:37 [INFO] amas.pipeline: AMAS start: qid=musique_3hop1__222497_309482_27537
20:18:37 [INFO] amas.pipeline: AMAS start: qid=musique_2hop__527400_159673
20:18:37 [INFO] amas.pipeline: AMAS start: qid=musique_2hop__13592_85544
20:18:38 [INFO] amas.pipeline: AMAS start: qid=musique_3hop1__691197_15840_36014
20:18:39 [INFO] amas.pipeline: AMAS start: qid=musique_4hop1__88342_49853_128008_46748
20:18:41 [INFO] amas.pipeline: AMAS start: qid=musique_2hop__67660_81007
20:18:41 [INFO] amas.pipeline: AMAS start: qid=musique_2hop__161151_42429
20:18:43 [INFO] amas.pipeline: AMAS start: qid=musique_2hop__94629_1110
20:18:47 [INFO] amas.pipeline: AMAS start: qid=musique_4hop1__145422_698949_157828_162309
20:18:47 [INFO] amas.pipeline: AMAS start: qid=musique_3hop2__222979_380281_40768
20:18:48 [INFO] amas.pipeline: AMAS start: qid=musique_2hop__207597_73244
20:18:49 [INFO] amas.pipeline: AMAS start: qid=musique_2hop__635185_141338
20:18:49 [INFO] amas.pipeline: AMAS start: qid=musique_2hop__44652_165532
20:18:50 [INFO] amas.pipeline: AMAS start: qid=musique_3hop1__622497_160088_821792
20:18:51 [INFO] amas.pipeline: AMAS start: qid=musique_2hop__560534_91104
20:18:52 [INFO] amas.pipeline: AMAS start: qid=musique_2hop__24976_25002
20:18:52 [INFO] amas.pipeline: AMAS start: qid=musique_3hop2__607269_223623_162182
20:18:54 [INFO] amas.pipeline: AMAS start: qid=musique_2hop__29349_92763
20:18:58 [INFO] amas.pipeline: AMAS start: qid=musique_2hop__35418_22458
20:18:58 [INFO] amas.pipeline: AMAS start: qid=musique_2hop__559076_55984
20:19:00 [INFO] amas.pipeline: AMAS start: qid=musique_4hop1__94201_642284_131926_13165
20:19:01 [INFO] amas.pipeline: AMAS start: qid=musique_2hop__269766_43945
20:19:01 [INFO] amas.pipeline: AMAS start: qid=musique_4hop1__51465_53706_795904_580996
20:19:02 [INFO] amas.pipeline: AMAS start: qid=musique_2hop__72660_319330
20:19:02 [INFO] amas.pipeline: AMAS start: qid=musique_3hop1__857_846_7798
20:19:04 [INFO] amas.pipeline: AMAS start: qid=musique_3hop1__691197_15840_36002
20:19:04 [INFO] amas.pipeline: AMAS start: qid=musique_2hop__488811_30110
20:19:04 [INFO] amas.pipeline: AMAS start: qid=musique_3hop1__617062_127905_67954
20:19:06 [INFO] amas.pipeline: AMAS start: qid=musique_2hop__147212_60904
20:19:06 [INFO] amas.pipeline: AMAS start: qid=musique_3hop1__346812_15840_36014
20:19:08 [INFO] amas.pipeline: AMAS start: qid=musique_3hop1__694534_160088_73916
20:19:09 [INFO] amas.pipeline: AMAS start: qid=musique_2hop__502473_634689
20:19:10 [INFO] amas.pipeline: AMAS start: qid=musique_3hop2__92991_27069_76291
20:19:10 [INFO] amas.pipeline: AMAS start: qid=musique_2hop__144317_120065
20:19:11 [INFO] amas.pipeline: AMAS start: qid=musique_2hop__16581_16569
20:19:11 [INFO] amas.pipeline: AMAS start: qid=musique_2hop__83938_5666
20:19:13 [INFO] amas.pipeline: AMAS start: qid=musique_2hop__284789_52835
20:19:16 [INFO] amas.pipeline: AMAS start: qid=musique_2hop__497191_129669
20:19:18 [INFO] amas.pipeline: AMAS start: qid=musique_2hop__17455_21567
20:19:18 [INFO] amas.pipeline: AMAS start: qid=musique_3hop1__593288_720914_27537
20:19:18 [INFO] amas.pipeline: AMAS start: qid=musique_2hop__47808_198548
20:19:19 [INFO] amas.pipeline: AMAS start: qid=musique_4hop3__324979_836463_161616_77103
20:19:19 [INFO] amas.pipeline: AMAS start: qid=musique_2hop__143915_68489
20:19:20 [INFO] amas.pipeline: AMAS start: qid=musique_2hop__763380_74735
20:19:20 [INFO] amas.pipeline: AMAS start: qid=musique_3hop1__129675_39743_24526
20:19:21 [INFO] amas.pipeline: AMAS start: qid=musique_2hop__335418_279684
20:19:22 [INFO] amas.pipeline: AMAS start: qid=musique_3hop1__106313_443779_52195
20:19:22 [INFO] amas.pipeline: AMAS start: qid=musique_3hop2__655849_467331_162182
20:19:22 [INFO] amas.pipeline: AMAS start: qid=musique_4hop3__238811_88460_30152_20999
20:19:23 [INFO] amas.pipeline: AMAS start: qid=musique_4hop1__343844_17130_70784_61381
20:19:24 [INFO] amas.pipeline: AMAS start: qid=musique_2hop__7906_78851
20:19:25 [INFO] amas.pipeline: AMAS start: qid=musique_3hop1__131829_39743_24526
20:19:30 [INFO] amas.pipeline: AMAS start: qid=musique_3hop1__798544_514761_594810
20:19:30 [INFO] amas.pipeline: AMAS start: qid=musique_2hop__35686_58556
20:19:31 [INFO] amas.pipeline: AMAS start: qid=musique_2hop__96177_62765
20:19:31 [INFO] amas.pipeline: AMAS start: qid=musique_2hop__491195_265959
20:19:32 [INFO] amas.pipeline: AMAS start: qid=musique_3hop1__786067_228453_10972
20:19:33 [INFO] amas.pipeline: AMAS start: qid=musique_2hop__384238_74735
20:19:33 [INFO] amas.pipeline: AMAS start: qid=musique_4hop3__700962_88460_30152_20999
20:19:34 [INFO] amas.pipeline: AMAS start: qid=musique_4hop1__271272_508773_85832_745702
20:19:35 [INFO] amas.pipeline: AMAS start: qid=musique_3hop1__818422_160545_34754
20:19:36 [INFO] amas.pipeline: AMAS start: qid=musique_3hop2__30152_105895_20999
20:19:37 [INFO] amas.pipeline: AMAS start: qid=musique_2hop__58168_1783
20:19:39 [INFO] amas.pipeline: AMAS start: qid=musique_2hop__62369_84616
20:19:39 [INFO] amas.pipeline: AMAS start: qid=musique_2hop__581084_828685
20:19:41 [INFO] amas.pipeline: AMAS start: qid=musique_3hop2__132957_379231_40768
20:19:42 [INFO] amas.pipeline: AMAS start: qid=musique_2hop__36269_73244
20:19:43 [INFO] amas.pipeline: AMAS start: qid=musique_3hop2__57186_89048_66294
20:19:46 [INFO] amas.pipeline: AMAS start: qid=musique_3hop1__158848_66089_86107
20:19:46 [INFO] amas.pipeline: AMAS start: qid=musique_3hop1__45612_502967_84283
20:19:47 [INFO] amas.pipeline: AMAS start: qid=musique_2hop__82766_67668
20:19:47 [INFO] amas.pipeline: AMAS start: qid=musique_3hop1__41865_55331_34700
20:19:48 [INFO] amas.pipeline: AMAS start: qid=musique_4hop3__857_846_326964_7713
20:19:50 [INFO] amas.pipeline: AMAS start: qid=musique_2hop__107601_110222
20:19:51 [INFO] amas.pipeline: AMAS start: qid=musique_4hop1__342858_131850_33952_33939
20:19:51 [INFO] amas.pipeline: AMAS start: qid=musique_2hop__12039_11957
20:19:51 [INFO] amas.pipeline: AMAS start: qid=musique_4hop2__105527_39078_8987_8974
20:19:53 [INFO] amas.pipeline: AMAS start: qid=musique_3hop1__141138_2053_5289
20:19:54 [INFO] amas.pipeline: AMAS start: qid=musique_2hop__132909_33564
20:19:56 [INFO] amas.pipeline: AMAS start: qid=musique_3hop1__159803_89752_75165
20:19:57 [INFO] amas.pipeline: AMAS start: qid=musique_2hop__10620_79092
20:19:57 [INFO] amas.pipeline: AMAS start: qid=musique_3hop1__465684_160545_34751
20:19:57 [INFO] amas.pipeline: AMAS start: qid=musique_4hop2__161324_14670_8987_8974
20:19:58 [INFO] amas.pipeline: AMAS start: qid=musique_3hop2__304722_372858_63959
20:19:59 [INFO] amas.pipeline: AMAS start: qid=musique_3hop2__326964_265410_7713
20:19:59 [INFO] amas.pipeline: AMAS start: qid=musique_3hop2__89854_38738_76291
20:20:00 [INFO] amas.pipeline: AMAS start: qid=musique_4hop2__103790_14670_8987_8529
20:20:00 [INFO] amas.pipeline: AMAS start: qid=musique_2hop__593633_82341
20:20:02 [INFO] amas.pipeline: AMAS start: qid=musique_3hop1__228_237521_291682
20:20:05 [INFO] amas.pipeline: AMAS start: qid=musique_4hop1__152146_5274_458768_33632
20:20:07 [INFO] amas.pipeline: AMAS start: qid=musique_3hop1__635099_131926_13165
20:20:08 [INFO] amas.pipeline: AMAS start: qid=musique_3hop2__89854_90327_76291
20:20:09 [INFO] amas.pipeline: AMAS start: qid=musique_2hop__351045_47134
20:20:11 [INFO] amas.pipeline: AMAS start: qid=musique_2hop__53175_548781
20:20:14 [INFO] amas.pipeline: AMAS start: qid=musique_2hop__848156_130869
20:20:14 [INFO] amas.pipeline: AMAS start: qid=musique_2hop__606439_127399
20:20:14 [INFO] amas.pipeline: AMAS start: qid=musique_3hop1__17192_78396_54865
20:20:15 [INFO] amas.pipeline: AMAS start: qid=musique_2hop__82669_768138
20:20:15 [INFO] amas.pipeline: AMAS start: qid=musique_2hop__543853_124498
20:20:16 [INFO] amas.pipeline: AMAS start: qid=musique_3hop2__132957_76377_40768
20:20:20 [INFO] amas.pipeline: AMAS start: qid=musique_3hop1__46571_87694_124169
20:20:20 [INFO] amas.pipeline: AMAS start: qid=musique_3hop1__671542_665330_47686
20:20:21 [INFO] amas.pipeline: AMAS start: qid=musique_2hop__83257_19033
20:20:21 [INFO] amas.pipeline: AMAS start: qid=musique_2hop__70338_160040
20:20:22 [INFO] amas.pipeline: AMAS start: qid=musique_3hop1__222497_309482_41132
20:20:22 [INFO] amas.pipeline: AMAS start: qid=musique_2hop__156085_436709
20:20:23 [INFO] amas.pipeline: AMAS start: qid=musique_4hop3__160230_470287_128875_72134
20:20:23 [INFO] amas.pipeline: AMAS start: qid=musique_4hop1__159467_725495_49925_267352
20:20:23 [INFO] amas.pipeline: AMAS start: qid=musique_2hop__130508_32379
20:20:23 [INFO] amas.pipeline: AMAS start: qid=musique_3hop1__77966_91191_156667
20:20:24 [INFO] amas.pipeline: AMAS start: qid=musique_2hop__412633_15781
20:20:25 [INFO] amas.pipeline: AMAS start: qid=musique_2hop__839126_472799
20:20:26 [INFO] amas.pipeline: AMAS start: qid=musique_4hop1__152146_5274_458768_33677
20:20:26 [INFO] amas.pipeline: AMAS start: qid=musique_2hop__286621_67370
20:20:27 [INFO] amas.pipeline: AMAS start: qid=musique_2hop__166820_52835
20:20:29 [INFO] amas.pipeline: AMAS start: qid=musique_3hop1__662413_42197_18397
20:20:30 [INFO] amas.pipeline: AMAS start: qid=musique_2hop__771477_149987
20:20:31 [INFO] amas.pipeline: AMAS start: qid=musique_2hop__20268_42014
20:20:32 [INFO] amas.pipeline: AMAS start: qid=musique_2hop__821197_368148
20:20:33 [INFO] amas.pipeline: AMAS start: qid=musique_2hop__93230_319887
20:20:34 [INFO] amas.pipeline: AMAS start: qid=musique_3hop2__368986_89048_66294
20:20:34 [INFO] amas.pipeline: AMAS start: qid=musique_2hop__223655_463572
20:20:35 [INFO] amas.pipeline: AMAS start: qid=musique_2hop__645367_68633
20:20:36 [INFO] amas.pipeline: AMAS start: qid=musique_2hop__142699_67465
20:20:37 [INFO] amas.pipeline: AMAS start: qid=musique_3hop1__31995_24918_24939
20:20:38 [INFO] amas.pipeline: AMAS start: qid=musique_2hop__765678_310556
20:20:38 [INFO] amas.pipeline: AMAS start: qid=musique_3hop1__689538_547811_80702
20:20:38 [INFO] amas.pipeline: AMAS start: qid=musique_3hop1__568951_567566_84283
20:20:41 [INFO] amas.pipeline: AMAS start: qid=musique_4hop1__344155_765799_282674_759393
20:20:41 [INFO] amas.pipeline: AMAS start: qid=musique_2hop__35137_22940
20:20:49 [INFO] amas.pipeline: AMAS start: qid=musique_2hop__50199_59409
20:20:51 [INFO] amas.pipeline: AMAS start: qid=musique_2hop__235471_565925
20:20:51 [INFO] amas.pipeline: AMAS start: qid=musique_2hop__780652_93362
20:20:53 [INFO] amas.pipeline: AMAS start: qid=musique_3hop2__92991_38326_76291
20:20:54 [INFO] amas.pipeline: AMAS start: qid=musique_2hop__403580_37168
20:20:54 [INFO] amas.pipeline: AMAS start: qid=musique_3hop1__103662_443779_52195
20:20:55 [INFO] amas.pipeline: AMAS start: qid=musique_2hop__76402_653666
20:20:55 [INFO] amas.pipeline: AMAS start: qid=musique_3hop1__487301_443779_52195
20:20:56 [INFO] amas.pipeline: AMAS start: qid=musique_2hop__77832_159673
20:20:56 [INFO] amas.pipeline: AMAS start: qid=musique_4hop1__277409_49925_13759_736921
20:20:58 [INFO] amas.pipeline: AMAS start: qid=musique_2hop__567588_67465
20:20:59 [INFO] amas.pipeline: AMAS start: qid=musique_2hop__137061_45752
20:21:01 [INFO] amas.pipeline: AMAS start: qid=musique_2hop__367318_7292
20:21:01 [INFO] amas.pipeline: AMAS start: qid=musique_2hop__822113_91104
20:21:02 [INFO] amas.pipeline: AMAS start: qid=musique_2hop__347_59409
20:21:04 [INFO] amas.pipeline: AMAS start: qid=musique_2hop__52283_75184
20:21:04 [INFO] amas.pipeline: AMAS start: qid=musique_2hop__853227_68633
20:21:05 [INFO] amas.pipeline: AMAS start: qid=musique_4hop1__58323_375563_161848_28750
20:21:06 [INFO] amas.pipeline: AMAS start: qid=musique_2hop__159741_161674
20:21:07 [INFO] amas.pipeline: AMAS start: qid=musique_2hop__169443_83769
20:21:11 [INFO] amas.pipeline: AMAS start: qid=musique_2hop__10515_21567
20:21:12 [INFO] amas.pipeline: AMAS start: qid=musique_2hop__683835_709167
20:21:12 [INFO] amas.pipeline: AMAS start: qid=musique_2hop__77518_548781
20:21:13 [INFO] amas.pipeline: AMAS start: qid=musique_2hop__40485_40502
20:21:13 [INFO] amas.pipeline: AMAS start: qid=musique_2hop__460091_405771
20:21:14 [INFO] amas.pipeline: AMAS start: qid=musique_2hop__59612_50883
20:21:15 [INFO] amas.pipeline: AMAS start: qid=musique_4hop3__862_846_613770_7713
20:21:16 [INFO] amas.pipeline: AMAS start: qid=musique_3hop1__198276_709625_84283
20:21:16 [INFO] amas.pipeline: AMAS start: qid=musique_4hop1__88342_75218_128008_87812
20:21:16 [INFO] amas.pipeline: AMAS start: qid=musique_2hop__689472_52835
20:21:17 [INFO] amas.pipeline: AMAS start: qid=musique_4hop1__436202_765799_282674_759393
20:21:18 [INFO] amas.pipeline: AMAS start: qid=musique_3hop2__87184_92991_76291
20:21:19 [INFO] amas.pipeline: AMAS start: qid=musique_3hop1__406043_831637_91775
20:21:20 [INFO] amas.pipeline: AMAS start: qid=musique_3hop1__141138_2053_52946
20:21:21 [INFO] amas.pipeline: AMAS start: qid=musique_2hop__152052_141308
20:21:21 [INFO] amas.pipeline: AMAS start: qid=musique_2hop__575188_342798
20:21:24 [INFO] amas.pipeline: AMAS start: qid=musique_2hop__96411_159054
20:21:25 [INFO] amas.pipeline: AMAS start: qid=musique_2hop__71336_604644
20:21:26 [INFO] amas.pipeline: AMAS start: qid=musique_2hop__34734_92852
20:21:26 [INFO] amas.pipeline: AMAS start: qid=musique_2hop__57638_615257
20:21:28 [INFO] amas.pipeline: AMAS start: qid=musique_2hop__245835_762148
20:21:31 [INFO] amas.pipeline: AMAS start: qid=musique_3hop2__222979_132477_40768
20:21:32 [INFO] amas.pipeline: AMAS start: qid=musique_2hop__35137_22932
20:21:35 [INFO] amas.pipeline: AMAS start: qid=musique_3hop2__11282_57233_56883
20:21:36 [INFO] amas.pipeline: AMAS start: qid=musique_2hop__219456_87295
20:21:36 [INFO] amas.pipeline: AMAS start: qid=musique_3hop1__649930_15840_36002
20:21:37 [INFO] amas.pipeline: AMAS start: qid=musique_4hop1__58323_375563_161848_83118
20:21:37 [INFO] amas.pipeline: AMAS start: qid=musique_3hop2__782397_467331_162182
20:21:38 [INFO] amas.pipeline: AMAS start: qid=musique_4hop1__88342_75218_128008_80286
20:21:38 [INFO] amas.pipeline: AMAS start: qid=musique_3hop1__617062_127905_80286
20:21:39 [INFO] amas.pipeline: AMAS start: qid=musique_2hop__642686_7292
20:21:39 [INFO] amas.pipeline: AMAS start: qid=musique_4hop2__161602_474028_88460_21034
20:21:39 [INFO] amas.pipeline: AMAS start: qid=musique_2hop__608902_653666
20:21:40 [INFO] amas.pipeline: AMAS start: qid=musique_2hop__478978_124498
20:21:41 [INFO] amas.pipeline: AMAS start: qid=musique_2hop__38229_84500
20:21:43 [INFO] amas.pipeline: AMAS start: qid=musique_2hop__16581_16525
20:21:43 [INFO] amas.pipeline: AMAS start: qid=musique_3hop1__768500_730460_70315
20:21:45 [INFO] amas.pipeline: AMAS start: qid=musique_2hop__847760_80026
20:21:45 [INFO] amas.pipeline: AMAS start: qid=musique_3hop1__829944_474097_84283
20:21:47 [INFO] amas.pipeline: AMAS start: qid=musique_3hop1__354480_834494_34109
20:21:48 [INFO] amas.pipeline: AMAS start: qid=musique_2hop__21103_16254
20:21:48 [INFO] amas.pipeline: AMAS start: qid=musique_2hop__678516_179720
20:21:48 [INFO] amas.pipeline: AMAS start: qid=musique_4hop1__161810_583746_457883_650651
20:21:49 [INFO] amas.pipeline: AMAS start: qid=musique_3hop1__786067_228453_86925
20:21:50 [INFO] amas.pipeline: AMAS start: qid=musique_3hop1__320697_547811_80702
20:21:50 [INFO] amas.pipeline: AMAS start: qid=musique_3hop1__302383_503371_21711
20:21:52 [INFO] amas.pipeline: AMAS start: qid=musique_2hop__326404_120065
20:21:52 [INFO] amas.pipeline: AMAS start: qid=musique_2hop__96414_159054
20:21:53 [INFO] amas.pipeline: AMAS start: qid=musique_2hop__92590_43786
20:21:54 [INFO] amas.pipeline: AMAS start: qid=musique_3hop1__132795_40769_64047
20:21:54 [INFO] amas.pipeline: AMAS start: qid=musique_2hop__128342_375952
20:21:56 [INFO] amas.pipeline: AMAS start: qid=musique_3hop1__641921_42197_18397
20:21:59 [INFO] amas.pipeline: AMAS start: qid=musique_2hop__128608_82341
20:21:59 [INFO] amas.pipeline: AMAS start: qid=musique_3hop1__9285_5188_63702
20:22:00 [INFO] amas.pipeline: AMAS start: qid=musique_2hop__705035_152093
20:22:01 [INFO] amas.pipeline: AMAS start: qid=musique_3hop2__802066_223623_162182
20:22:01 [INFO] amas.pipeline: AMAS start: qid=musique_4hop1__833841_378185_282674_759393
20:22:01 [INFO] amas.pipeline: AMAS start: qid=musique_3hop1__103180_214799_259594
20:22:01 [INFO] amas.pipeline: AMAS start: qid=musique_2hop__463884_807572
20:22:02 [INFO] amas.pipeline: AMAS start: qid=musique_3hop1__632623_160713_77246
20:22:05 [INFO] amas.pipeline: AMAS start: qid=musique_2hop__574496_123283
20:22:05 [INFO] amas.pipeline: AMAS start: qid=musique_3hop1__64957_87694_64412
20:22:06 [INFO] amas.pipeline: AMAS start: qid=musique_2hop__10017_18974
20:22:07 [INFO] amas.pipeline: AMAS start: qid=musique_4hop1__94201_642284_131926_87157
20:22:07 [INFO] amas.pipeline: AMAS start: qid=musique_3hop1__694534_160088_49779
20:22:08 [INFO] amas.pipeline: AMAS start: qid=musique_2hop__785711_63853
20:22:10 [INFO] amas.pipeline: AMAS start: qid=musique_2hop__481809_184805
20:22:10 [INFO] amas.pipeline: AMAS start: qid=musique_2hop__227791_75487
20:22:11 [INFO] amas.pipeline: AMAS start: qid=musique_2hop__126306_396277
20:22:15 [INFO] amas.pipeline: AMAS start: qid=musique_2hop__591435_51329
20:22:15 [INFO] amas.pipeline: AMAS start: qid=musique_2hop__363214_590899
20:22:15 [INFO] amas.pipeline: AMAS start: qid=musique_2hop__6827_79845
20:22:15 [INFO] amas.pipeline: AMAS start: qid=musique_2hop__80375_90181
20:22:16 [INFO] amas.pipeline: AMAS start: qid=musique_2hop__69_59409
20:22:16 [INFO] amas.pipeline: AMAS start: qid=musique_3hop1__652852_2053_52946
20:22:20 [INFO] amas.pipeline: AMAS start: qid=musique_3hop1__765565_326948_78782
20:22:20 [INFO] amas.pipeline: AMAS start: qid=musique_3hop2__49541_140712_51068
20:22:20 [INFO] amas.pipeline: AMAS start: qid=musique_2hop__817096_15463
20:22:21 [INFO] amas.pipeline: AMAS start: qid=musique_4hop1__567737_141375_458768_33632
20:22:23 [INFO] amas.pipeline: AMAS start: qid=musique_3hop2__92991_72083_76291
20:22:23 [INFO] amas.pipeline: AMAS start: qid=musique_2hop__525581_161450
20:22:23 [INFO] amas.pipeline: AMAS start: qid=musique_3hop2__855821_223623_162182
20:22:23 [INFO] amas.pipeline: AMAS start: qid=musique_3hop1__838590_831637_91775
20:22:25 [INFO] amas.pipeline: AMAS start: qid=musique_2hop__96137_62765
20:22:25 [INFO] amas.pipeline: AMAS start: qid=musique_2hop__519160_78303
20:22:26 [INFO] amas.pipeline: AMAS start: qid=musique_2hop__504464_708278
20:22:29 [INFO] amas.pipeline: AMAS start: qid=musique_3hop1__28527_42197_18397
20:22:30 [INFO] amas.pipeline: AMAS start: qid=musique_2hop__170914_152093
20:22:33 [INFO] amas.pipeline: AMAS start: qid=musique_2hop__595747_31270
20:22:33 [INFO] amas.pipeline: AMAS start: qid=musique_4hop1__31333_59747_211319_557671
20:22:34 [INFO] amas.pipeline: AMAS start: qid=musique_4hop1__708184_153080_159767_81096
20:22:34 [INFO] amas.pipeline: AMAS start: qid=musique_2hop__71294_494136
20:22:34 [INFO] amas.pipeline: AMAS start: qid=musique_2hop__71755_463572
20:22:36 [INFO] amas.pipeline: AMAS start: qid=musique_3hop2__326964_811351_7713
20:22:37 [INFO] amas.pipeline: AMAS start: qid=musique_2hop__242938_18803
20:22:37 [INFO] amas.pipeline: AMAS start: qid=musique_3hop1__239036_15840_36014
20:22:38 [INFO] amas.pipeline: AMAS start: qid=musique_2hop__433694_20273
20:22:39 [INFO] amas.pipeline: AMAS start: qid=musique_2hop__253612_110882
20:22:42 [INFO] amas.pipeline: AMAS start: qid=musique_3hop1__131783_131926_13165
20:22:44 [INFO] amas.pipeline: AMAS start: qid=musique_2hop__847433_11402
20:22:45 [INFO] amas.pipeline: AMAS start: qid=musique_2hop__51881_20590
20:22:45 [INFO] amas.pipeline: AMAS start: qid=musique_3hop1__390673_228453_10972
20:22:46 [INFO] amas.pipeline: AMAS start: qid=musique_3hop2__20335_8533_9331
20:22:48 [INFO] amas.pipeline: AMAS start: qid=musique_4hop3__131775_29339_508306_70744
20:22:51 [INFO] amas.pipeline: AMAS start: qid=musique_3hop1__401538_132457_51423
20:22:53 [INFO] amas.pipeline: AMAS start: qid=musique_3hop1__161433_33952_34099
20:22:54 [INFO] amas.pipeline: AMAS start: qid=musique_3hop2__831456_223623_162182
20:22:54 [INFO] amas.pipeline: AMAS start: qid=musique_2hop__488811_30113
20:22:54 [INFO] amas.pipeline: AMAS start: qid=musique_2hop__734582_74481
20:22:57 [INFO] amas.pipeline: AMAS start: qid=musique_3hop1__313670_42197_18397
20:22:58 [INFO] amas.pipeline: AMAS start: qid=musique_2hop__586343_83289
20:22:59 [INFO] amas.pipeline: AMAS start: qid=musique_4hop1__525129_315334_131926_13165
20:23:02 [INFO] amas.pipeline: AMAS start: qid=musique_2hop__268084_78303
20:23:03 [INFO] amas.pipeline: AMAS start: qid=musique_3hop1__796649_720914_27537
20:23:04 [INFO] amas.pipeline: AMAS start: qid=musique_4hop3__630723_88460_30152_20999
20:23:05 [INFO] amas.pipeline: AMAS start: qid=musique_2hop__835914_91104
20:23:08 [INFO] amas.pipeline: AMAS start: qid=musique_4hop2__797545_14670_8987_8974
20:23:08 [INFO] amas.pipeline: AMAS start: qid=musique_2hop__37656_160040
20:23:09 [INFO] amas.pipeline: AMAS start: qid=musique_4hop1__76111_624859_355213_203322
20:23:10 [INFO] amas.pipeline: AMAS start: qid=musique_4hop2__9988_158985_70784_79935
20:23:10 [INFO] amas.pipeline: AMAS start: qid=musique_3hop2__304722_740784_63959
20:23:12 [INFO] amas.pipeline: AMAS start: qid=musique_2hop__496792_392646
20:23:12 [INFO] amas.pipeline: AMAS start: qid=musique_2hop__238499_431914
20:23:14 [INFO] amas.pipeline: AMAS start: qid=musique_2hop__708145_30351
20:23:14 [INFO] amas.pipeline: AMAS start: qid=musique_2hop__756620_127399
20:23:15 [INFO] amas.pipeline: AMAS start: qid=musique_3hop1__71549_486583_84283
20:23:16 [INFO] amas.pipeline: AMAS start: qid=musique_2hop__543050_245420
20:23:18 [INFO] amas.pipeline: AMAS start: qid=musique_2hop__123148_5385
20:23:19 [INFO] amas.pipeline: AMAS start: qid=musique_2hop__30384_30351
20:23:19 [INFO] amas.pipeline: AMAS start: qid=musique_3hop1__389069_132457_51423
20:23:20 [INFO] amas.pipeline: AMAS start: qid=musique_2hop__123145_80420
20:23:24 [INFO] amas.pipeline: AMAS start: qid=musique_2hop__43579_289940
20:23:25 [INFO] amas.pipeline: AMAS start: qid=musique_2hop__472486_97805
20:23:26 [INFO] amas.pipeline: AMAS start: qid=musique_2hop__73069_88165
20:23:26 [INFO] amas.pipeline: AMAS start: qid=musique_3hop2__125104_90098_10557
20:23:26 [INFO] amas.pipeline: AMAS start: qid=musique_2hop__35445_22458
20:23:29 [INFO] amas.pipeline: AMAS start: qid=musique_3hop1__103890_10659_67187
20:23:29 [INFO] amas.pipeline: AMAS start: qid=musique_2hop__227031_144857
20:23:30 [INFO] amas.pipeline: AMAS start: qid=musique_4hop1__463635_624859_355213_203322
20:23:30 [INFO] amas.pipeline: AMAS start: qid=musique_2hop__747667_52835
20:23:32 [INFO] amas.pipeline: AMAS start: qid=musique_3hop1__145212_443779_52195
20:23:33 [INFO] amas.pipeline: AMAS start: qid=musique_4hop1__145087_32392_823060_610794
20:23:34 [INFO] amas.pipeline: AMAS start: qid=musique_2hop__557411_652060
20:23:37 [INFO] amas.pipeline: AMAS start: qid=musique_3hop1__837871_831637_91775
20:23:37 [INFO] amas.pipeline: AMAS start: qid=musique_4hop3__601548_836463_161616_77103
20:23:40 [INFO] amas.pipeline: AMAS start: qid=musique_2hop__20536_96912
20:23:41 [INFO] amas.pipeline: AMAS start: qid=musique_3hop1__847420_720378_15538
20:23:41 [INFO] amas.pipeline: AMAS start: qid=musique_2hop__6744_6731
20:23:42 [INFO] amas.pipeline: AMAS start: qid=musique_3hop1__128516_30587_83479
20:23:45 [INFO] amas.pipeline: AMAS start: qid=musique_3hop1__145427_106426_157788
20:23:45 [INFO] amas.pipeline: AMAS start: qid=musique_2hop__781079_9237
20:23:46 [INFO] amas.pipeline: AMAS start: qid=musique_2hop__75207_365216
20:23:48 [INFO] amas.pipeline: AMAS start: qid=musique_2hop__56806_7298
20:23:49 [INFO] amas.pipeline: AMAS start: qid=musique_4hop1__73810_32392_823060_610794
20:23:49 [INFO] amas.pipeline: AMAS start: qid=musique_2hop__53937_92673
20:23:50 [INFO] amas.pipeline: AMAS start: qid=musique_2hop__683203_72813
20:23:53 [INFO] amas.pipeline: AMAS start: qid=musique_3hop1__23444_160713_77246
20:23:53 [INFO] amas.pipeline: AMAS start: qid=musique_4hop1__88342_49853_128008_67954
20:23:54 [INFO] amas.pipeline: AMAS start: qid=musique_4hop2__71753_685934_70784_79935
20:23:56 [INFO] amas.pipeline: AMAS start: qid=musique_4hop1__39871_314549_131976_56103
20:23:56 [INFO] amas.pipeline: AMAS start: qid=musique_3hop2__87184_36497_76291
20:23:58 [INFO] amas.pipeline: AMAS start: qid=musique_4hop2__161602_426860_88460_21074
20:23:59 [INFO] amas.pipeline: AMAS start: qid=musique_3hop1__857_846_7794
20:24:00 [INFO] amas.pipeline: AMAS start: qid=musique_3hop1__135794_87694_64412
20:24:01 [INFO] amas.pipeline: AMAS start: qid=musique_3hop2__57238_1926_54362
20:24:01 [INFO] amas.pipeline: AMAS start: qid=musique_3hop1__365934_87694_124169
20:24:02 [INFO] amas.pipeline: AMAS start: qid=musique_2hop__48784_70131
20:24:03 [INFO] amas.pipeline: AMAS start: qid=musique_2hop__476927_31270
20:24:04 [INFO] amas.pipeline: AMAS start: qid=musique_2hop__462179_643013
20:24:04 [INFO] amas.pipeline: AMAS start: qid=musique_2hop__5658_25002
20:24:05 [INFO] amas.pipeline: AMAS start: qid=musique_2hop__398344_54166
20:24:07 [INFO] amas.pipeline: AMAS start: qid=musique_3hop1__603558_87694_124169
20:24:08 [INFO] amas.pipeline: AMAS start: qid=musique_2hop__753260_71701
20:24:08 [INFO] amas.pipeline: AMAS start: qid=musique_3hop1__108062_720914_27537
20:24:09 [INFO] amas.pipeline: AMAS start: qid=musique_4hop3__160230_470287_345497_72134
20:24:13 [INFO] amas.pipeline: AMAS start: qid=musique_4hop1__31050_725495_49925_267352
20:24:13 [INFO] amas.pipeline: AMAS start: qid=musique_2hop__684287_78303
20:24:13 [INFO] amas.pipeline: AMAS start: qid=musique_2hop__107905_110222
20:24:14 [INFO] amas.pipeline: AMAS start: qid=musique_2hop__556426_9237
20:24:14 [INFO] amas.pipeline: AMAS start: qid=musique_3hop1__465684_160545_60577
20:24:15 [INFO] amas.pipeline: AMAS start: qid=musique_2hop__39063_212301
20:24:15 [INFO] amas.pipeline: AMAS start: qid=musique_3hop2__326964_789654_7713
20:24:16 [INFO] amas.pipeline: AMAS start: qid=musique_4hop2__161602_474028_88460_20988
20:24:19 [INFO] amas.pipeline: AMAS start: qid=musique_3hop1__6362_14336_21111
20:24:19 [INFO] amas.pipeline: AMAS start: qid=musique_2hop__80_59409
20:24:20 [INFO] amas.pipeline: AMAS start: qid=musique_3hop2__93066_88342_90766
20:24:20 [INFO] amas.pipeline: AMAS start: qid=musique_2hop__673655_316668
20:24:24 [INFO] amas.pipeline: AMAS start: qid=musique_3hop1__639955_834494_33939
20:24:27 [INFO] amas.pipeline: AMAS start: qid=musique_2hop__96812_130869
20:24:27 [INFO] amas.pipeline: AMAS start: qid=musique_3hop1__458916_665330_47686
20:24:27 [INFO] amas.pipeline: AMAS start: qid=musique_3hop1__390673_228453_86925
20:24:29 [INFO] amas.pipeline: AMAS start: qid=musique_3hop2__569322_467331_162182
20:24:32 [INFO] amas.pipeline: AMAS start: qid=musique_3hop1__285585_538202_84283
20:24:32 [INFO] amas.pipeline: AMAS start: qid=musique_2hop__24661_81961
20:24:36 [INFO] amas.pipeline: AMAS start: qid=musique_4hop1__341777_508773_85832_745702
20:24:37 [INFO] amas.pipeline: AMAS start: qid=musique_4hop1__443274_17130_70784_61381
20:24:37 [INFO] amas.pipeline: AMAS start: qid=musique_4hop1__726391_153080_159767_81096
20:24:37 [INFO] amas.pipeline: AMAS start: qid=musique_2hop__789565_416401
20:24:37 [INFO] amas.pipeline: AMAS start: qid=musique_3hop2__36852_613770_7713
20:24:37 [INFO] amas.pipeline: AMAS start: qid=musique_3hop1__104762_24918_24991
20:24:38 [INFO] amas.pipeline: AMAS start: qid=musique_2hop__461639_83837
20:24:41 [INFO] amas.pipeline: AMAS start: qid=musique_2hop__88149_807969
20:24:41 [INFO] amas.pipeline: AMAS start: qid=musique_4hop3__771862_466199_695123_72134
20:24:41 [INFO] amas.pipeline: AMAS start: qid=musique_2hop__23459_35123
20:24:44 [INFO] amas.pipeline: AMAS start: qid=musique_4hop1__130480_53706_795904_580996
20:24:44 [INFO] amas.pipeline: AMAS start: qid=musique_3hop1__186307_503371_21711
20:24:45 [INFO] amas.pipeline: AMAS start: qid=musique_2hop__829474_123956
20:24:46 [INFO] amas.pipeline: AMAS start: qid=musique_2hop__252311_366220
20:24:46 [INFO] amas.pipeline: AMAS start: qid=musique_2hop__810411_159673
20:24:47 [INFO] amas.pipeline: AMAS start: qid=musique_2hop__475808_74481
20:24:48 [INFO] amas.pipeline: AMAS start: qid=musique_3hop2__668732_223623_162182
20:24:50 [INFO] amas.pipeline: AMAS start: qid=musique_2hop__20685_712629
20:24:52 [INFO] amas.pipeline: AMAS start: qid=musique_2hop__85993_512508
20:24:53 [INFO] amas.pipeline: AMAS start: qid=musique_2hop__280451_84616
20:24:53 [INFO] amas.pipeline: AMAS start: qid=musique_2hop__435184_67370
20:24:57 [INFO] amas.pipeline: AMAS start: qid=musique_3hop1__127821_157828_162309
20:24:57 [INFO] amas.pipeline: AMAS start: qid=musique_4hop1__57467_53706_795904_580996
20:24:57 [INFO] amas.pipeline: AMAS start: qid=musique_3hop1__865037_214799_259594
20:24:58 [INFO] amas.pipeline: AMAS start: qid=musique_4hop1__567737_141375_458768_33633
20:24:59 [INFO] amas.pipeline: AMAS start: qid=musique_3hop1__639955_834494_34088
20:24:59 [INFO] amas.pipeline: AMAS start: qid=musique_2hop__2613_59409
20:25:01 [INFO] amas.pipeline: AMAS start: qid=musique_2hop__24976_161105
20:25:01 [INFO] amas.pipeline: AMAS start: qid=musique_2hop__66149_85990
20:25:02 [INFO] amas.pipeline: AMAS start: qid=musique_3hop1__742780_567566_84283
20:25:02 [INFO] amas.pipeline: AMAS start: qid=musique_2hop__351275_75487
20:25:03 [INFO] amas.pipeline: AMAS start: qid=musique_4hop1__525129_315334_131926_87157
20:25:03 [INFO] amas.pipeline: AMAS start: qid=musique_4hop1__707078_765799_282674_759393
20:25:04 [INFO] amas.pipeline: AMAS start: qid=musique_2hop__132954_533882
20:25:04 [INFO] amas.pipeline: AMAS start: qid=musique_2hop__390947_232243
20:25:08 [INFO] amas.pipeline: AMAS start: qid=musique_3hop1__672543_503371_21711
20:25:09 [INFO] amas.pipeline: AMAS start: qid=musique_3hop1__754160_831637_91775
20:25:09 [INFO] amas.pipeline: AMAS start: qid=musique_3hop1__30885_160713_77246
20:25:09 [INFO] amas.pipeline: AMAS start: qid=musique_4hop2__9988_158279_70784_79935
20:25:11 [INFO] amas.pipeline: AMAS start: qid=musique_3hop1__103254_214799_259594
20:25:11 [INFO] amas.pipeline: AMAS start: qid=musique_3hop1__358853_339990_15538
20:25:11 [INFO] amas.pipeline: AMAS start: qid=musique_4hop3__316459_41402_145282_13584
20:25:13 [INFO] amas.pipeline: AMAS start: qid=musique_2hop__353836_80026
20:25:15 [INFO] amas.pipeline: AMAS start: qid=musique_2hop__358582_189042
20:25:16 [INFO] amas.pipeline: AMAS start: qid=musique_3hop1__147225_30587_83479
20:25:17 [INFO] amas.pipeline: AMAS start: qid=musique_4hop3__862_846_326964_7713
20:25:17 [INFO] amas.pipeline: AMAS start: qid=musique_4hop2__71753_648517_70784_61381
20:25:18 [INFO] amas.pipeline: AMAS start: qid=musique_2hop__159737_27110
20:25:20 [INFO] amas.pipeline: AMAS start: qid=musique_2hop__123509_5385
20:25:22 [INFO] amas.pipeline: AMAS start: qid=musique_3hop1__79039_131926_87157
20:25:23 [INFO] amas.pipeline: AMAS start: qid=musique_3hop2__222979_132536_40768
20:25:23 [INFO] amas.pipeline: AMAS start: qid=musique_4hop2__9988_729371_70784_61381
20:25:27 [INFO] amas.pipeline: AMAS start: qid=musique_3hop2__569322_223623_162182
20:25:28 [INFO] amas.pipeline: AMAS start: qid=musique_2hop__124807_135019
20:25:28 [INFO] amas.pipeline: AMAS start: qid=musique_3hop1__243276_42197_18397
20:25:30 [INFO] amas.pipeline: AMAS start: qid=musique_3hop2__304722_582839_63959
20:25:31 [INFO] amas.pipeline: AMAS start: qid=musique_4hop1__846600_153080_33897_81096
20:25:33 [INFO] amas.pipeline: AMAS start: qid=musique_2hop__40485_40501
20:25:35 [INFO] amas.pipeline: AMAS start: qid=musique_2hop__83405_158262
20:25:38 [INFO] amas.pipeline: AMAS start: qid=musique_2hop__23459_35124
20:25:38 [INFO] amas.pipeline: AMAS start: qid=musique_2hop__51760_122023
20:25:38 [INFO] amas.pipeline: AMAS start: qid=musique_4hop1__152562_5274_458768_33637
20:25:40 [INFO] amas.pipeline: AMAS start: qid=musique_3hop1__90327_73181_68042
20:25:42 [INFO] amas.pipeline: AMAS start: qid=musique_2hop__576118_25719
20:25:43 [INFO] amas.pipeline: AMAS start: qid=musique_3hop2__14777_8533_9331
20:25:44 [INFO] amas.pipeline: AMAS start: qid=musique_4hop3__531933_836463_161616_77103
20:25:45 [INFO] amas.pipeline: AMAS start: qid=musique_2hop__35173_17335
20:25:45 [INFO] amas.pipeline: AMAS start: qid=musique_2hop__35566_17873
20:25:47 [INFO] amas.pipeline: AMAS start: qid=musique_3hop2__304722_781203_63959
20:25:48 [INFO] amas.pipeline: AMAS start: qid=musique_3hop1__248929_160713_77246
20:25:50 [INFO] amas.pipeline: AMAS start: qid=musique_3hop1__139862_2053_52946
20:25:53 [INFO] amas.pipeline: AMAS start: qid=musique_3hop1__800948_40769_64047
20:25:54 [INFO] amas.pipeline: AMAS start: qid=musique_3hop2__88342_93066_90766
20:25:55 [INFO] amas.pipeline: AMAS start: qid=musique_2hop__742831_156034
20:25:56 [INFO] amas.pipeline: AMAS start: qid=musique_4hop1__343844_17130_70784_79935
20:25:56 [INFO] amas.pipeline: AMAS start: qid=musique_3hop1__152880_131926_90707
20:25:56 [INFO] amas.pipeline: AMAS start: qid=musique_2hop__421324_97805
20:25:56 [INFO] amas.pipeline: AMAS start: qid=musique_4hop1__129721_32392_823060_610794
20:25:57 [INFO] amas.pipeline: AMAS start: qid=musique_4hop1__89530_624859_355213_203322
20:25:58 [INFO] amas.pipeline: AMAS start: qid=musique_2hop__57209_67668
20:25:59 [INFO] amas.pipeline: AMAS start: qid=musique_3hop1__742464_15840_36014
20:26:01 [INFO] amas.pipeline: AMAS start: qid=musique_2hop__475070_532404
20:26:04 [INFO] amas.pipeline: AMAS start: qid=musique_2hop__826864_17335
20:26:04 [INFO] amas.pipeline: AMAS start: qid=musique_3hop1__140345_2053_5289
20:26:05 [INFO] amas.pipeline: AMAS start: qid=musique_4hop1__37608_32392_823060_610794
20:26:05 [INFO] amas.pipeline: AMAS start: qid=musique_4hop1__88342_75218_128008_80487
20:26:06 [INFO] amas.pipeline: AMAS start: qid=musique_2hop__131275_72870
20:26:06 [INFO] amas.pipeline: AMAS start: qid=musique_3hop1__178435_547811_80702
20:26:08 [INFO] amas.pipeline: AMAS start: qid=musique_4hop1__860115_798482_131926_90707
20:26:10 [INFO] amas.pipeline: AMAS start: qid=musique_2hop__17854_17873
20:26:10 [INFO] amas.pipeline: AMAS start: qid=musique_4hop3__668721_132409_146285_35031
20:26:10 [INFO] amas.pipeline: AMAS start: qid=musique_4hop3__175072_88460_30152_20999
20:26:11 [INFO] amas.pipeline: AMAS start: qid=musique_3hop1__139773_88110_21193
20:26:13 [INFO] amas.pipeline: AMAS start: qid=musique_2hop__83460_456238
20:26:14 [INFO] amas.pipeline: AMAS start: qid=musique_4hop2__71753_261673_70784_61381
20:26:14 [INFO] amas.pipeline: AMAS start: qid=musique_3hop1__694534_160088_85460
20:26:16 [INFO] amas.pipeline: AMAS start: qid=musique_2hop__569582_304416
20:26:17 [INFO] amas.pipeline: AMAS start: qid=musique_2hop__249867_557232
20:26:18 [INFO] amas.pipeline: AMAS start: qid=musique_2hop__147260_623159
20:26:20 [INFO] amas.pipeline: AMAS start: qid=musique_3hop1__857_846_7821
20:26:21 [INFO] amas.pipeline: AMAS start: qid=musique_3hop2__132957_295815_40768
20:26:21 [INFO] amas.pipeline: AMAS start: qid=musique_4hop1__606685_508773_85832_745702
20:26:21 [INFO] amas.pipeline: AMAS start: qid=musique_3hop1__38738_78276_68042
20:26:22 [INFO] amas.pipeline: AMAS start: qid=musique_4hop2__71753_73205_70784_79935
20:26:22 [INFO] amas.pipeline: AMAS start: qid=musique_2hop__82713_84616
20:26:22 [INFO] amas.pipeline: AMAS start: qid=musique_2hop__58939_189318
20:26:23 [INFO] amas.pipeline: AMAS start: qid=musique_2hop__731584_700117
20:26:24 [INFO] amas.pipeline: AMAS start: qid=musique_2hop__518354_67465
20:26:25 [INFO] amas.pipeline: AMAS start: qid=musique_2hop__157602_21567
20:26:25 [INFO] amas.pipeline: AMAS start: qid=musique_2hop__552546_70131
20:26:27 [INFO] amas.pipeline: AMAS start: qid=musique_2hop__78766_461854
20:26:30 [INFO] amas.pipeline: AMAS start: qid=musique_4hop3__794915_466199_695123_72134
20:26:30 [INFO] amas.pipeline: AMAS start: qid=musique_2hop__119423_779396
20:26:32 [INFO] amas.pipeline: AMAS start: qid=musique_4hop3__193820_466199_128875_72134
20:26:34 [INFO] amas.pipeline: AMAS start: qid=musique_4hop3__373573_132409_146285_35031
20:26:34 [INFO] amas.pipeline: AMAS start: qid=musique_2hop__587048_621800
20:26:35 [INFO] amas.pipeline: AMAS start: qid=musique_4hop2__161602_474028_88460_21062
20:26:38 [INFO] amas.pipeline: AMAS start: qid=musique_3hop1__604797_443779_52195
20:26:38 [INFO] amas.pipeline: AMAS start: qid=musique_2hop__547045_131879
20:26:38 [INFO] amas.pipeline: AMAS start: qid=musique_2hop__401710_456439
20:26:39 [INFO] amas.pipeline: AMAS start: qid=musique_2hop__121386_37168
20:26:41 [INFO] amas.pipeline: AMAS start: qid=musique_2hop__800166_156034
20:26:42 [INFO] amas.pipeline: AMAS start: qid=musique_3hop1__210639_147339_51423
20:26:42 [INFO] amas.pipeline: AMAS start: qid=musique_2hop__20256_74481
20:26:43 [INFO] amas.pipeline: AMAS start: qid=musique_3hop2__140194_49541_51068
20:26:44 [INFO] amas.pipeline: AMAS start: qid=musique_2hop__632161_643449
20:26:44 [INFO] amas.pipeline: AMAS start: qid=musique_2hop__55129_80460
20:26:44 [INFO] amas.pipeline: AMAS start: qid=musique_3hop2__132957_593597_40768
20:26:47 [INFO] amas.pipeline: AMAS start: qid=musique_2hop__557743_92763
20:26:49 [INFO] amas.pipeline: AMAS start: qid=musique_3hop2__92991_28727_76291
20:26:50 [INFO] amas.pipeline: AMAS start: qid=musique_2hop__64323_55840
20:26:50 [INFO] amas.pipeline: AMAS start: qid=musique_2hop__80546_75184
20:26:51 [INFO] amas.pipeline: AMAS start: qid=musique_3hop1__324448_831637_91775
20:26:51 [INFO] amas.pipeline: AMAS start: qid=musique_2hop__9285_42311
20:26:54 [INFO] amas.pipeline: AMAS start: qid=musique_2hop__850984_7292
20:26:56 [INFO] amas.pipeline: AMAS start: qid=musique_3hop2__851134_326964_7713
20:26:57 [INFO] amas.pipeline: AMAS start: qid=musique_2hop__81379_84616
20:26:57 [INFO] amas.pipeline: AMAS start: qid=musique_3hop1__579562_629431_64412
20:26:58 [INFO] amas.pipeline: AMAS start: qid=musique_2hop__223823_29905
20:26:58 [INFO] amas.pipeline: AMAS start: qid=musique_2hop__503085_110222
20:26:59 [INFO] amas.pipeline: AMAS start: qid=musique_2hop__107185_64006
20:27:02 [INFO] amas.pipeline: AMAS start: qid=musique_2hop__136067_160249
20:27:04 [INFO] amas.pipeline: AMAS start: qid=musique_2hop__794999_113442
20:27:04 [INFO] amas.pipeline: AMAS start: qid=musique_2hop__82270_177869
20:27:04 [INFO] amas.pipeline: AMAS start: qid=musique_4hop1__47210_53706_795904_580996
20:27:04 [INFO] amas.pipeline: AMAS start: qid=musique_3hop2__607269_467331_162182
20:27:08 [INFO] amas.pipeline: AMAS start: qid=musique_2hop__71871_494136
20:27:08 [INFO] amas.pipeline: AMAS start: qid=musique_3hop1__337705_132457_47686
20:27:08 [INFO] amas.pipeline: AMAS start: qid=musique_2hop__768312_814677
20:27:09 [INFO] amas.pipeline: AMAS start: qid=musique_2hop__63002_461854
20:27:10 [INFO] amas.pipeline: AMAS start: qid=musique_4hop1__473563_309800_355213_203322
20:27:10 [INFO] amas.pipeline: AMAS start: qid=musique_2hop__132469_533882
20:27:10 [INFO] amas.pipeline: AMAS start: qid=musique_4hop1__638706_378185_282674_759393
20:27:11 [INFO] amas.pipeline: AMAS start: qid=musique_2hop__517145_367341
20:27:12 [INFO] amas.pipeline: AMAS start: qid=musique_2hop__452580_70131
20:27:13 [INFO] amas.pipeline: AMAS start: qid=musique_2hop__463353_66723
20:27:14 [INFO] amas.pipeline: AMAS start: qid=musique_3hop1__617062_127905_48717
20:27:14 [INFO] amas.pipeline: AMAS start: qid=musique_3hop1__377943_650651_7262
20:27:14 [INFO] amas.pipeline: AMAS start: qid=musique_2hop__128945_47686
20:27:15 [INFO] amas.pipeline: AMAS start: qid=musique_2hop__444265_82341
20:27:16 [INFO] amas.pipeline: AMAS start: qid=musique_2hop__818692_113442
20:27:17 [INFO] amas.pipeline: AMAS start: qid=musique_2hop__41158_35124
20:27:18 [INFO] amas.pipeline: AMAS start: qid=musique_3hop1__850160_15840_36002
20:27:19 [INFO] amas.pipeline: AMAS start: qid=musique_3hop1__79039_131926_89261
20:27:20 [INFO] amas.pipeline: AMAS start: qid=musique_2hop__72686_83769
20:27:23 [INFO] amas.pipeline: AMAS start: qid=musique_2hop__131818_161450
20:27:23 [INFO] amas.pipeline: AMAS start: qid=musique_2hop__776637_87295
20:27:25 [INFO] amas.pipeline: AMAS start: qid=musique_3hop1__131820_59747_43101
20:27:25 [INFO] amas.pipeline: AMAS start: qid=musique_4hop1__696484_49925_13759_736921
20:27:26 [INFO] amas.pipeline: AMAS start: qid=musique_2hop__445963_6098
20:27:29 [INFO] amas.pipeline: AMAS start: qid=musique_3hop1__857_846_7890
20:27:29 [INFO] amas.pipeline: AMAS start: qid=musique_3hop1__418091_15840_36002
20:27:32 [INFO] amas.pipeline: AMAS start: qid=musique_2hop__61714_42553
20:27:33 [INFO] amas.pipeline: AMAS start: qid=musique_3hop1__140855_2053_52946
20:27:35 [INFO] amas.pipeline: AMAS start: qid=musique_2hop__63483_786853
20:27:36 [INFO] amas.pipeline: AMAS start: qid=musique_3hop1__145924_131905_41948
20:27:37 [INFO] amas.pipeline: AMAS start: qid=musique_3hop1__848113_15840_36002
20:27:38 [INFO] amas.pipeline: AMAS start: qid=musique_3hop1__103890_10659_83548
20:27:38 [INFO] amas.pipeline: AMAS start: qid=musique_2hop__194532_57594
20:27:39 [INFO] amas.pipeline: AMAS start: qid=musique_3hop1__726561_132457_51423
20:27:42 [INFO] amas.pipeline: AMAS start: qid=musique_2hop__21075_5028
20:27:42 [INFO] amas.pipeline: AMAS start: qid=musique_4hop1__46196_497223_15840_36002
20:27:43 [INFO] amas.pipeline: AMAS start: qid=musique_2hop__682872_516436
20:27:47 [INFO] amas.pipeline: AMAS start: qid=musique_4hop1__39871_314549_131976_44892
20:27:47 [INFO] amas.pipeline: AMAS start: qid=musique_2hop__142881_127399
20:27:48 [INFO] amas.pipeline: AMAS start: qid=musique_3hop1__398232_326948_59893
20:27:49 [INFO] amas.pipeline: AMAS start: qid=musique_3hop1__857241_503371_21711
20:27:49 [INFO] amas.pipeline: AMAS start: qid=musique_3hop2__326964_7707_7713
20:27:51 [INFO] amas.pipeline: AMAS start: qid=musique_3hop1__395211_503371_21711
20:27:51 [INFO] amas.pipeline: AMAS start: qid=musique_2hop__632234_122868
20:27:51 [INFO] amas.pipeline: AMAS start: qid=musique_3hop1__765847_831637_91775
20:27:51 [INFO] amas.pipeline: AMAS start: qid=musique_3hop1__140514_2053_5289
20:27:53 [INFO] amas.pipeline: AMAS start: qid=musique_2hop__143650_152023
20:27:54 [INFO] amas.pipeline: AMAS start: qid=musique_3hop2__127483_84553_10557
20:27:55 [INFO] amas.pipeline: AMAS start: qid=musique_3hop1__136852_30587_83479
20:27:55 [INFO] amas.pipeline: AMAS start: qid=musique_3hop1__145411_443779_52195
20:27:58 [INFO] amas.pipeline: AMAS start: qid=musique_3hop2__230_89048_66294
20:27:59 [INFO] amas.pipeline: AMAS start: qid=musique_3hop1__79462_91850_685675
20:27:59 [INFO] amas.pipeline: AMAS start: qid=musique_4hop1__88342_75218_128008_86588
20:28:00 [INFO] amas.pipeline: AMAS start: qid=musique_2hop__83800_747874
20:28:01 [INFO] amas.pipeline: AMAS start: qid=musique_2hop__145082_35034
20:28:02 [INFO] amas.pipeline: AMAS start: qid=musique_2hop__66843_494136
20:28:03 [INFO] amas.pipeline: AMAS start: qid=musique_2hop__403060_92763
20:28:03 [INFO] amas.pipeline: AMAS start: qid=musique_4hop1__629520_49925_13759_736921
20:28:05 [INFO] amas.pipeline: AMAS start: qid=musique_2hop__124933_653666
20:28:06 [INFO] amas.pipeline: AMAS start: qid=musique_3hop2__781093_223623_162182
20:28:08 [INFO] amas.pipeline: AMAS start: qid=musique_2hop__525242_52835
20:28:08 [INFO] amas.pipeline: AMAS start: qid=musique_2hop__562154_69048
20:28:09 [INFO] amas.pipeline: AMAS start: qid=musique_2hop__161915_78851
20:28:14 [INFO] amas.pipeline: AMAS start: qid=musique_3hop2__90098_156850_10557
20:28:17 [INFO] amas.pipeline: AMAS start: qid=musique_4hop1__58323_375563_161848_61344
20:28:17 [INFO] amas.pipeline: AMAS start: qid=musique_2hop__194469_83289
20:28:18 [INFO] amas.pipeline: AMAS start: qid=musique_2hop__50936_90973
20:28:18 [INFO] amas.pipeline: AMAS start: qid=musique_3hop1__147162_131905_41948
20:28:19 [INFO] amas.pipeline: AMAS start: qid=musique_2hop__846844_47134
20:28:20 [INFO] amas.pipeline: AMAS start: qid=musique_4hop1__567737_141375_458768_33637
20:28:21 [INFO] amas.pipeline: AMAS start: qid=musique_4hop1__88342_49853_128008_54974
20:28:21 [INFO] amas.pipeline: AMAS start: qid=musique_3hop1__604991_339990_15538
20:28:22 [INFO] amas.pipeline: AMAS start: qid=musique_2hop__50910_177869
20:28:22 [INFO] amas.pipeline: AMAS start: qid=musique_2hop__135822_46621
20:28:23 [INFO] amas.pipeline: AMAS start: qid=musique_4hop3__524186_219173_862998_72134
20:28:24 [INFO] amas.pipeline: AMAS start: qid=musique_3hop1__465684_160545_62931
20:28:25 [INFO] amas.pipeline: AMAS start: qid=musique_2hop__141456_6455
20:28:29 [INFO] amas.pipeline: AMAS start: qid=musique_4hop1__93601_46196_497223_15840
20:28:29 [INFO] amas.pipeline: AMAS start: qid=musique_2hop__799936_20273
20:28:30 [INFO] amas.pipeline: AMAS start: qid=musique_2hop__47071_162399
20:28:31 [INFO] amas.pipeline: AMAS start: qid=musique_4hop3__507819_88460_30152_20999
20:28:32 [INFO] amas.pipeline: AMAS start: qid=musique_2hop__135652_669373
20:28:33 [INFO] amas.pipeline: AMAS start: qid=musique_4hop1__370129_621192_10659_59955
20:28:34 [INFO] amas.pipeline: AMAS start: qid=musique_2hop__455158_247871
20:28:36 [INFO] amas.pipeline: AMAS start: qid=musique_2hop__81682_707195
20:28:36 [INFO] amas.pipeline: AMAS start: qid=musique_3hop1__278222_42197_18397
20:28:37 [INFO] amas.pipeline: AMAS start: qid=musique_2hop__32254_84601
20:28:38 [INFO] amas.pipeline: AMAS start: qid=musique_2hop__123214_22402
20:28:39 [INFO] amas.pipeline: AMAS start: qid=musique_3hop2__132957_222979_40768
20:28:40 [INFO] amas.pipeline: AMAS start: qid=musique_2hop__62311_62279
20:28:41 [INFO] amas.pipeline: AMAS start: qid=musique_3hop1__140786_2053_52946
20:28:42 [INFO] amas.pipeline: AMAS start: qid=musique_3hop1__742464_15840_36002
20:28:42 [INFO] amas.pipeline: AMAS start: qid=musique_4hop2__161602_474028_88460_63559
20:28:42 [INFO] amas.pipeline: AMAS start: qid=musique_2hop__29893_29898
20:28:43 [INFO] amas.pipeline: AMAS start: qid=musique_3hop1__210639_147339_47686
20:28:46 [INFO] amas.pipeline: AMAS start: qid=musique_2hop__263728_705527
20:28:46 [INFO] amas.pipeline: AMAS start: qid=musique_3hop1__579562_629431_124169
20:28:47 [INFO] amas.pipeline: AMAS start: qid=musique_3hop1__635099_131926_90707
20:28:47 [INFO] amas.pipeline: AMAS start: qid=musique_4hop1__668178_378185_282674_759393
20:28:47 [INFO] amas.pipeline: AMAS start: qid=musique_2hop__374495_68633
20:28:50 [INFO] amas.pipeline: AMAS start: qid=musique_2hop__204146_850295
20:28:50 [INFO] amas.pipeline: AMAS start: qid=musique_2hop__67660_158861
20:28:51 [INFO] amas.pipeline: AMAS start: qid=musique_3hop1__801799_547811_80702
20:28:51 [INFO] amas.pipeline: AMAS start: qid=musique_2hop__646573_83769
20:28:51 [INFO] amas.pipeline: AMAS start: qid=musique_4hop1__88342_49853_128008_89859
20:28:52 [INFO] amas.pipeline: AMAS start: qid=musique_2hop__73760_712629
20:28:52 [INFO] amas.pipeline: AMAS start: qid=musique_3hop1__92251_34179_23375
20:28:54 [INFO] amas.pipeline: AMAS start: qid=musique_3hop1__857_846_7713
20:28:55 [INFO] amas.pipeline: AMAS start: qid=musique_2hop__72118_83769
20:28:55 [INFO] amas.pipeline: AMAS start: qid=musique_3hop1__139787_88110_77129
20:28:57 [INFO] amas.pipeline: AMAS start: qid=musique_2hop__9223_9237
20:28:58 [INFO] amas.pipeline: AMAS start: qid=musique_2hop__25797_990
20:28:58 [INFO] amas.pipeline: AMAS start: qid=musique_2hop__53147_7298
20:28:59 [INFO] amas.pipeline: AMAS start: qid=musique_3hop1__5544_34179_23375
20:29:01 [INFO] amas.pipeline: AMAS start: qid=musique_3hop1__604991_339990_54675
20:29:06 [INFO] amas.pipeline: AMAS start: qid=musique_2hop__73615_42173
20:29:06 [INFO] amas.pipeline: AMAS start: qid=musique_2hop__797443_120537
20:29:07 [INFO] amas.pipeline: AMAS start: qid=musique_3hop2__132957_51933_40768
20:29:07 [INFO] amas.pipeline: AMAS start: qid=musique_4hop2__161602_426860_88460_20988
20:29:07 [INFO] amas.pipeline: AMAS start: qid=musique_2hop__61714_89309
20:29:08 [INFO] amas.pipeline: AMAS start: qid=musique_2hop__810884_22402
20:29:08 [INFO] amas.pipeline: AMAS start: qid=musique_4hop1__163763_49925_13759_736921
20:29:10 [INFO] amas.pipeline: AMAS start: qid=musique_2hop__37765_85990
20:29:11 [INFO] amas.pipeline: AMAS start: qid=musique_2hop__16844_20510
20:29:13 [INFO] amas.pipeline: AMAS start: qid=musique_2hop__153573_109006
20:29:14 [INFO] amas.pipeline: AMAS start: qid=musique_2hop__665660_135481
20:29:14 [INFO] amas.pipeline: AMAS start: qid=musique_2hop__744055_408817
20:29:15 [INFO] amas.pipeline: AMAS start: qid=musique_2hop__166824_185403
20:29:15 [INFO] amas.pipeline: AMAS start: qid=musique_2hop__66167_72467
20:29:16 [INFO] amas.pipeline: AMAS start: qid=musique_4hop2__9988_158279_70784_61381
20:29:16 [INFO] amas.pipeline: AMAS start: qid=musique_3hop1__497845_629431_124169
20:29:17 [INFO] amas.pipeline: AMAS start: qid=musique_3hop1__144439_443779_52195
20:29:18 [INFO] amas.pipeline: AMAS start: qid=musique_2hop__135963_486257
20:29:18 [INFO] amas.pipeline: AMAS start: qid=musique_2hop__821368_14251
20:29:19 [INFO] amas.pipeline: AMAS start: qid=musique_2hop__449673_91104
20:29:20 [INFO] amas.pipeline: AMAS start: qid=musique_2hop__39954_80940
20:29:21 [INFO] amas.pipeline: AMAS start: qid=musique_4hop1__749065_698949_157828_162309
20:29:21 [INFO] amas.pipeline: AMAS start: qid=musique_3hop1__73796_87694_64412
20:29:21 [INFO] amas.pipeline: AMAS start: qid=musique_3hop1__640171_228453_10972
20:29:23 [INFO] amas.pipeline: AMAS start: qid=musique_3hop2__781093_467331_162182
20:29:24 [INFO] amas.pipeline: AMAS start: qid=musique_2hop__818302_25719
20:29:25 [INFO] amas.pipeline: AMAS start: qid=musique_2hop__70584_198548
20:29:26 [INFO] amas.pipeline: AMAS start: qid=musique_3hop1__506062_792411_51423
20:29:28 [INFO] amas.pipeline: AMAS start: qid=musique_2hop__813461_31270
20:29:29 [INFO] amas.pipeline: AMAS start: qid=musique_3hop1__9285_5188_86687
20:29:31 [INFO] amas.pipeline: AMAS start: qid=musique_2hop__684839_139312
20:29:31 [INFO] amas.pipeline: AMAS start: qid=musique_3hop1__49236_89752_54221
20:29:31 [INFO] amas.pipeline: AMAS start: qid=musique_2hop__359312_18803
20:29:33 [INFO] amas.pipeline: AMAS start: qid=musique_2hop__107548_124896
20:29:33 [INFO] amas.pipeline: AMAS start: qid=musique_4hop1__131632_32392_823060_610794
20:29:34 [INFO] amas.pipeline: AMAS start: qid=musique_3hop1__106239_650651_7262
20:29:35 [INFO] amas.pipeline: AMAS start: qid=musique_3hop1__617062_127905_46894
20:29:35 [INFO] amas.pipeline: AMAS start: qid=musique_4hop2__160585_39078_8987_8974
20:29:36 [INFO] amas.pipeline: AMAS start: qid=musique_2hop__403712_793210
20:29:37 [INFO] amas.pipeline: AMAS start: qid=musique_2hop__471509_136043
20:29:37 [INFO] amas.pipeline: AMAS start: qid=musique_2hop__1667_40502
20:29:40 [INFO] amas.pipeline: AMAS start: qid=musique_2hop__256553_617289
20:29:44 [INFO] amas.pipeline: AMAS start: qid=musique_2hop__44815_494136
20:29:44 [INFO] amas.pipeline: AMAS start: qid=musique_2hop__107690_124896
20:29:45 [INFO] amas.pipeline: AMAS start: qid=musique_2hop__13731_801817
20:29:45 [INFO] amas.pipeline: AMAS start: qid=musique_2hop__827940_277334
20:29:46 [INFO] amas.pipeline: AMAS start: qid=musique_4hop3__710473_354093_254885_76356
20:29:47 [INFO] amas.pipeline: AMAS start: qid=musique_2hop__807257_590611
20:29:48 [INFO] amas.pipeline: AMAS start: qid=musique_2hop__67956_463572
20:29:51 [INFO] amas.pipeline: AMAS start: qid=musique_2hop__168816_144857
20:29:51 [INFO] amas.pipeline: AMAS start: qid=musique_2hop__274110_413723
20:29:52 [INFO] amas.pipeline: AMAS start: qid=musique_2hop__474885_22402
20:29:54 [INFO] amas.pipeline: AMAS start: qid=musique_3hop1__761225_831637_91775
20:29:55 [INFO] amas.pipeline: AMAS start: qid=musique_3hop1__140994_2053_5289
20:29:55 [INFO] amas.pipeline: AMAS start: qid=musique_2hop__9238_9237
20:29:56 [INFO] amas.pipeline: AMAS start: qid=musique_4hop1__46196_497223_15840_36014
20:29:56 [INFO] amas.pipeline: AMAS start: qid=musique_2hop__507528_139339
20:29:56 [INFO] amas.pipeline: AMAS start: qid=musique_3hop1__79039_131926_90707
20:29:57 [INFO] amas.pipeline: AMAS start: qid=musique_4hop1__15567_59747_211319_557671
20:29:58 [INFO] amas.pipeline: AMAS start: qid=musique_2hop__157376_643670
20:29:58 [INFO] amas.pipeline: AMAS start: qid=musique_3hop1__823336_228453_10972
20:29:58 [INFO] amas.pipeline: AMAS start: qid=musique_3hop1__418091_15840_36014
20:29:59 [INFO] amas.pipeline: AMAS start: qid=musique_2hop__814856_110882
20:30:00 [INFO] amas.pipeline: AMAS start: qid=musique_2hop__536283_67465
20:30:01 [INFO] amas.pipeline: AMAS start: qid=musique_3hop1__462125_538202_84283
20:30:01 [INFO] amas.pipeline: AMAS start: qid=musique_3hop1__426806_42197_18397
20:30:02 [INFO] amas.pipeline: AMAS start: qid=musique_2hop__865828_377862
20:30:02 [INFO] amas.pipeline: AMAS start: qid=musique_2hop__273020_57594
20:30:05 [INFO] amas.pipeline: AMAS start: qid=musique_2hop__124592_402641
20:30:05 [INFO] amas.pipeline: AMAS start: qid=musique_4hop1__788226_32392_823060_610794
20:30:06 [INFO] amas.pipeline: AMAS start: qid=musique_3hop1__312146_720914_27537
20:30:07 [INFO] amas.pipeline: AMAS start: qid=musique_2hop__66708_573255
20:30:08 [INFO] amas.pipeline: AMAS start: qid=musique_2hop__59133_512508
20:30:08 [INFO] amas.pipeline: AMAS start: qid=musique_2hop__95687_577502
20:30:08 [INFO] amas.pipeline: AMAS start: qid=musique_3hop1__857_846_7887
20:30:09 [INFO] amas.pipeline: AMAS start: qid=musique_4hop3__316459_41402_146281_13584
20:30:10 [INFO] amas.pipeline: AMAS start: qid=musique_3hop1__797496_831637_91775
20:30:11 [INFO] amas.pipeline: AMAS start: qid=musique_2hop__757497_78606
20:30:11 [INFO] amas.pipeline: AMAS start: qid=musique_3hop2__132957_433432_40768
20:30:12 [INFO] amas.pipeline: AMAS start: qid=musique_2hop__159816_37168
20:30:15 [INFO] amas.pipeline: AMAS start: qid=musique_3hop1__751782_2053_5289
Done: 1000 processed in 1018.8s (answered=1000/1000)
