2026-04-26 22:42:13 [INFO] __main__: Loaded 333 questions from /local/yzheng/pnair/workspace/tmp/adaptive-mas-old/data/musique/opera_matched/shards_qwen3top10/questions_1000_shard0.json
2026-04-26 22:42:13 [INFO] __main__: Checkpoint: 0 completed, 333 remaining
Processing questions:   0%|          | 0/333 [00:00<?, ?q/s]2026-04-26 22:42:14 [INFO] adaptive_sage.pipeline: Pipeline start: question_id=musique_2hop__13548_13529, max_steps=6
2026-04-26 22:42:14 [INFO] adaptive_sage.pipeline: Pipeline start: question_id=musique_3hop1__9285_5188_23307, max_steps=6
2026-04-26 22:42:14 [INFO] adaptive_sage.pipeline: Pipeline start: question_id=musique_2hop__766973_770570, max_steps=6
2026-04-26 22:42:14 [INFO] adaptive_sage.pipeline: Pipeline start: question_id=musique_2hop__170823_120171, max_steps=6
2026-04-26 22:42:14 [INFO] adaptive_sage.pipeline: Pipeline start: question_id=musique_2hop__511454_120259, max_steps=6
2026-04-26 22:42:14 [INFO] adaptive_sage.pipeline: Pipeline start: question_id=musique_4hop2__71753_648517_70784_79935, max_steps=6
2026-04-26 22:42:14 [INFO] adaptive_sage.pipeline: Pipeline start: question_id=musique_4hop1__94201_642284_131926_89261, max_steps=6
2026-04-26 22:42:14 [INFO] adaptive_sage.pipeline: Pipeline start: question_id=musique_4hop1__152562_5274_458768_33633, max_steps=6
2026-04-26 22:43:16 [INFO] adaptive_sage.pipeline: Pipeline done: question_id=musique_4hop1__94201_642284_131926_89261, answer='Gulf of Mexico', subagents=1, verify=0, tokens=8904
Processing questions:   0%|          | 1/333 [01:02<5:47:22, 62.78s/q]2026-04-26 22:43:16 [INFO] adaptive_sage.pipeline: Pipeline start: question_id=musique_3hop1__305282_282081_73772, max_steps=6
2026-04-26 22:43:39 [ERROR] adaptive_sage.orchestrator: All JSON parse attempts failed — returning fallback answer action
2026-04-26 22:44:34 [INFO] adaptive_sage.pipeline: Pipeline done: question_id=musique_3hop1__9285_5188_23307, answer='mid-August', subagents=1, verify=0, tokens=14874
Processing questions:   1%|          | 2/333 [02:20<6:35:50, 71.75s/q]2026-04-26 22:44:34 [INFO] adaptive_sage.pipeline: Pipeline start: question_id=musique_2hop__655505_110949, max_steps=6
2026-04-26 22:44:43 [INFO] adaptive_sage.pipeline: Pipeline done: question_id=musique_2hop__13548_13529, answer='June 1982', subagents=2, verify=0, tokens=17660
Processing questions:   1%|          | 3/333 [02:29<3:56:55, 43.08s/q]2026-04-26 22:44:43 [INFO] adaptive_sage.pipeline: Pipeline start: question_id=musique_2hop__619265_45326, max_steps=6
2026-04-26 22:45:13 [INFO] adaptive_sage.pipeline: Pipeline done: question_id=musique_4hop2__71753_648517_70784_79935, answer='early 20th century', subagents=1, verify=0, tokens=19098
Processing questions:   1%|          | 4/333 [02:59<3:27:54, 37.92s/q]2026-04-26 22:45:13 [INFO] adaptive_sage.pipeline: Pipeline start: question_id=musique_4hop3__754156_88460_30152_20999, max_steps=6
2026-04-26 22:46:03 [INFO] adaptive_sage.pipeline: Pipeline done: question_id=musique_2hop__655505_110949, answer='1971', subagents=1, verify=0, tokens=10475
Processing questions:   2%|▏         | 5/333 [03:49<3:50:32, 42.17s/q]2026-04-26 22:46:03 [INFO] adaptive_sage.pipeline: Pipeline start: question_id=musique_2hop__199513_801817, max_steps=6
2026-04-26 22:47:39 [INFO] adaptive_sage.pipeline: Pipeline done: question_id=musique_2hop__199513_801817, answer='Coimbra', subagents=1, verify=0, tokens=11928
Processing questions:   2%|▏         | 6/333 [05:25<5:29:24, 60.44s/q]2026-04-26 22:47:39 [INFO] adaptive_sage.pipeline: Pipeline start: question_id=musique_3hop1__820301_720914_41132, max_steps=6
