2026-04-27 11:21:22 [INFO] __main__: Loaded 5 questions from results/smoke5_m1_2_sufficiency_jsoncmd_e5_musique_20260427_112116/questions_5.json
2026-04-27 11:21:22 [INFO] __main__: Checkpoint: 0 completed, 5 remaining
2026-04-27 11:21:22 [INFO] sentence_transformers.base.model: No device provided, using cpu
2026-04-27 11:21:23 [INFO] sentence_transformers.base.model: Loading SentenceTransformer model from intfloat/e5-base-v2.
Processing questions:   0%|          | 0/5 [00:00<?, ?q/s]2026-04-27 11:21:25 [INFO] adaptive_sage.pipeline: Pipeline start: question_id=musique_2hop__13548_13529, max_steps=4
2026-04-27 11:21:25 [INFO] adaptive_sage.pipeline: Pipeline start: question_id=musique_3hop1__9285_5188_23307, max_steps=4
2026-04-27 11:21:25 [INFO] adaptive_sage.pipeline: Pipeline start: question_id=musique_2hop__766973_770570, max_steps=4
2026-04-27 11:21:25 [INFO] adaptive_sage.pipeline: Pipeline start: question_id=musique_2hop__170823_120171, max_steps=4
2026-04-27 11:21:25 [INFO] adaptive_sage.pipeline: Pipeline start: question_id=musique_2hop__511454_120259, max_steps=4

Batches:   0%|          | 0/1 [00:00<?, ?it/s][ABatches: 100%|██████████| 1/1 [00:00<00:00, 11.60it/s]

Batches:   0%|          | 0/1 [00:00<?, ?it/s][ABatches: 100%|██████████| 1/1 [00:00<00:00, 29.30it/s]

Batches:   0%|          | 0/1 [00:00<?, ?it/s][ABatches: 100%|██████████| 1/1 [00:00<00:00, 14.94it/s]

Batches:   0%|          | 0/1 [00:00<?, ?it/s][ABatches: 100%|██████████| 1/1 [00:00<00:00, 29.60it/s]
2026-04-27 11:22:04 [ERROR] __main__: Failed on question musique_2hop__170823_120171: KeywordSearchTool.execute() got an unexpected keyword argument 'query'
Traceback (most recent call last):
  File "/local/yzheng/pnair/workspace/adaptive-mas/scripts/runner.py", line 143, in _process_question
    result: PipelineResult = await pipeline.run(question=q_text, question_id=qid)
  File "/local/yzheng/pnair/workspace/adaptive-mas/src/adaptive_sage/pipeline.py", line 164, in run
    result = await self._run_sufficiency(question, question_id)
  File "/local/yzheng/pnair/workspace/adaptive-mas/src/adaptive_sage/pipeline.py", line 361, in _run_sufficiency
    probe_capsule, probe_tokens = await self.investigator.investigate_with_usage(
  File "/local/yzheng/pnair/workspace/adaptive-mas/src/adaptive_sage/investigator.py", line 165, in investigate_with_usage
    return await self._investigate_with_tools(
  File "/local/yzheng/pnair/workspace/adaptive-mas/src/adaptive_sage/investigator.py", line 271, in _investigate_with_tools
    tool_result, _ = tool.execute(context, **args)
TypeError: KeywordSearchTool.execute() got an unexpected keyword argument 'query'
Processing questions:  20%|██        | 1/5 [00:38<02:35, 39.00s/q]
Batches:   0%|          | 0/1 [00:00<?, ?it/s][ABatches: 100%|██████████| 1/1 [00:00<00:00, 32.52it/s]
2026-04-27 11:22:45 [ERROR] __main__: Failed on question musique_2hop__766973_770570: KeywordSearchTool.execute() got an unexpected keyword argument 'query'
Traceback (most recent call last):
  File "/local/yzheng/pnair/workspace/adaptive-mas/scripts/runner.py", line 143, in _process_question
    result: PipelineResult = await pipeline.run(question=q_text, question_id=qid)
  File "/local/yzheng/pnair/workspace/adaptive-mas/src/adaptive_sage/pipeline.py", line 164, in run
    result = await self._run_sufficiency(question, question_id)
  File "/local/yzheng/pnair/workspace/adaptive-mas/src/adaptive_sage/pipeline.py", line 605, in _run_sufficiency
    return await self._sufficiency_recurse(
  File "/local/yzheng/pnair/workspace/adaptive-mas/src/adaptive_sage/pipeline.py", line 708, in _sufficiency_recurse
    capsule, investigate_tokens = await self.investigator.investigate_with_usage(
  File "/local/yzheng/pnair/workspace/adaptive-mas/src/adaptive_sage/investigator.py", line 165, in investigate_with_usage
    return await self._investigate_with_tools(
  File "/local/yzheng/pnair/workspace/adaptive-mas/src/adaptive_sage/investigator.py", line 271, in _investigate_with_tools
    tool_result, _ = tool.execute(context, **args)
TypeError: KeywordSearchTool.execute() got an unexpected keyword argument 'query'
Processing questions:  40%|████      | 2/5 [01:19<02:00, 40.17s/q]
Batches:   0%|          | 0/1 [00:00<?, ?it/s][ABatches: 100%|██████████| 1/1 [00:00<00:00, 17.47it/s]
