2026-04-25 02:19:54 [INFO] __main__: Loaded 17 questions from data/musique/questions_smoke50_seed42_shard1.json
2026-04-25 02:19:54 [INFO] __main__: Checkpoint: 0 completed, 17 remaining
2026-04-25 02:19:55 [INFO] sentence_transformers.base.model: No device provided, using cpu
2026-04-25 02:19:55 [INFO] sentence_transformers.base.model: Loading SentenceTransformer model from /local/yzheng/pnair/.cache/huggingface/models--intfloat--e5-base-v2/snapshots/f52bf8ec8c7124536f0efb74aca902b2995e5bcd.
Processing questions:   0%|          | 0/17 [00:00<?, ?q/s]2026-04-25 02:19:55 [INFO] adaptive_sage.pipeline: Pipeline start: question_id=musique_3hop1__786067_228453_86925, max_steps=3
2026-04-25 02:19:55 [INFO] adaptive_sage.pipeline: Pipeline start: question_id=musique_4hop2__9988_261673_70784_79935, max_steps=3
2026-04-25 02:19:55 [INFO] adaptive_sage.pipeline: Pipeline start: question_id=musique_3hop1__139773_88110_21193, max_steps=3
2026-04-25 02:19:55 [INFO] adaptive_sage.pipeline: Pipeline start: question_id=musique_3hop1__843207_755530_88011, max_steps=3
2026-04-25 02:19:55 [INFO] adaptive_sage.pipeline: Pipeline start: question_id=musique_2hop__75207_365216, max_steps=3
2026-04-25 02:19:55 [INFO] adaptive_sage.pipeline: Pipeline start: question_id=musique_3hop1__38738_78276_68042, max_steps=3
2026-04-25 02:19:55 [INFO] adaptive_sage.pipeline: Pipeline start: question_id=musique_4hop1__51465_53706_795904_580996, max_steps=3
2026-04-25 02:19:55 [INFO] adaptive_sage.pipeline: Pipeline start: question_id=musique_2hop__284789_52835, max_steps=3
2026-04-25 02:19:55 [INFO] adaptive_sage.pipeline: Pipeline start: question_id=musique_3hop1__406043_831637_91775, max_steps=3
2026-04-25 02:19:55 [INFO] adaptive_sage.pipeline: Pipeline start: question_id=musique_3hop1__131829_39743_24526, max_steps=3
2026-04-25 02:19:55 [INFO] adaptive_sage.pipeline: Pipeline start: question_id=musique_4hop1__749065_698949_157828_162309, max_steps=3
2026-04-25 02:19:55 [INFO] adaptive_sage.pipeline: Pipeline start: question_id=musique_2hop__810884_22402, max_steps=3
2026-04-25 02:19:55 [INFO] adaptive_sage.pipeline: Pipeline start: question_id=musique_3hop1__90327_73181_68042, max_steps=3
2026-04-25 02:19:55 [INFO] adaptive_sage.pipeline: Pipeline start: question_id=musique_4hop1__802394_153080_159767_81096, max_steps=3
2026-04-25 02:19:55 [INFO] adaptive_sage.pipeline: Pipeline start: question_id=musique_3hop1__518381_709625_84283, max_steps=3
2026-04-25 02:19:55 [INFO] adaptive_sage.pipeline: Pipeline start: question_id=musique_3hop1__423001_503371_21711, max_steps=3
2026-04-25 02:19:55 [INFO] adaptive_sage.pipeline: Pipeline start: question_id=musique_3hop2__222979_133154_40768, max_steps=3

Batches:   0%|          | 0/1 [00:00<?, ?it/s][ABatches: 100%|██████████| 1/1 [00:00<00:00, 12.90it/s]
