2026-04-25 02:19:55 [INFO] __main__: Loaded 17 questions from data/musique/questions_smoke50_seed42_shard0.json
2026-04-25 02:19:55 [INFO] __main__: Checkpoint: 0 completed, 17 remaining
2026-04-25 02:19:56 [INFO] sentence_transformers.base.model: No device provided, using cpu
2026-04-25 02:19:56 [INFO] sentence_transformers.base.model: Loading SentenceTransformer model from /local/yzheng/pnair/.cache/huggingface/models--intfloat--e5-base-v2/snapshots/f52bf8ec8c7124536f0efb74aca902b2995e5bcd.
Processing questions:   0%|          | 0/17 [00:00<?, ?q/s]2026-04-25 02:19:56 [INFO] adaptive_sage.pipeline: Pipeline start: question_id=musique_2hop__547045_131879, max_steps=3
2026-04-25 02:19:56 [INFO] adaptive_sage.pipeline: Pipeline start: question_id=musique_4hop2__161602_426860_88460_20988, max_steps=3
2026-04-25 02:19:56 [INFO] adaptive_sage.pipeline: Pipeline start: question_id=musique_2hop__304852_758385, max_steps=3
2026-04-25 02:19:56 [INFO] adaptive_sage.pipeline: Pipeline start: question_id=musique_3hop1__632623_160713_77246, max_steps=3
2026-04-25 02:19:56 [INFO] adaptive_sage.pipeline: Pipeline start: question_id=musique_3hop1__222497_309482_41132, max_steps=3
2026-04-25 02:19:56 [INFO] adaptive_sage.pipeline: Pipeline start: question_id=musique_2hop__847760_80026, max_steps=3
2026-04-25 02:19:56 [INFO] adaptive_sage.pipeline: Pipeline start: question_id=musique_4hop1__343844_17130_70784_79935, max_steps=3
2026-04-25 02:19:56 [INFO] adaptive_sage.pipeline: Pipeline start: question_id=musique_3hop1__324448_831637_91775, max_steps=3
2026-04-25 02:19:56 [INFO] adaptive_sage.pipeline: Pipeline start: question_id=musique_4hop2__71753_685934_70784_79935, max_steps=3
2026-04-25 02:19:56 [INFO] adaptive_sage.pipeline: Pipeline start: question_id=musique_4hop1__708184_153080_159767_81096, max_steps=3
2026-04-25 02:19:56 [INFO] adaptive_sage.pipeline: Pipeline start: question_id=musique_2hop__48784_70131, max_steps=3
2026-04-25 02:19:56 [INFO] adaptive_sage.pipeline: Pipeline start: question_id=musique_2hop__608902_653666, max_steps=3
2026-04-25 02:19:56 [INFO] adaptive_sage.pipeline: Pipeline start: question_id=musique_2hop__472486_97805, max_steps=3
2026-04-25 02:19:56 [INFO] adaptive_sage.pipeline: Pipeline start: question_id=musique_4hop1__152146_5274_458768_33677, max_steps=3
2026-04-25 02:19:56 [INFO] adaptive_sage.pipeline: Pipeline start: question_id=musique_4hop3__373573_132409_146285_35031, max_steps=3
2026-04-25 02:19:56 [INFO] adaptive_sage.pipeline: Pipeline start: question_id=musique_2hop__80546_75184, max_steps=3
2026-04-25 02:19:56 [INFO] adaptive_sage.pipeline: Pipeline start: question_id=musique_3hop1__140345_2053_5289, max_steps=3

Batches:   0%|          | 0/1 [00:00<?, ?it/s][ABatches: 100%|██████████| 1/1 [00:00<00:00, 14.63it/s]

Batches:   0%|          | 0/1 [00:00<?, ?it/s][ABatches: 100%|██████████| 1/1 [00:00<00:00, 18.99it/s]

Batches:   0%|          | 0/1 [00:00<?, ?it/s][ABatches: 100%|██████████| 1/1 [00:00<00:00, 20.77it/s]
