2026-04-25 18:55:49 [INFO] __main__: Loaded 17 questions from results/m8_adaptive_50q_c24/questions_shard1.json
2026-04-25 18:55:49 [INFO] __main__: Checkpoint: 0 completed, 17 remaining
2026-04-25 18:55:49 [INFO] sentence_transformers.base.model: Loading SentenceTransformer model from /local/yzheng/pnair/.cache/huggingface/models--intfloat--e5-base-v2/snapshots/f52bf8ec8c7124536f0efb74aca902b2995e5bcd.
Processing questions:   0%|          | 0/17 [00:00<?, ?q/s]2026-04-25 18:55:49 [INFO] adaptive_sage.pipeline: Pipeline start: question_id=musique_4hop1__152146_5274_458768_33637
2026-04-25 18:55:49 [INFO] adaptive_sage.pipeline: Pipeline start: question_id=musique_4hop1__343844_17130_70784_79935
2026-04-25 18:55:49 [INFO] adaptive_sage.pipeline: Pipeline start: question_id=musique_4hop1__51465_53706_795904_580996
2026-04-25 18:55:49 [INFO] adaptive_sage.pipeline: Pipeline start: question_id=musique_2hop__76402_653666
2026-04-25 18:55:49 [INFO] adaptive_sage.pipeline: Pipeline start: question_id=musique_3hop1__324448_831637_91775
2026-04-25 18:55:49 [INFO] adaptive_sage.pipeline: Pipeline start: question_id=musique_2hop__284789_52835
2026-04-25 18:55:49 [INFO] adaptive_sage.pipeline: Pipeline start: question_id=musique_2hop__40485_40502
2026-04-25 18:55:49 [INFO] adaptive_sage.pipeline: Pipeline start: question_id=musique_4hop2__71753_685934_70784_79935
2026-04-25 18:55:49 [INFO] adaptive_sage.pipeline: Pipeline start: question_id=musique_3hop1__406043_831637_91775
2026-04-25 18:55:49 [INFO] adaptive_sage.pipeline: Pipeline start: question_id=musique_2hop__781079_9237
2026-04-25 18:55:49 [INFO] adaptive_sage.pipeline: Pipeline start: question_id=musique_4hop1__708184_153080_159767_81096
2026-04-25 18:55:49 [INFO] adaptive_sage.pipeline: Pipeline start: question_id=musique_3hop1__131829_39743_24526
2026-04-25 18:55:49 [INFO] adaptive_sage.pipeline: Pipeline start: question_id=musique_2hop__119423_779396
2026-04-25 18:55:49 [INFO] adaptive_sage.pipeline: Pipeline start: question_id=musique_2hop__48784_70131
2026-04-25 18:55:49 [INFO] adaptive_sage.pipeline: Pipeline start: question_id=musique_4hop1__749065_698949_157828_162309
2026-04-25 18:55:49 [INFO] adaptive_sage.pipeline: Pipeline start: question_id=musique_2hop__503085_110222
2026-04-25 18:55:49 [INFO] adaptive_sage.pipeline: Pipeline start: question_id=musique_2hop__608902_653666

Batches:   0%|          | 0/1 [00:00<?, ?it/s][ABatches: 100%|██████████| 1/1 [00:00<00:00, 15.34it/s]

Batches:   0%|          | 0/1 [00:00<?, ?it/s][ABatches: 100%|██████████| 1/1 [00:00<00:00, 23.48it/s]

Batches:   0%|          | 0/1 [00:00<?, ?it/s][A
Batches: 100%|██████████| 1/1 [00:00<00:00,  7.96it/s][ABatches: 100%|██████████| 1/1 [00:00<00:00,  7.94it/s]

Batches:   0%|          | 0/1 [00:00<?, ?it/s][ABatches: 100%|██████████| 1/1 [00:00<00:00, 21.19it/s]

Batches:   0%|          | 0/1 [00:00<?, ?it/s][ABatches: 100%|██████████| 1/1 [00:00<00:00, 19.48it/s]

Batches:   0%|          | 0/1 [00:00<?, ?it/s][ABatches: 100%|██████████| 1/1 [00:00<00:00, 20.90it/s]

Batches:   0%|          | 0/1 [00:00<?, ?it/s][ABatches: 100%|██████████| 1/1 [00:00<00:00, 21.52it/s]

Batches:   0%|          | 0/1 [00:00<?, ?it/s][ABatches: 100%|██████████| 1/1 [00:00<00:00, 24.09it/s]

Batches:   0%|          | 0/1 [00:00<?, ?it/s][ABatches: 100%|██████████| 1/1 [00:00<00:00, 21.32it/s]
